============================================================
  TVBox 爬虫编排 v2.0
  开始时间: 2026-09-04 04:00:01.187
  日志文件: D:\hexo\hexo-bot\video-bot\202609040400011.log
============================================================
──────────────────────────────────────────────────
[CRAWL] 开始爬取...
[CMD] python "D:\hexo\hexo-bot\video-bot\tvbox-crawler-optimized.py"   (cwd=D:\hexo\hexo-bot\video-bot)
============================================================
  TVBox 播放地址完整爬取 v3.0
  时间: 2026-09-04 04:00:01
  模式: 全量
============================================================
[SRC] 从 config.json 读取 3 个数据源
  [1/3] https://bfzyapi.com/api.php/provide/vod/
    → 直接视频源（暴风┃采二）
  [2/3] https://360zy.com/api.php/provide/vod
    → 直接视频源（三六┃采九）
  [3/3] [直播┃电视] → ✅ 直播源 (M3U)
  ── 汇总: 3个数据源 → 3成功/0失败 → 3个站点（1API + 2直接源）

[SITE] 发现 3 个 API 站点
  [CRAWL] 暴风┃采二... 
  [CRAWL] 三六┃采九... 
  [CRAWL] 直播┃电视... 
  [直播] 直播┃电视: 正在抓取 M3U...
  [分页] 三六┃采九: 固定 250 页, 每页 16 个视频
  [直播] 直播┃电视: 解析到 438 个频道
  [直播] 直播┃电视: 438个频道, 9页
✅ 438个视频, 438/438个可播放, 9页
  [分页] 暴风┃采二: 固定 250 页, 每页 16 个视频
    [三六┃采九] 页 10/250: 已写 10 页, 累计 160 个视频
    [暴风┃采二] 页 10/250: 已写 10 页, 累计 160 个视频
    [三六┃采九] 页 20/250: 已写 20 页, 累计 320 个视频
    [暴风┃采二] 页 20/250: 已写 20 页, 累计 320 个视频
    [三六┃采九] 页 30: 无数据，重试 1/3
    [三六┃采九] 页 30: 无数据，重试 2/3
    [三六┃采九] 页 30: 无数据，重试 3/3
    [三六┃采九] 页 30: 重试3次仍无数据，停止检索
    [暴风┃采二] 页 30/250: 已写 30 页, 累计 480 个视频
    [三六┃采九] 页 31/250: 已写 30 页, 累计 476 个视频
    [暴风┃采二] 页 40/250: 已写 40 页, 累计 640 个视频
    [三六┃采九] 页 34: 无数据，重试 1/3
    [三六┃采九] 页 34: 无数据，重试 2/3
    [三六┃采九] 页 34: 无数据，重试 3/3
    [暴风┃采二] 页 50/250: 已写 50 页, 累计 800 个视频
    [三六┃采九] 页 41/250: 已写 40 页, 累计 634 个视频
    [暴风┃采二] 页 60/250: 已写 60 页, 累计 960 个视频
    [暴风┃采二] 页 70/250: 已写 70 页, 累计 1120 个视频
    [三六┃采九] 页 51/250: 已写 50 页, 累计 794 个视频
    [暴风┃采二] 页 80/250: 已写 80 页, 累计 1280 个视频
    [暴风┃采二] 页 90/250: 已写 90 页, 累计 1440 个视频
    [三六┃采九] 页 58: 无数据，重试 1/3
    [三六┃采九] 页 59: 无数据，重试 1/3
    [暴风┃采二] 页 100/250: 已写 100 页, 累计 1600 个视频
    [三六┃采九] 页 61: 无数据，重试 1/3
    [暴风┃采二] 页 110/250: 已写 110 页, 累计 1760 个视频
    [三六┃采九] 页 61/250: 已写 60 页, 累计 943 个视频
    [三六┃采九] 页 71/250: 已写 70 页, 累计 1103 个视频
    [暴风┃采二] 页 120/250: 已写 120 页, 累计 1920 个视频
    [暴风┃采二] 页 130/250: 已写 130 页, 累计 2080 个视频
    [三六┃采九] 页 77: 无数据，重试 1/3
    [三六┃采九] 页 77: 无数据，重试 2/3
    [暴风┃采二] 页 140/250: 已写 140 页, 累计 2240 个视频
    [暴风┃采二] 页 150/250: 已写 150 页, 累计 2400 个视频
    [三六┃采九] 页 81/250: 已写 80 页, 累计 1250 个视频
    [暴风┃采二] 页 160/250: 已写 160 页, 累计 2560 个视频
    [三六┃采九] 页 91/250: 已写 90 页, 累计 1410 个视频
    [暴风┃采二] 页 170/250: 已写 170 页, 累计 2720 个视频
    [暴风┃采二] 页 180/250: 已写 180 页, 累计 2880 个视频
    [三六┃采九] 页 101/250: 已写 100 页, 累计 1566 个视频
    [暴风┃采二] 页 190/250: 已写 190 页, 累计 3040 个视频
    [三六┃采九] 页 111/250: 已写 110 页, 累计 1723 个视频
    [暴风┃采二] 页 198: 无数据，重试 1/3
    [暴风┃采二] 页 198: 无数据，重试 2/3
    [三六┃采九] 页 121/250: 已写 120 页, 累计 1883 个视频
    [暴风┃采二] 页 198: 无数据，重试 3/3
    [暴风┃采二] 页 198: 重试3次仍无数据，停止检索
    [暴风┃采二] 页 201/250: 已写 200 页, 累计 3196 个视频
    [三六┃采九] 页 131/250: 已写 130 页, 累计 2043 个视频
    [三六┃采九] 页 141/250: 已写 140 页, 累计 2203 个视频
    [暴风┃采二] 页 211/250: 已写 210 页, 累计 3356 个视频
    [三六┃采九] 页 151/250: 已写 150 页, 累计 2363 个视频
    [三六┃采九] 页 161/250: 已写 160 页, 累计 2523 个视频
    [暴风┃采二] 页 221/250: 已写 220 页, 累计 3516 个视频
    [三六┃采九] 页 171/250: 已写 170 页, 累计 2683 个视频
    [暴风┃采二] 页 231/250: 已写 230 页, 累计 3676 个视频
    [三六┃采九] 页 181/250: 已写 180 页, 累计 2843 个视频
    [三六┃采九] 页 191/250: 已写 190 页, 累计 3003 个视频
    [暴风┃采二] 页 241/250: 已写 240 页, 累计 3836 个视频
    [三六┃采九] 页 201/250: 已写 200 页, 累计 3163 个视频
    [三六┃采九] 页 211/250: 已写 210 页, 累计 3323 个视频
✅ 3980个视频, 32656/32656个可播放, 249页
    [三六┃采九] 页 221/250: 已写 220 页, 累计 3483 个视频
    [三六┃采九] 页 231/250: 已写 230 页, 累计 3643 个视频
    [三六┃采九] 页 241/250: 已写 240 页, 累计 3803 个视频
✅ 3947个视频, 34516/34517个可播放, 249页
  站点: 3/3 成功
  视频: 8365 个
  地址: 67611 条 (67610 可播放)
  [DIR] data/ — 3 个站点, 分页文件
  [SRC] report/crawl-report.json
============================================================
[CRAWL] ✅ 爬虫完成
──────────────────────────────────────────────────
[GIT] 开始 Git Push 流程...
[CMD] git config user.name "snowhoo"  (cwd=D:\hexo)
[CMD] git config user.email "snowhoo@example.com"  (cwd=D:\hexo)
[CMD] git diff --quiet -- "source/js/sevencolor/3/data"  (cwd=D:\hexo)
[GIT] 检测到数据变化，准备提交...
[CMD] git add "source/js/sevencolor/3/data"  (cwd=D:\hexo)
[CMD] git commit -m "chore: auto-update TVBox video data"  (cwd=D:\hexo)
[source 2c795b463] chore: auto-update TVBox video data
 512 files changed, 509 insertions(+), 512 deletions(-)
 delete mode 100644 "source/js/sevencolor/3/data/\344\270\211\345\205\255_\351\207\207\344\271\235-30.js"
 delete mode 100644 "source/js/sevencolor/3/data/\346\232\264\351\243\216_\351\207\207\344\272\214-198.js"
 delete mode 100644 "source/js/sevencolor/3/data/\347\233\264\346\222\255_\347\224\265\350\247\206-10.js"
[GIT] Push 到 origin/source（最多重试 3 次）...
[GIT] Push 尝试 1/3...
[GIT STDERR] To github.com:snowhoo/snowhoo.git
   1fecccaa7..2c795b463  source -> source
[GIT] ✅ Push 成功！
============================================================
  结束时间: 2026-09-04 05:05:43.135
  总耗时: 1:05:41
  结果: ✅ 成功
  日志: D:\hexo\hexo-bot\video-bot\202609040400011.log
============================================================
