============================================================
  TVBox 爬虫编排 v2.0
  开始时间: 2026-06-09 02:00:01.303
  日志文件: D:\hexo\hexo-bot\video-bot\202606090200013.log
============================================================
──────────────────────────────────────────────────
[CRAWL] 开始爬取...
[CMD] python "D:\hexo\hexo-bot\video-bot\tvbox-crawler-optimized.py"   (cwd=D:\hexo\hexo-bot\video-bot)
============================================================
  TVBox 播放地址完整爬取 v3.0
  时间: 2026-06-09 02:00:01
  模式: 全量
============================================================
[SRC] 从 config.json 读取 2 个数据源
  [1/2] https://bfzyapi.com/api.php/provide/vod/
    → 直接视频源（bfzyapi）
  [2/2] https://360zy.com/api.php/provide/vod
    → 直接视频源（360zy）
  ── 汇总: 2个数据源 → 2成功/0失败 → 2个站点（0API + 2直接源）

[SITE] 发现 2 个 API 站点
  [CRAWL] bfzyapi... 
  [CRAWL] 360zy... 
  [分页] 360zy: 固定 200 页, 每页 16 个视频
  [分页] bfzyapi: 固定 200 页, 每页 16 个视频
    [360zy] 页 10/200: 已写 10 页, 累计 160 个视频
    [bfzyapi] 页 10/200: 已写 10 页, 累计 160 个视频
    [360zy] 页 20/200: 已写 20 页, 累计 320 个视频
    [360zy] 页 30/200: 已写 30 页, 累计 480 个视频
    [bfzyapi] 页 20/200: 已写 20 页, 累计 320 个视频
    [360zy] 页 40/200: 已写 40 页, 累计 640 个视频
    [bfzyapi] 页 30/200: 已写 30 页, 累计 480 个视频
    [360zy] 页 50/200: 已写 50 页, 累计 800 个视频
    [360zy] 页 60/200: 已写 60 页, 累计 960 个视频
    [bfzyapi] 页 40/200: 已写 40 页, 累计 640 个视频
    [360zy] 页 70/200: 已写 70 页, 累计 1120 个视频
    [bfzyapi] 页 47: 无数据，重试 1/3
    [360zy] 页 80/200: 已写 80 页, 累计 1280 个视频
    [bfzyapi] 页 50/200: 已写 50 页, 累计 800 个视频
    [360zy] 页 90/200: 已写 90 页, 累计 1440 个视频
    [bfzyapi] 页 60/200: 已写 60 页, 累计 960 个视频
    [360zy] 页 100/200: 已写 100 页, 累计 1600 个视频
    [bfzyapi] 页 70/200: 已写 70 页, 累计 1120 个视频
    [360zy] 页 110/200: 已写 110 页, 累计 1760 个视频
    [360zy] 页 120/200: 已写 120 页, 累计 1920 个视频
    [bfzyapi] 页 80/200: 已写 80 页, 累计 1280 个视频
    [360zy] 页 130/200: 已写 130 页, 累计 2080 个视频
    [bfzyapi] 页 90/200: 已写 90 页, 累计 1440 个视频
    [360zy] 页 140/200: 已写 140 页, 累计 2240 个视频
    [bfzyapi] 页 100/200: 已写 100 页, 累计 1600 个视频
    [360zy] 页 150/200: 已写 150 页, 累计 2400 个视频
    [360zy] 页 160/200: 已写 160 页, 累计 2560 个视频
    [bfzyapi] 页 110/200: 已写 110 页, 累计 1760 个视频
    [360zy] 页 170/200: 已写 170 页, 累计 2720 个视频
    [bfzyapi] 页 120/200: 已写 120 页, 累计 1920 个视频
    [360zy] 页 180/200: 已写 180 页, 累计 2880 个视频
    [bfzyapi] 页 130/200: 已写 130 页, 累计 2080 个视频
    [360zy] 页 190/200: 已写 190 页, 累计 3040 个视频
    [360zy] 页 200/200: 已写 200 页, 累计 3200 个视频
✅ 3200个视频, 35376/35378个可播放, 200页
    [bfzyapi] 页 140/200: 已写 140 页, 累计 2240 个视频
    [bfzyapi] 页 150/200: 已写 150 页, 累计 2400 个视频
    [bfzyapi] 页 160/200: 已写 160 页, 累计 2560 个视频
    [bfzyapi] 页 170/200: 已写 170 页, 累计 2720 个视频
    [bfzyapi] 页 180/200: 已写 180 页, 累计 2880 个视频
    [bfzyapi] 页 190/200: 已写 190 页, 累计 3040 个视频
    [bfzyapi] 页 200/200: 已写 200 页, 累计 3200 个视频
✅ 3200个视频, 37530/37530个可播放, 200页
  站点: 2/2 成功
  视频: 6400 个
  地址: 72908 条 (72906 可播放)
  [DIR] data/ — 2 个站点, 分页文件
  [SRC] report/crawl-report.json
============================================================
[CRAWL] ✅ 爬虫完成
──────────────────────────────────────────────────
[GIT] 开始 Git Push 流程...
[CMD] git config user.name "snowhoo"  (cwd=D:\hexo)
[CMD] git config user.email "snowhoo@example.com"  (cwd=D:\hexo)
[CMD] git diff --quiet -- "source/js/sevencolor/3/data"  (cwd=D:\hexo)
[GIT] 检测到数据变化，准备提交...
[CMD] git add "source/js/sevencolor/3/data"  (cwd=D:\hexo)
[CMD] git commit -m "chore: auto-update TVBox video data"  (cwd=D:\hexo)
[source e45d610f] chore: auto-update TVBox video data
 401 files changed, 401 insertions(+), 321 deletions(-)
 create mode 100644 source/js/sevencolor/3/data/360zy-161.js
 create mode 100644 source/js/sevencolor/3/data/360zy-162.js
 create mode 100644 source/js/sevencolor/3/data/360zy-163.js
 create mode 100644 source/js/sevencolor/3/data/360zy-164.js
 create mode 100644 source/js/sevencolor/3/data/360zy-165.js
 create mode 100644 source/js/sevencolor/3/data/360zy-166.js
 create mode 100644 source/js/sevencolor/3/data/360zy-167.js
 create mode 100644 source/js/sevencolor/3/data/360zy-168.js
 create mode 100644 source/js/sevencolor/3/data/360zy-169.js
 create mode 100644 source/js/sevencolor/3/data/360zy-170.js
 create mode 100644 source/js/sevencolor/3/data/360zy-171.js
 create mode 100644 source/js/sevencolor/3/data/360zy-172.js
 create mode 100644 source/js/sevencolor/3/data/360zy-173.js
 create mode 100644 source/js/sevencolor/3/data/360zy-174.js
 create mode 100644 source/js/sevencolor/3/data/360zy-175.js
 create mode 100644 source/js/sevencolor/3/data/360zy-176.js
 create mode 100644 source/js/sevencolor/3/data/360zy-177.js
 create mode 100644 source/js/sevencolor/3/data/360zy-178.js
 create mode 100644 source/js/sevencolor/3/data/360zy-179.js
 create mode 100644 source/js/sevencolor/3/data/360zy-180.js
 create mode 100644 source/js/sevencolor/3/data/360zy-181.js
 create mode 100644 source/js/sevencolor/3/data/360zy-182.js
 create mode 100644 source/js/sevencolor/3/data/360zy-183.js
 create mode 100644 source/js/sevencolor/3/data/360zy-184.js
 create mode 100644 source/js/sevencolor/3/data/360zy-185.js
 create mode 100644 source/js/sevencolor/3/data/360zy-186.js
 create mode 100644 source/js/sevencolor/3/data/360zy-187.js
 create mode 100644 source/js/sevencolor/3/data/360zy-188.js
 create mode 100644 source/js/sevencolor/3/data/360zy-189.js
 create mode 100644 source/js/sevencolor/3/data/360zy-190.js
 create mode 100644 source/js/sevencolor/3/data/360zy-191.js
 create mode 100644 source/js/sevencolor/3/data/360zy-192.js
 create mode 100644 source/js/sevencolor/3/data/360zy-193.js
 create mode 100644 source/js/sevencolor/3/data/360zy-194.js
 create mode 100644 source/js/sevencolor/3/data/360zy-195.js
 create mode 100644 source/js/sevencolor/3/data/360zy-196.js
 create mode 100644 source/js/sevencolor/3/data/360zy-197.js
 create mode 100644 source/js/sevencolor/3/data/360zy-198.js
 create mode 100644 source/js/sevencolor/3/data/360zy-199.js
 create mode 100644 source/js/sevencolor/3/data/360zy-200.js
 create mode 100644 source/js/sevencolor/3/data/bfzyapi-161.js
 create mode 100644 source/js/sevencolor/3/data/bfzyapi-162.js
 create mode 100644 source/js/sevencolor/3/data/bfzyapi-163.js
 create mode 100644 source/js/sevencolor/3/data/bfzyapi-164.js
 create mode 100644 source/js/sevencolor/3/data/bfzyapi-165.js
 create mode 100644 source/js/sevencolor/3/data/bfzyapi-166.js
 create mode 100644 source/js/sevencolor/3/data/bfzyapi-167.js
 create mode 100644 source/js/sevencolor/3/data/bfzyapi-168.js
 create mode 100644 source/js/sevencolor/3/data/bfzyapi-169.js
 create mode 100644 source/js/sevencolor/3/data/bfzyapi-170.js
 create mode 100644 source/js/sevencolor/3/data/bfzyapi-171.js
 create mode 100644 source/js/sevencolor/3/data/bfzyapi-172.js
 create mode 100644 source/js/sevencolor/3/data/bfzyapi-173.js
 create mode 100644 source/js/sevencolor/3/data/bfzyapi-174.js
 create mode 100644 source/js/sevencolor/3/data/bfzyapi-175.js
 create mode 100644 source/js/sevencolor/3/data/bfzyapi-176.js
 create mode 100644 source/js/sevencolor/3/data/bfzyapi-177.js
 create mode 100644 source/js/sevencolor/3/data/bfzyapi-178.js
 create mode 100644 source/js/sevencolor/3/data/bfzyapi-179.js
 create mode 100644 source/js/sevencolor/3/data/bfzyapi-180.js
 create mode 100644 source/js/sevencolor/3/data/bfzyapi-181.js
 create mode 100644 source/js/sevencolor/3/data/bfzyapi-182.js
 create mode 100644 source/js/sevencolor/3/data/bfzyapi-183.js
 create mode 100644 source/js/sevencolor/3/data/bfzyapi-184.js
 create mode 100644 source/js/sevencolor/3/data/bfzyapi-185.js
 create mode 100644 source/js/sevencolor/3/data/bfzyapi-186.js
 create mode 100644 source/js/sevencolor/3/data/bfzyapi-187.js
 create mode 100644 source/js/sevencolor/3/data/bfzyapi-188.js
 create mode 100644 source/js/sevencolor/3/data/bfzyapi-189.js
 create mode 100644 source/js/sevencolor/3/data/bfzyapi-190.js
 create mode 100644 source/js/sevencolor/3/data/bfzyapi-191.js
 create mode 100644 source/js/sevencolor/3/data/bfzyapi-192.js
 create mode 100644 source/js/sevencolor/3/data/bfzyapi-193.js
 create mode 100644 source/js/sevencolor/3/data/bfzyapi-194.js
 create mode 100644 source/js/sevencolor/3/data/bfzyapi-195.js
 create mode 100644 source/js/sevencolor/3/data/bfzyapi-196.js
 create mode 100644 source/js/sevencolor/3/data/bfzyapi-197.js
 create mode 100644 source/js/sevencolor/3/data/bfzyapi-198.js
 create mode 100644 source/js/sevencolor/3/data/bfzyapi-199.js
 create mode 100644 source/js/sevencolor/3/data/bfzyapi-200.js
[GIT] Push 到 origin/source（最多重试 3 次）...
[GIT] Push 尝试 1/3...
[GIT STDERR] To github.com:snowhoo/snowhoo.git
   ef3776adc..e45d610f5  source -> source
[GIT] ✅ Push 成功！
============================================================
  结束时间: 2026-06-09 02:47:15.032
  总耗时: 0:47:13
  结果: ✅ 成功
  日志: D:\hexo\hexo-bot\video-bot\202606090200013.log
============================================================
