============================================================
  TVBox 爬虫编排 v2.0
  开始时间: 2026-06-08 02:00:01.289
  日志文件: D:\hexo\hexo-bot\video-bot\202606080200012.log
============================================================
──────────────────────────────────────────────────
[CRAWL] 开始爬取...
[CMD] python "D:\hexo\hexo-bot\video-bot\tvbox-crawler-optimized.py"   (cwd=D:\hexo\hexo-bot\video-bot)
============================================================
  TVBox 播放地址完整爬取 v3.0
  时间: 2026-06-08 02:00:01
  模式: 全量
============================================================
[SRC] 从 config.json 读取 1 个数据源
  [1/1] https://xn--6orr3pi6g9uu.top/%E7%A6%81%E6%AD%A2%E8%B4%A9%E5%8D%96/bhvip.json
    → 单仓源(52站点) 新增 16 站点: 牌金┃三一, 奇珍┃异兽, 酷酷┃优优, 腾云┃驾雾, 百忙┃无果, 星牙┃短剧, 金鹰┃采一, 暴风┃采二, 豪华┃采三, 茅台┃采四, 极速┃采五, 量子┃采七, 新浪┃采八, 三六┃采九, 光速┃采十, 儿童📚启蒙
  ── 汇总: 1个数据源 → 1成功/0失败 → 16个站点（16API + 0直接源）

[SITE] 发现 16 个 API 站点
  [CRAWL] 牌金┃三一... 
  [CRAWL] 奇珍┃异兽... 
  [CRAWL] 酷酷┃优优... 
  [CRAWL] 腾云┃驾雾... 
  [CRAWL] 百忙┃无果... 
  [CRAWL] 星牙┃短剧... 
  [CRAWL] 金鹰┃采一... 
  [CRAWL] 暴风┃采二... 
  [CRAWL] 豪华┃采三... 
  [CRAWL] 茅台┃采四... 
❌ 首页接口无响应
❌ 首页接口无响应
  [分页] 豪华┃采三: 固定 40 页, 每页 10 个视频
  [分页] 金鹰┃采一: 固定 40 页, 每页 10 个视频
  [分页] 暴风┃采二: 固定 40 页, 每页 10 个视频
  [CRAWL] 极速┃采五... 
  [CRAWL] 量子┃采七... 
❌ 首页接口无响应
  [分页] 极速┃采五: 固定 40 页, 每页 10 个视频
❌ 首页接口无响应
❌ 首页接口无响应
❌ 首页接口无响应
❌ 首页接口无响应
❌ 首页接口无响应
  [CRAWL] 新浪┃采八... 
  [分页] 新浪┃采八: 固定 40 页, 每页 10 个视频
  [CRAWL] 三六┃采九... 
  [CRAWL] 光速┃采十... 
  [CRAWL] 儿童📚启蒙... 
  [分页] 三六┃采九: 固定 40 页, 每页 10 个视频
  [分页] 光速┃采十: 固定 40 页, 每页 10 个视频
❌ 首页接口无响应
    [豪华┃采三] 页 10/40: 已写 10 页, 累计 100 个视频
    [金鹰┃采一] 页 10/40: 已写 10 页, 累计 100 个视频
    [极速┃采五] 页 10/40: 已写 10 页, 累计 100 个视频
    [三六┃采九] 页 10/40: 已写 10 页, 累计 100 个视频
    [新浪┃采八] 页 10/40: 已写 10 页, 累计 100 个视频
    [光速┃采十] 页 10/40: 已写 10 页, 累计 100 个视频
    [暴风┃采二] 页 10/40: 已写 10 页, 累计 100 个视频
    [豪华┃采三] 页 20/40: 已写 20 页, 累计 200 个视频
    [金鹰┃采一] 页 20/40: 已写 20 页, 累计 200 个视频
    [三六┃采九] 页 20/40: 已写 20 页, 累计 200 个视频
    [极速┃采五] 页 20/40: 已写 20 页, 累计 200 个视频
    [新浪┃采八] 页 20/40: 已写 20 页, 累计 200 个视频
    [光速┃采十] 页 20/40: 已写 20 页, 累计 200 个视频
    [暴风┃采二] 页 20/40: 已写 20 页, 累计 200 个视频
    [豪华┃采三] 页 30/40: 已写 30 页, 累计 300 个视频
    [三六┃采九] 页 30/40: 已写 30 页, 累计 300 个视频
    [金鹰┃采一] 页 30/40: 已写 30 页, 累计 300 个视频
    [新浪┃采八] 页 30/40: 已写 30 页, 累计 300 个视频
    [极速┃采五] 页 30/40: 已写 30 页, 累计 300 个视频
    [光速┃采十] 页 30/40: 已写 30 页, 累计 300 个视频
    [豪华┃采三] 页 40/40: 已写 40 页, 累计 400 个视频
✅ 400个视频, 8849/17698个可播放, 40页
    [三六┃采九] 页 40/40: 已写 40 页, 累计 400 个视频
✅ 400个视频, 11227/11227个可播放, 40页
    [暴风┃采二] 页 30/40: 已写 30 页, 累计 300 个视频
    [金鹰┃采一] 页 40/40: 已写 40 页, 累计 400 个视频
✅ 400个视频, 9278/18556个可播放, 40页
    [新浪┃采八] 页 40/40: 已写 40 页, 累计 400 个视频
✅ 400个视频, 13509/27018个可播放, 40页
    [极速┃采五] 页 40/40: 已写 40 页, 累计 400 个视频
✅ 400个视频, 14111/28222个可播放, 40页
    [光速┃采十] 页 40/40: 已写 40 页, 累计 400 个视频
✅ 400个视频, 9894/19788个可播放, 40页
    [暴风┃采二] 页 40/40: 已写 40 页, 累计 400 个视频
✅ 400个视频, 8172/8172个可播放, 40页
  站点: 7/16 成功
  视频: 2800 个
  地址: 130681 条 (75040 可播放)
  [DIR] data/ — 7 个站点, 分页文件
  [SRC] report/crawl-report.json
============================================================
[CRAWL] ✅ 爬虫完成
──────────────────────────────────────────────────
[GIT] 开始 Git Push 流程...
[CMD] git config user.name "snowhoo"  (cwd=D:\hexo)
[CMD] git config user.email "snowhoo@example.com"  (cwd=D:\hexo)
[CMD] git diff --quiet -- "source/js/sevencolor/3/data"  (cwd=D:\hexo)
[GIT] 检测到数据变化，准备提交...
[CMD] git add "source/js/sevencolor/3/data"  (cwd=D:\hexo)
[CMD] git commit -m "chore: auto-update TVBox video data"  (cwd=D:\hexo)
[source 84aea0e9] chore: auto-update TVBox video data
 681 files changed, 281 insertions(+), 401 deletions(-)
 create mode 100644 "source/js/sevencolor/3/data/\344\270\211\345\205\255_\351\207\207\344\271\235-01.js"
 create mode 100644 "source/js/sevencolor/3/data/\344\270\211\345\205\255_\351\207\207\344\271\235-02.js"
 create mode 100644 "source/js/sevencolor/3/data/\344\270\211\345\205\255_\351\207\207\344\271\235-03.js"
 create mode 100644 "source/js/sevencolor/3/data/\344\270\211\345\205\255_\351\207\207\344\271\235-04.js"
 create mode 100644 "source/js/sevencolor/3/data/\344\270\211\345\205\255_\351\207\207\344\271\235-05.js"
 create mode 100644 "source/js/sevencolor/3/data/\344\270\211\345\205\255_\351\207\207\344\271\235-06.js"
 create mode 100644 "source/js/sevencolor/3/data/\344\270\211\345\205\255_\351\207\207\344\271\235-07.js"
 create mode 100644 "source/js/sevencolor/3/data/\344\270\211\345\205\255_\351\207\207\344\271\235-08.js"
 create mode 100644 "source/js/sevencolor/3/data/\344\270\211\345\205\255_\351\207\207\344\271\235-09.js"
 create mode 100644 "source/js/sevencolor/3/data/\344\270\211\345\205\255_\351\207\207\344\271\235-10.js"
 create mode 100644 "source/js/sevencolor/3/data/\344\270\211\345\205\255_\351\207\207\344\271\235-11.js"
 create mode 100644 "source/js/sevencolor/3/data/\344\270\211\345\205\255_\351\207\207\344\271\235-12.js"
 create mode 100644 "source/js/sevencolor/3/data/\344\270\211\345\205\255_\351\207\207\344\271\235-13.js"
 create mode 100644 "source/js/sevencolor/3/data/\344\270\211\345\205\255_\351\207\207\344\271\235-14.js"
 create mode 100644 "source/js/sevencolor/3/data/\344\270\211\345\205\255_\351\207\207\344\271\235-15.js"
 create mode 100644 "source/js/sevencolor/3/data/\344\270\211\345\205\255_\351\207\207\344\271\235-16.js"
 create mode 100644 "source/js/sevencolor/3/data/\344\270\211\345\205\255_\351\207\207\344\271\235-17.js"
 create mode 100644 "source/js/sevencolor/3/data/\344\270\211\345\205\255_\351\207\207\344\271\235-18.js"
 create mode 100644 "source/js/sevencolor/3/data/\344\270\211\345\205\255_\351\207\207\344\271\235-19.js"
 create mode 100644 "source/js/sevencolor/3/data/\344\270\211\345\205\255_\351\207\207\344\271\235-20.js"
 create mode 100644 "source/js/sevencolor/3/data/\344\270\211\345\205\255_\351\207\207\344\271\235-21.js"
 create mode 100644 "source/js/sevencolor/3/data/\344\270\211\345\205\255_\351\207\207\344\271\235-22.js"
 create mode 100644 "source/js/sevencolor/3/data/\344\270\211\345\205\255_\351\207\207\344\271\235-23.js"
 create mode 100644 "source/js/sevencolor/3/data/\344\270\211\345\205\255_\351\207\207\344\271\235-24.js"
 create mode 100644 "source/js/sevencolor/3/data/\344\270\211\345\205\255_\351\207\207\344\271\235-25.js"
 create mode 100644 "source/js/sevencolor/3/data/\344\270\211\345\205\255_\351\207\207\344\271\235-26.js"
 create mode 100644 "source/js/sevencolor/3/data/\344\270\211\345\205\255_\351\207\207\344\271\235-27.js"
 create mode 100644 "source/js/sevencolor/3/data/\344\270\211\345\205\255_\351\207\207\344\271\235-28.js"
 create mode 100644 "source/js/sevencolor/3/data/\344\270\211\345\205\255_\351\207\207\344\271\235-29.js"
 create mode 100644 "source/js/sevencolor/3/data/\344\270\211\345\205\255_\351\207\207\344\271\235-30.js"
 create mode 100644 "source/js/sevencolor/3/data/\344\270\211\345\205\255_\351\207\207\344\271\235-31.js"
 create mode 100644 "source/js/sevencolor/3/data/\344\270\211\345\205\255_\351\207\207\344\271\235-32.js"
 create mode 100644 "source/js/sevencolor/3/data/\344\270\211\345\205\255_\351\207\207\344\271\235-33.js"
 create mode 100644 "source/js/sevencolor/3/data/\344\270\211\345\205\255_\351\207\207\344\271\235-34.js"
 create mode 100644 "source/js/sevencolor/3/data/\344\270\211\345\205\255_\351\207\207\344\271\235-35.js"
 create mode 100644 "source/js/sevencolor/3/data/\344\270\211\345\205\255_\351\207\207\344\271\235-36.js"
 create mode 100644 "source/js/sevencolor/3/data/\344\270\211\345\205\255_\351\207\207\344\271\235-37.js"
 create mode 100644 "source/js/sevencolor/3/data/\344\270\211\345\205\255_\351\207\207\344\271\235-38.js"
 create mode 100644 "source/js/sevencolor/3/data/\344\270\211\345\205\255_\351\207\207\344\271\235-39.js"
 create mode 100644 "source/js/sevencolor/3/data/\344\270\211\345\205\255_\351\207\207\344\271\235-40.js"
 create mode 100644 "source/js/sevencolor/3/data/\345\205\211\351\200\237_\351\207\207\345\215\201-01.js"
 create mode 100644 "source/js/sevencolor/3/data/\345\205\211\351\200\237_\351\207\207\345\215\201-02.js"
 create mode 100644 "source/js/sevencolor/3/data/\345\205\211\351\200\237_\351\207\207\345\215\201-03.js"
 create mode 100644 "source/js/sevencolor/3/data/\345\205\211\351\200\237_\351\207\207\345\215\201-04.js"
 create mode 100644 "source/js/sevencolor/3/data/\345\205\211\351\200\237_\351\207\207\345\215\201-05.js"
 create mode 100644 "source/js/sevencolor/3/data/\345\205\211\351\200\237_\351\207\207\345\215\201-06.js"
 create mode 100644 "source/js/sevencolor/3/data/\345\205\211\351\200\237_\351\207\207\345\215\201-07.js"
 create mode 100644 "source/js/sevencolor/3/data/\345\205\211\351\200\237_\351\207\207\345\215\201-08.js"
 create mode 100644 "source/js/sevencolor/3/data/\345\205\211\351\200\237_\351\207\207\345\215\201-09.js"
 create mode 100644 "source/js/sevencolor/3/data/\345\205\211\351\200\237_\351\207\207\345\215\201-10.js"
 create mode 100644 "source/js/sevencolor/3/data/\345\205\211\351\200\237_\351\207\207\345\215\201-11.js"
 create mode 100644 "source/js/sevencolor/3/data/\345\205\211\351\200\237_\351\207\207\345\215\201-12.js"
 create mode 100644 "source/js/sevencolor/3/data/\345\205\211\351\200\237_\351\207\207\345\215\201-13.js"
 create mode 100644 "source/js/sevencolor/3/data/\345\205\211\351\200\237_\351\207\207\345\215\201-14.js"
 create mode 100644 "source/js/sevencolor/3/data/\345\205\211\351\200\237_\351\207\207\345\215\201-15.js"
 create mode 100644 "source/js/sevencolor/3/data/\345\205\211\351\200\237_\351\207\207\345\215\201-16.js"
 create mode 100644 "source/js/sevencolor/3/data/\345\205\211\351\200\237_\351\207\207\345\215\201-17.js"
 create mode 100644 "source/js/sevencolor/3/data/\345\205\211\351\200\237_\351\207\207\345\215\201-18.js"
 create mode 100644 "source/js/sevencolor/3/data/\345\205\211\351\200\237_\351\207\207\345\215\201-19.js"
 create mode 100644 "source/js/sevencolor/3/data/\345\205\211\351\200\237_\351\207\207\345\215\201-20.js"
 create mode 100644 "source/js/sevencolor/3/data/\345\205\211\351\200\237_\351\207\207\345\215\201-21.js"
 create mode 100644 "source/js/sevencolor/3/data/\345\205\211\351\200\237_\351\207\207\345\215\201-22.js"
 create mode 100644 "source/js/sevencolor/3/data/\345\205\211\351\200\237_\351\207\207\345\215\201-23.js"
 create mode 100644 "source/js/sevencolor/3/data/\345\205\211\351\200\237_\351\207\207\345\215\201-24.js"
 create mode 100644 "source/js/sevencolor/3/data/\345\205\211\351\200\237_\351\207\207\345\215\201-25.js"
 create mode 100644 "source/js/sevencolor/3/data/\345\205\211\351\200\237_\351\207\207\345\215\201-26.js"
 create mode 100644 "source/js/sevencolor/3/data/\345\205\211\351\200\237_\351\207\207\345\215\201-27.js"
 create mode 100644 "source/js/sevencolor/3/data/\345\205\211\351\200\237_\351\207\207\345\215\201-28.js"
 create mode 100644 "source/js/sevencolor/3/data/\345\205\211\351\200\237_\351\207\207\345\215\201-29.js"
 create mode 100644 "source/js/sevencolor/3/data/\345\205\211\351\200\237_\351\207\207\345\215\201-30.js"
 create mode 100644 "source/js/sevencolor/3/data/\345\205\211\351\200\237_\351\207\207\345\215\201-31.js"
 create mode 100644 "source/js/sevencolor/3/data/\345\205\211\351\200\237_\351\207\207\345\215\201-32.js"
 create mode 100644 "source/js/sevencolor/3/data/\345\205\211\351\200\237_\351\207\207\345\215\201-33.js"
 create mode 100644 "source/js/sevencolor/3/data/\345\205\211\351\200\237_\351\207\207\345\215\201-34.js"
 create mode 100644 "source/js/sevencolor/3/data/\345\205\211\351\200\237_\351\207\207\345\215\201-35.js"
 create mode 100644 "source/js/sevencolor/3/data/\345\205\211\351\200\237_\351\207\207\345\215\201-36.js"
 create mode 100644 "source/js/sevencolor/3/data/\345\205\211\351\200\237_\351\207\207\345\215\201-37.js"
 create mode 100644 "source/js/sevencolor/3/data/\345\205\211\351\200\237_\351\207\207\345\215\201-38.js"
 create mode 100644 "source/js/sevencolor/3/data/\345\205\211\351\200\237_\351\207\207\345\215\201-39.js"
 create mode 100644 "source/js/sevencolor/3/data/\345\205\211\351\200\237_\351\207\207\345\215\201-40.js"
 create mode 100644 "source/js/sevencolor/3/data/\346\226\260\346\265\252_\351\207\207\345\205\253-01.js"
 create mode 100644 "source/js/sevencolor/3/data/\346\226\260\346\265\252_\351\207\207\345\205\253-02.js"
 create mode 100644 "source/js/sevencolor/3/data/\346\226\260\346\265\252_\351\207\207\345\205\253-03.js"
 create mode 100644 "source/js/sevencolor/3/data/\346\226\260\346\265\252_\351\207\207\345\205\253-04.js"
 create mode 100644 "source/js/sevencolor/3/data/\346\226\260\346\265\252_\351\207\207\345\205\253-05.js"
 create mode 100644 "source/js/sevencolor/3/data/\346\226\260\346\265\252_\351\207\207\345\205\253-06.js"
 create mode 100644 "source/js/sevencolor/3/data/\346\226\260\346\265\252_\351\207\207\345\205\253-07.js"
 create mode 100644 "source/js/sevencolor/3/data/\346\226\260\346\265\252_\351\207\207\345\205\253-08.js"
 create mode 100644 "source/js/sevencolor/3/data/\346\226\260\346\265\252_\351\207\207\345\205\253-09.js"
 create mode 100644 "source/js/sevencolor/3/data/\346\226\260\346\265\252_\351\207\207\345\205\253-10.js"
 create mode 100644 "source/js/sevencolor/3/data/\346\226\260\346\265\252_\351\207\207\345\205\253-11.js"
 create mode 100644 "source/js/sevencolor/3/data/\346\226\260\346\265\252_\351\207\207\345\205\253-12.js"
 create mode 100644 "source/js/sevencolor/3/data/\346\226\260\346\265\252_\351\207\207\345\205\253-13.js"
 create mode 100644 "source/js/sevencolor/3/data/\346\226\260\346\265\252_\351\207\207\345\205\253-14.js"
 create mode 100644 "source/js/sevencolor/3/data/\346\226\260\346\265\252_\351\207\207\345\205\253-15.js"
 create mode 100644 "source/js/sevencolor/3/data/\346\226\260\346\265\252_\351\207\207\345\205\253-16.js"
 create mode 100644 "source/js/sevencolor/3/data/\346\226\260\346\265\252_\351\207\207\345\205\253-17.js"
 create mode 100644 "source/js/sevencolor/3/data/\346\226\260\346\265\252_\351\207\207\345\205\253-18.js"
 create mode 100644 "source/js/sevencolor/3/data/\346\226\260\346\265\252_\351\207\207\345\205\253-19.js"
 create mode 100644 "source/js/sevencolor/3/data/\346\226\260\346\265\252_\351\207\207\345\205\253-20.js"
 create mode 100644 "source/js/sevencolor/3/data/\346\226\260\346\265\252_\351\207\207\345\205\253-21.js"
 create mode 100644 "source/js/sevencolor/3/data/\346\226\260\346\265\252_\351\207\207\345\205\253-22.js"
 create mode 100644 "source/js/sevencolor/3/data/\346\226\260\346\265\252_\351\207\207\345\205\253-23.js"
 create mode 100644 "source/js/sevencolor/3/data/\346\226\260\346\265\252_\351\207\207\345\205\253-24.js"
 create mode 100644 "source/js/sevencolor/3/data/\346\226\260\346\265\252_\351\207\207\345\205\253-25.js"
 create mode 100644 "source/js/sevencolor/3/data/\346\226\260\346\265\252_\351\207\207\345\205\253-26.js"
 create mode 100644 "source/js/sevencolor/3/data/\346\226\260\346\265\252_\351\207\207\345\205\253-27.js"
 create mode 100644 "source/js/sevencolor/3/data/\346\226\260\346\265\252_\351\207\207\345\205\253-28.js"
 create mode 100644 "source/js/sevencolor/3/data/\346\226\260\346\265\252_\351\207\207\345\205\253-29.js"
 create mode 100644 "source/js/sevencolor/3/data/\346\226\260\346\265\252_\351\207\207\345\205\253-30.js"
 create mode 100644 "source/js/sevencolor/3/data/\346\226\260\346\265\252_\351\207\207\345\205\253-31.js"
 create mode 100644 "source/js/sevencolor/3/data/\346\226\260\346\265\252_\351\207\207\345\205\253-32.js"
 create mode 100644 "source/js/sevencolor/3/data/\346\226\260\346\265\252_\351\207\207\345\205\253-33.js"
 create mode 100644 "source/js/sevencolor/3/data/\346\226\260\346\265\252_\351\207\207\345\205\253-34.js"
 create mode 100644 "source/js/sevencolor/3/data/\346\226\260\346\265\252_\351\207\207\345\205\253-35.js"
 create mode 100644 "source/js/sevencolor/3/data/\346\226\260\346\265\252_\351\207\207\345\205\253-36.js"
 create mode 100644 "source/js/sevencolor/3/data/\346\226\260\346\265\252_\351\207\207\345\205\253-37.js"
 create mode 100644 "source/js/sevencolor/3/data/\346\226\260\346\265\252_\351\207\207\345\205\253-38.js"
 create mode 100644 "source/js/sevencolor/3/data/\346\226\260\346\265\252_\351\207\207\345\205\253-39.js"
 create mode 100644 "source/js/sevencolor/3/data/\346\226\260\346\265\252_\351\207\207\345\205\253-40.js"
 create mode 100644 "source/js/sevencolor/3/data/\346\232\264\351\243\216_\351\207\207\344\272\214-01.js"
 create mode 100644 "source/js/sevencolor/3/data/\346\232\264\351\243\216_\351\207\207\344\272\214-02.js"
 create mode 100644 "source/js/sevencolor/3/data/\346\232\264\351\243\216_\351\207\207\344\272\214-03.js"
 create mode 100644 "source/js/sevencolor/3/data/\346\232\264\351\243\216_\351\207\207\344\272\214-04.js"
 create mode 100644 "source/js/sevencolor/3/data/\346\232\264\351\243\216_\351\207\207\344\272\214-05.js"
 create mode 100644 "source/js/sevencolor/3/data/\346\232\264\351\243\216_\351\207\207\344\272\214-06.js"
 create mode 100644 "source/js/sevencolor/3/data/\346\232\264\351\243\216_\351\207\207\344\272\214-07.js"
 create mode 100644 "source/js/sevencolor/3/data/\346\232\264\351\243\216_\351\207\207\344\272\214-08.js"
 create mode 100644 "source/js/sevencolor/3/data/\346\232\264\351\243\216_\351\207\207\344\272\214-09.js"
 create mode 100644 "source/js/sevencolor/3/data/\346\232\264\351\243\216_\351\207\207\344\272\214-10.js"
 create mode 100644 "source/js/sevencolor/3/data/\346\232\264\351\243\216_\351\207\207\344\272\214-11.js"
 create mode 100644 "source/js/sevencolor/3/data/\346\232\264\351\243\216_\351\207\207\344\272\214-12.js"
 create mode 100644 "source/js/sevencolor/3/data/\346\232\264\351\243\216_\351\207\207\344\272\214-13.js"
 create mode 100644 "source/js/sevencolor/3/data/\346\232\264\351\243\216_\351\207\207\344\272\214-14.js"
 create mode 100644 "source/js/sevencolor/3/data/\346\232\264\351\243\216_\351\207\207\344\272\214-15.js"
 create mode 100644 "source/js/sevencolor/3/data/\346\232\264\351\243\216_\351\207\207\344\272\214-16.js"
 create mode 100644 "source/js/sevencolor/3/data/\346\232\264\351\243\216_\351\207\207\344\272\214-17.js"
 create mode 100644 "source/js/sevencolor/3/data/\346\232\264\351\243\216_\351\207\207\344\272\214-18.js"
 create mode 100644 "source/js/sevencolor/3/data/\346\232\264\351\243\216_\351\207\207\344\272\214-19.js"
 create mode 100644 "source/js/sevencolor/3/data/\346\232\264\351\243\216_\351\207\207\344\272\214-20.js"
 create mode 100644 "source/js/sevencolor/3/data/\346\232\264\351\243\216_\351\207\207\344\272\214-21.js"
 create mode 100644 "source/js/sevencolor/3/data/\346\232\264\351\243\216_\351\207\207\344\272\214-22.js"
 create mode 100644 "source/js/sevencolor/3/data/\346\232\264\351\243\216_\351\207\207\344\272\214-23.js"
 create mode 100644 "source/js/sevencolor/3/data/\346\232\264\351\243\216_\351\207\207\344\272\214-24.js"
 create mode 100644 "source/js/sevencolor/3/data/\346\232\264\351\243\216_\351\207\207\344\272\214-25.js"
 create mode 100644 "source/js/sevencolor/3/data/\346\232\264\351\243\216_\351\207\207\344\272\214-26.js"
 create mode 100644 "source/js/sevencolor/3/data/\346\232\264\351\243\216_\351\207\207\344\272\214-27.js"
 create mode 100644 "source/js/sevencolor/3/data/\346\232\264\351\243\216_\351\207\207\344\272\214-28.js"
 create mode 100644 "source/js/sevencolor/3/data/\346\232\264\351\243\216_\351\207\207\344\272\214-29.js"
 create mode 100644 "source/js/sevencolor/3/data/\346\232\264\351\243\216_\351\207\207\344\272\214-30.js"
 create mode 100644 "source/js/sevencolor/3/data/\346\232\264\351\243\216_\351\207\207\344\272\214-31.js"
 create mode 100644 "source/js/sevencolor/3/data/\346\232\264\351\243\216_\351\207\207\344\272\214-32.js"
 create mode 100644 "source/js/sevencolor/3/data/\346\232\264\351\243\216_\351\207\207\344\272\214-33.js"
 create mode 100644 "source/js/sevencolor/3/data/\346\232\264\351\243\216_\351\207\207\344\272\214-34.js"
 create mode 100644 "source/js/sevencolor/3/data/\346\232\264\351\243\216_\351\207\207\344\272\214-35.js"
 create mode 100644 "source/js/sevencolor/3/data/\346\232\264\351\243\216_\351\207\207\344\272\214-36.js"
 create mode 100644 "source/js/sevencolor/3/data/\346\232\264\351\243\216_\351\207\207\344\272\214-37.js"
 create mode 100644 "source/js/sevencolor/3/data/\346\232\264\351\243\216_\351\207\207\344\272\214-38.js"
 create mode 100644 "source/js/sevencolor/3/data/\346\232\264\351\243\216_\351\207\207\344\272\214-39.js"
 create mode 100644 "source/js/sevencolor/3/data/\346\232\264\351\243\216_\351\207\207\344\272\214-40.js"
 create mode 100644 "source/js/sevencolor/3/data/\346\236\201\351\200\237_\351\207\207\344\272\224-01.js"
 create mode 100644 "source/js/sevencolor/3/data/\346\236\201\351\200\237_\351\207\207\344\272\224-02.js"
 create mode 100644 "source/js/sevencolor/3/data/\346\236\201\351\200\237_\351\207\207\344\272\224-03.js"
 create mode 100644 "source/js/sevencolor/3/data/\346\236\201\351\200\237_\351\207\207\344\272\224-04.js"
 create mode 100644 "source/js/sevencolor/3/data/\346\236\201\351\200\237_\351\207\207\344\272\224-05.js"
 create mode 100644 "source/js/sevencolor/3/data/\346\236\201\351\200\237_\351\207\207\344\272\224-06.js"
 create mode 100644 "source/js/sevencolor/3/data/\346\236\201\351\200\237_\351\207\207\344\272\224-07.js"
 create mode 100644 "source/js/sevencolor/3/data/\346\236\201\351\200\237_\351\207\207\344\272\224-08.js"
 create mode 100644 "source/js/sevencolor/3/data/\346\236\201\351\200\237_\351\207\207\344\272\224-09.js"
 create mode 100644 "source/js/sevencolor/3/data/\346\236\201\351\200\237_\351\207\207\344\272\224-10.js"
 create mode 100644 "source/js/sevencolor/3/data/\346\236\201\351\200\237_\351\207\207\344\272\224-11.js"
 create mode 100644 "source/js/sevencolor/3/data/\346\236\201\351\200\237_\351\207\207\344\272\224-12.js"
 create mode 100644 "source/js/sevencolor/3/data/\346\236\201\351\200\237_\351\207\207\344\272\224-13.js"
 create mode 100644 "source/js/sevencolor/3/data/\346\236\201\351\200\237_\351\207\207\344\272\224-14.js"
 create mode 100644 "source/js/sevencolor/3/data/\346\236\201\351\200\237_\351\207\207\344\272\224-15.js"
 create mode 100644 "source/js/sevencolor/3/data/\346\236\201\351\200\237_\351\207\207\344\272\224-16.js"
 create mode 100644 "source/js/sevencolor/3/data/\346\236\201\351\200\237_\351\207\207\344\272\224-17.js"
 create mode 100644 "source/js/sevencolor/3/data/\346\236\201\351\200\237_\351\207\207\344\272\224-18.js"
 create mode 100644 "source/js/sevencolor/3/data/\346\236\201\351\200\237_\351\207\207\344\272\224-19.js"
 create mode 100644 "source/js/sevencolor/3/data/\346\236\201\351\200\237_\351\207\207\344\272\224-20.js"
 create mode 100644 "source/js/sevencolor/3/data/\346\236\201\351\200\237_\351\207\207\344\272\224-21.js"
 create mode 100644 "source/js/sevencolor/3/data/\346\236\201\351\200\237_\351\207\207\344\272\224-22.js"
 create mode 100644 "source/js/sevencolor/3/data/\346\236\201\351\200\237_\351\207\207\344\272\224-23.js"
 create mode 100644 "source/js/sevencolor/3/data/\346\236\201\351\200\237_\351\207\207\344\272\224-24.js"
 create mode 100644 "source/js/sevencolor/3/data/\346\236\201\351\200\237_\351\207\207\344\272\224-25.js"
 create mode 100644 "source/js/sevencolor/3/data/\346\236\201\351\200\237_\351\207\207\344\272\224-26.js"
 create mode 100644 "source/js/sevencolor/3/data/\346\236\201\351\200\237_\351\207\207\344\272\224-27.js"
 create mode 100644 "source/js/sevencolor/3/data/\346\236\201\351\200\237_\351\207\207\344\272\224-28.js"
 create mode 100644 "source/js/sevencolor/3/data/\346\236\201\351\200\237_\351\207\207\344\272\224-29.js"
 create mode 100644 "source/js/sevencolor/3/data/\346\236\201\351\200\237_\351\207\207\344\272\224-30.js"
 create mode 100644 "source/js/sevencolor/3/data/\346\236\201\351\200\237_\351\207\207\344\272\224-31.js"
 create mode 100644 "source/js/sevencolor/3/data/\346\236\201\351\200\237_\351\207\207\344\272\224-32.js"
 create mode 100644 "source/js/sevencolor/3/data/\346\236\201\351\200\237_\351\207\207\344\272\224-33.js"
 create mode 100644 "source/js/sevencolor/3/data/\346\236\201\351\200\237_\351\207\207\344\272\224-34.js"
 create mode 100644 "source/js/sevencolor/3/data/\346\236\201\351\200\237_\351\207\207\344\272\224-35.js"
 create mode 100644 "source/js/sevencolor/3/data/\346\236\201\351\200\237_\351\207\207\344\272\224-36.js"
 create mode 100644 "source/js/sevencolor/3/data/\346\236\201\351\200\237_\351\207\207\344\272\224-37.js"
 create mode 100644 "source/js/sevencolor/3/data/\346\236\201\351\200\237_\351\207\207\344\272\224-38.js"
 create mode 100644 "source/js/sevencolor/3/data/\346\236\201\351\200\237_\351\207\207\344\272\224-39.js"
 create mode 100644 "source/js/sevencolor/3/data/\346\236\201\351\200\237_\351\207\207\344\272\224-40.js"
 delete mode 100644 "source/js/sevencolor/3/data/\347\201\253\347\213\220\351\207\207\351\233\206-01.js"
 delete mode 100644 "source/js/sevencolor/3/data/\347\201\253\347\213\220\351\207\207\351\233\206-02.js"
 delete mode 100644 "source/js/sevencolor/3/data/\347\201\253\347\213\220\351\207\207\351\233\206-03.js"
 delete mode 100644 "source/js/sevencolor/3/data/\347\201\253\347\213\220\351\207\207\351\233\206-04.js"
 delete mode 100644 "source/js/sevencolor/3/data/\347\201\253\347\213\220\351\207\207\351\233\206-05.js"
 delete mode 100644 "source/js/sevencolor/3/data/\347\201\253\347\213\220\351\207\207\351\233\206-06.js"
 delete mode 100644 "source/js/sevencolor/3/data/\347\201\253\347\213\220\351\207\207\351\233\206-07.js"
 delete mode 100644 "source/js/sevencolor/3/data/\347\201\253\347\213\220\351\207\207\351\233\206-08.js"
 delete mode 100644 "source/js/sevencolor/3/data/\347\201\253\347\213\220\351\207\207\351\233\206-09.js"
 delete mode 100644 "source/js/sevencolor/3/data/\347\201\253\347\213\220\351\207\207\351\233\206-10.js"
 delete mode 100644 "source/js/sevencolor/3/data/\347\201\253\347\213\220\351\207\207\351\233\206-11.js"
 delete mode 100644 "source/js/sevencolor/3/data/\347\201\253\347\213\220\351\207\207\351\233\206-12.js"
 delete mode 100644 "source/js/sevencolor/3/data/\347\201\253\347\213\220\351\207\207\351\233\206-13.js"
 delete mode 100644 "source/js/sevencolor/3/data/\347\201\253\347\213\220\351\207\207\351\233\206-14.js"
 delete mode 100644 "source/js/sevencolor/3/data/\347\201\253\347\213\220\351\207\207\351\233\206-15.js"
 delete mode 100644 "source/js/sevencolor/3/data/\347\201\253\347\213\220\351\207\207\351\233\206-16.js"
 delete mode 100644 "source/js/sevencolor/3/data/\347\201\253\347\213\220\351\207\207\351\233\206-17.js"
 delete mode 100644 "source/js/sevencolor/3/data/\347\201\253\347\213\220\351\207\207\351\233\206-18.js"
 delete mode 100644 "source/js/sevencolor/3/data/\347\201\253\347\213\220\351\207\207\351\233\206-19.js"
 delete mode 100644 "source/js/sevencolor/3/data/\347\201\253\347\213\220\351\207\207\351\233\206-20.js"
 delete mode 100644 "source/js/sevencolor/3/data/\347\201\253\347\213\220\351\207\207\351\233\206-21.js"
 delete mode 100644 "source/js/sevencolor/3/data/\347\201\253\347\213\220\351\207\207\351\233\206-22.js"
 delete mode 100644 "source/js/sevencolor/3/data/\347\201\253\347\213\220\351\207\207\351\233\206-23.js"
 delete mode 100644 "source/js/sevencolor/3/data/\347\201\253\347\213\220\351\207\207\351\233\206-24.js"
 delete mode 100644 "source/js/sevencolor/3/data/\347\201\253\347\213\220\351\207\207\351\233\206-25.js"
 delete mode 100644 "source/js/sevencolor/3/data/\347\201\253\347\213\220\351\207\207\351\233\206-26.js"
 delete mode 100644 "source/js/sevencolor/3/data/\347\201\253\347\213\220\351\207\207\351\233\206-27.js"
 delete mode 100644 "source/js/sevencolor/3/data/\347\201\253\347\213\220\351\207\207\351\233\206-28.js"
 delete mode 100644 "source/js/sevencolor/3/data/\347\201\253\347\213\220\351\207\207\351\233\206-29.js"
 delete mode 100644 "source/js/sevencolor/3/data/\347\201\253\347\213\220\351\207\207\351\233\206-30.js"
 delete mode 100644 "source/js/sevencolor/3/data/\347\201\253\347\213\220\351\207\207\351\233\206-31.js"
 delete mode 100644 "source/js/sevencolor/3/data/\347\201\253\347\213\220\351\207\207\351\233\206-32.js"
 delete mode 100644 "source/js/sevencolor/3/data/\347\201\253\347\213\220\351\207\207\351\233\206-33.js"
 delete mode 100644 "source/js/sevencolor/3/data/\347\201\253\347\213\220\351\207\207\351\233\206-34.js"
 delete mode 100644 "source/js/sevencolor/3/data/\347\201\253\347\213\220\351\207\207\351\233\206-35.js"
 delete mode 100644 "source/js/sevencolor/3/data/\347\201\253\347\213\220\351\207\207\351\233\206-36.js"
 delete mode 100644 "source/js/sevencolor/3/data/\347\201\253\347\213\220\351\207\207\351\233\206-37.js"
 delete mode 100644 "source/js/sevencolor/3/data/\347\201\253\347\213\220\351\207\207\351\233\206-38.js"
 delete mode 100644 "source/js/sevencolor/3/data/\347\201\253\347\213\220\351\207\207\351\233\206-39.js"
 delete mode 100644 "source/js/sevencolor/3/data/\347\201\253\347\213\220\351\207\207\351\233\206-40.js"
 delete mode 100644 "source/js/sevencolor/3/data/\347\201\253\347\213\220\351\207\207\351\233\206-41.js"
 delete mode 100644 "source/js/sevencolor/3/data/\347\201\253\347\213\220\351\207\207\351\233\206-42.js"
 delete mode 100644 "source/js/sevencolor/3/data/\347\201\253\347\213\220\351\207\207\351\233\206-43.js"
 delete mode 100644 "source/js/sevencolor/3/data/\347\201\253\347\213\220\351\207\207\351\233\206-44.js"
 delete mode 100644 "source/js/sevencolor/3/data/\347\201\253\347\213\220\351\207\207\351\233\206-45.js"
 delete mode 100644 "source/js/sevencolor/3/data/\347\201\253\347\213\220\351\207\207\351\233\206-46.js"
 delete mode 100644 "source/js/sevencolor/3/data/\347\201\253\347\213\220\351\207\207\351\233\206-47.js"
 delete mode 100644 "source/js/sevencolor/3/data/\347\201\253\347\213\220\351\207\207\351\233\206-48.js"
 delete mode 100644 "source/js/sevencolor/3/data/\347\201\253\347\213\220\351\207\207\351\233\206-49.js"
 delete mode 100644 "source/js/sevencolor/3/data/\347\201\253\347\213\220\351\207\207\351\233\206-50.js"
 delete mode 100644 "source/js/sevencolor/3/data/\347\201\253\347\213\220\351\207\207\351\233\206-51.js"
 delete mode 100644 "source/js/sevencolor/3/data/\347\201\253\347\213\220\351\207\207\351\233\206-52.js"
 delete mode 100644 "source/js/sevencolor/3/data/\347\201\253\347\213\220\351\207\207\351\233\206-53.js"
 delete mode 100644 "source/js/sevencolor/3/data/\347\201\253\347\213\220\351\207\207\351\233\206-54.js"
 delete mode 100644 "source/js/sevencolor/3/data/\347\201\253\347\213\220\351\207\207\351\233\206-55.js"
 delete mode 100644 "source/js/sevencolor/3/data/\347\201\253\347\213\220\351\207\207\351\233\206-56.js"
 delete mode 100644 "source/js/sevencolor/3/data/\347\201\253\347\213\220\351\207\207\351\233\206-57.js"
 delete mode 100644 "source/js/sevencolor/3/data/\347\201\253\347\213\220\351\207\207\351\233\206-58.js"
 delete mode 100644 "source/js/sevencolor/3/data/\347\201\253\347\213\220\351\207\207\351\233\206-59.js"
 delete mode 100644 "source/js/sevencolor/3/data/\347\201\253\347\213\220\351\207\207\351\233\206-60.js"
 delete mode 100644 "source/js/sevencolor/3/data/\347\201\253\347\213\220\351\207\207\351\233\206-61.js"
 delete mode 100644 "source/js/sevencolor/3/data/\347\201\253\347\213\220\351\207\207\351\233\206-62.js"
 delete mode 100644 "source/js/sevencolor/3/data/\347\201\253\347\213\220\351\207\207\351\233\206-63.js"
 delete mode 100644 "source/js/sevencolor/3/data/\347\201\253\347\213\220\351\207\207\351\233\206-64.js"
 delete mode 100644 "source/js/sevencolor/3/data/\347\201\253\347\213\220\351\207\207\351\233\206-65.js"
 delete mode 100644 "source/js/sevencolor/3/data/\347\201\253\347\213\220\351\207\207\351\233\206-66.js"
 delete mode 100644 "source/js/sevencolor/3/data/\347\201\253\347\213\220\351\207\207\351\233\206-67.js"
 delete mode 100644 "source/js/sevencolor/3/data/\347\201\253\347\213\220\351\207\207\351\233\206-68.js"
 delete mode 100644 "source/js/sevencolor/3/data/\347\201\253\347\213\220\351\207\207\351\233\206-69.js"
 delete mode 100644 "source/js/sevencolor/3/data/\347\201\253\347\213\220\351\207\207\351\233\206-70.js"
 delete mode 100644 "source/js/sevencolor/3/data/\347\201\253\347\213\220\351\207\207\351\233\206-71.js"
 delete mode 100644 "source/js/sevencolor/3/data/\347\201\253\347\213\220\351\207\207\351\233\206-72.js"
 delete mode 100644 "source/js/sevencolor/3/data/\347\201\253\347\213\220\351\207\207\351\233\206-73.js"
 delete mode 100644 "source/js/sevencolor/3/data/\347\201\253\347\213\220\351\207\207\351\233\206-74.js"
 delete mode 100644 "source/js/sevencolor/3/data/\347\201\253\347\213\220\351\207\207\351\233\206-75.js"
 delete mode 100644 "source/js/sevencolor/3/data/\347\201\253\347\213\220\351\207\207\351\233\206-76.js"
 delete mode 100644 "source/js/sevencolor/3/data/\347\201\253\347\213\220\351\207\207\351\233\206-77.js"
 delete mode 100644 "source/js/sevencolor/3/data/\347\201\253\347\213\220\351\207\207\351\233\206-78.js"
 delete mode 100644 "source/js/sevencolor/3/data/\347\201\253\347\213\220\351\207\207\351\233\206-79.js"
 delete mode 100644 "source/js/sevencolor/3/data/\347\201\253\347\213\220\351\207\207\351\233\206-80.js"
 delete mode 100644 "source/js/sevencolor/3/data/\347\231\276\345\272\246_\351\207\207\351\233\206-01.js"
 delete mode 100644 "source/js/sevencolor/3/data/\347\231\276\345\272\246_\351\207\207\351\233\206-02.js"
 delete mode 100644 "source/js/sevencolor/3/data/\347\231\276\345\272\246_\351\207\207\351\233\206-03.js"
 delete mode 100644 "source/js/sevencolor/3/data/\347\231\276\345\272\246_\351\207\207\351\233\206-04.js"
 delete mode 100644 "source/js/sevencolor/3/data/\347\231\276\345\272\246_\351\207\207\351\233\206-05.js"
 delete mode 100644 "source/js/sevencolor/3/data/\347\231\276\345\272\246_\351\207\207\351\233\206-06.js"
 delete mode 100644 "source/js/sevencolor/3/data/\347\231\276\345\272\246_\351\207\207\351\233\206-07.js"
 delete mode 100644 "source/js/sevencolor/3/data/\347\231\276\345\272\246_\351\207\207\351\233\206-08.js"
 delete mode 100644 "source/js/sevencolor/3/data/\347\231\276\345\272\246_\351\207\207\351\233\206-09.js"
 delete mode 100644 "source/js/sevencolor/3/data/\347\231\276\345\272\246_\351\207\207\351\233\206-10.js"
 delete mode 100644 "source/js/sevencolor/3/data/\347\231\276\345\272\246_\351\207\207\351\233\206-11.js"
 delete mode 100644 "source/js/sevencolor/3/data/\347\231\276\345\272\246_\351\207\207\351\233\206-12.js"
 delete mode 100644 "source/js/sevencolor/3/data/\347\231\276\345\272\246_\351\207\207\351\233\206-13.js"
 delete mode 100644 "source/js/sevencolor/3/data/\347\231\276\345\272\246_\351\207\207\351\233\206-14.js"
 delete mode 100644 "source/js/sevencolor/3/data/\347\231\276\345\272\246_\351\207\207\351\233\206-15.js"
 delete mode 100644 "source/js/sevencolor/3/data/\347\231\276\345\272\246_\351\207\207\351\233\206-16.js"
 delete mode 100644 "source/js/sevencolor/3/data/\347\231\276\345\272\246_\351\207\207\351\233\206-17.js"
 delete mode 100644 "source/js/sevencolor/3/data/\347\231\276\345\272\246_\351\207\207\351\233\206-18.js"
 delete mode 100644 "source/js/sevencolor/3/data/\347\231\276\345\272\246_\351\207\207\351\233\206-19.js"
 delete mode 100644 "source/js/sevencolor/3/data/\347\231\276\345\272\246_\351\207\207\351\233\206-20.js"
 delete mode 100644 "source/js/sevencolor/3/data/\347\231\276\345\272\246_\351\207\207\351\233\206-21.js"
 delete mode 100644 "source/js/sevencolor/3/data/\347\231\276\345\272\246_\351\207\207\351\233\206-22.js"
 delete mode 100644 "source/js/sevencolor/3/data/\347\231\276\345\272\246_\351\207\207\351\233\206-23.js"
 delete mode 100644 "source/js/sevencolor/3/data/\347\231\276\345\272\246_\351\207\207\351\233\206-24.js"
 delete mode 100644 "source/js/sevencolor/3/data/\347\231\276\345\272\246_\351\207\207\351\233\206-25.js"
 delete mode 100644 "source/js/sevencolor/3/data/\347\231\276\345\272\246_\351\207\207\351\233\206-26.js"
 delete mode 100644 "source/js/sevencolor/3/data/\347\231\276\345\272\246_\351\207\207\351\233\206-27.js"
 delete mode 100644 "source/js/sevencolor/3/data/\347\231\276\345\272\246_\351\207\207\351\233\206-28.js"
 delete mode 100644 "source/js/sevencolor/3/data/\347\231\276\345\272\246_\351\207\207\351\233\206-29.js"
 delete mode 100644 "source/js/sevencolor/3/data/\347\231\276\345\272\246_\351\207\207\351\233\206-30.js"
 delete mode 100644 "source/js/sevencolor/3/data/\347\231\276\345\272\246_\351\207\207\351\233\206-31.js"
 delete mode 100644 "source/js/sevencolor/3/data/\347\231\276\345\272\246_\351\207\207\351\233\206-32.js"
 delete mode 100644 "source/js/sevencolor/3/data/\347\231\276\345\272\246_\351\207\207\351\233\206-33.js"
 delete mode 100644 "source/js/sevencolor/3/data/\347\231\276\345\272\246_\351\207\207\351\233\206-34.js"
 delete mode 100644 "source/js/sevencolor/3/data/\347\231\276\345\272\246_\351\207\207\351\233\206-35.js"
 delete mode 100644 "source/js/sevencolor/3/data/\347\231\276\345\272\246_\351\207\207\351\233\206-36.js"
 delete mode 100644 "source/js/sevencolor/3/data/\347\231\276\345\272\246_\351\207\207\351\233\206-37.js"
 delete mode 100644 "source/js/sevencolor/3/data/\347\231\276\345\272\246_\351\207\207\351\233\206-38.js"
 delete mode 100644 "source/js/sevencolor/3/data/\347\231\276\345\272\246_\351\207\207\351\233\206-39.js"
 delete mode 100644 "source/js/sevencolor/3/data/\347\231\276\345\272\246_\351\207\207\351\233\206-40.js"
 delete mode 100644 "source/js/sevencolor/3/data/\347\231\276\345\272\246_\351\207\207\351\233\206-41.js"
 delete mode 100644 "source/js/sevencolor/3/data/\347\231\276\345\272\246_\351\207\207\351\233\206-42.js"
 delete mode 100644 "source/js/sevencolor/3/data/\347\231\276\345\272\246_\351\207\207\351\233\206-43.js"
 delete mode 100644 "source/js/sevencolor/3/data/\347\231\276\345\272\246_\351\207\207\351\233\206-44.js"
 delete mode 100644 "source/js/sevencolor/3/data/\347\231\276\345\272\246_\351\207\207\351\233\206-45.js"
 delete mode 100644 "source/js/sevencolor/3/data/\347\231\276\345\272\246_\351\207\207\351\233\206-46.js"
 delete mode 100644 "source/js/sevencolor/3/data/\347\231\276\345\272\246_\351\207\207\351\233\206-47.js"
 delete mode 100644 "source/js/sevencolor/3/data/\347\231\276\345\272\246_\351\207\207\351\233\206-48.js"
 delete mode 100644 "source/js/sevencolor/3/data/\347\231\276\345\272\246_\351\207\207\351\233\206-49.js"
 delete mode 100644 "source/js/sevencolor/3/data/\347\231\276\345\272\246_\351\207\207\351\233\206-50.js"
 delete mode 100644 "source/js/sevencolor/3/data/\347\231\276\345\272\246_\351\207\207\351\233\206-51.js"
 delete mode 100644 "source/js/sevencolor/3/data/\347\231\276\345\272\246_\351\207\207\351\233\206-52.js"
 delete mode 100644 "source/js/sevencolor/3/data/\347\231\276\345\272\246_\351\207\207\351\233\206-53.js"
 delete mode 100644 "source/js/sevencolor/3/data/\347\231\276\345\272\246_\351\207\207\351\233\206-54.js"
 delete mode 100644 "source/js/sevencolor/3/data/\347\231\276\345\272\246_\351\207\207\351\233\206-55.js"
 delete mode 100644 "source/js/sevencolor/3/data/\347\231\276\345\272\246_\351\207\207\351\233\206-56.js"
 delete mode 100644 "source/js/sevencolor/3/data/\347\231\276\345\272\246_\351\207\207\351\233\206-57.js"
 delete mode 100644 "source/js/sevencolor/3/data/\347\231\276\345\272\246_\351\207\207\351\233\206-58.js"
 delete mode 100644 "source/js/sevencolor/3/data/\347\231\276\345\272\246_\351\207\207\351\233\206-59.js"
 delete mode 100644 "source/js/sevencolor/3/data/\347\231\276\345\272\246_\351\207\207\351\233\206-60.js"
 delete mode 100644 "source/js/sevencolor/3/data/\347\231\276\345\272\246_\351\207\207\351\233\206-61.js"
 delete mode 100644 "source/js/sevencolor/3/data/\347\231\276\345\272\246_\351\207\207\351\233\206-62.js"
 delete mode 100644 "source/js/sevencolor/3/data/\347\231\276\345\272\246_\351\207\207\351\233\206-63.js"
 delete mode 100644 "source/js/sevencolor/3/data/\347\231\276\345\272\246_\351\207\207\351\233\206-64.js"
 delete mode 100644 "source/js/sevencolor/3/data/\347\231\276\345\272\246_\351\207\207\351\233\206-65.js"
 delete mode 100644 "source/js/sevencolor/3/data/\347\231\276\345\272\246_\351\207\207\351\233\206-66.js"
 delete mode 100644 "source/js/sevencolor/3/data/\347\231\276\345\272\246_\351\207\207\351\233\206-67.js"
 delete mode 100644 "source/js/sevencolor/3/data/\347\231\276\345\272\246_\351\207\207\351\233\206-68.js"
 delete mode 100644 "source/js/sevencolor/3/data/\347\231\276\345\272\246_\351\207\207\351\233\206-69.js"
 delete mode 100644 "source/js/sevencolor/3/data/\347\231\276\345\272\246_\351\207\207\351\233\206-70.js"
 delete mode 100644 "source/js/sevencolor/3/data/\347\231\276\345\272\246_\351\207\207\351\233\206-71.js"
 delete mode 100644 "source/js/sevencolor/3/data/\347\231\276\345\272\246_\351\207\207\351\233\206-72.js"
 delete mode 100644 "source/js/sevencolor/3/data/\347\231\276\345\272\246_\351\207\207\351\233\206-73.js"
 delete mode 100644 "source/js/sevencolor/3/data/\347\231\276\345\272\246_\351\207\207\351\233\206-74.js"
 delete mode 100644 "source/js/sevencolor/3/data/\347\231\276\345\272\246_\351\207\207\351\233\206-75.js"
 delete mode 100644 "source/js/sevencolor/3/data/\347\231\276\345\272\246_\351\207\207\351\233\206-76.js"
 delete mode 100644 "source/js/sevencolor/3/data/\347\231\276\345\272\246_\351\207\207\351\233\206-77.js"
 delete mode 100644 "source/js/sevencolor/3/data/\347\231\276\345\272\246_\351\207\207\351\233\206-78.js"
 delete mode 100644 "source/js/sevencolor/3/data/\347\231\276\345\272\246_\351\207\207\351\233\206-79.js"
 delete mode 100644 "source/js/sevencolor/3/data/\347\231\276\345\272\246_\351\207\207\351\233\206-80.js"
 delete mode 100644 "source/js/sevencolor/3/data/\347\264\242\345\260\274_\351\253\230\346\270\205-01.js"
 delete mode 100644 "source/js/sevencolor/3/data/\347\264\242\345\260\274_\351\253\230\346\270\205-02.js"
 delete mode 100644 "source/js/sevencolor/3/data/\347\264\242\345\260\274_\351\253\230\346\270\205-03.js"
 delete mode 100644 "source/js/sevencolor/3/data/\347\264\242\345\260\274_\351\253\230\346\270\205-04.js"
 delete mode 100644 "source/js/sevencolor/3/data/\347\264\242\345\260\274_\351\253\230\346\270\205-05.js"
 delete mode 100644 "source/js/sevencolor/3/data/\347\264\242\345\260\274_\351\253\230\346\270\205-06.js"
 delete mode 100644 "source/js/sevencolor/3/data/\347\264\242\345\260\274_\351\253\230\346\270\205-07.js"
 delete mode 100644 "source/js/sevencolor/3/data/\347\264\242\345\260\274_\351\253\230\346\270\205-08.js"
 delete mode 100644 "source/js/sevencolor/3/data/\347\264\242\345\260\274_\351\253\230\346\270\205-09.js"
 delete mode 100644 "source/js/sevencolor/3/data/\347\264\242\345\260\274_\351\253\230\346\270\205-10.js"
 delete mode 100644 "source/js/sevencolor/3/data/\347\264\242\345\260\274_\351\253\230\346\270\205-11.js"
 delete mode 100644 "source/js/sevencolor/3/data/\347\264\242\345\260\274_\351\253\230\346\270\205-12.js"
 delete mode 100644 "source/js/sevencolor/3/data/\347\264\242\345\260\274_\351\253\230\346\270\205-13.js"
 delete mode 100644 "source/js/sevencolor/3/data/\347\264\242\345\260\274_\351\253\230\346\270\205-14.js"
 delete mode 100644 "source/js/sevencolor/3/data/\347\264\242\345\260\274_\351\253\230\346\270\205-15.js"
 delete mode 100644 "source/js/sevencolor/3/data/\347\264\242\345\260\274_\351\253\230\346\270\205-16.js"
 delete mode 100644 "source/js/sevencolor/3/data/\347\264\242\345\260\274_\351\253\230\346\270\205-17.js"
 delete mode 100644 "source/js/sevencolor/3/data/\347\264\242\345\260\274_\351\253\230\346\270\205-18.js"
 delete mode 100644 "source/js/sevencolor/3/data/\347\264\242\345\260\274_\351\253\230\346\270\205-19.js"
 delete mode 100644 "source/js/sevencolor/3/data/\347\264\242\345\260\274_\351\253\230\346\270\205-20.js"
 delete mode 100644 "source/js/sevencolor/3/data/\347\264\242\345\260\274_\351\253\230\346\270\205-21.js"
 delete mode 100644 "source/js/sevencolor/3/data/\347\264\242\345\260\274_\351\253\230\346\270\205-22.js"
 delete mode 100644 "source/js/sevencolor/3/data/\347\264\242\345\260\274_\351\253\230\346\270\205-23.js"
 delete mode 100644 "source/js/sevencolor/3/data/\347\264\242\345\260\274_\351\253\230\346\270\205-24.js"
 delete mode 100644 "source/js/sevencolor/3/data/\347\264\242\345\260\274_\351\253\230\346\270\205-25.js"
 delete mode 100644 "source/js/sevencolor/3/data/\347\264\242\345\260\274_\351\253\230\346\270\205-26.js"
 delete mode 100644 "source/js/sevencolor/3/data/\347\264\242\345\260\274_\351\253\230\346\270\205-27.js"
 delete mode 100644 "source/js/sevencolor/3/data/\347\264\242\345\260\274_\351\253\230\346\270\205-28.js"
 delete mode 100644 "source/js/sevencolor/3/data/\347\264\242\345\260\274_\351\253\230\346\270\205-29.js"
 delete mode 100644 "source/js/sevencolor/3/data/\347\264\242\345\260\274_\351\253\230\346\270\205-30.js"
 delete mode 100644 "source/js/sevencolor/3/data/\347\264\242\345\260\274_\351\253\230\346\270\205-31.js"
 delete mode 100644 "source/js/sevencolor/3/data/\347\264\242\345\260\274_\351\253\230\346\270\205-32.js"
 delete mode 100644 "source/js/sevencolor/3/data/\347\264\242\345\260\274_\351\253\230\346\270\205-33.js"
 delete mode 100644 "source/js/sevencolor/3/data/\347\264\242\345\260\274_\351\253\230\346\270\205-34.js"
 delete mode 100644 "source/js/sevencolor/3/data/\347\264\242\345\260\274_\351\253\230\346\270\205-35.js"
 delete mode 100644 "source/js/sevencolor/3/data/\347\264\242\345\260\274_\351\253\230\346\270\205-36.js"
 delete mode 100644 "source/js/sevencolor/3/data/\347\264\242\345\260\274_\351\253\230\346\270\205-37.js"
 delete mode 100644 "source/js/sevencolor/3/data/\347\264\242\345\260\274_\351\253\230\346\270\205-38.js"
 delete mode 100644 "source/js/sevencolor/3/data/\347\264\242\345\260\274_\351\253\230\346\270\205-39.js"
 delete mode 100644 "source/js/sevencolor/3/data/\347\264\242\345\260\274_\351\253\230\346\270\205-40.js"
 delete mode 100644 "source/js/sevencolor/3/data/\347\264\242\345\260\274_\351\253\230\346\270\205-41.js"
 delete mode 100644 "source/js/sevencolor/3/data/\347\264\242\345\260\274_\351\253\230\346\270\205-42.js"
 delete mode 100644 "source/js/sevencolor/3/data/\347\264\242\345\260\274_\351\253\230\346\270\205-43.js"
 delete mode 100644 "source/js/sevencolor/3/data/\347\264\242\345\260\274_\351\253\230\346\270\205-44.js"
 delete mode 100644 "source/js/sevencolor/3/data/\347\264\242\345\260\274_\351\253\230\346\270\205-45.js"
 delete mode 100644 "source/js/sevencolor/3/data/\347\264\242\345\260\274_\351\253\230\346\270\205-46.js"
 delete mode 100644 "source/js/sevencolor/3/data/\347\264\242\345\260\274_\351\253\230\346\270\205-47.js"
 delete mode 100644 "source/js/sevencolor/3/data/\347\264\242\345\260\274_\351\253\230\346\270\205-48.js"
 delete mode 100644 "source/js/sevencolor/3/data/\347\264\242\345\260\274_\351\253\230\346\270\205-49.js"
 delete mode 100644 "source/js/sevencolor/3/data/\347\264\242\345\260\274_\351\253\230\346\270\205-50.js"
 delete mode 100644 "source/js/sevencolor/3/data/\347\264\242\345\260\274_\351\253\230\346\270\205-51.js"
 delete mode 100644 "source/js/sevencolor/3/data/\347\264\242\345\260\274_\351\253\230\346\270\205-52.js"
 delete mode 100644 "source/js/sevencolor/3/data/\347\264\242\345\260\274_\351\253\230\346\270\205-53.js"
 delete mode 100644 "source/js/sevencolor/3/data/\347\264\242\345\260\274_\351\253\230\346\270\205-54.js"
 delete mode 100644 "source/js/sevencolor/3/data/\347\264\242\345\260\274_\351\253\230\346\270\205-55.js"
 delete mode 100644 "source/js/sevencolor/3/data/\347\264\242\345\260\274_\351\253\230\346\270\205-56.js"
 delete mode 100644 "source/js/sevencolor/3/data/\347\264\242\345\260\274_\351\253\230\346\270\205-57.js"
 delete mode 100644 "source/js/sevencolor/3/data/\347\264\242\345\260\274_\351\253\230\346\270\205-58.js"
 delete mode 100644 "source/js/sevencolor/3/data/\347\264\242\345\260\274_\351\253\230\346\270\205-59.js"
 delete mode 100644 "source/js/sevencolor/3/data/\347\264\242\345\260\274_\351\253\230\346\270\205-60.js"
 delete mode 100644 "source/js/sevencolor/3/data/\347\264\242\345\260\274_\351\253\230\346\270\205-61.js"
 delete mode 100644 "source/js/sevencolor/3/data/\347\264\242\345\260\274_\351\253\230\346\270\205-62.js"
 delete mode 100644 "source/js/sevencolor/3/data/\347\264\242\345\260\274_\351\253\230\346\270\205-63.js"
 delete mode 100644 "source/js/sevencolor/3/data/\347\264\242\345\260\274_\351\253\230\346\270\205-64.js"
 delete mode 100644 "source/js/sevencolor/3/data/\347\264\242\345\260\274_\351\253\230\346\270\205-65.js"
 delete mode 100644 "source/js/sevencolor/3/data/\347\264\242\345\260\274_\351\253\230\346\270\205-66.js"
 delete mode 100644 "source/js/sevencolor/3/data/\347\264\242\345\260\274_\351\253\230\346\270\205-67.js"
 delete mode 100644 "source/js/sevencolor/3/data/\347\264\242\345\260\274_\351\253\230\346\270\205-68.js"
 delete mode 100644 "source/js/sevencolor/3/data/\347\264\242\345\260\274_\351\253\230\346\270\205-69.js"
 delete mode 100644 "source/js/sevencolor/3/data/\347\264\242\345\260\274_\351\253\230\346\270\205-70.js"
 delete mode 100644 "source/js/sevencolor/3/data/\347\264\242\345\260\274_\351\253\230\346\270\205-71.js"
 delete mode 100644 "source/js/sevencolor/3/data/\347\264\242\345\260\274_\351\253\230\346\270\205-72.js"
 delete mode 100644 "source/js/sevencolor/3/data/\347\264\242\345\260\274_\351\253\230\346\270\205-73.js"
 delete mode 100644 "source/js/sevencolor/3/data/\347\264\242\345\260\274_\351\253\230\346\270\205-74.js"
 delete mode 100644 "source/js/sevencolor/3/data/\347\264\242\345\260\274_\351\253\230\346\270\205-75.js"
 delete mode 100644 "source/js/sevencolor/3/data/\347\264\242\345\260\274_\351\253\230\346\270\205-76.js"
 delete mode 100644 "source/js/sevencolor/3/data/\347\264\242\345\260\274_\351\253\230\346\270\205-77.js"
 delete mode 100644 "source/js/sevencolor/3/data/\347\264\242\345\260\274_\351\253\230\346\270\205-78.js"
 delete mode 100644 "source/js/sevencolor/3/data/\347\264\242\345\260\274_\351\253\230\346\270\205-79.js"
 delete mode 100644 "source/js/sevencolor/3/data/\347\264\242\345\260\274_\351\253\230\346\270\205-80.js"
 delete mode 100644 "source/js/sevencolor/3/data/\350\231\216\347\211\231\351\207\207\351\233\206-01.js"
 delete mode 100644 "source/js/sevencolor/3/data/\350\231\216\347\211\231\351\207\207\351\233\206-02.js"
 delete mode 100644 "source/js/sevencolor/3/data/\350\231\216\347\211\231\351\207\207\351\233\206-03.js"
 delete mode 100644 "source/js/sevencolor/3/data/\350\231\216\347\211\231\351\207\207\351\233\206-04.js"
 delete mode 100644 "source/js/sevencolor/3/data/\350\231\216\347\211\231\351\207\207\351\233\206-05.js"
 delete mode 100644 "source/js/sevencolor/3/data/\350\231\216\347\211\231\351\207\207\351\233\206-06.js"
 delete mode 100644 "source/js/sevencolor/3/data/\350\231\216\347\211\231\351\207\207\351\233\206-07.js"
 delete mode 100644 "source/js/sevencolor/3/data/\350\231\216\347\211\231\351\207\207\351\233\206-08.js"
 delete mode 100644 "source/js/sevencolor/3/data/\350\231\216\347\211\231\351\207\207\351\233\206-09.js"
 delete mode 100644 "source/js/sevencolor/3/data/\350\231\216\347\211\231\351\207\207\351\233\206-10.js"
 delete mode 100644 "source/js/sevencolor/3/data/\350\231\216\347\211\231\351\207\207\351\233\206-11.js"
 delete mode 100644 "source/js/sevencolor/3/data/\350\231\216\347\211\231\351\207\207\351\233\206-12.js"
 delete mode 100644 "source/js/sevencolor/3/data/\350\231\216\347\211\231\351\207\207\351\233\206-13.js"
 delete mode 100644 "source/js/sevencolor/3/data/\350\231\216\347\211\231\351\207\207\351\233\206-14.js"
 delete mode 100644 "source/js/sevencolor/3/data/\350\231\216\347\211\231\351\207\207\351\233\206-15.js"
 delete mode 100644 "source/js/sevencolor/3/data/\350\231\216\347\211\231\351\207\207\351\233\206-16.js"
 delete mode 100644 "source/js/sevencolor/3/data/\350\231\216\347\211\231\351\207\207\351\233\206-17.js"
 delete mode 100644 "source/js/sevencolor/3/data/\350\231\216\347\211\231\351\207\207\351\233\206-18.js"
 delete mode 100644 "source/js/sevencolor/3/data/\350\231\216\347\211\231\351\207\207\351\233\206-19.js"
 delete mode 100644 "source/js/sevencolor/3/data/\350\231\216\347\211\231\351\207\207\351\233\206-20.js"
 delete mode 100644 "source/js/sevencolor/3/data/\350\231\216\347\211\231\351\207\207\351\233\206-21.js"
 delete mode 100644 "source/js/sevencolor/3/data/\350\231\216\347\211\231\351\207\207\351\233\206-22.js"
 delete mode 100644 "source/js/sevencolor/3/data/\350\231\216\347\211\231\351\207\207\351\233\206-23.js"
 delete mode 100644 "source/js/sevencolor/3/data/\350\231\216\347\211\231\351\207\207\351\233\206-24.js"
 delete mode 100644 "source/js/sevencolor/3/data/\350\231\216\347\211\231\351\207\207\351\233\206-25.js"
 delete mode 100644 "source/js/sevencolor/3/data/\350\231\216\347\211\231\351\207\207\351\233\206-26.js"
 delete mode 100644 "source/js/sevencolor/3/data/\350\231\216\347\211\231\351\207\207\351\233\206-27.js"
 delete mode 100644 "source/js/sevencolor/3/data/\350\231\216\347\211\231\351\207\207\351\233\206-28.js"
 delete mode 100644 "source/js/sevencolor/3/data/\350\231\216\347\211\231\351\207\207\351\233\206-29.js"
 delete mode 100644 "source/js/sevencolor/3/data/\350\231\216\347\211\231\351\207\207\351\233\206-30.js"
 delete mode 100644 "source/js/sevencolor/3/data/\350\231\216\347\211\231\351\207\207\351\233\206-31.js"
 delete mode 100644 "source/js/sevencolor/3/data/\350\231\216\347\211\231\351\207\207\351\233\206-32.js"
 delete mode 100644 "source/js/sevencolor/3/data/\350\231\216\347\211\231\351\207\207\351\233\206-33.js"
 delete mode 100644 "source/js/sevencolor/3/data/\350\231\216\347\211\231\351\207\207\351\233\206-34.js"
 delete mode 100644 "source/js/sevencolor/3/data/\350\231\216\347\211\231\351\207\207\351\233\206-35.js"
 delete mode 100644 "source/js/sevencolor/3/data/\350\231\216\347\211\231\351\207\207\351\233\206-36.js"
 delete mode 100644 "source/js/sevencolor/3/data/\350\231\216\347\211\231\351\207\207\351\233\206-37.js"
 delete mode 100644 "source/js/sevencolor/3/data/\350\231\216\347\211\231\351\207\207\351\233\206-38.js"
 delete mode 100644 "source/js/sevencolor/3/data/\350\231\216\347\211\231\351\207\207\351\233\206-39.js"
 delete mode 100644 "source/js/sevencolor/3/data/\350\231\216\347\211\231\351\207\207\351\233\206-40.js"
 delete mode 100644 "source/js/sevencolor/3/data/\350\231\216\347\211\231\351\207\207\351\233\206-41.js"
 delete mode 100644 "source/js/sevencolor/3/data/\350\231\216\347\211\231\351\207\207\351\233\206-42.js"
 delete mode 100644 "source/js/sevencolor/3/data/\350\231\216\347\211\231\351\207\207\351\233\206-43.js"
 delete mode 100644 "source/js/sevencolor/3/data/\350\231\216\347\211\231\351\207\207\351\233\206-44.js"
 delete mode 100644 "source/js/sevencolor/3/data/\350\231\216\347\211\231\351\207\207\351\233\206-45.js"
 delete mode 100644 "source/js/sevencolor/3/data/\350\231\216\347\211\231\351\207\207\351\233\206-46.js"
 delete mode 100644 "source/js/sevencolor/3/data/\350\231\216\347\211\231\351\207\207\351\233\206-47.js"
 delete mode 100644 "source/js/sevencolor/3/data/\350\231\216\347\211\231\351\207\207\351\233\206-48.js"
 delete mode 100644 "source/js/sevencolor/3/data/\350\231\216\347\211\231\351\207\207\351\233\206-49.js"
 delete mode 100644 "source/js/sevencolor/3/data/\350\231\216\347\211\231\351\207\207\351\233\206-50.js"
 delete mode 100644 "source/js/sevencolor/3/data/\350\231\216\347\211\231\351\207\207\351\233\206-51.js"
 delete mode 100644 "source/js/sevencolor/3/data/\350\231\216\347\211\231\351\207\207\351\233\206-52.js"
 delete mode 100644 "source/js/sevencolor/3/data/\350\231\216\347\211\231\351\207\207\351\233\206-53.js"
 delete mode 100644 "source/js/sevencolor/3/data/\350\231\216\347\211\231\351\207\207\351\233\206-54.js"
 delete mode 100644 "source/js/sevencolor/3/data/\350\231\216\347\211\231\351\207\207\351\233\206-55.js"
 delete mode 100644 "source/js/sevencolor/3/data/\350\231\216\347\211\231\351\207\207\351\233\206-56.js"
 delete mode 100644 "source/js/sevencolor/3/data/\350\231\216\347\211\231\351\207\207\351\233\206-57.js"
 delete mode 100644 "source/js/sevencolor/3/data/\350\231\216\347\211\231\351\207\207\351\233\206-58.js"
 delete mode 100644 "source/js/sevencolor/3/data/\350\231\216\347\211\231\351\207\207\351\233\206-59.js"
 delete mode 100644 "source/js/sevencolor/3/data/\350\231\216\347\211\231\351\207\207\351\233\206-60.js"
 delete mode 100644 "source/js/sevencolor/3/data/\350\231\216\347\211\231\351\207\207\351\233\206-61.js"
 delete mode 100644 "source/js/sevencolor/3/data/\350\231\216\347\211\231\351\207\207\351\233\206-62.js"
 delete mode 100644 "source/js/sevencolor/3/data/\350\231\216\347\211\231\351\207\207\351\233\206-63.js"
 delete mode 100644 "source/js/sevencolor/3/data/\350\231\216\347\211\231\351\207\207\351\233\206-64.js"
 delete mode 100644 "source/js/sevencolor/3/data/\350\231\216\347\211\231\351\207\207\351\233\206-65.js"
 delete mode 100644 "source/js/sevencolor/3/data/\350\231\216\347\211\231\351\207\207\351\233\206-66.js"
 delete mode 100644 "source/js/sevencolor/3/data/\350\231\216\347\211\231\351\207\207\351\233\206-67.js"
 delete mode 100644 "source/js/sevencolor/3/data/\350\231\216\347\211\231\351\207\207\351\233\206-68.js"
 delete mode 100644 "source/js/sevencolor/3/data/\350\231\216\347\211\231\351\207\207\351\233\206-69.js"
 delete mode 100644 "source/js/sevencolor/3/data/\350\231\216\347\211\231\351\207\207\351\233\206-70.js"
 delete mode 100644 "source/js/sevencolor/3/data/\350\231\216\347\211\231\351\207\207\351\233\206-71.js"
 delete mode 100644 "source/js/sevencolor/3/data/\350\231\216\347\211\231\351\207\207\351\233\206-72.js"
 delete mode 100644 "source/js/sevencolor/3/data/\350\231\216\347\211\231\351\207\207\351\233\206-73.js"
 delete mode 100644 "source/js/sevencolor/3/data/\350\231\216\347\211\231\351\207\207\351\233\206-74.js"
 delete mode 100644 "source/js/sevencolor/3/data/\350\231\216\347\211\231\351\207\207\351\233\206-75.js"
 delete mode 100644 "source/js/sevencolor/3/data/\350\231\216\347\211\231\351\207\207\351\233\206-76.js"
 delete mode 100644 "source/js/sevencolor/3/data/\350\231\216\347\211\231\351\207\207\351\233\206-77.js"
 delete mode 100644 "source/js/sevencolor/3/data/\350\231\216\347\211\231\351\207\207\351\233\206-78.js"
 delete mode 100644 "source/js/sevencolor/3/data/\350\231\216\347\211\231\351\207\207\351\233\206-79.js"
 delete mode 100644 "source/js/sevencolor/3/data/\350\231\216\347\211\231\351\207\207\351\233\206-80.js"
 create mode 100644 "source/js/sevencolor/3/data/\350\261\252\345\215\216_\351\207\207\344\270\211-01.js"
 create mode 100644 "source/js/sevencolor/3/data/\350\261\252\345\215\216_\351\207\207\344\270\211-02.js"
 create mode 100644 "source/js/sevencolor/3/data/\350\261\252\345\215\216_\351\207\207\344\270\211-03.js"
 create mode 100644 "source/js/sevencolor/3/data/\350\261\252\345\215\216_\351\207\207\344\270\211-04.js"
 create mode 100644 "source/js/sevencolor/3/data/\350\261\252\345\215\216_\351\207\207\344\270\211-05.js"
 create mode 100644 "source/js/sevencolor/3/data/\350\261\252\345\215\216_\351\207\207\344\270\211-06.js"
 create mode 100644 "source/js/sevencolor/3/data/\350\261\252\345\215\216_\351\207\207\344\270\211-07.js"
 create mode 100644 "source/js/sevencolor/3/data/\350\261\252\345\215\216_\351\207\207\344\270\211-08.js"
 create mode 100644 "source/js/sevencolor/3/data/\350\261\252\345\215\216_\351\207\207\344\270\211-09.js"
 create mode 100644 "source/js/sevencolor/3/data/\350\261\252\345\215\216_\351\207\207\344\270\211-10.js"
 create mode 100644 "source/js/sevencolor/3/data/\350\261\252\345\215\216_\351\207\207\344\270\211-11.js"
 create mode 100644 "source/js/sevencolor/3/data/\350\261\252\345\215\216_\351\207\207\344\270\211-12.js"
 create mode 100644 "source/js/sevencolor/3/data/\350\261\252\345\215\216_\351\207\207\344\270\211-13.js"
 create mode 100644 "source/js/sevencolor/3/data/\350\261\252\345\215\216_\351\207\207\344\270\211-14.js"
 create mode 100644 "source/js/sevencolor/3/data/\350\261\252\345\215\216_\351\207\207\344\270\211-15.js"
 create mode 100644 "source/js/sevencolor/3/data/\350\261\252\345\215\216_\351\207\207\344\270\211-16.js"
 create mode 100644 "source/js/sevencolor/3/data/\350\261\252\345\215\216_\351\207\207\344\270\211-17.js"
 create mode 100644 "source/js/sevencolor/3/data/\350\261\252\345\215\216_\351\207\207\344\270\211-18.js"
 create mode 100644 "source/js/sevencolor/3/data/\350\261\252\345\215\216_\351\207\207\344\270\211-19.js"
 create mode 100644 "source/js/sevencolor/3/data/\350\261\252\345\215\216_\351\207\207\344\270\211-20.js"
 create mode 100644 "source/js/sevencolor/3/data/\350\261\252\345\215\216_\351\207\207\344\270\211-21.js"
 create mode 100644 "source/js/sevencolor/3/data/\350\261\252\345\215\216_\351\207\207\344\270\211-22.js"
 create mode 100644 "source/js/sevencolor/3/data/\350\261\252\345\215\216_\351\207\207\344\270\211-23.js"
 create mode 100644 "source/js/sevencolor/3/data/\350\261\252\345\215\216_\351\207\207\344\270\211-24.js"
 create mode 100644 "source/js/sevencolor/3/data/\350\261\252\345\215\216_\351\207\207\344\270\211-25.js"
 create mode 100644 "source/js/sevencolor/3/data/\350\261\252\345\215\216_\351\207\207\344\270\211-26.js"
 create mode 100644 "source/js/sevencolor/3/data/\350\261\252\345\215\216_\351\207\207\344\270\211-27.js"
 create mode 100644 "source/js/sevencolor/3/data/\350\261\252\345\215\216_\351\207\207\344\270\211-28.js"
 create mode 100644 "source/js/sevencolor/3/data/\350\261\252\345\215\216_\351\207\207\344\270\211-29.js"
 create mode 100644 "source/js/sevencolor/3/data/\350\261\252\345\215\216_\351\207\207\344\270\211-30.js"
 create mode 100644 "source/js/sevencolor/3/data/\350\261\252\345\215\216_\351\207\207\344\270\211-31.js"
 create mode 100644 "source/js/sevencolor/3/data/\350\261\252\345\215\216_\351\207\207\344\270\211-32.js"
 create mode 100644 "source/js/sevencolor/3/data/\350\261\252\345\215\216_\351\207\207\344\270\211-33.js"
 create mode 100644 "source/js/sevencolor/3/data/\350\261\252\345\215\216_\351\207\207\344\270\211-34.js"
 create mode 100644 "source/js/sevencolor/3/data/\350\261\252\345\215\216_\351\207\207\344\270\211-35.js"
 create mode 100644 "source/js/sevencolor/3/data/\350\261\252\345\215\216_\351\207\207\344\270\211-36.js"
 create mode 100644 "source/js/sevencolor/3/data/\350\261\252\345\215\216_\351\207\207\344\270\211-37.js"
 create mode 100644 "source/js/sevencolor/3/data/\350\261\252\345\215\216_\351\207\207\344\270\211-38.js"
 create mode 100644 "source/js/sevencolor/3/data/\350\261\252\345\215\216_\351\207\207\344\270\211-39.js"
 create mode 100644 "source/js/sevencolor/3/data/\350\261\252\345\215\216_\351\207\207\344\270\211-40.js"
 delete mode 100644 "source/js/sevencolor/3/data/\351\207\217\345\255\220_\350\265\204\346\272\220-01.js"
 delete mode 100644 "source/js/sevencolor/3/data/\351\207\217\345\255\220_\350\265\204\346\272\220-02.js"
 delete mode 100644 "source/js/sevencolor/3/data/\351\207\217\345\255\220_\350\265\204\346\272\220-03.js"
 delete mode 100644 "source/js/sevencolor/3/data/\351\207\217\345\255\220_\350\265\204\346\272\220-04.js"
 delete mode 100644 "source/js/sevencolor/3/data/\351\207\217\345\255\220_\350\265\204\346\272\220-05.js"
 delete mode 100644 "source/js/sevencolor/3/data/\351\207\217\345\255\220_\350\265\204\346\272\220-06.js"
 delete mode 100644 "source/js/sevencolor/3/data/\351\207\217\345\255\220_\350\265\204\346\272\220-07.js"
 delete mode 100644 "source/js/sevencolor/3/data/\351\207\217\345\255\220_\350\265\204\346\272\220-08.js"
 delete mode 100644 "source/js/sevencolor/3/data/\351\207\217\345\255\220_\350\265\204\346\272\220-09.js"
 delete mode 100644 "source/js/sevencolor/3/data/\351\207\217\345\255\220_\350\265\204\346\272\220-10.js"
 delete mode 100644 "source/js/sevencolor/3/data/\351\207\217\345\255\220_\350\265\204\346\272\220-11.js"
 delete mode 100644 "source/js/sevencolor/3/data/\351\207\217\345\255\220_\350\265\204\346\272\220-12.js"
 delete mode 100644 "source/js/sevencolor/3/data/\351\207\217\345\255\220_\350\265\204\346\272\220-13.js"
 delete mode 100644 "source/js/sevencolor/3/data/\351\207\217\345\255\220_\350\265\204\346\272\220-14.js"
 delete mode 100644 "source/js/sevencolor/3/data/\351\207\217\345\255\220_\350\265\204\346\272\220-15.js"
 delete mode 100644 "source/js/sevencolor/3/data/\351\207\217\345\255\220_\350\265\204\346\272\220-16.js"
 delete mode 100644 "source/js/sevencolor/3/data/\351\207\217\345\255\220_\350\265\204\346\272\220-17.js"
 delete mode 100644 "source/js/sevencolor/3/data/\351\207\217\345\255\220_\350\265\204\346\272\220-18.js"
 delete mode 100644 "source/js/sevencolor/3/data/\351\207\217\345\255\220_\350\265\204\346\272\220-19.js"
 delete mode 100644 "source/js/sevencolor/3/data/\351\207\217\345\255\220_\350\265\204\346\272\220-20.js"
 delete mode 100644 "source/js/sevencolor/3/data/\351\207\217\345\255\220_\350\265\204\346\272\220-21.js"
 delete mode 100644 "source/js/sevencolor/3/data/\351\207\217\345\255\220_\350\265\204\346\272\220-22.js"
 delete mode 100644 "source/js/sevencolor/3/data/\351\207\217\345\255\220_\350\265\204\346\272\220-23.js"
 delete mode 100644 "source/js/sevencolor/3/data/\351\207\217\345\255\220_\350\265\204\346\272\220-24.js"
 delete mode 100644 "source/js/sevencolor/3/data/\351\207\217\345\255\220_\350\265\204\346\272\220-25.js"
 delete mode 100644 "source/js/sevencolor/3/data/\351\207\217\345\255\220_\350\265\204\346\272\220-26.js"
 delete mode 100644 "source/js/sevencolor/3/data/\351\207\217\345\255\220_\350\265\204\346\272\220-27.js"
 delete mode 100644 "source/js/sevencolor/3/data/\351\207\217\345\255\220_\350\265\204\346\272\220-28.js"
 delete mode 100644 "source/js/sevencolor/3/data/\351\207\217\345\255\220_\350\265\204\346\272\220-29.js"
 delete mode 100644 "source/js/sevencolor/3/data/\351\207\217\345\255\220_\350\265\204\346\272\220-30.js"
 delete mode 100644 "source/js/sevencolor/3/data/\351\207\217\345\255\220_\350\265\204\346\272\220-31.js"
 delete mode 100644 "source/js/sevencolor/3/data/\351\207\217\345\255\220_\350\265\204\346\272\220-32.js"
 delete mode 100644 "source/js/sevencolor/3/data/\351\207\217\345\255\220_\350\265\204\346\272\220-33.js"
 delete mode 100644 "source/js/sevencolor/3/data/\351\207\217\345\255\220_\350\265\204\346\272\220-34.js"
 delete mode 100644 "source/js/sevencolor/3/data/\351\207\217\345\255\220_\350\265\204\346\272\220-35.js"
 delete mode 100644 "source/js/sevencolor/3/data/\351\207\217\345\255\220_\350\265\204\346\272\220-36.js"
 delete mode 100644 "source/js/sevencolor/3/data/\351\207\217\345\255\220_\350\265\204\346\272\220-37.js"
 delete mode 100644 "source/js/sevencolor/3/data/\351\207\217\345\255\220_\350\265\204\346\272\220-38.js"
 delete mode 100644 "source/js/sevencolor/3/data/\351\207\217\345\255\220_\350\265\204\346\272\220-39.js"
 delete mode 100644 "source/js/sevencolor/3/data/\351\207\217\345\255\220_\350\265\204\346\272\220-40.js"
 delete mode 100644 "source/js/sevencolor/3/data/\351\207\217\345\255\220_\350\265\204\346\272\220-41.js"
 delete mode 100644 "source/js/sevencolor/3/data/\351\207\217\345\255\220_\350\265\204\346\272\220-42.js"
 delete mode 100644 "source/js/sevencolor/3/data/\351\207\217\345\255\220_\350\265\204\346\272\220-43.js"
 delete mode 100644 "source/js/sevencolor/3/data/\351\207\217\345\255\220_\350\265\204\346\272\220-44.js"
 delete mode 100644 "source/js/sevencolor/3/data/\351\207\217\345\255\220_\350\265\204\346\272\220-45.js"
 delete mode 100644 "source/js/sevencolor/3/data/\351\207\217\345\255\220_\350\265\204\346\272\220-46.js"
 delete mode 100644 "source/js/sevencolor/3/data/\351\207\217\345\255\220_\350\265\204\346\272\220-47.js"
 delete mode 100644 "source/js/sevencolor/3/data/\351\207\217\345\255\220_\350\265\204\346\272\220-48.js"
 delete mode 100644 "source/js/sevencolor/3/data/\351\207\217\345\255\220_\350\265\204\346\272\220-49.js"
 delete mode 100644 "source/js/sevencolor/3/data/\351\207\217\345\255\220_\350\265\204\346\272\220-50.js"
 delete mode 100644 "source/js/sevencolor/3/data/\351\207\217\345\255\220_\350\265\204\346\272\220-51.js"
 delete mode 100644 "source/js/sevencolor/3/data/\351\207\217\345\255\220_\350\265\204\346\272\220-52.js"
 delete mode 100644 "source/js/sevencolor/3/data/\351\207\217\345\255\220_\350\265\204\346\272\220-53.js"
 delete mode 100644 "source/js/sevencolor/3/data/\351\207\217\345\255\220_\350\265\204\346\272\220-54.js"
 delete mode 100644 "source/js/sevencolor/3/data/\351\207\217\345\255\220_\350\265\204\346\272\220-55.js"
 delete mode 100644 "source/js/sevencolor/3/data/\351\207\217\345\255\220_\350\265\204\346\272\220-56.js"
 delete mode 100644 "source/js/sevencolor/3/data/\351\207\217\345\255\220_\350\265\204\346\272\220-57.js"
 delete mode 100644 "source/js/sevencolor/3/data/\351\207\217\345\255\220_\350\265\204\346\272\220-58.js"
 delete mode 100644 "source/js/sevencolor/3/data/\351\207\217\345\255\220_\350\265\204\346\272\220-59.js"
 delete mode 100644 "source/js/sevencolor/3/data/\351\207\217\345\255\220_\350\265\204\346\272\220-60.js"
 delete mode 100644 "source/js/sevencolor/3/data/\351\207\217\345\255\220_\350\265\204\346\272\220-61.js"
 delete mode 100644 "source/js/sevencolor/3/data/\351\207\217\345\255\220_\350\265\204\346\272\220-62.js"
 delete mode 100644 "source/js/sevencolor/3/data/\351\207\217\345\255\220_\350\265\204\346\272\220-63.js"
 delete mode 100644 "source/js/sevencolor/3/data/\351\207\217\345\255\220_\350\265\204\346\272\220-64.js"
 delete mode 100644 "source/js/sevencolor/3/data/\351\207\217\345\255\220_\350\265\204\346\272\220-65.js"
 delete mode 100644 "source/js/sevencolor/3/data/\351\207\217\345\255\220_\350\265\204\346\272\220-66.js"
 delete mode 100644 "source/js/sevencolor/3/data/\351\207\217\345\255\220_\350\265\204\346\272\220-67.js"
 delete mode 100644 "source/js/sevencolor/3/data/\351\207\217\345\255\220_\350\265\204\346\272\220-68.js"
 delete mode 100644 "source/js/sevencolor/3/data/\351\207\217\345\255\220_\350\265\204\346\272\220-69.js"
 delete mode 100644 "source/js/sevencolor/3/data/\351\207\217\345\255\220_\350\265\204\346\272\220-70.js"
 delete mode 100644 "source/js/sevencolor/3/data/\351\207\217\345\255\220_\350\265\204\346\272\220-71.js"
 delete mode 100644 "source/js/sevencolor/3/data/\351\207\217\345\255\220_\350\265\204\346\272\220-72.js"
 delete mode 100644 "source/js/sevencolor/3/data/\351\207\217\345\255\220_\350\265\204\346\272\220-73.js"
 delete mode 100644 "source/js/sevencolor/3/data/\351\207\217\345\255\220_\350\265\204\346\272\220-74.js"
 delete mode 100644 "source/js/sevencolor/3/data/\351\207\217\345\255\220_\350\265\204\346\272\220-75.js"
 delete mode 100644 "source/js/sevencolor/3/data/\351\207\217\345\255\220_\350\265\204\346\272\220-76.js"
 delete mode 100644 "source/js/sevencolor/3/data/\351\207\217\345\255\220_\350\265\204\346\272\220-77.js"
 delete mode 100644 "source/js/sevencolor/3/data/\351\207\217\345\255\220_\350\265\204\346\272\220-78.js"
 delete mode 100644 "source/js/sevencolor/3/data/\351\207\217\345\255\220_\350\265\204\346\272\220-79.js"
 delete mode 100644 "source/js/sevencolor/3/data/\351\207\217\345\255\220_\350\265\204\346\272\220-80.js"
 create mode 100644 "source/js/sevencolor/3/data/\351\207\221\351\271\260_\351\207\207\344\270\200-01.js"
 create mode 100644 "source/js/sevencolor/3/data/\351\207\221\351\271\260_\351\207\207\344\270\200-02.js"
 create mode 100644 "source/js/sevencolor/3/data/\351\207\221\351\271\260_\351\207\207\344\270\200-03.js"
 create mode 100644 "source/js/sevencolor/3/data/\351\207\221\351\271\260_\351\207\207\344\270\200-04.js"
 create mode 100644 "source/js/sevencolor/3/data/\351\207\221\351\271\260_\351\207\207\344\270\200-05.js"
 create mode 100644 "source/js/sevencolor/3/data/\351\207\221\351\271\260_\351\207\207\344\270\200-06.js"
 create mode 100644 "source/js/sevencolor/3/data/\351\207\221\351\271\260_\351\207\207\344\270\200-07.js"
 create mode 100644 "source/js/sevencolor/3/data/\351\207\221\351\271\260_\351\207\207\344\270\200-08.js"
 create mode 100644 "source/js/sevencolor/3/data/\351\207\221\351\271\260_\351\207\207\344\270\200-09.js"
 create mode 100644 "source/js/sevencolor/3/data/\351\207\221\351\271\260_\351\207\207\344\270\200-10.js"
 create mode 100644 "source/js/sevencolor/3/data/\351\207\221\351\271\260_\351\207\207\344\270\200-11.js"
 create mode 100644 "source/js/sevencolor/3/data/\351\207\221\351\271\260_\351\207\207\344\270\200-12.js"
 create mode 100644 "source/js/sevencolor/3/data/\351\207\221\351\271\260_\351\207\207\344\270\200-13.js"
 create mode 100644 "source/js/sevencolor/3/data/\351\207\221\351\271\260_\351\207\207\344\270\200-14.js"
 create mode 100644 "source/js/sevencolor/3/data/\351\207\221\351\271\260_\351\207\207\344\270\200-15.js"
 create mode 100644 "source/js/sevencolor/3/data/\351\207\221\351\271\260_\351\207\207\344\270\200-16.js"
 create mode 100644 "source/js/sevencolor/3/data/\351\207\221\351\271\260_\351\207\207\344\270\200-17.js"
 create mode 100644 "source/js/sevencolor/3/data/\351\207\221\351\271\260_\351\207\207\344\270\200-18.js"
 create mode 100644 "source/js/sevencolor/3/data/\351\207\221\351\271\260_\351\207\207\344\270\200-19.js"
 create mode 100644 "source/js/sevencolor/3/data/\351\207\221\351\271\260_\351\207\207\344\270\200-20.js"
 create mode 100644 "source/js/sevencolor/3/data/\351\207\221\351\271\260_\351\207\207\344\270\200-21.js"
 create mode 100644 "source/js/sevencolor/3/data/\351\207\221\351\271\260_\351\207\207\344\270\200-22.js"
 create mode 100644 "source/js/sevencolor/3/data/\351\207\221\351\271\260_\351\207\207\344\270\200-23.js"
 create mode 100644 "source/js/sevencolor/3/data/\351\207\221\351\271\260_\351\207\207\344\270\200-24.js"
 create mode 100644 "source/js/sevencolor/3/data/\351\207\221\351\271\260_\351\207\207\344\270\200-25.js"
 create mode 100644 "source/js/sevencolor/3/data/\351\207\221\351\271\260_\351\207\207\344\270\200-26.js"
 create mode 100644 "source/js/sevencolor/3/data/\351\207\221\351\271\260_\351\207\207\344\270\200-27.js"
 create mode 100644 "source/js/sevencolor/3/data/\351\207\221\351\271\260_\351\207\207\344\270\200-28.js"
 create mode 100644 "source/js/sevencolor/3/data/\351\207\221\351\271\260_\351\207\207\344\270\200-29.js"
 create mode 100644 "source/js/sevencolor/3/data/\351\207\221\351\271\260_\351\207\207\344\270\200-30.js"
 create mode 100644 "source/js/sevencolor/3/data/\351\207\221\351\271\260_\351\207\207\344\270\200-31.js"
 create mode 100644 "source/js/sevencolor/3/data/\351\207\221\351\271\260_\351\207\207\344\270\200-32.js"
 create mode 100644 "source/js/sevencolor/3/data/\351\207\221\351\271\260_\351\207\207\344\270\200-33.js"
 create mode 100644 "source/js/sevencolor/3/data/\351\207\221\351\271\260_\351\207\207\344\270\200-34.js"
 create mode 100644 "source/js/sevencolor/3/data/\351\207\221\351\271\260_\351\207\207\344\270\200-35.js"
 create mode 100644 "source/js/sevencolor/3/data/\351\207\221\351\271\260_\351\207\207\344\270\200-36.js"
 create mode 100644 "source/js/sevencolor/3/data/\351\207\221\351\271\260_\351\207\207\344\270\200-37.js"
 create mode 100644 "source/js/sevencolor/3/data/\351\207\221\351\271\260_\351\207\207\344\270\200-38.js"
 create mode 100644 "source/js/sevencolor/3/data/\351\207\221\351\271\260_\351\207\207\344\270\200-39.js"
 create mode 100644 "source/js/sevencolor/3/data/\351\207\221\351\271\260_\351\207\207\344\270\200-40.js"
[GIT] Push 到 origin/source（最多重试 3 次）...
[GIT] Push 尝试 1/3...
[GIT STDERR] To github.com:snowhoo/snowhoo.git
   48ab2049e..84aea0e9f  source -> source
[GIT] ✅ Push 成功！
============================================================
  结束时间: 2026-06-08 02:06:42.475
  总耗时: 0:06:41
  结果: ✅ 成功
  日志: D:\hexo\hexo-bot\video-bot\202606080200012.log
============================================================
