============================================================
  TVBox 爬虫编排 v2.0
  开始时间: 2026-06-07 08:11:55.688
  日志文件: D:\hexo\hexo-bot\video-bot\202606070811556.log
============================================================
──────────────────────────────────────────────────
[SSH] 配置 SSH 密钥...
[SSH] 设置 SSH_AUTH_SOCK=/tmp/ssh-MHFRcsl2WP8u/agent.575
[SSH] 设置 SSH_AGENT_PID=576
[SSH] ✅ 密钥已添加
[SSH] 测试 GitHub SSH 连接...
[CMD] ssh -T -o StrictHostKeyChecking=no -o ConnectTimeout=10 git@github.com
[STDERR] Hi snowhoo! You've successfully authenticated, but GitHub does not provide shell access.
[SSH] ✅ GitHub SSH 连接正常
──────────────────────────────────────────────────
[CRAWL] 开始爬取...
[CMD] python "D:\hexo\hexo-bot\video-bot\tvbox-crawler-optimized.py"   (cwd=D:\hexo\hexo-bot\video-bot)
============================================================
  TVBox 播放地址完整爬取 v3.0
  时间: 2026-06-07 08:11:59
  模式: 全量
============================================================
[SRC] 从 config.json 读取 17 个数据源
  → 发现 28 个 API 站点（其中 4 个直接视频源）

[SITE] 发现 28 个 API 站点
  [CRAWL] 🐯虎牙直播... 
  [CRAWL] 🐠斗鱼直播... 
  [CRAWL] 有声小说吧... 
  [CRAWL] JRKAN直播... 
  [CRAWL] 海外看... 
  [CRAWL] 暴風... 
  [CRAWL] 索尼 ... 
  [CRAWL] 快帆... 
  [CRAWL] 量子... 
❌ 首页接口无响应
❌ 首页接口无响应
❌ 首页接口无响应
❌ 首页接口无响应
❌ 首页接口无响应
  [分页] 量子: 固定 40 页, 每页 12 个视频
  [分页] 索尼 : 固定 40 页, 每页 12 个视频
  [分页] 暴風: 固定 40 页, 每页 12 个视频
  [CRAWL] 非凡... 
  [CRAWL] 电视┃MTV... 
  [CRAWL] 👒┃小胡┃资源┃... 
  [CRAWL] 🐉┃索尼┃高清... 
❌ 首页接口无响应
  [CRAWL] 🕹️淘片┃采集... 
  [分页] 非凡: 固定 40 页, 每页 12 个视频
  [分页] 🐉┃索尼┃高清: 固定 40 页, 每页 12 个视频
❌ 首页接口无响应
❌ 首页接口无响应
  [CRAWL] 🥗┃非凡┃资源... 
  [CRAWL] 🥑┃量子┃资源... 
  [分页] 🥑┃量子┃资源: 固定 40 页, 每页 12 个视频
  [CRAWL] 🦁┃四九┃资源... 
❌ 首页接口无响应
❌ 首页接口无响应
❌ 首页接口无响应
  [CRAWL] 🛰️飞速┃采集... 
  [CRAWL] 🐯┃奇虎┃采集... 
❌ 首页接口无响应
❌ 首页接口无响应
  [CRAWL] ⛱┃可可┃采集... 
❌ 首页接口无响应
  [CRAWL] 🐯虎牙采集... 
  [CRAWL] 🦊火狐采集... 
  [分页] 🦊火狐采集: 固定 40 页, 每页 12 个视频
  [分页] 🐯虎牙采集: 固定 40 页, 每页 12 个视频
  [CRAWL] 🌪️暴风影音... 
    [非凡] 页 10/40: 已写 10 页, 累计 120 个视频
❌ 首页接口无响应
  [CRAWL] 🎏百度┃采集... 
  [分页] 🎏百度┃采集: 固定 40 页, 每页 12 个视频
    [量子] 页 10/40: 已写 10 页, 累计 120 个视频
    [索尼 ] 页 10/40: 已写 10 页, 累计 120 个视频
    [🐉┃索尼┃高清] 页 10/40: 已写 10 页, 累计 120 个视频
    [🥑┃量子┃资源] 页 10/40: 已写 10 页, 累计 120 个视频
    [非凡] 页 20/40: 已写 20 页, 累计 240 个视频
    [暴風] 页 10/40: 已写 10 页, 累计 120 个视频
    [🦊火狐采集] 页 10/40: 已写 10 页, 累计 120 个视频
    [🎏百度┃采集] 页 10/40: 已写 10 页, 累计 120 个视频
    [🐯虎牙采集] 页 10/40: 已写 10 页, 累计 120 个视频
    [量子] 页 20/40: 已写 20 页, 累计 240 个视频
    [非凡] 页 30/40: 已写 30 页, 累计 360 个视频
    [索尼 ] 页 20/40: 已写 20 页, 累计 240 个视频
    [🐉┃索尼┃高清] 页 20/40: 已写 20 页, 累计 240 个视频
    [🥑┃量子┃资源] 页 20/40: 已写 20 页, 累计 240 个视频
    [非凡] 页 40/40: 已写 40 页, 累计 480 个视频
✅ 480个视频, 44436/44436个可播放, 40页
    [🦊火狐采集] 页 20/40: 已写 20 页, 累计 240 个视频
  [CRAWL] 360zy... 
  [分页] 360zy: 固定 40 页, 每页 12 个视频
    [🎏百度┃采集] 页 20/40: 已写 20 页, 累计 240 个视频
    [量子] 页 30/40: 已写 30 页, 累计 360 个视频
    [暴風] 页 20/40: 已写 20 页, 累计 240 个视频
    [🐯虎牙采集] 页 20/40: 已写 20 页, 累计 240 个视频
    [索尼 ] 页 30/40: 已写 30 页, 累计 360 个视频
    [🥑┃量子┃资源] 页 30/40: 已写 30 页, 累计 360 个视频
    [🐉┃索尼┃高清] 页 30/40: 已写 30 页, 累计 360 个视频
    [🦊火狐采集] 页 30/40: 已写 30 页, 累计 360 个视频
    [🎏百度┃采集] 页 30/40: 已写 30 页, 累计 360 个视频
    [360zy] 页 10/40: 已写 10 页, 累计 120 个视频
    [量子] 页 40/40: 已写 40 页, 累计 480 个视频
✅ 480个视频, 25915/25915个可播放, 40页
  [CRAWL] guangsuapi... 
  [分页] guangsuapi: 固定 40 页, 每页 12 个视频
    [🐯虎牙采集] 页 30/40: 已写 30 页, 累计 360 个视频
    [暴風] 页 30/40: 已写 30 页, 累计 360 个视频
    [🥑┃量子┃资源] 页 40/40: 已写 40 页, 累计 480 个视频
✅ 480个视频, 25915/25915个可播放, 40页
    [索尼 ] 页 40/40: 已写 40 页, 累计 480 个视频
✅ 480个视频, 15872/15873个可播放, 40页
    [🦊火狐采集] 页 40/40: 已写 40 页, 累计 480 个视频
✅ 480个视频, 14088/28176个可播放, 40页
    [🐉┃索尼┃高清] 页 40/40: 已写 40 页, 累计 480 个视频
✅ 480个视频, 15872/15873个可播放, 40页
    [🎏百度┃采集] 页 40/40: 已写 40 页, 累计 480 个视频
✅ 480个视频, 12935/12935个可播放, 40页
  [CRAWL] bfzyapi... 
  [分页] bfzyapi: 固定 40 页, 每页 12 个视频
  [CRAWL] jszyapi... 
    [暴風] 页 34: 无数据，重试 1/3
  [分页] jszyapi: 固定 40 页, 每页 12 个视频
    [360zy] 页 20/40: 已写 20 页, 累计 240 个视频
    [bfzyapi] 页 2: 无数据，重试 1/3
    [暴風] 页 34: 无数据，重试 2/3
    [bfzyapi] 页 2: 无数据，重试 2/3
    [暴風] 页 34: 无数据，重试 3/3
    [bfzyapi] 页 2: 无数据，重试 3/3
    [暴風] 页 34: 重试3次仍无数据，停止检索
    [暴風] 页 35: 无数据，重试 1/3
    [暴風] 页 36: 无数据，重试 1/3
    [bfzyapi] 页 3: 无数据，重试 1/3
    [暴風] 页 36: 无数据，重试 2/3
    [bfzyapi] 页 3: 无数据，重试 2/3
    [暴風] 页 36: 无数据，重试 3/3
    [bfzyapi] 页 3: 无数据，重试 3/3
    [guangsuapi] 页 10/40: 已写 10 页, 累计 120 个视频
    [暴風] 页 37: 无数据，重试 1/3
    [bfzyapi] 页 4: 无数据，重试 1/3
    [暴風] 页 37: 无数据，重试 2/3
    [bfzyapi] 页 4: 无数据，重试 2/3
    [暴風] 页 37: 无数据，重试 3/3
    [🐯虎牙采集] 页 40/40: 已写 40 页, 累计 480 个视频
✅ 480个视频, 15327/15327个可播放, 40页
    [bfzyapi] 页 5: 无数据，重试 1/3
    [暴風] 页 38: 无有效视频
    [bfzyapi] 页 5: 无数据，重试 2/3
    [暴風] 页 39: 无数据，重试 1/3
    [暴風] 页 39: 无数据，重试 2/3
    [bfzyapi] 页 5: 无数据，重试 3/3
    [360zy] 页 30/40: 已写 30 页, 累计 360 个视频
    [jszyapi] 页 10/40: 已写 10 页, 累计 120 个视频
    [bfzyapi] 页 6: 无数据，重试 1/3
    [暴風] 页 40: 无数据，重试 1/3
    [bfzyapi] 页 6: 无数据，重试 2/3
    [暴風] 页 40: 无数据，重试 2/3
    [bfzyapi] 页 6: 无数据，重试 3/3
    [暴風] 页 40: 无数据，重试 3/3
✅ 446个视频, 11123/11123个可播放, 38页
    [bfzyapi] 页 7: 无数据，重试 1/3
    [bfzyapi] 页 7: 无数据，重试 2/3
    [bfzyapi] 页 7: 无数据，重试 3/3
    [guangsuapi] 页 20/40: 已写 20 页, 累计 240 个视频
    [bfzyapi] 页 10/40: 已写 10 页, 累计 97 个视频
    [360zy] 页 40/40: 已写 40 页, 累计 480 个视频
✅ 480个视频, 16452/16453个可播放, 40页
    [jszyapi] 页 20/40: 已写 20 页, 累计 240 个视频
    [guangsuapi] 页 30/40: 已写 30 页, 累计 360 个视频
    [jszyapi] 页 30/40: 已写 30 页, 累计 360 个视频
    [bfzyapi] 页 20/40: 已写 20 页, 累计 217 个视频
    [guangsuapi] 页 40/40: 已写 40 页, 累计 480 个视频
✅ 480个视频, 15409/30818个可播放, 40页
    [jszyapi] 页 40/40: 已写 40 页, 累计 480 个视频
✅ 480个视频, 13630/27260个可播放, 40页
    [bfzyapi] 页 30/40: 已写 30 页, 累计 337 个视频
    [bfzyapi] 页 40/40: 已写 40 页, 累计 457 个视频
✅ 457个视频, 9834/9834个可播放, 40页
  站点: 13/28 成功
  视频: 6183 个
  地址: 279938 条 (236808 可播放)
  [DIR] data/ — 13 个站点, 分页文件
  [SRC] report/crawl-report.json
============================================================
[CRAWL] ✅ 爬虫完成
──────────────────────────────────────────────────
[GIT] 开始 Git Push 流程...
[CMD] git config user.name "snowhoo"  (cwd=D:\hexo)
[CMD] git config user.email "snowhoo@example.com"  (cwd=D:\hexo)
[CMD] git diff --quiet -- "source/js/sevencolor/3/data"  (cwd=D:\hexo)
[GIT] 检测到数据变化，准备提交...
[CMD] git add "source/js/sevencolor/3/data"  (cwd=D:\hexo)
[CMD] git commit -m "chore: auto-update TVBox video data"  (cwd=D:\hexo)
[source d982a6c7] chore: auto-update TVBox video data
 185 files changed, 183 insertions(+), 183 deletions(-)
 create mode 100644 source/js/sevencolor/3/data/bfzyapi-08.js
 delete mode 100644 "source/js/sevencolor/3/data/\346\232\264\351\242\250-34.js"
 create mode 100644 "source/js/sevencolor/3/data/\346\232\264\351\242\250-37.js"
 delete mode 100644 "source/js/sevencolor/3/data/\346\232\264\351\242\250-38.js"
[GIT] Push 到 origin/source（最多重试 3 次）...
[GIT] Push 尝试 1/3...
[GIT STDERR] To github.com:snowhoo/snowhoo.git
   60af72e0..d982a6c7  source -> source
[GIT] ✅ Push 成功！
============================================================
  结束时间: 2026-06-07 08:26:56.212
  总耗时: 0:15:00
  结果: ✅ 成功
  日志: D:\hexo\hexo-bot\video-bot\202606070811556.log
============================================================
