数据源解析检查
============================================================

站点列表:
   1. [API] 🐯虎牙直播                           api=http://xhztv.top/xhz/js/lib/drpy2.min.js
   2. [API] 🐠斗鱼直播                           api=http://xhztv.top/xhz/js/lib/drpy2.min.js
   3. [API] 有声小说吧                           api=http://xhztv.top/xhz/js/lib/drpy2.min.js
   4. [API] JRKAN直播                         api=http://xhztv.top/xhz/js/lib/drpy.min.js
   5. [API] 海外看                             api=https://haiwaikan.com/api.php/provide/vod
   6. [API] 暴風                              api=https://bfzyapi.com/api.php/provide/vod
   7. [API] 索尼                              api=https://suoniapi.com/api.php/provide/vod
   8. [API] 快帆                              api=https://api.kuaifan.tv/api.php/provide/vod
   9. [API] 量子                              api=https://cj.lziapi.com/api.php/provide/vod
  10. [API] 非凡                              api=http://cj.ffzyapi.com/api.php/provide/vod
  11. [API] 电视┃MTV                          api=https://mv.wogg.link/mv/vod
  12. [API] 👒┃小胡┃资源┃                        api=http://c.xn--yetu07f.icu/api.php/provide/vod/
  13. [API] 🐉┃索尼┃高清                         api=https://suoniapi.com/api.php/provide/vod/?ac=list
  14. [API] 🕹️淘片┃采集                         api=https://taopianapi.com/cjapi/mc/vod/json.html
  15. [API] 🥗┃非凡┃资源                         api=http://ffzy1.tv/api.php/provide/vod/
  16. [API] 🥑┃量子┃资源                         api=https://lzizy1.com/api.php/provide/vod/
  17. [API] 🦁┃四九┃资源                         api=https://49zy1.com/api.php/provide/vod/?ac=list
  18. [API] 🛰️飞速┃采集                         api=https://www.feisuzyapi.com/api.php/provide/vod/?ac=list
  19. [API] 🐯┃奇虎┃采集                         api=https://caiji.qhzyapi.com/api.php/provide/vod/
  20. [API] ⛱┃可可┃采集                         api=https://kekezy1.com/api.php/provide/vod/?ac=list
  21. [API] 🐯虎牙采集                           api=https://www.huyaapi.com/api.php/provide/vod/from/hym3u8
  22. [API] 🦊火狐采集                           api=https://hhzyapi.com/api.php/provide/vod/
  23. [API] 🌪️暴风影音                          api=https://app.bfzyapi.com/api.php/provide/vod/
  24. [API] 🎏百度┃采集                          api=https://api.apibdzy.com/api.php/provide/vod/?ac=list
  25. [直接源] 360zy                           api=https://360zy.com/api.php/provide/vod?
  26. [直接源] guangsuapi                      api=https://api.guangsuapi.com/api.php/provide/vod/
  27. [直接源] bfzyapi                         api=https://bfzyapi.com/api.php/provide/vod/
  28. [直接源] jszyapi                         api=https://jszyapi.com/api.php/provide/vod/at/json

共 28 个站点

日志: D:\hexo\hexo-bot\video-bot\202606070944317-source-check.log
