============================================================
  TVBox 爬虫编排 v2.0
  开始时间: 2026-06-07 09:11:00.299
  日志文件: D:\hexo\hexo-bot\video-bot\202606070911002.log
============================================================
──────────────────────────────────────────────────
[CRAWL] 开始爬取...
[CMD] python "D:\hexo\hexo-bot\video-bot\tvbox-crawler-optimized.py"   (cwd=D:\hexo\hexo-bot\video-bot)
[STDERR] Traceback (most recent call last):
  File "D:\hexo\hexo-bot\video-bot\tvbox-crawler-optimized.py", line 727, in <module>
    main()
    ~~~~^^
  File "D:\hexo\hexo-bot\video-bot\tvbox-crawler-optimized.py", line 587, in main
    config = load_config()
  File "D:\hexo\hexo-bot\video-bot\tvbox-crawler-optimized.py", line 114, in load_config
    return json.load(f)
           ~~~~~~~~~^^^
  File "C:\Program Files\Python313\Lib\json\__init__.py", line 293, in load
    return loads(fp.read(),
        cls=cls, object_hook=object_hook,
        parse_float=parse_float, parse_int=parse_int,
        parse_constant=parse_constant, object_pairs_hook=object_pairs_hook, **kw)
  File "C:\Program Files\Python313\Lib\json\__init__.py", line 346, in loads
    return _default_decoder.decode(s)
           ~~~~~~~~~~~~~~~~~~~~~~~^^^
  File "C:\Program Files\Python313\Lib\json\decoder.py", line 345, in decode
    obj, end = self.raw_decode(s, idx=_w(s, 0).end())
               ~~~~~~~~~~~~~~~^^^^^^^^^^^^^^^^^^^^^^^
  File "C:\Program Files\Python313\Lib\json\decoder.py", line 361, in raw_decode
    obj, end = self.scan_once(s, idx)
               ~~~~~~~~~~~~~~^^^^^^^^
json.decoder.JSONDecodeError: Illegal trailing comma before end of array: line 6 column 72 (char 181)
[CRAWL] ❌ 爬虫失败 (exit code=1)
──────────────────────────────────────────────────
[GIT] 开始 Git Push 流程...
[CMD] git config user.name "snowhoo"  (cwd=D:\hexo)
[CMD] git config user.email "snowhoo@example.com"  (cwd=D:\hexo)
[CMD] git diff --quiet -- "source/js/sevencolor/3/data"  (cwd=D:\hexo)
[GIT] 数据无变化，跳过 Push
============================================================
  结束时间: 2026-06-07 09:11:00.769
  总耗时: 0:00:00
  结果: ❌ 失败
  日志: D:\hexo\hexo-bot\video-bot\202606070911002.log
============================================================
