============================================================
  TVBox 爬虫编排 v2.0
  开始时间: 2026-06-10 05:32:03.147
  日志文件: D:\hexo\hexo-bot\video-bot\202606100532031.log
============================================================
──────────────────────────────────────────────────
[CRAWL] 开始爬取...
[CMD] python "D:\hexo\hexo-bot\video-bot\tvbox-crawler-optimized.py"   (cwd=D:\hexo\hexo-bot\video-bot)
============================================================
  TVBox 播放地址完整爬取 v3.0
  时间: 2026-06-10 05:32:03
  模式: 全量
============================================================
[SRC] 从 config.json 读取 2 个数据源
  [1/2] https://bfzyapi.com/api.php/provide/vod/
    → 直接视频源（暴风┃采二）
  [2/2] https://360zy.com/api.php/provide/vod
    → 直接视频源（三六┃采九）
  ── 汇总: 2个数据源 → 2成功/0失败 → 2个站点（0API + 2直接源）

[SITE] 发现 2 个 API 站点
  [CRAWL] 暴风┃采二... 
  [CRAWL] 三六┃采九... 
  [分页] 三六┃采九: 固定 200 页, 每页 16 个视频
  [分页] 暴风┃采二: 固定 200 页, 每页 16 个视频
    [三六┃采九] 页 10/200: 已写 10 页, 累计 160 个视频
    [三六┃采九] 页 20/200: 已写 20 页, 累计 320 个视频
    [暴风┃采二] 页 10/200: 已写 10 页, 累计 160 个视频
    [三六┃采九] 页 30/200: 已写 30 页, 累计 480 个视频
    [三六┃采九] 页 40/200: 已写 40 页, 累计 640 个视频
    [暴风┃采二] 页 20/200: 已写 20 页, 累计 320 个视频
    [三六┃采九] 页 50/200: 已写 50 页, 累计 800 个视频
    [三六┃采九] 页 60/200: 已写 60 页, 累计 960 个视频
    [暴风┃采二] 页 30/200: 已写 30 页, 累计 480 个视频
    [三六┃采九] 页 70/200: 已写 70 页, 累计 1120 个视频
    [三六┃采九] 页 80/200: 已写 80 页, 累计 1280 个视频
    [暴风┃采二] 页 40/200: 已写 40 页, 累计 640 个视频
    [三六┃采九] 页 90/200: 已写 90 页, 累计 1440 个视频
    [三六┃采九] 页 100/200: 已写 100 页, 累计 1600 个视频
    [暴风┃采二] 页 50/200: 已写 50 页, 累计 800 个视频
    [三六┃采九] 页 110/200: 已写 110 页, 累计 1760 个视频
    [三六┃采九] 页 120/200: 已写 120 页, 累计 1920 个视频
    [暴风┃采二] 页 60/200: 已写 60 页, 累计 960 个视频
    [三六┃采九] 页 130/200: 已写 130 页, 累计 2080 个视频
    [三六┃采九] 页 140/200: 已写 140 页, 累计 2240 个视频
    [暴风┃采二] 页 70/200: 已写 70 页, 累计 1120 个视频
    [三六┃采九] 页 150/200: 已写 150 页, 累计 2400 个视频
    [三六┃采九] 页 160/200: 已写 160 页, 累计 2560 个视频
    [暴风┃采二] 页 77: 无数据，重试 1/3
    [暴风┃采二] 页 80/200: 已写 80 页, 累计 1280 个视频
    [三六┃采九] 页 170/200: 已写 170 页, 累计 2720 个视频
    [三六┃采九] 页 180/200: 已写 180 页, 累计 2880 个视频
    [三六┃采九] 页 190/200: 已写 190 页, 累计 3040 个视频
    [暴风┃采二] 页 90/200: 已写 90 页, 累计 1440 个视频
    [三六┃采九] 页 200/200: 已写 200 页, 累计 3200 个视频
✅ 3200个视频, 35148/35150个可播放, 200页
    [暴风┃采二] 页 100/200: 已写 100 页, 累计 1600 个视频
    [暴风┃采二] 页 105: 无数据，重试 1/3
    [暴风┃采二] 页 110/200: 已写 110 页, 累计 1760 个视频
    [暴风┃采二] 页 120/200: 已写 120 页, 累计 1920 个视频
    [暴风┃采二] 页 130/200: 已写 130 页, 累计 2080 个视频
    [暴风┃采二] 页 140/200: 已写 140 页, 累计 2240 个视频
    [暴风┃采二] 页 150/200: 已写 150 页, 累计 2400 个视频
    [暴风┃采二] 页 160/200: 已写 160 页, 累计 2560 个视频
    [暴风┃采二] 页 170/200: 已写 170 页, 累计 2720 个视频
    [暴风┃采二] 页 180/200: 已写 180 页, 累计 2880 个视频
    [暴风┃采二] 页 190/200: 已写 190 页, 累计 3040 个视频
    [暴风┃采二] 页 200/200: 已写 200 页, 累计 3200 个视频
✅ 3200个视频, 37062/37062个可播放, 200页
  站点: 2/2 成功
  视频: 6400 个
  地址: 72212 条 (72210 可播放)
  [DIR] data/ — 2 个站点, 分页文件
  [SRC] report/crawl-report.json
============================================================
[CRAWL] ✅ 爬虫完成
──────────────────────────────────────────────────
[GIT] 开始 Git Push 流程...
[CMD] git config user.name "snowhoo"  (cwd=D:\hexo)
[CMD] git config user.email "snowhoo@example.com"  (cwd=D:\hexo)
[CMD] git diff --quiet -- "source/js/sevencolor/3/data"  (cwd=D:\hexo)
[GIT] 检测到数据变化，准备提交...
[CMD] git add "source/js/sevencolor/3/data"  (cwd=D:\hexo)
[CMD] git commit -m "chore: auto-update TVBox video data"  (cwd=D:\hexo)
[source 819791c1] chore: auto-update TVBox video data
 795 files changed, 401 insertions(+), 401 deletions(-)
 delete mode 100644 source/js/sevencolor/3/data/360zy-01.js
 delete mode 100644 source/js/sevencolor/3/data/360zy-02.js
 delete mode 100644 source/js/sevencolor/3/data/360zy-03.js
 delete mode 100644 source/js/sevencolor/3/data/360zy-04.js
 delete mode 100644 source/js/sevencolor/3/data/360zy-05.js
 delete mode 100644 source/js/sevencolor/3/data/360zy-06.js
 delete mode 100644 source/js/sevencolor/3/data/360zy-07.js
 delete mode 100644 source/js/sevencolor/3/data/360zy-08.js
 delete mode 100644 source/js/sevencolor/3/data/360zy-09.js
 delete mode 100644 source/js/sevencolor/3/data/360zy-100.js
 delete mode 100644 source/js/sevencolor/3/data/360zy-101.js
 delete mode 100644 source/js/sevencolor/3/data/360zy-102.js
 delete mode 100644 source/js/sevencolor/3/data/360zy-103.js
 delete mode 100644 source/js/sevencolor/3/data/360zy-104.js
 delete mode 100644 source/js/sevencolor/3/data/360zy-105.js
 delete mode 100644 source/js/sevencolor/3/data/360zy-106.js
 delete mode 100644 source/js/sevencolor/3/data/360zy-107.js
 delete mode 100644 source/js/sevencolor/3/data/360zy-108.js
 delete mode 100644 source/js/sevencolor/3/data/360zy-109.js
 delete mode 100644 source/js/sevencolor/3/data/360zy-11.js
 delete mode 100644 source/js/sevencolor/3/data/360zy-110.js
 delete mode 100644 source/js/sevencolor/3/data/360zy-112.js
 delete mode 100644 source/js/sevencolor/3/data/360zy-113.js
 delete mode 100644 source/js/sevencolor/3/data/360zy-114.js
 delete mode 100644 source/js/sevencolor/3/data/360zy-115.js
 delete mode 100644 source/js/sevencolor/3/data/360zy-116.js
 delete mode 100644 source/js/sevencolor/3/data/360zy-117.js
 delete mode 100644 source/js/sevencolor/3/data/360zy-118.js
 delete mode 100644 source/js/sevencolor/3/data/360zy-119.js
 delete mode 100644 source/js/sevencolor/3/data/360zy-12.js
 delete mode 100644 source/js/sevencolor/3/data/360zy-120.js
 delete mode 100644 source/js/sevencolor/3/data/360zy-121.js
 delete mode 100644 source/js/sevencolor/3/data/360zy-122.js
 delete mode 100644 source/js/sevencolor/3/data/360zy-123.js
 delete mode 100644 source/js/sevencolor/3/data/360zy-124.js
 delete mode 100644 source/js/sevencolor/3/data/360zy-125.js
 delete mode 100644 source/js/sevencolor/3/data/360zy-126.js
 delete mode 100644 source/js/sevencolor/3/data/360zy-127.js
 delete mode 100644 source/js/sevencolor/3/data/360zy-128.js
 delete mode 100644 source/js/sevencolor/3/data/360zy-129.js
 delete mode 100644 source/js/sevencolor/3/data/360zy-13.js
 delete mode 100644 source/js/sevencolor/3/data/360zy-130.js
 delete mode 100644 source/js/sevencolor/3/data/360zy-131.js
 delete mode 100644 source/js/sevencolor/3/data/360zy-132.js
 delete mode 100644 source/js/sevencolor/3/data/360zy-133.js
 delete mode 100644 source/js/sevencolor/3/data/360zy-134.js
 delete mode 100644 source/js/sevencolor/3/data/360zy-135.js
 delete mode 100644 source/js/sevencolor/3/data/360zy-136.js
 delete mode 100644 source/js/sevencolor/3/data/360zy-137.js
 delete mode 100644 source/js/sevencolor/3/data/360zy-138.js
 delete mode 100644 source/js/sevencolor/3/data/360zy-139.js
 delete mode 100644 source/js/sevencolor/3/data/360zy-14.js
 delete mode 100644 source/js/sevencolor/3/data/360zy-140.js
 delete mode 100644 source/js/sevencolor/3/data/360zy-141.js
 delete mode 100644 source/js/sevencolor/3/data/360zy-142.js
 delete mode 100644 source/js/sevencolor/3/data/360zy-143.js
 delete mode 100644 source/js/sevencolor/3/data/360zy-144.js
 delete mode 100644 source/js/sevencolor/3/data/360zy-145.js
 delete mode 100644 source/js/sevencolor/3/data/360zy-146.js
 delete mode 100644 source/js/sevencolor/3/data/360zy-147.js
 delete mode 100644 source/js/sevencolor/3/data/360zy-148.js
 delete mode 100644 source/js/sevencolor/3/data/360zy-149.js
 delete mode 100644 source/js/sevencolor/3/data/360zy-15.js
 delete mode 100644 source/js/sevencolor/3/data/360zy-150.js
 delete mode 100644 source/js/sevencolor/3/data/360zy-151.js
 delete mode 100644 source/js/sevencolor/3/data/360zy-152.js
 delete mode 100644 source/js/sevencolor/3/data/360zy-153.js
 delete mode 100644 source/js/sevencolor/3/data/360zy-154.js
 delete mode 100644 source/js/sevencolor/3/data/360zy-155.js
 delete mode 100644 source/js/sevencolor/3/data/360zy-156.js
 delete mode 100644 source/js/sevencolor/3/data/360zy-157.js
 delete mode 100644 source/js/sevencolor/3/data/360zy-158.js
 delete mode 100644 source/js/sevencolor/3/data/360zy-159.js
 delete mode 100644 source/js/sevencolor/3/data/360zy-16.js
 delete mode 100644 source/js/sevencolor/3/data/360zy-160.js
 delete mode 100644 source/js/sevencolor/3/data/360zy-161.js
 delete mode 100644 source/js/sevencolor/3/data/360zy-162.js
 delete mode 100644 source/js/sevencolor/3/data/360zy-163.js
 delete mode 100644 source/js/sevencolor/3/data/360zy-164.js
 delete mode 100644 source/js/sevencolor/3/data/360zy-165.js
 delete mode 100644 source/js/sevencolor/3/data/360zy-166.js
 delete mode 100644 source/js/sevencolor/3/data/360zy-167.js
 delete mode 100644 source/js/sevencolor/3/data/360zy-168.js
 delete mode 100644 source/js/sevencolor/3/data/360zy-169.js
 delete mode 100644 source/js/sevencolor/3/data/360zy-17.js
 delete mode 100644 source/js/sevencolor/3/data/360zy-170.js
 delete mode 100644 source/js/sevencolor/3/data/360zy-171.js
 delete mode 100644 source/js/sevencolor/3/data/360zy-172.js
 delete mode 100644 source/js/sevencolor/3/data/360zy-173.js
 delete mode 100644 source/js/sevencolor/3/data/360zy-174.js
 delete mode 100644 source/js/sevencolor/3/data/360zy-175.js
 delete mode 100644 source/js/sevencolor/3/data/360zy-176.js
 delete mode 100644 source/js/sevencolor/3/data/360zy-177.js
 delete mode 100644 source/js/sevencolor/3/data/360zy-178.js
 delete mode 100644 source/js/sevencolor/3/data/360zy-179.js
 delete mode 100644 source/js/sevencolor/3/data/360zy-18.js
 delete mode 100644 source/js/sevencolor/3/data/360zy-180.js
 delete mode 100644 source/js/sevencolor/3/data/360zy-181.js
 delete mode 100644 source/js/sevencolor/3/data/360zy-182.js
 delete mode 100644 source/js/sevencolor/3/data/360zy-183.js
 delete mode 100644 source/js/sevencolor/3/data/360zy-184.js
 delete mode 100644 source/js/sevencolor/3/data/360zy-185.js
 delete mode 100644 source/js/sevencolor/3/data/360zy-186.js
 delete mode 100644 source/js/sevencolor/3/data/360zy-187.js
 delete mode 100644 source/js/sevencolor/3/data/360zy-188.js
 delete mode 100644 source/js/sevencolor/3/data/360zy-189.js
 delete mode 100644 source/js/sevencolor/3/data/360zy-19.js
 delete mode 100644 source/js/sevencolor/3/data/360zy-190.js
 delete mode 100644 source/js/sevencolor/3/data/360zy-191.js
 delete mode 100644 source/js/sevencolor/3/data/360zy-192.js
 delete mode 100644 source/js/sevencolor/3/data/360zy-193.js
 delete mode 100644 source/js/sevencolor/3/data/360zy-194.js
 delete mode 100644 source/js/sevencolor/3/data/360zy-195.js
 delete mode 100644 source/js/sevencolor/3/data/360zy-196.js
 delete mode 100644 source/js/sevencolor/3/data/360zy-197.js
 delete mode 100644 source/js/sevencolor/3/data/360zy-198.js
 delete mode 100644 source/js/sevencolor/3/data/360zy-199.js
 delete mode 100644 source/js/sevencolor/3/data/360zy-20.js
 delete mode 100644 source/js/sevencolor/3/data/360zy-200.js
 delete mode 100644 source/js/sevencolor/3/data/360zy-21.js
 delete mode 100644 source/js/sevencolor/3/data/360zy-22.js
 delete mode 100644 source/js/sevencolor/3/data/360zy-23.js
 delete mode 100644 source/js/sevencolor/3/data/360zy-24.js
 delete mode 100644 source/js/sevencolor/3/data/360zy-25.js
 delete mode 100644 source/js/sevencolor/3/data/360zy-26.js
 delete mode 100644 source/js/sevencolor/3/data/360zy-27.js
 delete mode 100644 source/js/sevencolor/3/data/360zy-28.js
 delete mode 100644 source/js/sevencolor/3/data/360zy-29.js
 delete mode 100644 source/js/sevencolor/3/data/360zy-30.js
 delete mode 100644 source/js/sevencolor/3/data/360zy-31.js
 delete mode 100644 source/js/sevencolor/3/data/360zy-32.js
 delete mode 100644 source/js/sevencolor/3/data/360zy-33.js
 delete mode 100644 source/js/sevencolor/3/data/360zy-34.js
 delete mode 100644 source/js/sevencolor/3/data/360zy-35.js
 delete mode 100644 source/js/sevencolor/3/data/360zy-36.js
 delete mode 100644 source/js/sevencolor/3/data/360zy-37.js
 delete mode 100644 source/js/sevencolor/3/data/360zy-38.js
 delete mode 100644 source/js/sevencolor/3/data/360zy-39.js
 delete mode 100644 source/js/sevencolor/3/data/360zy-40.js
 delete mode 100644 source/js/sevencolor/3/data/360zy-41.js
 delete mode 100644 source/js/sevencolor/3/data/360zy-42.js
 delete mode 100644 source/js/sevencolor/3/data/360zy-43.js
 delete mode 100644 source/js/sevencolor/3/data/360zy-44.js
 delete mode 100644 source/js/sevencolor/3/data/360zy-45.js
 delete mode 100644 source/js/sevencolor/3/data/360zy-46.js
 delete mode 100644 source/js/sevencolor/3/data/360zy-47.js
 delete mode 100644 source/js/sevencolor/3/data/360zy-48.js
 delete mode 100644 source/js/sevencolor/3/data/360zy-49.js
 delete mode 100644 source/js/sevencolor/3/data/360zy-50.js
 delete mode 100644 source/js/sevencolor/3/data/360zy-51.js
 delete mode 100644 source/js/sevencolor/3/data/360zy-52.js
 delete mode 100644 source/js/sevencolor/3/data/360zy-53.js
 delete mode 100644 source/js/sevencolor/3/data/360zy-54.js
 delete mode 100644 source/js/sevencolor/3/data/360zy-55.js
 delete mode 100644 source/js/sevencolor/3/data/360zy-56.js
 delete mode 100644 source/js/sevencolor/3/data/360zy-57.js
 delete mode 100644 source/js/sevencolor/3/data/360zy-58.js
 delete mode 100644 source/js/sevencolor/3/data/360zy-59.js
 delete mode 100644 source/js/sevencolor/3/data/360zy-60.js
 delete mode 100644 source/js/sevencolor/3/data/360zy-61.js
 delete mode 100644 source/js/sevencolor/3/data/360zy-62.js
 delete mode 100644 source/js/sevencolor/3/data/360zy-63.js
 delete mode 100644 source/js/sevencolor/3/data/360zy-64.js
 delete mode 100644 source/js/sevencolor/3/data/360zy-65.js
 delete mode 100644 source/js/sevencolor/3/data/360zy-66.js
 delete mode 100644 source/js/sevencolor/3/data/360zy-67.js
 delete mode 100644 source/js/sevencolor/3/data/360zy-68.js
 delete mode 100644 source/js/sevencolor/3/data/360zy-69.js
 delete mode 100644 source/js/sevencolor/3/data/360zy-70.js
 delete mode 100644 source/js/sevencolor/3/data/360zy-71.js
 delete mode 100644 source/js/sevencolor/3/data/360zy-73.js
 delete mode 100644 source/js/sevencolor/3/data/360zy-74.js
 delete mode 100644 source/js/sevencolor/3/data/360zy-75.js
 delete mode 100644 source/js/sevencolor/3/data/360zy-76.js
 delete mode 100644 source/js/sevencolor/3/data/360zy-77.js
 delete mode 100644 source/js/sevencolor/3/data/360zy-78.js
 delete mode 100644 source/js/sevencolor/3/data/360zy-79.js
 delete mode 100644 source/js/sevencolor/3/data/360zy-80.js
 delete mode 100644 source/js/sevencolor/3/data/360zy-81.js
 delete mode 100644 source/js/sevencolor/3/data/360zy-82.js
 delete mode 100644 source/js/sevencolor/3/data/360zy-83.js
 delete mode 100644 source/js/sevencolor/3/data/360zy-85.js
 delete mode 100644 source/js/sevencolor/3/data/360zy-86.js
 delete mode 100644 source/js/sevencolor/3/data/360zy-87.js
 delete mode 100644 source/js/sevencolor/3/data/360zy-88.js
 delete mode 100644 source/js/sevencolor/3/data/360zy-89.js
 delete mode 100644 source/js/sevencolor/3/data/360zy-90.js
 delete mode 100644 source/js/sevencolor/3/data/360zy-91.js
 delete mode 100644 source/js/sevencolor/3/data/360zy-92.js
 delete mode 100644 source/js/sevencolor/3/data/360zy-93.js
 delete mode 100644 source/js/sevencolor/3/data/360zy-94.js
 delete mode 100644 source/js/sevencolor/3/data/360zy-95.js
 delete mode 100644 source/js/sevencolor/3/data/360zy-96.js
 delete mode 100644 source/js/sevencolor/3/data/360zy-97.js
 delete mode 100644 source/js/sevencolor/3/data/360zy-98.js
 delete mode 100644 source/js/sevencolor/3/data/360zy-99.js
 delete mode 100644 source/js/sevencolor/3/data/bfzyapi-01.js
 delete mode 100644 source/js/sevencolor/3/data/bfzyapi-02.js
 delete mode 100644 source/js/sevencolor/3/data/bfzyapi-03.js
 delete mode 100644 source/js/sevencolor/3/data/bfzyapi-04.js
 delete mode 100644 source/js/sevencolor/3/data/bfzyapi-05.js
 delete mode 100644 source/js/sevencolor/3/data/bfzyapi-06.js
 delete mode 100644 source/js/sevencolor/3/data/bfzyapi-07.js
 delete mode 100644 source/js/sevencolor/3/data/bfzyapi-08.js
 delete mode 100644 source/js/sevencolor/3/data/bfzyapi-09.js
 delete mode 100644 source/js/sevencolor/3/data/bfzyapi-10.js
 delete mode 100644 source/js/sevencolor/3/data/bfzyapi-100.js
 delete mode 100644 source/js/sevencolor/3/data/bfzyapi-101.js
 delete mode 100644 source/js/sevencolor/3/data/bfzyapi-102.js
 delete mode 100644 source/js/sevencolor/3/data/bfzyapi-103.js
 delete mode 100644 source/js/sevencolor/3/data/bfzyapi-104.js
 delete mode 100644 source/js/sevencolor/3/data/bfzyapi-105.js
 delete mode 100644 source/js/sevencolor/3/data/bfzyapi-106.js
 delete mode 100644 source/js/sevencolor/3/data/bfzyapi-107.js
 delete mode 100644 source/js/sevencolor/3/data/bfzyapi-108.js
 delete mode 100644 source/js/sevencolor/3/data/bfzyapi-109.js
 delete mode 100644 source/js/sevencolor/3/data/bfzyapi-11.js
 delete mode 100644 source/js/sevencolor/3/data/bfzyapi-110.js
 delete mode 100644 source/js/sevencolor/3/data/bfzyapi-111.js
 delete mode 100644 source/js/sevencolor/3/data/bfzyapi-112.js
 delete mode 100644 source/js/sevencolor/3/data/bfzyapi-113.js
 delete mode 100644 source/js/sevencolor/3/data/bfzyapi-114.js
 delete mode 100644 source/js/sevencolor/3/data/bfzyapi-115.js
 delete mode 100644 source/js/sevencolor/3/data/bfzyapi-116.js
 delete mode 100644 source/js/sevencolor/3/data/bfzyapi-117.js
 delete mode 100644 source/js/sevencolor/3/data/bfzyapi-118.js
 delete mode 100644 source/js/sevencolor/3/data/bfzyapi-119.js
 delete mode 100644 source/js/sevencolor/3/data/bfzyapi-12.js
 delete mode 100644 source/js/sevencolor/3/data/bfzyapi-120.js
 delete mode 100644 source/js/sevencolor/3/data/bfzyapi-121.js
 delete mode 100644 source/js/sevencolor/3/data/bfzyapi-122.js
 delete mode 100644 source/js/sevencolor/3/data/bfzyapi-123.js
 delete mode 100644 source/js/sevencolor/3/data/bfzyapi-124.js
 delete mode 100644 source/js/sevencolor/3/data/bfzyapi-125.js
 delete mode 100644 source/js/sevencolor/3/data/bfzyapi-126.js
 delete mode 100644 source/js/sevencolor/3/data/bfzyapi-127.js
 delete mode 100644 source/js/sevencolor/3/data/bfzyapi-128.js
 delete mode 100644 source/js/sevencolor/3/data/bfzyapi-129.js
 delete mode 100644 source/js/sevencolor/3/data/bfzyapi-13.js
 delete mode 100644 source/js/sevencolor/3/data/bfzyapi-130.js
 delete mode 100644 source/js/sevencolor/3/data/bfzyapi-131.js
 delete mode 100644 source/js/sevencolor/3/data/bfzyapi-132.js
 delete mode 100644 source/js/sevencolor/3/data/bfzyapi-133.js
 delete mode 100644 source/js/sevencolor/3/data/bfzyapi-134.js
 delete mode 100644 source/js/sevencolor/3/data/bfzyapi-135.js
 delete mode 100644 source/js/sevencolor/3/data/bfzyapi-136.js
 delete mode 100644 source/js/sevencolor/3/data/bfzyapi-137.js
 delete mode 100644 source/js/sevencolor/3/data/bfzyapi-138.js
 delete mode 100644 source/js/sevencolor/3/data/bfzyapi-139.js
 delete mode 100644 source/js/sevencolor/3/data/bfzyapi-14.js
 delete mode 100644 source/js/sevencolor/3/data/bfzyapi-140.js
 delete mode 100644 source/js/sevencolor/3/data/bfzyapi-141.js
 delete mode 100644 source/js/sevencolor/3/data/bfzyapi-142.js
 delete mode 100644 source/js/sevencolor/3/data/bfzyapi-143.js
 delete mode 100644 source/js/sevencolor/3/data/bfzyapi-144.js
 delete mode 100644 source/js/sevencolor/3/data/bfzyapi-145.js
 delete mode 100644 source/js/sevencolor/3/data/bfzyapi-146.js
 delete mode 100644 source/js/sevencolor/3/data/bfzyapi-147.js
 delete mode 100644 source/js/sevencolor/3/data/bfzyapi-148.js
 delete mode 100644 source/js/sevencolor/3/data/bfzyapi-149.js
 delete mode 100644 source/js/sevencolor/3/data/bfzyapi-15.js
 delete mode 100644 source/js/sevencolor/3/data/bfzyapi-150.js
 delete mode 100644 source/js/sevencolor/3/data/bfzyapi-151.js
 delete mode 100644 source/js/sevencolor/3/data/bfzyapi-152.js
 delete mode 100644 source/js/sevencolor/3/data/bfzyapi-153.js
 delete mode 100644 source/js/sevencolor/3/data/bfzyapi-154.js
 delete mode 100644 source/js/sevencolor/3/data/bfzyapi-155.js
 delete mode 100644 source/js/sevencolor/3/data/bfzyapi-156.js
 delete mode 100644 source/js/sevencolor/3/data/bfzyapi-157.js
 delete mode 100644 source/js/sevencolor/3/data/bfzyapi-158.js
 delete mode 100644 source/js/sevencolor/3/data/bfzyapi-159.js
 delete mode 100644 source/js/sevencolor/3/data/bfzyapi-16.js
 delete mode 100644 source/js/sevencolor/3/data/bfzyapi-160.js
 delete mode 100644 source/js/sevencolor/3/data/bfzyapi-161.js
 delete mode 100644 source/js/sevencolor/3/data/bfzyapi-162.js
 delete mode 100644 source/js/sevencolor/3/data/bfzyapi-163.js
 delete mode 100644 source/js/sevencolor/3/data/bfzyapi-164.js
 delete mode 100644 source/js/sevencolor/3/data/bfzyapi-165.js
 delete mode 100644 source/js/sevencolor/3/data/bfzyapi-166.js
 delete mode 100644 source/js/sevencolor/3/data/bfzyapi-167.js
 delete mode 100644 source/js/sevencolor/3/data/bfzyapi-168.js
 delete mode 100644 source/js/sevencolor/3/data/bfzyapi-169.js
 delete mode 100644 source/js/sevencolor/3/data/bfzyapi-17.js
 delete mode 100644 source/js/sevencolor/3/data/bfzyapi-170.js
 delete mode 100644 source/js/sevencolor/3/data/bfzyapi-171.js
 delete mode 100644 source/js/sevencolor/3/data/bfzyapi-172.js
 delete mode 100644 source/js/sevencolor/3/data/bfzyapi-173.js
 delete mode 100644 source/js/sevencolor/3/data/bfzyapi-174.js
 delete mode 100644 source/js/sevencolor/3/data/bfzyapi-175.js
 delete mode 100644 source/js/sevencolor/3/data/bfzyapi-176.js
 delete mode 100644 source/js/sevencolor/3/data/bfzyapi-177.js
 delete mode 100644 source/js/sevencolor/3/data/bfzyapi-178.js
 delete mode 100644 source/js/sevencolor/3/data/bfzyapi-179.js
 delete mode 100644 source/js/sevencolor/3/data/bfzyapi-18.js
 delete mode 100644 source/js/sevencolor/3/data/bfzyapi-180.js
 delete mode 100644 source/js/sevencolor/3/data/bfzyapi-181.js
 delete mode 100644 source/js/sevencolor/3/data/bfzyapi-182.js
 delete mode 100644 source/js/sevencolor/3/data/bfzyapi-183.js
 delete mode 100644 source/js/sevencolor/3/data/bfzyapi-184.js
 delete mode 100644 source/js/sevencolor/3/data/bfzyapi-185.js
 delete mode 100644 source/js/sevencolor/3/data/bfzyapi-186.js
 delete mode 100644 source/js/sevencolor/3/data/bfzyapi-187.js
 delete mode 100644 source/js/sevencolor/3/data/bfzyapi-188.js
 delete mode 100644 source/js/sevencolor/3/data/bfzyapi-189.js
 delete mode 100644 source/js/sevencolor/3/data/bfzyapi-19.js
 delete mode 100644 source/js/sevencolor/3/data/bfzyapi-190.js
 delete mode 100644 source/js/sevencolor/3/data/bfzyapi-191.js
 delete mode 100644 source/js/sevencolor/3/data/bfzyapi-192.js
 delete mode 100644 source/js/sevencolor/3/data/bfzyapi-193.js
 delete mode 100644 source/js/sevencolor/3/data/bfzyapi-194.js
 delete mode 100644 source/js/sevencolor/3/data/bfzyapi-195.js
 delete mode 100644 source/js/sevencolor/3/data/bfzyapi-196.js
 delete mode 100644 source/js/sevencolor/3/data/bfzyapi-197.js
 delete mode 100644 source/js/sevencolor/3/data/bfzyapi-198.js
 delete mode 100644 source/js/sevencolor/3/data/bfzyapi-199.js
 delete mode 100644 source/js/sevencolor/3/data/bfzyapi-20.js
 delete mode 100644 source/js/sevencolor/3/data/bfzyapi-200.js
 delete mode 100644 source/js/sevencolor/3/data/bfzyapi-21.js
 delete mode 100644 source/js/sevencolor/3/data/bfzyapi-22.js
 delete mode 100644 source/js/sevencolor/3/data/bfzyapi-23.js
 delete mode 100644 source/js/sevencolor/3/data/bfzyapi-24.js
 delete mode 100644 source/js/sevencolor/3/data/bfzyapi-25.js
 delete mode 100644 source/js/sevencolor/3/data/bfzyapi-26.js
 delete mode 100644 source/js/sevencolor/3/data/bfzyapi-27.js
 delete mode 100644 source/js/sevencolor/3/data/bfzyapi-28.js
 delete mode 100644 source/js/sevencolor/3/data/bfzyapi-29.js
 delete mode 100644 source/js/sevencolor/3/data/bfzyapi-30.js
 delete mode 100644 source/js/sevencolor/3/data/bfzyapi-31.js
 delete mode 100644 source/js/sevencolor/3/data/bfzyapi-33.js
 delete mode 100644 source/js/sevencolor/3/data/bfzyapi-34.js
 delete mode 100644 source/js/sevencolor/3/data/bfzyapi-35.js
 delete mode 100644 source/js/sevencolor/3/data/bfzyapi-36.js
 delete mode 100644 source/js/sevencolor/3/data/bfzyapi-37.js
 delete mode 100644 source/js/sevencolor/3/data/bfzyapi-38.js
 delete mode 100644 source/js/sevencolor/3/data/bfzyapi-39.js
 delete mode 100644 source/js/sevencolor/3/data/bfzyapi-40.js
 delete mode 100644 source/js/sevencolor/3/data/bfzyapi-41.js
 delete mode 100644 source/js/sevencolor/3/data/bfzyapi-42.js
 delete mode 100644 source/js/sevencolor/3/data/bfzyapi-43.js
 delete mode 100644 source/js/sevencolor/3/data/bfzyapi-44.js
 delete mode 100644 source/js/sevencolor/3/data/bfzyapi-45.js
 delete mode 100644 source/js/sevencolor/3/data/bfzyapi-46.js
 delete mode 100644 source/js/sevencolor/3/data/bfzyapi-47.js
 delete mode 100644 source/js/sevencolor/3/data/bfzyapi-48.js
 delete mode 100644 source/js/sevencolor/3/data/bfzyapi-49.js
 delete mode 100644 source/js/sevencolor/3/data/bfzyapi-50.js
 delete mode 100644 source/js/sevencolor/3/data/bfzyapi-51.js
 delete mode 100644 source/js/sevencolor/3/data/bfzyapi-52.js
 delete mode 100644 source/js/sevencolor/3/data/bfzyapi-53.js
 delete mode 100644 source/js/sevencolor/3/data/bfzyapi-54.js
 delete mode 100644 source/js/sevencolor/3/data/bfzyapi-55.js
 delete mode 100644 source/js/sevencolor/3/data/bfzyapi-56.js
 delete mode 100644 source/js/sevencolor/3/data/bfzyapi-58.js
 delete mode 100644 source/js/sevencolor/3/data/bfzyapi-59.js
 delete mode 100644 source/js/sevencolor/3/data/bfzyapi-60.js
 delete mode 100644 source/js/sevencolor/3/data/bfzyapi-61.js
 delete mode 100644 source/js/sevencolor/3/data/bfzyapi-62.js
 delete mode 100644 source/js/sevencolor/3/data/bfzyapi-63.js
 delete mode 100644 source/js/sevencolor/3/data/bfzyapi-64.js
 delete mode 100644 source/js/sevencolor/3/data/bfzyapi-65.js
 delete mode 100644 source/js/sevencolor/3/data/bfzyapi-66.js
 delete mode 100644 source/js/sevencolor/3/data/bfzyapi-67.js
 delete mode 100644 source/js/sevencolor/3/data/bfzyapi-68.js
 delete mode 100644 source/js/sevencolor/3/data/bfzyapi-69.js
 delete mode 100644 source/js/sevencolor/3/data/bfzyapi-70.js
 delete mode 100644 source/js/sevencolor/3/data/bfzyapi-71.js
 delete mode 100644 source/js/sevencolor/3/data/bfzyapi-72.js
 delete mode 100644 source/js/sevencolor/3/data/bfzyapi-73.js
 delete mode 100644 source/js/sevencolor/3/data/bfzyapi-74.js
 delete mode 100644 source/js/sevencolor/3/data/bfzyapi-75.js
 delete mode 100644 source/js/sevencolor/3/data/bfzyapi-76.js
 delete mode 100644 source/js/sevencolor/3/data/bfzyapi-77.js
 delete mode 100644 source/js/sevencolor/3/data/bfzyapi-78.js
 delete mode 100644 source/js/sevencolor/3/data/bfzyapi-79.js
 delete mode 100644 source/js/sevencolor/3/data/bfzyapi-80.js
 delete mode 100644 source/js/sevencolor/3/data/bfzyapi-81.js
 delete mode 100644 source/js/sevencolor/3/data/bfzyapi-82.js
 delete mode 100644 source/js/sevencolor/3/data/bfzyapi-83.js
 delete mode 100644 source/js/sevencolor/3/data/bfzyapi-84.js
 delete mode 100644 source/js/sevencolor/3/data/bfzyapi-85.js
 delete mode 100644 source/js/sevencolor/3/data/bfzyapi-86.js
 delete mode 100644 source/js/sevencolor/3/data/bfzyapi-87.js
 delete mode 100644 source/js/sevencolor/3/data/bfzyapi-88.js
 delete mode 100644 source/js/sevencolor/3/data/bfzyapi-89.js
 delete mode 100644 source/js/sevencolor/3/data/bfzyapi-90.js
 delete mode 100644 source/js/sevencolor/3/data/bfzyapi-91.js
 delete mode 100644 source/js/sevencolor/3/data/bfzyapi-92.js
 delete mode 100644 source/js/sevencolor/3/data/bfzyapi-93.js
 delete mode 100644 source/js/sevencolor/3/data/bfzyapi-94.js
 delete mode 100644 source/js/sevencolor/3/data/bfzyapi-95.js
 delete mode 100644 source/js/sevencolor/3/data/bfzyapi-96.js
 delete mode 100644 source/js/sevencolor/3/data/bfzyapi-97.js
 delete mode 100644 source/js/sevencolor/3/data/bfzyapi-98.js
 delete mode 100644 source/js/sevencolor/3/data/bfzyapi-99.js
 create mode 100644 "source/js/sevencolor/3/data/\344\270\211\345\205\255_\351\207\207\344\271\235-01.js"
 create mode 100644 "source/js/sevencolor/3/data/\344\270\211\345\205\255_\351\207\207\344\271\235-02.js"
 create mode 100644 "source/js/sevencolor/3/data/\344\270\211\345\205\255_\351\207\207\344\271\235-03.js"
 create mode 100644 "source/js/sevencolor/3/data/\344\270\211\345\205\255_\351\207\207\344\271\235-04.js"
 create mode 100644 "source/js/sevencolor/3/data/\344\270\211\345\205\255_\351\207\207\344\271\235-05.js"
 create mode 100644 "source/js/sevencolor/3/data/\344\270\211\345\205\255_\351\207\207\344\271\235-06.js"
 create mode 100644 "source/js/sevencolor/3/data/\344\270\211\345\205\255_\351\207\207\344\271\235-07.js"
 create mode 100644 "source/js/sevencolor/3/data/\344\270\211\345\205\255_\351\207\207\344\271\235-08.js"
 create mode 100644 "source/js/sevencolor/3/data/\344\270\211\345\205\255_\351\207\207\344\271\235-09.js"
 create mode 100644 "source/js/sevencolor/3/data/\344\270\211\345\205\255_\351\207\207\344\271\235-10.js"
 create mode 100644 "source/js/sevencolor/3/data/\344\270\211\345\205\255_\351\207\207\344\271\235-100.js"
 create mode 100644 "source/js/sevencolor/3/data/\344\270\211\345\205\255_\351\207\207\344\271\235-101.js"
 create mode 100644 "source/js/sevencolor/3/data/\344\270\211\345\205\255_\351\207\207\344\271\235-102.js"
 create mode 100644 "source/js/sevencolor/3/data/\344\270\211\345\205\255_\351\207\207\344\271\235-103.js"
 create mode 100644 "source/js/sevencolor/3/data/\344\270\211\345\205\255_\351\207\207\344\271\235-104.js"
 create mode 100644 "source/js/sevencolor/3/data/\344\270\211\345\205\255_\351\207\207\344\271\235-105.js"
 create mode 100644 "source/js/sevencolor/3/data/\344\270\211\345\205\255_\351\207\207\344\271\235-106.js"
 create mode 100644 "source/js/sevencolor/3/data/\344\270\211\345\205\255_\351\207\207\344\271\235-107.js"
 create mode 100644 "source/js/sevencolor/3/data/\344\270\211\345\205\255_\351\207\207\344\271\235-108.js"
 create mode 100644 "source/js/sevencolor/3/data/\344\270\211\345\205\255_\351\207\207\344\271\235-109.js"
 create mode 100644 "source/js/sevencolor/3/data/\344\270\211\345\205\255_\351\207\207\344\271\235-11.js"
 create mode 100644 "source/js/sevencolor/3/data/\344\270\211\345\205\255_\351\207\207\344\271\235-110.js"
 create mode 100644 "source/js/sevencolor/3/data/\344\270\211\345\205\255_\351\207\207\344\271\235-111.js"
 create mode 100644 "source/js/sevencolor/3/data/\344\270\211\345\205\255_\351\207\207\344\271\235-112.js"
 create mode 100644 "source/js/sevencolor/3/data/\344\270\211\345\205\255_\351\207\207\344\271\235-113.js"
 create mode 100644 "source/js/sevencolor/3/data/\344\270\211\345\205\255_\351\207\207\344\271\235-114.js"
 rename source/js/sevencolor/3/data/360zy-111.js => "source/js/sevencolor/3/data/\344\270\211\345\205\255_\351\207\207\344\271\235-115.js" (66%)
 create mode 100644 "source/js/sevencolor/3/data/\344\270\211\345\205\255_\351\207\207\344\271\235-116.js"
 create mode 100644 "source/js/sevencolor/3/data/\344\270\211\345\205\255_\351\207\207\344\271\235-117.js"
 create mode 100644 "source/js/sevencolor/3/data/\344\270\211\345\205\255_\351\207\207\344\271\235-118.js"
 create mode 100644 "source/js/sevencolor/3/data/\344\270\211\345\205\255_\351\207\207\344\271\235-119.js"
 create mode 100644 "source/js/sevencolor/3/data/\344\270\211\345\205\255_\351\207\207\344\271\235-12.js"
 create mode 100644 "source/js/sevencolor/3/data/\344\270\211\345\205\255_\351\207\207\344\271\235-120.js"
 create mode 100644 "source/js/sevencolor/3/data/\344\270\211\345\205\255_\351\207\207\344\271\235-121.js"
 create mode 100644 "source/js/sevencolor/3/data/\344\270\211\345\205\255_\351\207\207\344\271\235-122.js"
 create mode 100644 "source/js/sevencolor/3/data/\344\270\211\345\205\255_\351\207\207\344\271\235-123.js"
 create mode 100644 "source/js/sevencolor/3/data/\344\270\211\345\205\255_\351\207\207\344\271\235-124.js"
 create mode 100644 "source/js/sevencolor/3/data/\344\270\211\345\205\255_\351\207\207\344\271\235-125.js"
 create mode 100644 "source/js/sevencolor/3/data/\344\270\211\345\205\255_\351\207\207\344\271\235-126.js"
 create mode 100644 "source/js/sevencolor/3/data/\344\270\211\345\205\255_\351\207\207\344\271\235-127.js"
 create mode 100644 "source/js/sevencolor/3/data/\344\270\211\345\205\255_\351\207\207\344\271\235-128.js"
 create mode 100644 "source/js/sevencolor/3/data/\344\270\211\345\205\255_\351\207\207\344\271\235-129.js"
 create mode 100644 "source/js/sevencolor/3/data/\344\270\211\345\205\255_\351\207\207\344\271\235-13.js"
 create mode 100644 "source/js/sevencolor/3/data/\344\270\211\345\205\255_\351\207\207\344\271\235-130.js"
 create mode 100644 "source/js/sevencolor/3/data/\344\270\211\345\205\255_\351\207\207\344\271\235-131.js"
 create mode 100644 "source/js/sevencolor/3/data/\344\270\211\345\205\255_\351\207\207\344\271\235-132.js"
 create mode 100644 "source/js/sevencolor/3/data/\344\270\211\345\205\255_\351\207\207\344\271\235-133.js"
 create mode 100644 "source/js/sevencolor/3/data/\344\270\211\345\205\255_\351\207\207\344\271\235-134.js"
 create mode 100644 "source/js/sevencolor/3/data/\344\270\211\345\205\255_\351\207\207\344\271\235-135.js"
 create mode 100644 "source/js/sevencolor/3/data/\344\270\211\345\205\255_\351\207\207\344\271\235-136.js"
 create mode 100644 "source/js/sevencolor/3/data/\344\270\211\345\205\255_\351\207\207\344\271\235-137.js"
 create mode 100644 "source/js/sevencolor/3/data/\344\270\211\345\205\255_\351\207\207\344\271\235-138.js"
 create mode 100644 "source/js/sevencolor/3/data/\344\270\211\345\205\255_\351\207\207\344\271\235-139.js"
 create mode 100644 "source/js/sevencolor/3/data/\344\270\211\345\205\255_\351\207\207\344\271\235-14.js"
 create mode 100644 "source/js/sevencolor/3/data/\344\270\211\345\205\255_\351\207\207\344\271\235-140.js"
 create mode 100644 "source/js/sevencolor/3/data/\344\270\211\345\205\255_\351\207\207\344\271\235-141.js"
 create mode 100644 "source/js/sevencolor/3/data/\344\270\211\345\205\255_\351\207\207\344\271\235-142.js"
 create mode 100644 "source/js/sevencolor/3/data/\344\270\211\345\205\255_\351\207\207\344\271\235-143.js"
 create mode 100644 "source/js/sevencolor/3/data/\344\270\211\345\205\255_\351\207\207\344\271\235-144.js"
 create mode 100644 "source/js/sevencolor/3/data/\344\270\211\345\205\255_\351\207\207\344\271\235-145.js"
 create mode 100644 "source/js/sevencolor/3/data/\344\270\211\345\205\255_\351\207\207\344\271\235-146.js"
 create mode 100644 "source/js/sevencolor/3/data/\344\270\211\345\205\255_\351\207\207\344\271\235-147.js"
 create mode 100644 "source/js/sevencolor/3/data/\344\270\211\345\205\255_\351\207\207\344\271\235-148.js"
 create mode 100644 "source/js/sevencolor/3/data/\344\270\211\345\205\255_\351\207\207\344\271\235-149.js"
 create mode 100644 "source/js/sevencolor/3/data/\344\270\211\345\205\255_\351\207\207\344\271\235-15.js"
 create mode 100644 "source/js/sevencolor/3/data/\344\270\211\345\205\255_\351\207\207\344\271\235-150.js"
 create mode 100644 "source/js/sevencolor/3/data/\344\270\211\345\205\255_\351\207\207\344\271\235-151.js"
 create mode 100644 "source/js/sevencolor/3/data/\344\270\211\345\205\255_\351\207\207\344\271\235-152.js"
 create mode 100644 "source/js/sevencolor/3/data/\344\270\211\345\205\255_\351\207\207\344\271\235-153.js"
 create mode 100644 "source/js/sevencolor/3/data/\344\270\211\345\205\255_\351\207\207\344\271\235-154.js"
 create mode 100644 "source/js/sevencolor/3/data/\344\270\211\345\205\255_\351\207\207\344\271\235-155.js"
 create mode 100644 "source/js/sevencolor/3/data/\344\270\211\345\205\255_\351\207\207\344\271\235-156.js"
 create mode 100644 "source/js/sevencolor/3/data/\344\270\211\345\205\255_\351\207\207\344\271\235-157.js"
 create mode 100644 "source/js/sevencolor/3/data/\344\270\211\345\205\255_\351\207\207\344\271\235-158.js"
 create mode 100644 "source/js/sevencolor/3/data/\344\270\211\345\205\255_\351\207\207\344\271\235-159.js"
 create mode 100644 "source/js/sevencolor/3/data/\344\270\211\345\205\255_\351\207\207\344\271\235-16.js"
 create mode 100644 "source/js/sevencolor/3/data/\344\270\211\345\205\255_\351\207\207\344\271\235-160.js"
 create mode 100644 "source/js/sevencolor/3/data/\344\270\211\345\205\255_\351\207\207\344\271\235-161.js"
 create mode 100644 "source/js/sevencolor/3/data/\344\270\211\345\205\255_\351\207\207\344\271\235-162.js"
 create mode 100644 "source/js/sevencolor/3/data/\344\270\211\345\205\255_\351\207\207\344\271\235-163.js"
 create mode 100644 "source/js/sevencolor/3/data/\344\270\211\345\205\255_\351\207\207\344\271\235-164.js"
 create mode 100644 "source/js/sevencolor/3/data/\344\270\211\345\205\255_\351\207\207\344\271\235-165.js"
 create mode 100644 "source/js/sevencolor/3/data/\344\270\211\345\205\255_\351\207\207\344\271\235-166.js"
 create mode 100644 "source/js/sevencolor/3/data/\344\270\211\345\205\255_\351\207\207\344\271\235-167.js"
 create mode 100644 "source/js/sevencolor/3/data/\344\270\211\345\205\255_\351\207\207\344\271\235-168.js"
 create mode 100644 "source/js/sevencolor/3/data/\344\270\211\345\205\255_\351\207\207\344\271\235-169.js"
 rename source/js/sevencolor/3/data/360zy-10.js => "source/js/sevencolor/3/data/\344\270\211\345\205\255_\351\207\207\344\271\235-17.js" (80%)
 create mode 100644 "source/js/sevencolor/3/data/\344\270\211\345\205\255_\351\207\207\344\271\235-170.js"
 create mode 100644 "source/js/sevencolor/3/data/\344\270\211\345\205\255_\351\207\207\344\271\235-171.js"
 create mode 100644 "source/js/sevencolor/3/data/\344\270\211\345\205\255_\351\207\207\344\271\235-172.js"
 create mode 100644 "source/js/sevencolor/3/data/\344\270\211\345\205\255_\351\207\207\344\271\235-173.js"
 create mode 100644 "source/js/sevencolor/3/data/\344\270\211\345\205\255_\351\207\207\344\271\235-174.js"
 create mode 100644 "source/js/sevencolor/3/data/\344\270\211\345\205\255_\351\207\207\344\271\235-175.js"
 create mode 100644 "source/js/sevencolor/3/data/\344\270\211\345\205\255_\351\207\207\344\271\235-176.js"
 create mode 100644 "source/js/sevencolor/3/data/\344\270\211\345\205\255_\351\207\207\344\271\235-177.js"
 create mode 100644 "source/js/sevencolor/3/data/\344\270\211\345\205\255_\351\207\207\344\271\235-178.js"
 create mode 100644 "source/js/sevencolor/3/data/\344\270\211\345\205\255_\351\207\207\344\271\235-179.js"
 create mode 100644 "source/js/sevencolor/3/data/\344\270\211\345\205\255_\351\207\207\344\271\235-18.js"
 create mode 100644 "source/js/sevencolor/3/data/\344\270\211\345\205\255_\351\207\207\344\271\235-180.js"
 create mode 100644 "source/js/sevencolor/3/data/\344\270\211\345\205\255_\351\207\207\344\271\235-181.js"
 create mode 100644 "source/js/sevencolor/3/data/\344\270\211\345\205\255_\351\207\207\344\271\235-182.js"
 create mode 100644 "source/js/sevencolor/3/data/\344\270\211\345\205\255_\351\207\207\344\271\235-183.js"
 create mode 100644 "source/js/sevencolor/3/data/\344\270\211\345\205\255_\351\207\207\344\271\235-184.js"
 create mode 100644 "source/js/sevencolor/3/data/\344\270\211\345\205\255_\351\207\207\344\271\235-185.js"
 create mode 100644 "source/js/sevencolor/3/data/\344\270\211\345\205\255_\351\207\207\344\271\235-186.js"
 create mode 100644 "source/js/sevencolor/3/data/\344\270\211\345\205\255_\351\207\207\344\271\235-187.js"
 create mode 100644 "source/js/sevencolor/3/data/\344\270\211\345\205\255_\351\207\207\344\271\235-188.js"
 create mode 100644 "source/js/sevencolor/3/data/\344\270\211\345\205\255_\351\207\207\344\271\235-189.js"
 create mode 100644 "source/js/sevencolor/3/data/\344\270\211\345\205\255_\351\207\207\344\271\235-19.js"
 create mode 100644 "source/js/sevencolor/3/data/\344\270\211\345\205\255_\351\207\207\344\271\235-190.js"
 create mode 100644 "source/js/sevencolor/3/data/\344\270\211\345\205\255_\351\207\207\344\271\235-191.js"
 create mode 100644 "source/js/sevencolor/3/data/\344\270\211\345\205\255_\351\207\207\344\271\235-192.js"
 create mode 100644 "source/js/sevencolor/3/data/\344\270\211\345\205\255_\351\207\207\344\271\235-193.js"
 create mode 100644 "source/js/sevencolor/3/data/\344\270\211\345\205\255_\351\207\207\344\271\235-194.js"
 create mode 100644 "source/js/sevencolor/3/data/\344\270\211\345\205\255_\351\207\207\344\271\235-195.js"
 create mode 100644 "source/js/sevencolor/3/data/\344\270\211\345\205\255_\351\207\207\344\271\235-196.js"
 create mode 100644 "source/js/sevencolor/3/data/\344\270\211\345\205\255_\351\207\207\344\271\235-197.js"
 create mode 100644 "source/js/sevencolor/3/data/\344\270\211\345\205\255_\351\207\207\344\271\235-198.js"
 create mode 100644 "source/js/sevencolor/3/data/\344\270\211\345\205\255_\351\207\207\344\271\235-199.js"
 create mode 100644 "source/js/sevencolor/3/data/\344\270\211\345\205\255_\351\207\207\344\271\235-20.js"
 create mode 100644 "source/js/sevencolor/3/data/\344\270\211\345\205\255_\351\207\207\344\271\235-200.js"
 create mode 100644 "source/js/sevencolor/3/data/\344\270\211\345\205\255_\351\207\207\344\271\235-21.js"
 create mode 100644 "source/js/sevencolor/3/data/\344\270\211\345\205\255_\351\207\207\344\271\235-22.js"
 create mode 100644 "source/js/sevencolor/3/data/\344\270\211\345\205\255_\351\207\207\344\271\235-23.js"
 create mode 100644 "source/js/sevencolor/3/data/\344\270\211\345\205\255_\351\207\207\344\271\235-24.js"
 create mode 100644 "source/js/sevencolor/3/data/\344\270\211\345\205\255_\351\207\207\344\271\235-25.js"
 create mode 100644 "source/js/sevencolor/3/data/\344\270\211\345\205\255_\351\207\207\344\271\235-26.js"
 create mode 100644 "source/js/sevencolor/3/data/\344\270\211\345\205\255_\351\207\207\344\271\235-27.js"
 create mode 100644 "source/js/sevencolor/3/data/\344\270\211\345\205\255_\351\207\207\344\271\235-28.js"
 create mode 100644 "source/js/sevencolor/3/data/\344\270\211\345\205\255_\351\207\207\344\271\235-29.js"
 create mode 100644 "source/js/sevencolor/3/data/\344\270\211\345\205\255_\351\207\207\344\271\235-30.js"
 create mode 100644 "source/js/sevencolor/3/data/\344\270\211\345\205\255_\351\207\207\344\271\235-31.js"
 create mode 100644 "source/js/sevencolor/3/data/\344\270\211\345\205\255_\351\207\207\344\271\235-32.js"
 create mode 100644 "source/js/sevencolor/3/data/\344\270\211\345\205\255_\351\207\207\344\271\235-33.js"
 create mode 100644 "source/js/sevencolor/3/data/\344\270\211\345\205\255_\351\207\207\344\271\235-34.js"
 create mode 100644 "source/js/sevencolor/3/data/\344\270\211\345\205\255_\351\207\207\344\271\235-35.js"
 create mode 100644 "source/js/sevencolor/3/data/\344\270\211\345\205\255_\351\207\207\344\271\235-36.js"
 create mode 100644 "source/js/sevencolor/3/data/\344\270\211\345\205\255_\351\207\207\344\271\235-37.js"
 create mode 100644 "source/js/sevencolor/3/data/\344\270\211\345\205\255_\351\207\207\344\271\235-38.js"
 create mode 100644 "source/js/sevencolor/3/data/\344\270\211\345\205\255_\351\207\207\344\271\235-39.js"
 create mode 100644 "source/js/sevencolor/3/data/\344\270\211\345\205\255_\351\207\207\344\271\235-40.js"
 create mode 100644 "source/js/sevencolor/3/data/\344\270\211\345\205\255_\351\207\207\344\271\235-41.js"
 create mode 100644 "source/js/sevencolor/3/data/\344\270\211\345\205\255_\351\207\207\344\271\235-42.js"
 create mode 100644 "source/js/sevencolor/3/data/\344\270\211\345\205\255_\351\207\207\344\271\235-43.js"
 create mode 100644 "source/js/sevencolor/3/data/\344\270\211\345\205\255_\351\207\207\344\271\235-44.js"
 create mode 100644 "source/js/sevencolor/3/data/\344\270\211\345\205\255_\351\207\207\344\271\235-45.js"
 create mode 100644 "source/js/sevencolor/3/data/\344\270\211\345\205\255_\351\207\207\344\271\235-46.js"
 create mode 100644 "source/js/sevencolor/3/data/\344\270\211\345\205\255_\351\207\207\344\271\235-47.js"
 create mode 100644 "source/js/sevencolor/3/data/\344\270\211\345\205\255_\351\207\207\344\271\235-48.js"
 create mode 100644 "source/js/sevencolor/3/data/\344\270\211\345\205\255_\351\207\207\344\271\235-49.js"
 create mode 100644 "source/js/sevencolor/3/data/\344\270\211\345\205\255_\351\207\207\344\271\235-50.js"
 create mode 100644 "source/js/sevencolor/3/data/\344\270\211\345\205\255_\351\207\207\344\271\235-51.js"
 create mode 100644 "source/js/sevencolor/3/data/\344\270\211\345\205\255_\351\207\207\344\271\235-52.js"
 create mode 100644 "source/js/sevencolor/3/data/\344\270\211\345\205\255_\351\207\207\344\271\235-53.js"
 create mode 100644 "source/js/sevencolor/3/data/\344\270\211\345\205\255_\351\207\207\344\271\235-54.js"
 create mode 100644 "source/js/sevencolor/3/data/\344\270\211\345\205\255_\351\207\207\344\271\235-55.js"
 create mode 100644 "source/js/sevencolor/3/data/\344\270\211\345\205\255_\351\207\207\344\271\235-56.js"
 create mode 100644 "source/js/sevencolor/3/data/\344\270\211\345\205\255_\351\207\207\344\271\235-57.js"
 create mode 100644 "source/js/sevencolor/3/data/\344\270\211\345\205\255_\351\207\207\344\271\235-58.js"
 create mode 100644 "source/js/sevencolor/3/data/\344\270\211\345\205\255_\351\207\207\344\271\235-59.js"
 create mode 100644 "source/js/sevencolor/3/data/\344\270\211\345\205\255_\351\207\207\344\271\235-60.js"
 create mode 100644 "source/js/sevencolor/3/data/\344\270\211\345\205\255_\351\207\207\344\271\235-61.js"
 create mode 100644 "source/js/sevencolor/3/data/\344\270\211\345\205\255_\351\207\207\344\271\235-62.js"
 create mode 100644 "source/js/sevencolor/3/data/\344\270\211\345\205\255_\351\207\207\344\271\235-63.js"
 create mode 100644 "source/js/sevencolor/3/data/\344\270\211\345\205\255_\351\207\207\344\271\235-64.js"
 create mode 100644 "source/js/sevencolor/3/data/\344\270\211\345\205\255_\351\207\207\344\271\235-65.js"
 create mode 100644 "source/js/sevencolor/3/data/\344\270\211\345\205\255_\351\207\207\344\271\235-66.js"
 create mode 100644 "source/js/sevencolor/3/data/\344\270\211\345\205\255_\351\207\207\344\271\235-67.js"
 create mode 100644 "source/js/sevencolor/3/data/\344\270\211\345\205\255_\351\207\207\344\271\235-68.js"
 create mode 100644 "source/js/sevencolor/3/data/\344\270\211\345\205\255_\351\207\207\344\271\235-69.js"
 create mode 100644 "source/js/sevencolor/3/data/\344\270\211\345\205\255_\351\207\207\344\271\235-70.js"
 create mode 100644 "source/js/sevencolor/3/data/\344\270\211\345\205\255_\351\207\207\344\271\235-71.js"
 create mode 100644 "source/js/sevencolor/3/data/\344\270\211\345\205\255_\351\207\207\344\271\235-72.js"
 create mode 100644 "source/js/sevencolor/3/data/\344\270\211\345\205\255_\351\207\207\344\271\235-73.js"
 create mode 100644 "source/js/sevencolor/3/data/\344\270\211\345\205\255_\351\207\207\344\271\235-74.js"
 create mode 100644 "source/js/sevencolor/3/data/\344\270\211\345\205\255_\351\207\207\344\271\235-75.js"
 rename source/js/sevencolor/3/data/360zy-72.js => "source/js/sevencolor/3/data/\344\270\211\345\205\255_\351\207\207\344\271\235-76.js" (66%)
 create mode 100644 "source/js/sevencolor/3/data/\344\270\211\345\205\255_\351\207\207\344\271\235-77.js"
 create mode 100644 "source/js/sevencolor/3/data/\344\270\211\345\205\255_\351\207\207\344\271\235-78.js"
 create mode 100644 "source/js/sevencolor/3/data/\344\270\211\345\205\255_\351\207\207\344\271\235-79.js"
 create mode 100644 "source/js/sevencolor/3/data/\344\270\211\345\205\255_\351\207\207\344\271\235-80.js"
 create mode 100644 "source/js/sevencolor/3/data/\344\270\211\345\205\255_\351\207\207\344\271\235-81.js"
 create mode 100644 "source/js/sevencolor/3/data/\344\270\211\345\205\255_\351\207\207\344\271\235-82.js"
 create mode 100644 "source/js/sevencolor/3/data/\344\270\211\345\205\255_\351\207\207\344\271\235-83.js"
 create mode 100644 "source/js/sevencolor/3/data/\344\270\211\345\205\255_\351\207\207\344\271\235-84.js"
 create mode 100644 "source/js/sevencolor/3/data/\344\270\211\345\205\255_\351\207\207\344\271\235-85.js"
 create mode 100644 "source/js/sevencolor/3/data/\344\270\211\345\205\255_\351\207\207\344\271\235-86.js"
 create mode 100644 "source/js/sevencolor/3/data/\344\270\211\345\205\255_\351\207\207\344\271\235-87.js"
 rename source/js/sevencolor/3/data/360zy-84.js => "source/js/sevencolor/3/data/\344\270\211\345\205\255_\351\207\207\344\271\235-88.js" (66%)
 create mode 100644 "source/js/sevencolor/3/data/\344\270\211\345\205\255_\351\207\207\344\271\235-89.js"
 create mode 100644 "source/js/sevencolor/3/data/\344\270\211\345\205\255_\351\207\207\344\271\235-90.js"
 create mode 100644 "source/js/sevencolor/3/data/\344\270\211\345\205\255_\351\207\207\344\271\235-91.js"
 create mode 100644 "source/js/sevencolor/3/data/\344\270\211\345\205\255_\351\207\207\344\271\235-92.js"
 create mode 100644 "source/js/sevencolor/3/data/\344\270\211\345\205\255_\351\207\207\344\271\235-93.js"
 create mode 100644 "source/js/sevencolor/3/data/\344\270\211\345\205\255_\351\207\207\344\271\235-94.js"
 create mode 100644 "source/js/sevencolor/3/data/\344\270\211\345\205\255_\351\207\207\344\271\235-95.js"
 create mode 100644 "source/js/sevencolor/3/data/\344\270\211\345\205\255_\351\207\207\344\271\235-96.js"
 create mode 100644 "source/js/sevencolor/3/data/\344\270\211\345\205\255_\351\207\207\344\271\235-97.js"
 create mode 100644 "source/js/sevencolor/3/data/\344\270\211\345\205\255_\351\207\207\344\271\235-98.js"
 create mode 100644 "source/js/sevencolor/3/data/\344\270\211\345\205\255_\351\207\207\344\271\235-99.js"
 create mode 100644 "source/js/sevencolor/3/data/\346\232\264\351\243\216_\351\207\207\344\272\214-01.js"
 create mode 100644 "source/js/sevencolor/3/data/\346\232\264\351\243\216_\351\207\207\344\272\214-02.js"
 create mode 100644 "source/js/sevencolor/3/data/\346\232\264\351\243\216_\351\207\207\344\272\214-03.js"
 create mode 100644 "source/js/sevencolor/3/data/\346\232\264\351\243\216_\351\207\207\344\272\214-04.js"
 create mode 100644 "source/js/sevencolor/3/data/\346\232\264\351\243\216_\351\207\207\344\272\214-05.js"
 create mode 100644 "source/js/sevencolor/3/data/\346\232\264\351\243\216_\351\207\207\344\272\214-06.js"
 create mode 100644 "source/js/sevencolor/3/data/\346\232\264\351\243\216_\351\207\207\344\272\214-07.js"
 create mode 100644 "source/js/sevencolor/3/data/\346\232\264\351\243\216_\351\207\207\344\272\214-08.js"
 create mode 100644 "source/js/sevencolor/3/data/\346\232\264\351\243\216_\351\207\207\344\272\214-09.js"
 create mode 100644 "source/js/sevencolor/3/data/\346\232\264\351\243\216_\351\207\207\344\272\214-10.js"
 create mode 100644 "source/js/sevencolor/3/data/\346\232\264\351\243\216_\351\207\207\344\272\214-100.js"
 create mode 100644 "source/js/sevencolor/3/data/\346\232\264\351\243\216_\351\207\207\344\272\214-101.js"
 create mode 100644 "source/js/sevencolor/3/data/\346\232\264\351\243\216_\351\207\207\344\272\214-102.js"
 create mode 100644 "source/js/sevencolor/3/data/\346\232\264\351\243\216_\351\207\207\344\272\214-103.js"
 create mode 100644 "source/js/sevencolor/3/data/\346\232\264\351\243\216_\351\207\207\344\272\214-104.js"
 create mode 100644 "source/js/sevencolor/3/data/\346\232\264\351\243\216_\351\207\207\344\272\214-105.js"
 create mode 100644 "source/js/sevencolor/3/data/\346\232\264\351\243\216_\351\207\207\344\272\214-106.js"
 create mode 100644 "source/js/sevencolor/3/data/\346\232\264\351\243\216_\351\207\207\344\272\214-107.js"
 create mode 100644 "source/js/sevencolor/3/data/\346\232\264\351\243\216_\351\207\207\344\272\214-108.js"
 create mode 100644 "source/js/sevencolor/3/data/\346\232\264\351\243\216_\351\207\207\344\272\214-109.js"
 create mode 100644 "source/js/sevencolor/3/data/\346\232\264\351\243\216_\351\207\207\344\272\214-11.js"
 create mode 100644 "source/js/sevencolor/3/data/\346\232\264\351\243\216_\351\207\207\344\272\214-110.js"
 create mode 100644 "source/js/sevencolor/3/data/\346\232\264\351\243\216_\351\207\207\344\272\214-111.js"
 create mode 100644 "source/js/sevencolor/3/data/\346\232\264\351\243\216_\351\207\207\344\272\214-112.js"
 create mode 100644 "source/js/sevencolor/3/data/\346\232\264\351\243\216_\351\207\207\344\272\214-113.js"
 create mode 100644 "source/js/sevencolor/3/data/\346\232\264\351\243\216_\351\207\207\344\272\214-114.js"
 create mode 100644 "source/js/sevencolor/3/data/\346\232\264\351\243\216_\351\207\207\344\272\214-115.js"
 create mode 100644 "source/js/sevencolor/3/data/\346\232\264\351\243\216_\351\207\207\344\272\214-116.js"
 create mode 100644 "source/js/sevencolor/3/data/\346\232\264\351\243\216_\351\207\207\344\272\214-117.js"
 create mode 100644 "source/js/sevencolor/3/data/\346\232\264\351\243\216_\351\207\207\344\272\214-118.js"
 create mode 100644 "source/js/sevencolor/3/data/\346\232\264\351\243\216_\351\207\207\344\272\214-119.js"
 create mode 100644 "source/js/sevencolor/3/data/\346\232\264\351\243\216_\351\207\207\344\272\214-12.js"
 create mode 100644 "source/js/sevencolor/3/data/\346\232\264\351\243\216_\351\207\207\344\272\214-120.js"
 create mode 100644 "source/js/sevencolor/3/data/\346\232\264\351\243\216_\351\207\207\344\272\214-121.js"
 create mode 100644 "source/js/sevencolor/3/data/\346\232\264\351\243\216_\351\207\207\344\272\214-122.js"
 create mode 100644 "source/js/sevencolor/3/data/\346\232\264\351\243\216_\351\207\207\344\272\214-123.js"
 create mode 100644 "source/js/sevencolor/3/data/\346\232\264\351\243\216_\351\207\207\344\272\214-124.js"
 create mode 100644 "source/js/sevencolor/3/data/\346\232\264\351\243\216_\351\207\207\344\272\214-125.js"
 create mode 100644 "source/js/sevencolor/3/data/\346\232\264\351\243\216_\351\207\207\344\272\214-126.js"
 create mode 100644 "source/js/sevencolor/3/data/\346\232\264\351\243\216_\351\207\207\344\272\214-127.js"
 create mode 100644 "source/js/sevencolor/3/data/\346\232\264\351\243\216_\351\207\207\344\272\214-128.js"
 create mode 100644 "source/js/sevencolor/3/data/\346\232\264\351\243\216_\351\207\207\344\272\214-129.js"
 create mode 100644 "source/js/sevencolor/3/data/\346\232\264\351\243\216_\351\207\207\344\272\214-13.js"
 create mode 100644 "source/js/sevencolor/3/data/\346\232\264\351\243\216_\351\207\207\344\272\214-130.js"
 create mode 100644 "source/js/sevencolor/3/data/\346\232\264\351\243\216_\351\207\207\344\272\214-131.js"
 create mode 100644 "source/js/sevencolor/3/data/\346\232\264\351\243\216_\351\207\207\344\272\214-132.js"
 create mode 100644 "source/js/sevencolor/3/data/\346\232\264\351\243\216_\351\207\207\344\272\214-133.js"
 create mode 100644 "source/js/sevencolor/3/data/\346\232\264\351\243\216_\351\207\207\344\272\214-134.js"
 create mode 100644 "source/js/sevencolor/3/data/\346\232\264\351\243\216_\351\207\207\344\272\214-135.js"
 create mode 100644 "source/js/sevencolor/3/data/\346\232\264\351\243\216_\351\207\207\344\272\214-136.js"
 create mode 100644 "source/js/sevencolor/3/data/\346\232\264\351\243\216_\351\207\207\344\272\214-137.js"
 create mode 100644 "source/js/sevencolor/3/data/\346\232\264\351\243\216_\351\207\207\344\272\214-138.js"
 create mode 100644 "source/js/sevencolor/3/data/\346\232\264\351\243\216_\351\207\207\344\272\214-139.js"
 create mode 100644 "source/js/sevencolor/3/data/\346\232\264\351\243\216_\351\207\207\344\272\214-14.js"
 create mode 100644 "source/js/sevencolor/3/data/\346\232\264\351\243\216_\351\207\207\344\272\214-140.js"
 create mode 100644 "source/js/sevencolor/3/data/\346\232\264\351\243\216_\351\207\207\344\272\214-141.js"
 create mode 100644 "source/js/sevencolor/3/data/\346\232\264\351\243\216_\351\207\207\344\272\214-142.js"
 create mode 100644 "source/js/sevencolor/3/data/\346\232\264\351\243\216_\351\207\207\344\272\214-143.js"
 create mode 100644 "source/js/sevencolor/3/data/\346\232\264\351\243\216_\351\207\207\344\272\214-144.js"
 create mode 100644 "source/js/sevencolor/3/data/\346\232\264\351\243\216_\351\207\207\344\272\214-145.js"
 create mode 100644 "source/js/sevencolor/3/data/\346\232\264\351\243\216_\351\207\207\344\272\214-146.js"
 create mode 100644 "source/js/sevencolor/3/data/\346\232\264\351\243\216_\351\207\207\344\272\214-147.js"
 create mode 100644 "source/js/sevencolor/3/data/\346\232\264\351\243\216_\351\207\207\344\272\214-148.js"
 create mode 100644 "source/js/sevencolor/3/data/\346\232\264\351\243\216_\351\207\207\344\272\214-149.js"
 create mode 100644 "source/js/sevencolor/3/data/\346\232\264\351\243\216_\351\207\207\344\272\214-15.js"
 create mode 100644 "source/js/sevencolor/3/data/\346\232\264\351\243\216_\351\207\207\344\272\214-150.js"
 create mode 100644 "source/js/sevencolor/3/data/\346\232\264\351\243\216_\351\207\207\344\272\214-151.js"
 create mode 100644 "source/js/sevencolor/3/data/\346\232\264\351\243\216_\351\207\207\344\272\214-152.js"
 create mode 100644 "source/js/sevencolor/3/data/\346\232\264\351\243\216_\351\207\207\344\272\214-153.js"
 create mode 100644 "source/js/sevencolor/3/data/\346\232\264\351\243\216_\351\207\207\344\272\214-154.js"
 create mode 100644 "source/js/sevencolor/3/data/\346\232\264\351\243\216_\351\207\207\344\272\214-155.js"
 create mode 100644 "source/js/sevencolor/3/data/\346\232\264\351\243\216_\351\207\207\344\272\214-156.js"
 create mode 100644 "source/js/sevencolor/3/data/\346\232\264\351\243\216_\351\207\207\344\272\214-157.js"
 create mode 100644 "source/js/sevencolor/3/data/\346\232\264\351\243\216_\351\207\207\344\272\214-158.js"
 create mode 100644 "source/js/sevencolor/3/data/\346\232\264\351\243\216_\351\207\207\344\272\214-159.js"
 create mode 100644 "source/js/sevencolor/3/data/\346\232\264\351\243\216_\351\207\207\344\272\214-16.js"
 create mode 100644 "source/js/sevencolor/3/data/\346\232\264\351\243\216_\351\207\207\344\272\214-160.js"
 create mode 100644 "source/js/sevencolor/3/data/\346\232\264\351\243\216_\351\207\207\344\272\214-161.js"
 create mode 100644 "source/js/sevencolor/3/data/\346\232\264\351\243\216_\351\207\207\344\272\214-162.js"
 create mode 100644 "source/js/sevencolor/3/data/\346\232\264\351\243\216_\351\207\207\344\272\214-163.js"
 create mode 100644 "source/js/sevencolor/3/data/\346\232\264\351\243\216_\351\207\207\344\272\214-164.js"
 create mode 100644 "source/js/sevencolor/3/data/\346\232\264\351\243\216_\351\207\207\344\272\214-165.js"
 create mode 100644 "source/js/sevencolor/3/data/\346\232\264\351\243\216_\351\207\207\344\272\214-166.js"
 create mode 100644 "source/js/sevencolor/3/data/\346\232\264\351\243\216_\351\207\207\344\272\214-167.js"
 create mode 100644 "source/js/sevencolor/3/data/\346\232\264\351\243\216_\351\207\207\344\272\214-168.js"
 create mode 100644 "source/js/sevencolor/3/data/\346\232\264\351\243\216_\351\207\207\344\272\214-169.js"
 create mode 100644 "source/js/sevencolor/3/data/\346\232\264\351\243\216_\351\207\207\344\272\214-17.js"
 create mode 100644 "source/js/sevencolor/3/data/\346\232\264\351\243\216_\351\207\207\344\272\214-170.js"
 create mode 100644 "source/js/sevencolor/3/data/\346\232\264\351\243\216_\351\207\207\344\272\214-171.js"
 create mode 100644 "source/js/sevencolor/3/data/\346\232\264\351\243\216_\351\207\207\344\272\214-172.js"
 create mode 100644 "source/js/sevencolor/3/data/\346\232\264\351\243\216_\351\207\207\344\272\214-173.js"
 create mode 100644 "source/js/sevencolor/3/data/\346\232\264\351\243\216_\351\207\207\344\272\214-174.js"
 create mode 100644 "source/js/sevencolor/3/data/\346\232\264\351\243\216_\351\207\207\344\272\214-175.js"
 create mode 100644 "source/js/sevencolor/3/data/\346\232\264\351\243\216_\351\207\207\344\272\214-176.js"
 create mode 100644 "source/js/sevencolor/3/data/\346\232\264\351\243\216_\351\207\207\344\272\214-177.js"
 create mode 100644 "source/js/sevencolor/3/data/\346\232\264\351\243\216_\351\207\207\344\272\214-178.js"
 create mode 100644 "source/js/sevencolor/3/data/\346\232\264\351\243\216_\351\207\207\344\272\214-179.js"
 create mode 100644 "source/js/sevencolor/3/data/\346\232\264\351\243\216_\351\207\207\344\272\214-18.js"
 create mode 100644 "source/js/sevencolor/3/data/\346\232\264\351\243\216_\351\207\207\344\272\214-180.js"
 create mode 100644 "source/js/sevencolor/3/data/\346\232\264\351\243\216_\351\207\207\344\272\214-181.js"
 create mode 100644 "source/js/sevencolor/3/data/\346\232\264\351\243\216_\351\207\207\344\272\214-182.js"
 create mode 100644 "source/js/sevencolor/3/data/\346\232\264\351\243\216_\351\207\207\344\272\214-183.js"
 create mode 100644 "source/js/sevencolor/3/data/\346\232\264\351\243\216_\351\207\207\344\272\214-184.js"
 create mode 100644 "source/js/sevencolor/3/data/\346\232\264\351\243\216_\351\207\207\344\272\214-185.js"
 create mode 100644 "source/js/sevencolor/3/data/\346\232\264\351\243\216_\351\207\207\344\272\214-186.js"
 create mode 100644 "source/js/sevencolor/3/data/\346\232\264\351\243\216_\351\207\207\344\272\214-187.js"
 create mode 100644 "source/js/sevencolor/3/data/\346\232\264\351\243\216_\351\207\207\344\272\214-188.js"
 create mode 100644 "source/js/sevencolor/3/data/\346\232\264\351\243\216_\351\207\207\344\272\214-189.js"
 create mode 100644 "source/js/sevencolor/3/data/\346\232\264\351\243\216_\351\207\207\344\272\214-19.js"
 create mode 100644 "source/js/sevencolor/3/data/\346\232\264\351\243\216_\351\207\207\344\272\214-190.js"
 create mode 100644 "source/js/sevencolor/3/data/\346\232\264\351\243\216_\351\207\207\344\272\214-191.js"
 create mode 100644 "source/js/sevencolor/3/data/\346\232\264\351\243\216_\351\207\207\344\272\214-192.js"
 create mode 100644 "source/js/sevencolor/3/data/\346\232\264\351\243\216_\351\207\207\344\272\214-193.js"
 create mode 100644 "source/js/sevencolor/3/data/\346\232\264\351\243\216_\351\207\207\344\272\214-194.js"
 create mode 100644 "source/js/sevencolor/3/data/\346\232\264\351\243\216_\351\207\207\344\272\214-195.js"
 create mode 100644 "source/js/sevencolor/3/data/\346\232\264\351\243\216_\351\207\207\344\272\214-196.js"
 create mode 100644 "source/js/sevencolor/3/data/\346\232\264\351\243\216_\351\207\207\344\272\214-197.js"
 create mode 100644 "source/js/sevencolor/3/data/\346\232\264\351\243\216_\351\207\207\344\272\214-198.js"
 create mode 100644 "source/js/sevencolor/3/data/\346\232\264\351\243\216_\351\207\207\344\272\214-199.js"
 create mode 100644 "source/js/sevencolor/3/data/\346\232\264\351\243\216_\351\207\207\344\272\214-20.js"
 create mode 100644 "source/js/sevencolor/3/data/\346\232\264\351\243\216_\351\207\207\344\272\214-200.js"
 create mode 100644 "source/js/sevencolor/3/data/\346\232\264\351\243\216_\351\207\207\344\272\214-21.js"
 create mode 100644 "source/js/sevencolor/3/data/\346\232\264\351\243\216_\351\207\207\344\272\214-22.js"
 create mode 100644 "source/js/sevencolor/3/data/\346\232\264\351\243\216_\351\207\207\344\272\214-23.js"
 create mode 100644 "source/js/sevencolor/3/data/\346\232\264\351\243\216_\351\207\207\344\272\214-24.js"
 create mode 100644 "source/js/sevencolor/3/data/\346\232\264\351\243\216_\351\207\207\344\272\214-25.js"
 create mode 100644 "source/js/sevencolor/3/data/\346\232\264\351\243\216_\351\207\207\344\272\214-26.js"
 create mode 100644 "source/js/sevencolor/3/data/\346\232\264\351\243\216_\351\207\207\344\272\214-27.js"
 create mode 100644 "source/js/sevencolor/3/data/\346\232\264\351\243\216_\351\207\207\344\272\214-28.js"
 create mode 100644 "source/js/sevencolor/3/data/\346\232\264\351\243\216_\351\207\207\344\272\214-29.js"
 create mode 100644 "source/js/sevencolor/3/data/\346\232\264\351\243\216_\351\207\207\344\272\214-30.js"
 create mode 100644 "source/js/sevencolor/3/data/\346\232\264\351\243\216_\351\207\207\344\272\214-31.js"
 create mode 100644 "source/js/sevencolor/3/data/\346\232\264\351\243\216_\351\207\207\344\272\214-32.js"
 create mode 100644 "source/js/sevencolor/3/data/\346\232\264\351\243\216_\351\207\207\344\272\214-33.js"
 create mode 100644 "source/js/sevencolor/3/data/\346\232\264\351\243\216_\351\207\207\344\272\214-34.js"
 create mode 100644 "source/js/sevencolor/3/data/\346\232\264\351\243\216_\351\207\207\344\272\214-35.js"
 create mode 100644 "source/js/sevencolor/3/data/\346\232\264\351\243\216_\351\207\207\344\272\214-36.js"
 create mode 100644 "source/js/sevencolor/3/data/\346\232\264\351\243\216_\351\207\207\344\272\214-37.js"
 create mode 100644 "source/js/sevencolor/3/data/\346\232\264\351\243\216_\351\207\207\344\272\214-38.js"
 create mode 100644 "source/js/sevencolor/3/data/\346\232\264\351\243\216_\351\207\207\344\272\214-39.js"
 create mode 100644 "source/js/sevencolor/3/data/\346\232\264\351\243\216_\351\207\207\344\272\214-40.js"
 create mode 100644 "source/js/sevencolor/3/data/\346\232\264\351\243\216_\351\207\207\344\272\214-41.js"
 create mode 100644 "source/js/sevencolor/3/data/\346\232\264\351\243\216_\351\207\207\344\272\214-42.js"
 create mode 100644 "source/js/sevencolor/3/data/\346\232\264\351\243\216_\351\207\207\344\272\214-43.js"
 rename source/js/sevencolor/3/data/bfzyapi-32.js => "source/js/sevencolor/3/data/\346\232\264\351\243\216_\351\207\207\344\272\214-44.js" (84%)
 create mode 100644 "source/js/sevencolor/3/data/\346\232\264\351\243\216_\351\207\207\344\272\214-45.js"
 create mode 100644 "source/js/sevencolor/3/data/\346\232\264\351\243\216_\351\207\207\344\272\214-46.js"
 create mode 100644 "source/js/sevencolor/3/data/\346\232\264\351\243\216_\351\207\207\344\272\214-47.js"
 create mode 100644 "source/js/sevencolor/3/data/\346\232\264\351\243\216_\351\207\207\344\272\214-48.js"
 create mode 100644 "source/js/sevencolor/3/data/\346\232\264\351\243\216_\351\207\207\344\272\214-49.js"
 create mode 100644 "source/js/sevencolor/3/data/\346\232\264\351\243\216_\351\207\207\344\272\214-50.js"
 create mode 100644 "source/js/sevencolor/3/data/\346\232\264\351\243\216_\351\207\207\344\272\214-51.js"
 create mode 100644 "source/js/sevencolor/3/data/\346\232\264\351\243\216_\351\207\207\344\272\214-52.js"
 create mode 100644 "source/js/sevencolor/3/data/\346\232\264\351\243\216_\351\207\207\344\272\214-53.js"
 create mode 100644 "source/js/sevencolor/3/data/\346\232\264\351\243\216_\351\207\207\344\272\214-54.js"
 create mode 100644 "source/js/sevencolor/3/data/\346\232\264\351\243\216_\351\207\207\344\272\214-55.js"
 create mode 100644 "source/js/sevencolor/3/data/\346\232\264\351\243\216_\351\207\207\344\272\214-56.js"
 create mode 100644 "source/js/sevencolor/3/data/\346\232\264\351\243\216_\351\207\207\344\272\214-57.js"
 create mode 100644 "source/js/sevencolor/3/data/\346\232\264\351\243\216_\351\207\207\344\272\214-58.js"
 create mode 100644 "source/js/sevencolor/3/data/\346\232\264\351\243\216_\351\207\207\344\272\214-59.js"
 create mode 100644 "source/js/sevencolor/3/data/\346\232\264\351\243\216_\351\207\207\344\272\214-60.js"
 create mode 100644 "source/js/sevencolor/3/data/\346\232\264\351\243\216_\351\207\207\344\272\214-61.js"
 create mode 100644 "source/js/sevencolor/3/data/\346\232\264\351\243\216_\351\207\207\344\272\214-62.js"
 create mode 100644 "source/js/sevencolor/3/data/\346\232\264\351\243\216_\351\207\207\344\272\214-63.js"
 create mode 100644 "source/js/sevencolor/3/data/\346\232\264\351\243\216_\351\207\207\344\272\214-64.js"
 create mode 100644 "source/js/sevencolor/3/data/\346\232\264\351\243\216_\351\207\207\344\272\214-65.js"
 create mode 100644 "source/js/sevencolor/3/data/\346\232\264\351\243\216_\351\207\207\344\272\214-66.js"
 create mode 100644 "source/js/sevencolor/3/data/\346\232\264\351\243\216_\351\207\207\344\272\214-67.js"
 rename source/js/sevencolor/3/data/bfzyapi-57.js => "source/js/sevencolor/3/data/\346\232\264\351\243\216_\351\207\207\344\272\214-68.js" (52%)
 create mode 100644 "source/js/sevencolor/3/data/\346\232\264\351\243\216_\351\207\207\344\272\214-69.js"
 create mode 100644 "source/js/sevencolor/3/data/\346\232\264\351\243\216_\351\207\207\344\272\214-70.js"
 create mode 100644 "source/js/sevencolor/3/data/\346\232\264\351\243\216_\351\207\207\344\272\214-71.js"
 create mode 100644 "source/js/sevencolor/3/data/\346\232\264\351\243\216_\351\207\207\344\272\214-72.js"
 create mode 100644 "source/js/sevencolor/3/data/\346\232\264\351\243\216_\351\207\207\344\272\214-73.js"
 create mode 100644 "source/js/sevencolor/3/data/\346\232\264\351\243\216_\351\207\207\344\272\214-74.js"
 create mode 100644 "source/js/sevencolor/3/data/\346\232\264\351\243\216_\351\207\207\344\272\214-75.js"
 create mode 100644 "source/js/sevencolor/3/data/\346\232\264\351\243\216_\351\207\207\344\272\214-76.js"
 create mode 100644 "source/js/sevencolor/3/data/\346\232\264\351\243\216_\351\207\207\344\272\214-77.js"
 create mode 100644 "source/js/sevencolor/3/data/\346\232\264\351\243\216_\351\207\207\344\272\214-78.js"
 create mode 100644 "source/js/sevencolor/3/data/\346\232\264\351\243\216_\351\207\207\344\272\214-79.js"
 create mode 100644 "source/js/sevencolor/3/data/\346\232\264\351\243\216_\351\207\207\344\272\214-80.js"
 create mode 100644 "source/js/sevencolor/3/data/\346\232\264\351\243\216_\351\207\207\344\272\214-81.js"
 create mode 100644 "source/js/sevencolor/3/data/\346\232\264\351\243\216_\351\207\207\344\272\214-82.js"
 create mode 100644 "source/js/sevencolor/3/data/\346\232\264\351\243\216_\351\207\207\344\272\214-83.js"
 create mode 100644 "source/js/sevencolor/3/data/\346\232\264\351\243\216_\351\207\207\344\272\214-84.js"
 create mode 100644 "source/js/sevencolor/3/data/\346\232\264\351\243\216_\351\207\207\344\272\214-85.js"
 create mode 100644 "source/js/sevencolor/3/data/\346\232\264\351\243\216_\351\207\207\344\272\214-86.js"
 create mode 100644 "source/js/sevencolor/3/data/\346\232\264\351\243\216_\351\207\207\344\272\214-87.js"
 create mode 100644 "source/js/sevencolor/3/data/\346\232\264\351\243\216_\351\207\207\344\272\214-88.js"
 create mode 100644 "source/js/sevencolor/3/data/\346\232\264\351\243\216_\351\207\207\344\272\214-89.js"
 create mode 100644 "source/js/sevencolor/3/data/\346\232\264\351\243\216_\351\207\207\344\272\214-90.js"
 create mode 100644 "source/js/sevencolor/3/data/\346\232\264\351\243\216_\351\207\207\344\272\214-91.js"
 create mode 100644 "source/js/sevencolor/3/data/\346\232\264\351\243\216_\351\207\207\344\272\214-92.js"
 create mode 100644 "source/js/sevencolor/3/data/\346\232\264\351\243\216_\351\207\207\344\272\214-93.js"
 create mode 100644 "source/js/sevencolor/3/data/\346\232\264\351\243\216_\351\207\207\344\272\214-94.js"
 create mode 100644 "source/js/sevencolor/3/data/\346\232\264\351\243\216_\351\207\207\344\272\214-95.js"
 create mode 100644 "source/js/sevencolor/3/data/\346\232\264\351\243\216_\351\207\207\344\272\214-96.js"
 create mode 100644 "source/js/sevencolor/3/data/\346\232\264\351\243\216_\351\207\207\344\272\214-97.js"
 create mode 100644 "source/js/sevencolor/3/data/\346\232\264\351\243\216_\351\207\207\344\272\214-98.js"
 create mode 100644 "source/js/sevencolor/3/data/\346\232\264\351\243\216_\351\207\207\344\272\214-99.js"
[GIT] Push 到 origin/source（最多重试 3 次）...
[GIT] Push 尝试 1/3...
[GIT STDERR] To github.com:snowhoo/snowhoo.git
   e84515560..819791c18  source -> source
[GIT] ✅ Push 成功！
============================================================
  结束时间: 2026-06-10 06:23:14.749
  总耗时: 0:51:11
  结果: ✅ 成功
  日志: D:\hexo\hexo-bot\video-bot\202606100532031.log
============================================================
