============================================================
  TVBox 爬虫编排 v2.0
  开始时间: 2026-06-07 09:12:30.496
  日志文件: D:\hexo\hexo-bot\video-bot\202606070912304.log
============================================================
──────────────────────────────────────────────────
[CRAWL] 开始爬取...
[CMD] python "D:\hexo\hexo-bot\video-bot\tvbox-crawler-optimized.py"   (cwd=D:\hexo\hexo-bot\video-bot)
============================================================
  TVBox 播放地址完整爬取 v3.0
  时间: 2026-06-07 09:12:30
  模式: 全量
============================================================
[SRC] 从 config.json 读取 1 个数据源
  [1/1] 0827.json  ✅ 单仓源(33站点) → 新增 6 站点
  ── 汇总: 1个数据源 → 1成功/0失败 → 6个站点（6API + 0直接源）

[SITE] 发现 6 个 API 站点
  [CRAWL] 海外看... 
  [CRAWL] 暴風... 
  [CRAWL] 索尼 ... 
  [CRAWL] 快帆... 
  [CRAWL] 量子... 
❌ 首页接口无响应
❌ 首页接口无响应
  [分页] 索尼 : 固定 80 页, 每页 10 个视频
  [分页] 量子: 固定 80 页, 每页 10 个视频
  [分页] 暴風: 固定 80 页, 每页 10 个视频
  [CRAWL] 非凡... 
  [分页] 非凡: 固定 80 页, 每页 10 个视频
    [索尼 ] 页 10/80: 已写 10 页, 累计 100 个视频
    [非凡] 页 10/80: 已写 10 页, 累计 100 个视频
    [索尼 ] 页 20/80: 已写 20 页, 累计 200 个视频
    [量子] 页 10/80: 已写 10 页, 累计 100 个视频
    [索尼 ] 页 30/80: 已写 30 页, 累计 300 个视频
    [暴風] 页 10/80: 已写 10 页, 累计 100 个视频
    [非凡] 页 20/80: 已写 20 页, 累计 200 个视频
    [索尼 ] 页 40/80: 已写 40 页, 累计 400 个视频
    [量子] 页 20/80: 已写 20 页, 累计 200 个视频
    [非凡] 页 30/80: 已写 30 页, 累计 300 个视频
    [索尼 ] 页 50/80: 已写 50 页, 累计 500 个视频
    [暴風] 页 20/80: 已写 20 页, 累计 200 个视频
    [非凡] 页 40/80: 已写 40 页, 累计 400 个视频
    [量子] 页 30/80: 已写 30 页, 累计 300 个视频
    [非凡] 页 50/80: 已写 50 页, 累计 500 个视频
    [索尼 ] 页 60/80: 已写 60 页, 累计 600 个视频
    [量子] 页 40/80: 已写 40 页, 累计 400 个视频
    [非凡] 页 60/80: 已写 60 页, 累计 600 个视频
    [暴風] 页 30/80: 已写 30 页, 累计 300 个视频
    [索尼 ] 页 70/80: 已写 70 页, 累计 700 个视频
    [非凡] 页 70/80: 已写 70 页, 累计 700 个视频
    [量子] 页 50/80: 已写 50 页, 累计 500 个视频
    [索尼 ] 页 80/80: 已写 80 页, 累计 800 个视频
✅ 800个视频, 14042/14044个可播放, 80页
    [非凡] 页 80/80: 已写 80 页, 累计 800 个视频
    [暴風] 页 40/80: 已写 40 页, 累计 400 个视频
✅ 800个视频, 55164/55164个可播放, 80页
    [量子] 页 60/80: 已写 60 页, 累计 600 个视频
    [暴風] 页 50/80: 已写 50 页, 累计 500 个视频
    [量子] 页 70/80: 已写 70 页, 累计 700 个视频
    [暴風] 页 60/80: 已写 60 页, 累计 600 个视频
    [量子] 页 80/80: 已写 80 页, 累计 800 个视频
✅ 800个视频, 30732/30732个可播放, 80页
    [暴風] 页 70/80: 已写 70 页, 累计 700 个视频
    [暴風] 页 80/80: 已写 80 页, 累计 800 个视频
✅ 800个视频, 18167/18167个可播放, 80页
  站点: 4/6 成功
  视频: 3200 个
  地址: 118107 条 (118105 可播放)
  [DIR] data/ — 4 个站点, 分页文件
  [SRC] report/crawl-report.json
============================================================
[CRAWL] ✅ 爬虫完成
──────────────────────────────────────────────────
[GIT] 开始 Git Push 流程...
[CMD] git config user.name "snowhoo"  (cwd=D:\hexo)
[CMD] git config user.email "snowhoo@example.com"  (cwd=D:\hexo)
[CMD] git diff --quiet -- "source/js/sevencolor/3/data"  (cwd=D:\hexo)
[GIT] 检测到数据变化，准备提交...
[CMD] git add "source/js/sevencolor/3/data"  (cwd=D:\hexo)
[CMD] git commit -m "chore: auto-update TVBox video data"  (cwd=D:\hexo)
[source ffb20f1c] chore: auto-update TVBox video data
 681 files changed, 321 insertions(+), 519 deletions(-)
 delete mode 100644 source/js/sevencolor/3/data/360zy-01.js
 delete mode 100644 source/js/sevencolor/3/data/360zy-02.js
 delete mode 100644 source/js/sevencolor/3/data/360zy-03.js
 delete mode 100644 source/js/sevencolor/3/data/360zy-04.js
 delete mode 100644 source/js/sevencolor/3/data/360zy-05.js
 delete mode 100644 source/js/sevencolor/3/data/360zy-06.js
 delete mode 100644 source/js/sevencolor/3/data/360zy-07.js
 delete mode 100644 source/js/sevencolor/3/data/360zy-08.js
 delete mode 100644 source/js/sevencolor/3/data/360zy-09.js
 delete mode 100644 source/js/sevencolor/3/data/360zy-10.js
 delete mode 100644 source/js/sevencolor/3/data/360zy-11.js
 delete mode 100644 source/js/sevencolor/3/data/360zy-12.js
 delete mode 100644 source/js/sevencolor/3/data/360zy-13.js
 delete mode 100644 source/js/sevencolor/3/data/360zy-14.js
 delete mode 100644 source/js/sevencolor/3/data/360zy-15.js
 delete mode 100644 source/js/sevencolor/3/data/360zy-16.js
 delete mode 100644 source/js/sevencolor/3/data/360zy-17.js
 delete mode 100644 source/js/sevencolor/3/data/360zy-18.js
 delete mode 100644 source/js/sevencolor/3/data/360zy-19.js
 delete mode 100644 source/js/sevencolor/3/data/360zy-20.js
 delete mode 100644 source/js/sevencolor/3/data/360zy-21.js
 delete mode 100644 source/js/sevencolor/3/data/360zy-22.js
 delete mode 100644 source/js/sevencolor/3/data/360zy-23.js
 delete mode 100644 source/js/sevencolor/3/data/360zy-24.js
 delete mode 100644 source/js/sevencolor/3/data/360zy-25.js
 delete mode 100644 source/js/sevencolor/3/data/360zy-26.js
 delete mode 100644 source/js/sevencolor/3/data/360zy-27.js
 delete mode 100644 source/js/sevencolor/3/data/360zy-28.js
 delete mode 100644 source/js/sevencolor/3/data/360zy-29.js
 delete mode 100644 source/js/sevencolor/3/data/360zy-30.js
 delete mode 100644 source/js/sevencolor/3/data/360zy-31.js
 delete mode 100644 source/js/sevencolor/3/data/360zy-32.js
 delete mode 100644 source/js/sevencolor/3/data/360zy-33.js
 delete mode 100644 source/js/sevencolor/3/data/360zy-34.js
 delete mode 100644 source/js/sevencolor/3/data/360zy-35.js
 delete mode 100644 source/js/sevencolor/3/data/360zy-36.js
 delete mode 100644 source/js/sevencolor/3/data/360zy-37.js
 delete mode 100644 source/js/sevencolor/3/data/360zy-38.js
 delete mode 100644 source/js/sevencolor/3/data/360zy-39.js
 delete mode 100644 source/js/sevencolor/3/data/360zy-40.js
 delete mode 100644 source/js/sevencolor/3/data/bfzyapi-01.js
 delete mode 100644 source/js/sevencolor/3/data/bfzyapi-02.js
 delete mode 100644 source/js/sevencolor/3/data/bfzyapi-03.js
 delete mode 100644 source/js/sevencolor/3/data/bfzyapi-04.js
 delete mode 100644 source/js/sevencolor/3/data/bfzyapi-05.js
 delete mode 100644 source/js/sevencolor/3/data/bfzyapi-06.js
 delete mode 100644 source/js/sevencolor/3/data/bfzyapi-07.js
 delete mode 100644 source/js/sevencolor/3/data/bfzyapi-08.js
 delete mode 100644 source/js/sevencolor/3/data/bfzyapi-09.js
 delete mode 100644 source/js/sevencolor/3/data/bfzyapi-10.js
 delete mode 100644 source/js/sevencolor/3/data/bfzyapi-11.js
 delete mode 100644 source/js/sevencolor/3/data/bfzyapi-12.js
 delete mode 100644 source/js/sevencolor/3/data/bfzyapi-13.js
 delete mode 100644 source/js/sevencolor/3/data/bfzyapi-14.js
 delete mode 100644 source/js/sevencolor/3/data/bfzyapi-15.js
 delete mode 100644 source/js/sevencolor/3/data/bfzyapi-16.js
 delete mode 100644 source/js/sevencolor/3/data/bfzyapi-17.js
 delete mode 100644 source/js/sevencolor/3/data/bfzyapi-18.js
 delete mode 100644 source/js/sevencolor/3/data/bfzyapi-19.js
 delete mode 100644 source/js/sevencolor/3/data/bfzyapi-20.js
 delete mode 100644 source/js/sevencolor/3/data/bfzyapi-21.js
 delete mode 100644 source/js/sevencolor/3/data/bfzyapi-22.js
 delete mode 100644 source/js/sevencolor/3/data/bfzyapi-23.js
 delete mode 100644 source/js/sevencolor/3/data/bfzyapi-24.js
 delete mode 100644 source/js/sevencolor/3/data/bfzyapi-25.js
 delete mode 100644 source/js/sevencolor/3/data/bfzyapi-26.js
 delete mode 100644 source/js/sevencolor/3/data/bfzyapi-27.js
 delete mode 100644 source/js/sevencolor/3/data/bfzyapi-28.js
 delete mode 100644 source/js/sevencolor/3/data/bfzyapi-29.js
 delete mode 100644 source/js/sevencolor/3/data/bfzyapi-30.js
 delete mode 100644 source/js/sevencolor/3/data/bfzyapi-31.js
 delete mode 100644 source/js/sevencolor/3/data/bfzyapi-32.js
 delete mode 100644 source/js/sevencolor/3/data/bfzyapi-33.js
 delete mode 100644 source/js/sevencolor/3/data/bfzyapi-34.js
 delete mode 100644 source/js/sevencolor/3/data/bfzyapi-35.js
 delete mode 100644 source/js/sevencolor/3/data/bfzyapi-36.js
 delete mode 100644 source/js/sevencolor/3/data/bfzyapi-37.js
 delete mode 100644 source/js/sevencolor/3/data/bfzyapi-38.js
 delete mode 100644 source/js/sevencolor/3/data/bfzyapi-39.js
 delete mode 100644 source/js/sevencolor/3/data/bfzyapi-40.js
 delete mode 100644 source/js/sevencolor/3/data/guangsuapi-01.js
 delete mode 100644 source/js/sevencolor/3/data/guangsuapi-02.js
 delete mode 100644 source/js/sevencolor/3/data/guangsuapi-03.js
 delete mode 100644 source/js/sevencolor/3/data/guangsuapi-04.js
 delete mode 100644 source/js/sevencolor/3/data/guangsuapi-05.js
 delete mode 100644 source/js/sevencolor/3/data/guangsuapi-06.js
 delete mode 100644 source/js/sevencolor/3/data/guangsuapi-07.js
 delete mode 100644 source/js/sevencolor/3/data/guangsuapi-08.js
 delete mode 100644 source/js/sevencolor/3/data/guangsuapi-09.js
 delete mode 100644 source/js/sevencolor/3/data/guangsuapi-10.js
 delete mode 100644 source/js/sevencolor/3/data/guangsuapi-11.js
 delete mode 100644 source/js/sevencolor/3/data/guangsuapi-12.js
 delete mode 100644 source/js/sevencolor/3/data/guangsuapi-13.js
 delete mode 100644 source/js/sevencolor/3/data/guangsuapi-14.js
 delete mode 100644 source/js/sevencolor/3/data/guangsuapi-15.js
 delete mode 100644 source/js/sevencolor/3/data/guangsuapi-16.js
 delete mode 100644 source/js/sevencolor/3/data/guangsuapi-17.js
 delete mode 100644 source/js/sevencolor/3/data/guangsuapi-18.js
 delete mode 100644 source/js/sevencolor/3/data/guangsuapi-19.js
 delete mode 100644 source/js/sevencolor/3/data/guangsuapi-20.js
 delete mode 100644 source/js/sevencolor/3/data/guangsuapi-21.js
 delete mode 100644 source/js/sevencolor/3/data/guangsuapi-22.js
 delete mode 100644 source/js/sevencolor/3/data/guangsuapi-23.js
 delete mode 100644 source/js/sevencolor/3/data/guangsuapi-24.js
 delete mode 100644 source/js/sevencolor/3/data/guangsuapi-25.js
 delete mode 100644 source/js/sevencolor/3/data/guangsuapi-26.js
 delete mode 100644 source/js/sevencolor/3/data/guangsuapi-27.js
 delete mode 100644 source/js/sevencolor/3/data/guangsuapi-28.js
 delete mode 100644 source/js/sevencolor/3/data/guangsuapi-29.js
 delete mode 100644 source/js/sevencolor/3/data/guangsuapi-30.js
 delete mode 100644 source/js/sevencolor/3/data/guangsuapi-31.js
 delete mode 100644 source/js/sevencolor/3/data/guangsuapi-32.js
 delete mode 100644 source/js/sevencolor/3/data/guangsuapi-33.js
 delete mode 100644 source/js/sevencolor/3/data/guangsuapi-34.js
 delete mode 100644 source/js/sevencolor/3/data/guangsuapi-35.js
 delete mode 100644 source/js/sevencolor/3/data/guangsuapi-36.js
 delete mode 100644 source/js/sevencolor/3/data/guangsuapi-37.js
 delete mode 100644 source/js/sevencolor/3/data/guangsuapi-38.js
 delete mode 100644 source/js/sevencolor/3/data/guangsuapi-39.js
 delete mode 100644 source/js/sevencolor/3/data/guangsuapi-40.js
 delete mode 100644 source/js/sevencolor/3/data/jszyapi-01.js
 delete mode 100644 source/js/sevencolor/3/data/jszyapi-02.js
 delete mode 100644 source/js/sevencolor/3/data/jszyapi-03.js
 delete mode 100644 source/js/sevencolor/3/data/jszyapi-04.js
 delete mode 100644 source/js/sevencolor/3/data/jszyapi-05.js
 delete mode 100644 source/js/sevencolor/3/data/jszyapi-06.js
 delete mode 100644 source/js/sevencolor/3/data/jszyapi-07.js
 delete mode 100644 source/js/sevencolor/3/data/jszyapi-08.js
 delete mode 100644 source/js/sevencolor/3/data/jszyapi-09.js
 delete mode 100644 source/js/sevencolor/3/data/jszyapi-10.js
 delete mode 100644 source/js/sevencolor/3/data/jszyapi-11.js
 delete mode 100644 source/js/sevencolor/3/data/jszyapi-12.js
 delete mode 100644 source/js/sevencolor/3/data/jszyapi-13.js
 delete mode 100644 source/js/sevencolor/3/data/jszyapi-14.js
 delete mode 100644 source/js/sevencolor/3/data/jszyapi-15.js
 delete mode 100644 source/js/sevencolor/3/data/jszyapi-16.js
 delete mode 100644 source/js/sevencolor/3/data/jszyapi-17.js
 delete mode 100644 source/js/sevencolor/3/data/jszyapi-18.js
 delete mode 100644 source/js/sevencolor/3/data/jszyapi-19.js
 delete mode 100644 source/js/sevencolor/3/data/jszyapi-20.js
 delete mode 100644 source/js/sevencolor/3/data/jszyapi-21.js
 delete mode 100644 source/js/sevencolor/3/data/jszyapi-22.js
 delete mode 100644 source/js/sevencolor/3/data/jszyapi-23.js
 delete mode 100644 source/js/sevencolor/3/data/jszyapi-24.js
 delete mode 100644 source/js/sevencolor/3/data/jszyapi-25.js
 delete mode 100644 source/js/sevencolor/3/data/jszyapi-26.js
 delete mode 100644 source/js/sevencolor/3/data/jszyapi-27.js
 delete mode 100644 source/js/sevencolor/3/data/jszyapi-28.js
 delete mode 100644 source/js/sevencolor/3/data/jszyapi-29.js
 delete mode 100644 source/js/sevencolor/3/data/jszyapi-30.js
 delete mode 100644 source/js/sevencolor/3/data/jszyapi-31.js
 delete mode 100644 source/js/sevencolor/3/data/jszyapi-32.js
 delete mode 100644 source/js/sevencolor/3/data/jszyapi-33.js
 delete mode 100644 source/js/sevencolor/3/data/jszyapi-34.js
 delete mode 100644 source/js/sevencolor/3/data/jszyapi-35.js
 delete mode 100644 source/js/sevencolor/3/data/jszyapi-36.js
 delete mode 100644 source/js/sevencolor/3/data/jszyapi-37.js
 delete mode 100644 source/js/sevencolor/3/data/jszyapi-38.js
 delete mode 100644 source/js/sevencolor/3/data/jszyapi-39.js
 delete mode 100644 source/js/sevencolor/3/data/jszyapi-40.js
 create mode 100644 "source/js/sevencolor/3/data/\346\232\264\351\242\250-34.js"
 create mode 100644 "source/js/sevencolor/3/data/\346\232\264\351\242\250-38.js"
 create mode 100644 "source/js/sevencolor/3/data/\346\232\264\351\242\250-41.js"
 create mode 100644 "source/js/sevencolor/3/data/\346\232\264\351\242\250-42.js"
 create mode 100644 "source/js/sevencolor/3/data/\346\232\264\351\242\250-43.js"
 create mode 100644 "source/js/sevencolor/3/data/\346\232\264\351\242\250-44.js"
 create mode 100644 "source/js/sevencolor/3/data/\346\232\264\351\242\250-45.js"
 create mode 100644 "source/js/sevencolor/3/data/\346\232\264\351\242\250-46.js"
 create mode 100644 "source/js/sevencolor/3/data/\346\232\264\351\242\250-47.js"
 create mode 100644 "source/js/sevencolor/3/data/\346\232\264\351\242\250-48.js"
 create mode 100644 "source/js/sevencolor/3/data/\346\232\264\351\242\250-49.js"
 create mode 100644 "source/js/sevencolor/3/data/\346\232\264\351\242\250-50.js"
 create mode 100644 "source/js/sevencolor/3/data/\346\232\264\351\242\250-51.js"
 create mode 100644 "source/js/sevencolor/3/data/\346\232\264\351\242\250-52.js"
 create mode 100644 "source/js/sevencolor/3/data/\346\232\264\351\242\250-53.js"
 create mode 100644 "source/js/sevencolor/3/data/\346\232\264\351\242\250-54.js"
 create mode 100644 "source/js/sevencolor/3/data/\346\232\264\351\242\250-55.js"
 create mode 100644 "source/js/sevencolor/3/data/\346\232\264\351\242\250-56.js"
 create mode 100644 "source/js/sevencolor/3/data/\346\232\264\351\242\250-57.js"
 create mode 100644 "source/js/sevencolor/3/data/\346\232\264\351\242\250-58.js"
 create mode 100644 "source/js/sevencolor/3/data/\346\232\264\351\242\250-59.js"
 create mode 100644 "source/js/sevencolor/3/data/\346\232\264\351\242\250-60.js"
 create mode 100644 "source/js/sevencolor/3/data/\346\232\264\351\242\250-61.js"
 create mode 100644 "source/js/sevencolor/3/data/\346\232\264\351\242\250-62.js"
 create mode 100644 "source/js/sevencolor/3/data/\346\232\264\351\242\250-63.js"
 create mode 100644 "source/js/sevencolor/3/data/\346\232\264\351\242\250-64.js"
 create mode 100644 "source/js/sevencolor/3/data/\346\232\264\351\242\250-65.js"
 create mode 100644 "source/js/sevencolor/3/data/\346\232\264\351\242\250-66.js"
 create mode 100644 "source/js/sevencolor/3/data/\346\232\264\351\242\250-67.js"
 create mode 100644 "source/js/sevencolor/3/data/\346\232\264\351\242\250-68.js"
 create mode 100644 "source/js/sevencolor/3/data/\346\232\264\351\242\250-69.js"
 create mode 100644 "source/js/sevencolor/3/data/\346\232\264\351\242\250-70.js"
 create mode 100644 "source/js/sevencolor/3/data/\346\232\264\351\242\250-71.js"
 create mode 100644 "source/js/sevencolor/3/data/\346\232\264\351\242\250-72.js"
 create mode 100644 "source/js/sevencolor/3/data/\346\232\264\351\242\250-73.js"
 create mode 100644 "source/js/sevencolor/3/data/\346\232\264\351\242\250-74.js"
 create mode 100644 "source/js/sevencolor/3/data/\346\232\264\351\242\250-75.js"
 create mode 100644 "source/js/sevencolor/3/data/\346\232\264\351\242\250-76.js"
 create mode 100644 "source/js/sevencolor/3/data/\346\232\264\351\242\250-77.js"
 create mode 100644 "source/js/sevencolor/3/data/\346\232\264\351\242\250-78.js"
 create mode 100644 "source/js/sevencolor/3/data/\346\232\264\351\242\250-79.js"
 create mode 100644 "source/js/sevencolor/3/data/\346\232\264\351\242\250-80.js"
 delete mode 100644 "source/js/sevencolor/3/data/\347\201\253\347\213\220\351\207\207\351\233\206-01.js"
 delete mode 100644 "source/js/sevencolor/3/data/\347\201\253\347\213\220\351\207\207\351\233\206-02.js"
 delete mode 100644 "source/js/sevencolor/3/data/\347\201\253\347\213\220\351\207\207\351\233\206-03.js"
 delete mode 100644 "source/js/sevencolor/3/data/\347\201\253\347\213\220\351\207\207\351\233\206-04.js"
 delete mode 100644 "source/js/sevencolor/3/data/\347\201\253\347\213\220\351\207\207\351\233\206-05.js"
 delete mode 100644 "source/js/sevencolor/3/data/\347\201\253\347\213\220\351\207\207\351\233\206-06.js"
 delete mode 100644 "source/js/sevencolor/3/data/\347\201\253\347\213\220\351\207\207\351\233\206-07.js"
 delete mode 100644 "source/js/sevencolor/3/data/\347\201\253\347\213\220\351\207\207\351\233\206-08.js"
 delete mode 100644 "source/js/sevencolor/3/data/\347\201\253\347\213\220\351\207\207\351\233\206-09.js"
 delete mode 100644 "source/js/sevencolor/3/data/\347\201\253\347\213\220\351\207\207\351\233\206-10.js"
 delete mode 100644 "source/js/sevencolor/3/data/\347\201\253\347\213\220\351\207\207\351\233\206-11.js"
 delete mode 100644 "source/js/sevencolor/3/data/\347\201\253\347\213\220\351\207\207\351\233\206-12.js"
 delete mode 100644 "source/js/sevencolor/3/data/\347\201\253\347\213\220\351\207\207\351\233\206-13.js"
 delete mode 100644 "source/js/sevencolor/3/data/\347\201\253\347\213\220\351\207\207\351\233\206-14.js"
 delete mode 100644 "source/js/sevencolor/3/data/\347\201\253\347\213\220\351\207\207\351\233\206-15.js"
 delete mode 100644 "source/js/sevencolor/3/data/\347\201\253\347\213\220\351\207\207\351\233\206-16.js"
 delete mode 100644 "source/js/sevencolor/3/data/\347\201\253\347\213\220\351\207\207\351\233\206-17.js"
 delete mode 100644 "source/js/sevencolor/3/data/\347\201\253\347\213\220\351\207\207\351\233\206-18.js"
 delete mode 100644 "source/js/sevencolor/3/data/\347\201\253\347\213\220\351\207\207\351\233\206-19.js"
 delete mode 100644 "source/js/sevencolor/3/data/\347\201\253\347\213\220\351\207\207\351\233\206-20.js"
 delete mode 100644 "source/js/sevencolor/3/data/\347\201\253\347\213\220\351\207\207\351\233\206-21.js"
 delete mode 100644 "source/js/sevencolor/3/data/\347\201\253\347\213\220\351\207\207\351\233\206-22.js"
 delete mode 100644 "source/js/sevencolor/3/data/\347\201\253\347\213\220\351\207\207\351\233\206-23.js"
 delete mode 100644 "source/js/sevencolor/3/data/\347\201\253\347\213\220\351\207\207\351\233\206-24.js"
 delete mode 100644 "source/js/sevencolor/3/data/\347\201\253\347\213\220\351\207\207\351\233\206-25.js"
 delete mode 100644 "source/js/sevencolor/3/data/\347\201\253\347\213\220\351\207\207\351\233\206-26.js"
 delete mode 100644 "source/js/sevencolor/3/data/\347\201\253\347\213\220\351\207\207\351\233\206-27.js"
 delete mode 100644 "source/js/sevencolor/3/data/\347\201\253\347\213\220\351\207\207\351\233\206-28.js"
 delete mode 100644 "source/js/sevencolor/3/data/\347\201\253\347\213\220\351\207\207\351\233\206-29.js"
 delete mode 100644 "source/js/sevencolor/3/data/\347\201\253\347\213\220\351\207\207\351\233\206-30.js"
 delete mode 100644 "source/js/sevencolor/3/data/\347\201\253\347\213\220\351\207\207\351\233\206-31.js"
 delete mode 100644 "source/js/sevencolor/3/data/\347\201\253\347\213\220\351\207\207\351\233\206-32.js"
 delete mode 100644 "source/js/sevencolor/3/data/\347\201\253\347\213\220\351\207\207\351\233\206-33.js"
 delete mode 100644 "source/js/sevencolor/3/data/\347\201\253\347\213\220\351\207\207\351\233\206-34.js"
 delete mode 100644 "source/js/sevencolor/3/data/\347\201\253\347\213\220\351\207\207\351\233\206-35.js"
 delete mode 100644 "source/js/sevencolor/3/data/\347\201\253\347\213\220\351\207\207\351\233\206-36.js"
 delete mode 100644 "source/js/sevencolor/3/data/\347\201\253\347\213\220\351\207\207\351\233\206-37.js"
 delete mode 100644 "source/js/sevencolor/3/data/\347\201\253\347\213\220\351\207\207\351\233\206-38.js"
 delete mode 100644 "source/js/sevencolor/3/data/\347\201\253\347\213\220\351\207\207\351\233\206-39.js"
 delete mode 100644 "source/js/sevencolor/3/data/\347\201\253\347\213\220\351\207\207\351\233\206-40.js"
 delete mode 100644 "source/js/sevencolor/3/data/\347\231\276\345\272\246_\351\207\207\351\233\206-01.js"
 delete mode 100644 "source/js/sevencolor/3/data/\347\231\276\345\272\246_\351\207\207\351\233\206-02.js"
 delete mode 100644 "source/js/sevencolor/3/data/\347\231\276\345\272\246_\351\207\207\351\233\206-03.js"
 delete mode 100644 "source/js/sevencolor/3/data/\347\231\276\345\272\246_\351\207\207\351\233\206-04.js"
 delete mode 100644 "source/js/sevencolor/3/data/\347\231\276\345\272\246_\351\207\207\351\233\206-05.js"
 delete mode 100644 "source/js/sevencolor/3/data/\347\231\276\345\272\246_\351\207\207\351\233\206-06.js"
 delete mode 100644 "source/js/sevencolor/3/data/\347\231\276\345\272\246_\351\207\207\351\233\206-07.js"
 delete mode 100644 "source/js/sevencolor/3/data/\347\231\276\345\272\246_\351\207\207\351\233\206-08.js"
 delete mode 100644 "source/js/sevencolor/3/data/\347\231\276\345\272\246_\351\207\207\351\233\206-09.js"
 delete mode 100644 "source/js/sevencolor/3/data/\347\231\276\345\272\246_\351\207\207\351\233\206-10.js"
 delete mode 100644 "source/js/sevencolor/3/data/\347\231\276\345\272\246_\351\207\207\351\233\206-11.js"
 delete mode 100644 "source/js/sevencolor/3/data/\347\231\276\345\272\246_\351\207\207\351\233\206-12.js"
 delete mode 100644 "source/js/sevencolor/3/data/\347\231\276\345\272\246_\351\207\207\351\233\206-13.js"
 delete mode 100644 "source/js/sevencolor/3/data/\347\231\276\345\272\246_\351\207\207\351\233\206-14.js"
 delete mode 100644 "source/js/sevencolor/3/data/\347\231\276\345\272\246_\351\207\207\351\233\206-15.js"
 delete mode 100644 "source/js/sevencolor/3/data/\347\231\276\345\272\246_\351\207\207\351\233\206-16.js"
 delete mode 100644 "source/js/sevencolor/3/data/\347\231\276\345\272\246_\351\207\207\351\233\206-17.js"
 delete mode 100644 "source/js/sevencolor/3/data/\347\231\276\345\272\246_\351\207\207\351\233\206-18.js"
 delete mode 100644 "source/js/sevencolor/3/data/\347\231\276\345\272\246_\351\207\207\351\233\206-19.js"
 delete mode 100644 "source/js/sevencolor/3/data/\347\231\276\345\272\246_\351\207\207\351\233\206-20.js"
 delete mode 100644 "source/js/sevencolor/3/data/\347\231\276\345\272\246_\351\207\207\351\233\206-21.js"
 delete mode 100644 "source/js/sevencolor/3/data/\347\231\276\345\272\246_\351\207\207\351\233\206-22.js"
 delete mode 100644 "source/js/sevencolor/3/data/\347\231\276\345\272\246_\351\207\207\351\233\206-23.js"
 delete mode 100644 "source/js/sevencolor/3/data/\347\231\276\345\272\246_\351\207\207\351\233\206-24.js"
 delete mode 100644 "source/js/sevencolor/3/data/\347\231\276\345\272\246_\351\207\207\351\233\206-25.js"
 delete mode 100644 "source/js/sevencolor/3/data/\347\231\276\345\272\246_\351\207\207\351\233\206-26.js"
 delete mode 100644 "source/js/sevencolor/3/data/\347\231\276\345\272\246_\351\207\207\351\233\206-27.js"
 delete mode 100644 "source/js/sevencolor/3/data/\347\231\276\345\272\246_\351\207\207\351\233\206-28.js"
 delete mode 100644 "source/js/sevencolor/3/data/\347\231\276\345\272\246_\351\207\207\351\233\206-29.js"
 delete mode 100644 "source/js/sevencolor/3/data/\347\231\276\345\272\246_\351\207\207\351\233\206-30.js"
 delete mode 100644 "source/js/sevencolor/3/data/\347\231\276\345\272\246_\351\207\207\351\233\206-31.js"
 delete mode 100644 "source/js/sevencolor/3/data/\347\231\276\345\272\246_\351\207\207\351\233\206-32.js"
 delete mode 100644 "source/js/sevencolor/3/data/\347\231\276\345\272\246_\351\207\207\351\233\206-33.js"
 delete mode 100644 "source/js/sevencolor/3/data/\347\231\276\345\272\246_\351\207\207\351\233\206-34.js"
 delete mode 100644 "source/js/sevencolor/3/data/\347\231\276\345\272\246_\351\207\207\351\233\206-35.js"
 delete mode 100644 "source/js/sevencolor/3/data/\347\231\276\345\272\246_\351\207\207\351\233\206-36.js"
 delete mode 100644 "source/js/sevencolor/3/data/\347\231\276\345\272\246_\351\207\207\351\233\206-37.js"
 delete mode 100644 "source/js/sevencolor/3/data/\347\231\276\345\272\246_\351\207\207\351\233\206-38.js"
 delete mode 100644 "source/js/sevencolor/3/data/\347\231\276\345\272\246_\351\207\207\351\233\206-39.js"
 delete mode 100644 "source/js/sevencolor/3/data/\347\231\276\345\272\246_\351\207\207\351\233\206-40.js"
 create mode 100644 "source/js/sevencolor/3/data/\347\264\242\345\260\274-41.js"
 create mode 100644 "source/js/sevencolor/3/data/\347\264\242\345\260\274-42.js"
 create mode 100644 "source/js/sevencolor/3/data/\347\264\242\345\260\274-43.js"
 create mode 100644 "source/js/sevencolor/3/data/\347\264\242\345\260\274-44.js"
 create mode 100644 "source/js/sevencolor/3/data/\347\264\242\345\260\274-45.js"
 create mode 100644 "source/js/sevencolor/3/data/\347\264\242\345\260\274-46.js"
 create mode 100644 "source/js/sevencolor/3/data/\347\264\242\345\260\274-47.js"
 create mode 100644 "source/js/sevencolor/3/data/\347\264\242\345\260\274-48.js"
 create mode 100644 "source/js/sevencolor/3/data/\347\264\242\345\260\274-49.js"
 create mode 100644 "source/js/sevencolor/3/data/\347\264\242\345\260\274-50.js"
 create mode 100644 "source/js/sevencolor/3/data/\347\264\242\345\260\274-51.js"
 create mode 100644 "source/js/sevencolor/3/data/\347\264\242\345\260\274-52.js"
 create mode 100644 "source/js/sevencolor/3/data/\347\264\242\345\260\274-53.js"
 create mode 100644 "source/js/sevencolor/3/data/\347\264\242\345\260\274-54.js"
 create mode 100644 "source/js/sevencolor/3/data/\347\264\242\345\260\274-55.js"
 create mode 100644 "source/js/sevencolor/3/data/\347\264\242\345\260\274-56.js"
 create mode 100644 "source/js/sevencolor/3/data/\347\264\242\345\260\274-57.js"
 create mode 100644 "source/js/sevencolor/3/data/\347\264\242\345\260\274-58.js"
 create mode 100644 "source/js/sevencolor/3/data/\347\264\242\345\260\274-59.js"
 create mode 100644 "source/js/sevencolor/3/data/\347\264\242\345\260\274-60.js"
 create mode 100644 "source/js/sevencolor/3/data/\347\264\242\345\260\274-61.js"
 create mode 100644 "source/js/sevencolor/3/data/\347\264\242\345\260\274-62.js"
 create mode 100644 "source/js/sevencolor/3/data/\347\264\242\345\260\274-63.js"
 create mode 100644 "source/js/sevencolor/3/data/\347\264\242\345\260\274-64.js"
 create mode 100644 "source/js/sevencolor/3/data/\347\264\242\345\260\274-65.js"
 create mode 100644 "source/js/sevencolor/3/data/\347\264\242\345\260\274-66.js"
 create mode 100644 "source/js/sevencolor/3/data/\347\264\242\345\260\274-67.js"
 create mode 100644 "source/js/sevencolor/3/data/\347\264\242\345\260\274-68.js"
 create mode 100644 "source/js/sevencolor/3/data/\347\264\242\345\260\274-69.js"
 create mode 100644 "source/js/sevencolor/3/data/\347\264\242\345\260\274-70.js"
 create mode 100644 "source/js/sevencolor/3/data/\347\264\242\345\260\274-71.js"
 create mode 100644 "source/js/sevencolor/3/data/\347\264\242\345\260\274-72.js"
 create mode 100644 "source/js/sevencolor/3/data/\347\264\242\345\260\274-73.js"
 create mode 100644 "source/js/sevencolor/3/data/\347\264\242\345\260\274-74.js"
 create mode 100644 "source/js/sevencolor/3/data/\347\264\242\345\260\274-75.js"
 create mode 100644 "source/js/sevencolor/3/data/\347\264\242\345\260\274-76.js"
 create mode 100644 "source/js/sevencolor/3/data/\347\264\242\345\260\274-77.js"
 create mode 100644 "source/js/sevencolor/3/data/\347\264\242\345\260\274-78.js"
 create mode 100644 "source/js/sevencolor/3/data/\347\264\242\345\260\274-79.js"
 create mode 100644 "source/js/sevencolor/3/data/\347\264\242\345\260\274-80.js"
 delete mode 100644 "source/js/sevencolor/3/data/\347\264\242\345\260\274_\351\253\230\346\270\205-01.js"
 delete mode 100644 "source/js/sevencolor/3/data/\347\264\242\345\260\274_\351\253\230\346\270\205-02.js"
 delete mode 100644 "source/js/sevencolor/3/data/\347\264\242\345\260\274_\351\253\230\346\270\205-03.js"
 delete mode 100644 "source/js/sevencolor/3/data/\347\264\242\345\260\274_\351\253\230\346\270\205-04.js"
 delete mode 100644 "source/js/sevencolor/3/data/\347\264\242\345\260\274_\351\253\230\346\270\205-05.js"
 delete mode 100644 "source/js/sevencolor/3/data/\347\264\242\345\260\274_\351\253\230\346\270\205-06.js"
 delete mode 100644 "source/js/sevencolor/3/data/\347\264\242\345\260\274_\351\253\230\346\270\205-07.js"
 delete mode 100644 "source/js/sevencolor/3/data/\347\264\242\345\260\274_\351\253\230\346\270\205-08.js"
 delete mode 100644 "source/js/sevencolor/3/data/\347\264\242\345\260\274_\351\253\230\346\270\205-09.js"
 delete mode 100644 "source/js/sevencolor/3/data/\347\264\242\345\260\274_\351\253\230\346\270\205-10.js"
 delete mode 100644 "source/js/sevencolor/3/data/\347\264\242\345\260\274_\351\253\230\346\270\205-11.js"
 delete mode 100644 "source/js/sevencolor/3/data/\347\264\242\345\260\274_\351\253\230\346\270\205-12.js"
 delete mode 100644 "source/js/sevencolor/3/data/\347\264\242\345\260\274_\351\253\230\346\270\205-13.js"
 delete mode 100644 "source/js/sevencolor/3/data/\347\264\242\345\260\274_\351\253\230\346\270\205-14.js"
 delete mode 100644 "source/js/sevencolor/3/data/\347\264\242\345\260\274_\351\253\230\346\270\205-15.js"
 delete mode 100644 "source/js/sevencolor/3/data/\347\264\242\345\260\274_\351\253\230\346\270\205-16.js"
 delete mode 100644 "source/js/sevencolor/3/data/\347\264\242\345\260\274_\351\253\230\346\270\205-17.js"
 delete mode 100644 "source/js/sevencolor/3/data/\347\264\242\345\260\274_\351\253\230\346\270\205-18.js"
 delete mode 100644 "source/js/sevencolor/3/data/\347\264\242\345\260\274_\351\253\230\346\270\205-19.js"
 delete mode 100644 "source/js/sevencolor/3/data/\347\264\242\345\260\274_\351\253\230\346\270\205-20.js"
 delete mode 100644 "source/js/sevencolor/3/data/\347\264\242\345\260\274_\351\253\230\346\270\205-21.js"
 delete mode 100644 "source/js/sevencolor/3/data/\347\264\242\345\260\274_\351\253\230\346\270\205-22.js"
 delete mode 100644 "source/js/sevencolor/3/data/\347\264\242\345\260\274_\351\253\230\346\270\205-23.js"
 delete mode 100644 "source/js/sevencolor/3/data/\347\264\242\345\260\274_\351\253\230\346\270\205-24.js"
 delete mode 100644 "source/js/sevencolor/3/data/\347\264\242\345\260\274_\351\253\230\346\270\205-25.js"
 delete mode 100644 "source/js/sevencolor/3/data/\347\264\242\345\260\274_\351\253\230\346\270\205-26.js"
 delete mode 100644 "source/js/sevencolor/3/data/\347\264\242\345\260\274_\351\253\230\346\270\205-27.js"
 delete mode 100644 "source/js/sevencolor/3/data/\347\264\242\345\260\274_\351\253\230\346\270\205-28.js"
 delete mode 100644 "source/js/sevencolor/3/data/\347\264\242\345\260\274_\351\253\230\346\270\205-29.js"
 delete mode 100644 "source/js/sevencolor/3/data/\347\264\242\345\260\274_\351\253\230\346\270\205-30.js"
 delete mode 100644 "source/js/sevencolor/3/data/\347\264\242\345\260\274_\351\253\230\346\270\205-31.js"
 delete mode 100644 "source/js/sevencolor/3/data/\347\264\242\345\260\274_\351\253\230\346\270\205-32.js"
 delete mode 100644 "source/js/sevencolor/3/data/\347\264\242\345\260\274_\351\253\230\346\270\205-33.js"
 delete mode 100644 "source/js/sevencolor/3/data/\347\264\242\345\260\274_\351\253\230\346\270\205-34.js"
 delete mode 100644 "source/js/sevencolor/3/data/\347\264\242\345\260\274_\351\253\230\346\270\205-35.js"
 delete mode 100644 "source/js/sevencolor/3/data/\347\264\242\345\260\274_\351\253\230\346\270\205-36.js"
 delete mode 100644 "source/js/sevencolor/3/data/\347\264\242\345\260\274_\351\253\230\346\270\205-37.js"
 delete mode 100644 "source/js/sevencolor/3/data/\347\264\242\345\260\274_\351\253\230\346\270\205-38.js"
 delete mode 100644 "source/js/sevencolor/3/data/\347\264\242\345\260\274_\351\253\230\346\270\205-39.js"
 delete mode 100644 "source/js/sevencolor/3/data/\347\264\242\345\260\274_\351\253\230\346\270\205-40.js"
 delete mode 100644 "source/js/sevencolor/3/data/\350\231\216\347\211\231\351\207\207\351\233\206-01.js"
 delete mode 100644 "source/js/sevencolor/3/data/\350\231\216\347\211\231\351\207\207\351\233\206-02.js"
 delete mode 100644 "source/js/sevencolor/3/data/\350\231\216\347\211\231\351\207\207\351\233\206-03.js"
 delete mode 100644 "source/js/sevencolor/3/data/\350\231\216\347\211\231\351\207\207\351\233\206-04.js"
 delete mode 100644 "source/js/sevencolor/3/data/\350\231\216\347\211\231\351\207\207\351\233\206-05.js"
 delete mode 100644 "source/js/sevencolor/3/data/\350\231\216\347\211\231\351\207\207\351\233\206-06.js"
 delete mode 100644 "source/js/sevencolor/3/data/\350\231\216\347\211\231\351\207\207\351\233\206-07.js"
 delete mode 100644 "source/js/sevencolor/3/data/\350\231\216\347\211\231\351\207\207\351\233\206-08.js"
 delete mode 100644 "source/js/sevencolor/3/data/\350\231\216\347\211\231\351\207\207\351\233\206-09.js"
 delete mode 100644 "source/js/sevencolor/3/data/\350\231\216\347\211\231\351\207\207\351\233\206-10.js"
 delete mode 100644 "source/js/sevencolor/3/data/\350\231\216\347\211\231\351\207\207\351\233\206-11.js"
 delete mode 100644 "source/js/sevencolor/3/data/\350\231\216\347\211\231\351\207\207\351\233\206-12.js"
 delete mode 100644 "source/js/sevencolor/3/data/\350\231\216\347\211\231\351\207\207\351\233\206-13.js"
 delete mode 100644 "source/js/sevencolor/3/data/\350\231\216\347\211\231\351\207\207\351\233\206-14.js"
 delete mode 100644 "source/js/sevencolor/3/data/\350\231\216\347\211\231\351\207\207\351\233\206-15.js"
 delete mode 100644 "source/js/sevencolor/3/data/\350\231\216\347\211\231\351\207\207\351\233\206-16.js"
 delete mode 100644 "source/js/sevencolor/3/data/\350\231\216\347\211\231\351\207\207\351\233\206-17.js"
 delete mode 100644 "source/js/sevencolor/3/data/\350\231\216\347\211\231\351\207\207\351\233\206-18.js"
 delete mode 100644 "source/js/sevencolor/3/data/\350\231\216\347\211\231\351\207\207\351\233\206-19.js"
 delete mode 100644 "source/js/sevencolor/3/data/\350\231\216\347\211\231\351\207\207\351\233\206-20.js"
 delete mode 100644 "source/js/sevencolor/3/data/\350\231\216\347\211\231\351\207\207\351\233\206-21.js"
 delete mode 100644 "source/js/sevencolor/3/data/\350\231\216\347\211\231\351\207\207\351\233\206-22.js"
 delete mode 100644 "source/js/sevencolor/3/data/\350\231\216\347\211\231\351\207\207\351\233\206-23.js"
 delete mode 100644 "source/js/sevencolor/3/data/\350\231\216\347\211\231\351\207\207\351\233\206-24.js"
 delete mode 100644 "source/js/sevencolor/3/data/\350\231\216\347\211\231\351\207\207\351\233\206-25.js"
 delete mode 100644 "source/js/sevencolor/3/data/\350\231\216\347\211\231\351\207\207\351\233\206-26.js"
 delete mode 100644 "source/js/sevencolor/3/data/\350\231\216\347\211\231\351\207\207\351\233\206-27.js"
 delete mode 100644 "source/js/sevencolor/3/data/\350\231\216\347\211\231\351\207\207\351\233\206-28.js"
 delete mode 100644 "source/js/sevencolor/3/data/\350\231\216\347\211\231\351\207\207\351\233\206-29.js"
 delete mode 100644 "source/js/sevencolor/3/data/\350\231\216\347\211\231\351\207\207\351\233\206-30.js"
 delete mode 100644 "source/js/sevencolor/3/data/\350\231\216\347\211\231\351\207\207\351\233\206-31.js"
 delete mode 100644 "source/js/sevencolor/3/data/\350\231\216\347\211\231\351\207\207\351\233\206-32.js"
 delete mode 100644 "source/js/sevencolor/3/data/\350\231\216\347\211\231\351\207\207\351\233\206-33.js"
 delete mode 100644 "source/js/sevencolor/3/data/\350\231\216\347\211\231\351\207\207\351\233\206-34.js"
 delete mode 100644 "source/js/sevencolor/3/data/\350\231\216\347\211\231\351\207\207\351\233\206-35.js"
 delete mode 100644 "source/js/sevencolor/3/data/\350\231\216\347\211\231\351\207\207\351\233\206-36.js"
 delete mode 100644 "source/js/sevencolor/3/data/\350\231\216\347\211\231\351\207\207\351\233\206-37.js"
 delete mode 100644 "source/js/sevencolor/3/data/\350\231\216\347\211\231\351\207\207\351\233\206-38.js"
 delete mode 100644 "source/js/sevencolor/3/data/\350\231\216\347\211\231\351\207\207\351\233\206-39.js"
 delete mode 100644 "source/js/sevencolor/3/data/\350\231\216\347\211\231\351\207\207\351\233\206-40.js"
 create mode 100644 "source/js/sevencolor/3/data/\351\207\217\345\255\220-41.js"
 create mode 100644 "source/js/sevencolor/3/data/\351\207\217\345\255\220-42.js"
 create mode 100644 "source/js/sevencolor/3/data/\351\207\217\345\255\220-43.js"
 create mode 100644 "source/js/sevencolor/3/data/\351\207\217\345\255\220-44.js"
 create mode 100644 "source/js/sevencolor/3/data/\351\207\217\345\255\220-45.js"
 create mode 100644 "source/js/sevencolor/3/data/\351\207\217\345\255\220-46.js"
 create mode 100644 "source/js/sevencolor/3/data/\351\207\217\345\255\220-47.js"
 create mode 100644 "source/js/sevencolor/3/data/\351\207\217\345\255\220-48.js"
 create mode 100644 "source/js/sevencolor/3/data/\351\207\217\345\255\220-49.js"
 create mode 100644 "source/js/sevencolor/3/data/\351\207\217\345\255\220-50.js"
 create mode 100644 "source/js/sevencolor/3/data/\351\207\217\345\255\220-51.js"
 create mode 100644 "source/js/sevencolor/3/data/\351\207\217\345\255\220-52.js"
 create mode 100644 "source/js/sevencolor/3/data/\351\207\217\345\255\220-53.js"
 create mode 100644 "source/js/sevencolor/3/data/\351\207\217\345\255\220-54.js"
 create mode 100644 "source/js/sevencolor/3/data/\351\207\217\345\255\220-55.js"
 create mode 100644 "source/js/sevencolor/3/data/\351\207\217\345\255\220-56.js"
 create mode 100644 "source/js/sevencolor/3/data/\351\207\217\345\255\220-57.js"
 create mode 100644 "source/js/sevencolor/3/data/\351\207\217\345\255\220-58.js"
 create mode 100644 "source/js/sevencolor/3/data/\351\207\217\345\255\220-59.js"
 create mode 100644 "source/js/sevencolor/3/data/\351\207\217\345\255\220-60.js"
 create mode 100644 "source/js/sevencolor/3/data/\351\207\217\345\255\220-61.js"
 create mode 100644 "source/js/sevencolor/3/data/\351\207\217\345\255\220-62.js"
 create mode 100644 "source/js/sevencolor/3/data/\351\207\217\345\255\220-63.js"
 create mode 100644 "source/js/sevencolor/3/data/\351\207\217\345\255\220-64.js"
 create mode 100644 "source/js/sevencolor/3/data/\351\207\217\345\255\220-65.js"
 create mode 100644 "source/js/sevencolor/3/data/\351\207\217\345\255\220-66.js"
 create mode 100644 "source/js/sevencolor/3/data/\351\207\217\345\255\220-67.js"
 create mode 100644 "source/js/sevencolor/3/data/\351\207\217\345\255\220-68.js"
 create mode 100644 "source/js/sevencolor/3/data/\351\207\217\345\255\220-69.js"
 create mode 100644 "source/js/sevencolor/3/data/\351\207\217\345\255\220-70.js"
 create mode 100644 "source/js/sevencolor/3/data/\351\207\217\345\255\220-71.js"
 create mode 100644 "source/js/sevencolor/3/data/\351\207\217\345\255\220-72.js"
 create mode 100644 "source/js/sevencolor/3/data/\351\207\217\345\255\220-73.js"
 create mode 100644 "source/js/sevencolor/3/data/\351\207\217\345\255\220-74.js"
 create mode 100644 "source/js/sevencolor/3/data/\351\207\217\345\255\220-75.js"
 create mode 100644 "source/js/sevencolor/3/data/\351\207\217\345\255\220-76.js"
 create mode 100644 "source/js/sevencolor/3/data/\351\207\217\345\255\220-77.js"
 create mode 100644 "source/js/sevencolor/3/data/\351\207\217\345\255\220-78.js"
 create mode 100644 "source/js/sevencolor/3/data/\351\207\217\345\255\220-79.js"
 create mode 100644 "source/js/sevencolor/3/data/\351\207\217\345\255\220-80.js"
 delete mode 100644 "source/js/sevencolor/3/data/\351\207\217\345\255\220_\350\265\204\346\272\220-01.js"
 delete mode 100644 "source/js/sevencolor/3/data/\351\207\217\345\255\220_\350\265\204\346\272\220-02.js"
 delete mode 100644 "source/js/sevencolor/3/data/\351\207\217\345\255\220_\350\265\204\346\272\220-03.js"
 delete mode 100644 "source/js/sevencolor/3/data/\351\207\217\345\255\220_\350\265\204\346\272\220-04.js"
 delete mode 100644 "source/js/sevencolor/3/data/\351\207\217\345\255\220_\350\265\204\346\272\220-05.js"
 delete mode 100644 "source/js/sevencolor/3/data/\351\207\217\345\255\220_\350\265\204\346\272\220-06.js"
 delete mode 100644 "source/js/sevencolor/3/data/\351\207\217\345\255\220_\350\265\204\346\272\220-07.js"
 delete mode 100644 "source/js/sevencolor/3/data/\351\207\217\345\255\220_\350\265\204\346\272\220-08.js"
 delete mode 100644 "source/js/sevencolor/3/data/\351\207\217\345\255\220_\350\265\204\346\272\220-09.js"
 delete mode 100644 "source/js/sevencolor/3/data/\351\207\217\345\255\220_\350\265\204\346\272\220-10.js"
 delete mode 100644 "source/js/sevencolor/3/data/\351\207\217\345\255\220_\350\265\204\346\272\220-11.js"
 delete mode 100644 "source/js/sevencolor/3/data/\351\207\217\345\255\220_\350\265\204\346\272\220-12.js"
 delete mode 100644 "source/js/sevencolor/3/data/\351\207\217\345\255\220_\350\265\204\346\272\220-13.js"
 delete mode 100644 "source/js/sevencolor/3/data/\351\207\217\345\255\220_\350\265\204\346\272\220-14.js"
 delete mode 100644 "source/js/sevencolor/3/data/\351\207\217\345\255\220_\350\265\204\346\272\220-15.js"
 delete mode 100644 "source/js/sevencolor/3/data/\351\207\217\345\255\220_\350\265\204\346\272\220-16.js"
 delete mode 100644 "source/js/sevencolor/3/data/\351\207\217\345\255\220_\350\265\204\346\272\220-17.js"
 delete mode 100644 "source/js/sevencolor/3/data/\351\207\217\345\255\220_\350\265\204\346\272\220-18.js"
 delete mode 100644 "source/js/sevencolor/3/data/\351\207\217\345\255\220_\350\265\204\346\272\220-19.js"
 delete mode 100644 "source/js/sevencolor/3/data/\351\207\217\345\255\220_\350\265\204\346\272\220-20.js"
 delete mode 100644 "source/js/sevencolor/3/data/\351\207\217\345\255\220_\350\265\204\346\272\220-21.js"
 delete mode 100644 "source/js/sevencolor/3/data/\351\207\217\345\255\220_\350\265\204\346\272\220-22.js"
 delete mode 100644 "source/js/sevencolor/3/data/\351\207\217\345\255\220_\350\265\204\346\272\220-23.js"
 delete mode 100644 "source/js/sevencolor/3/data/\351\207\217\345\255\220_\350\265\204\346\272\220-24.js"
 delete mode 100644 "source/js/sevencolor/3/data/\351\207\217\345\255\220_\350\265\204\346\272\220-25.js"
 delete mode 100644 "source/js/sevencolor/3/data/\351\207\217\345\255\220_\350\265\204\346\272\220-26.js"
 delete mode 100644 "source/js/sevencolor/3/data/\351\207\217\345\255\220_\350\265\204\346\272\220-27.js"
 delete mode 100644 "source/js/sevencolor/3/data/\351\207\217\345\255\220_\350\265\204\346\272\220-28.js"
 delete mode 100644 "source/js/sevencolor/3/data/\351\207\217\345\255\220_\350\265\204\346\272\220-29.js"
 delete mode 100644 "source/js/sevencolor/3/data/\351\207\217\345\255\220_\350\265\204\346\272\220-30.js"
 delete mode 100644 "source/js/sevencolor/3/data/\351\207\217\345\255\220_\350\265\204\346\272\220-31.js"
 delete mode 100644 "source/js/sevencolor/3/data/\351\207\217\345\255\220_\350\265\204\346\272\220-32.js"
 delete mode 100644 "source/js/sevencolor/3/data/\351\207\217\345\255\220_\350\265\204\346\272\220-33.js"
 delete mode 100644 "source/js/sevencolor/3/data/\351\207\217\345\255\220_\350\265\204\346\272\220-34.js"
 delete mode 100644 "source/js/sevencolor/3/data/\351\207\217\345\255\220_\350\265\204\346\272\220-35.js"
 delete mode 100644 "source/js/sevencolor/3/data/\351\207\217\345\255\220_\350\265\204\346\272\220-36.js"
 delete mode 100644 "source/js/sevencolor/3/data/\351\207\217\345\255\220_\350\265\204\346\272\220-37.js"
 delete mode 100644 "source/js/sevencolor/3/data/\351\207\217\345\255\220_\350\265\204\346\272\220-38.js"
 delete mode 100644 "source/js/sevencolor/3/data/\351\207\217\345\255\220_\350\265\204\346\272\220-39.js"
 delete mode 100644 "source/js/sevencolor/3/data/\351\207\217\345\255\220_\350\265\204\346\272\220-40.js"
 create mode 100644 "source/js/sevencolor/3/data/\351\235\236\345\207\241-41.js"
 create mode 100644 "source/js/sevencolor/3/data/\351\235\236\345\207\241-42.js"
 create mode 100644 "source/js/sevencolor/3/data/\351\235\236\345\207\241-43.js"
 create mode 100644 "source/js/sevencolor/3/data/\351\235\236\345\207\241-44.js"
 create mode 100644 "source/js/sevencolor/3/data/\351\235\236\345\207\241-45.js"
 create mode 100644 "source/js/sevencolor/3/data/\351\235\236\345\207\241-46.js"
 create mode 100644 "source/js/sevencolor/3/data/\351\235\236\345\207\241-47.js"
 create mode 100644 "source/js/sevencolor/3/data/\351\235\236\345\207\241-48.js"
 create mode 100644 "source/js/sevencolor/3/data/\351\235\236\345\207\241-49.js"
 create mode 100644 "source/js/sevencolor/3/data/\351\235\236\345\207\241-50.js"
 create mode 100644 "source/js/sevencolor/3/data/\351\235\236\345\207\241-51.js"
 create mode 100644 "source/js/sevencolor/3/data/\351\235\236\345\207\241-52.js"
 create mode 100644 "source/js/sevencolor/3/data/\351\235\236\345\207\241-53.js"
 create mode 100644 "source/js/sevencolor/3/data/\351\235\236\345\207\241-54.js"
 create mode 100644 "source/js/sevencolor/3/data/\351\235\236\345\207\241-55.js"
 create mode 100644 "source/js/sevencolor/3/data/\351\235\236\345\207\241-56.js"
 create mode 100644 "source/js/sevencolor/3/data/\351\235\236\345\207\241-57.js"
 create mode 100644 "source/js/sevencolor/3/data/\351\235\236\345\207\241-58.js"
 create mode 100644 "source/js/sevencolor/3/data/\351\235\236\345\207\241-59.js"
 create mode 100644 "source/js/sevencolor/3/data/\351\235\236\345\207\241-60.js"
 create mode 100644 "source/js/sevencolor/3/data/\351\235\236\345\207\241-61.js"
 create mode 100644 "source/js/sevencolor/3/data/\351\235\236\345\207\241-62.js"
 create mode 100644 "source/js/sevencolor/3/data/\351\235\236\345\207\241-63.js"
 create mode 100644 "source/js/sevencolor/3/data/\351\235\236\345\207\241-64.js"
 create mode 100644 "source/js/sevencolor/3/data/\351\235\236\345\207\241-65.js"
 create mode 100644 "source/js/sevencolor/3/data/\351\235\236\345\207\241-66.js"
 create mode 100644 "source/js/sevencolor/3/data/\351\235\236\345\207\241-67.js"
 create mode 100644 "source/js/sevencolor/3/data/\351\235\236\345\207\241-68.js"
 create mode 100644 "source/js/sevencolor/3/data/\351\235\236\345\207\241-69.js"
 create mode 100644 "source/js/sevencolor/3/data/\351\235\236\345\207\241-70.js"
 create mode 100644 "source/js/sevencolor/3/data/\351\235\236\345\207\241-71.js"
 create mode 100644 "source/js/sevencolor/3/data/\351\235\236\345\207\241-72.js"
 create mode 100644 "source/js/sevencolor/3/data/\351\235\236\345\207\241-73.js"
 create mode 100644 "source/js/sevencolor/3/data/\351\235\236\345\207\241-74.js"
 create mode 100644 "source/js/sevencolor/3/data/\351\235\236\345\207\241-75.js"
 create mode 100644 "source/js/sevencolor/3/data/\351\235\236\345\207\241-76.js"
 create mode 100644 "source/js/sevencolor/3/data/\351\235\236\345\207\241-77.js"
 create mode 100644 "source/js/sevencolor/3/data/\351\235\236\345\207\241-78.js"
 create mode 100644 "source/js/sevencolor/3/data/\351\235\236\345\207\241-79.js"
 create mode 100644 "source/js/sevencolor/3/data/\351\235\236\345\207\241-80.js"
[GIT] Push 到 origin/source（最多重试 3 次）...
[GIT] Push 尝试 1/3...
[GIT STDERR] To github.com:snowhoo/snowhoo.git
   d982a6c7..ffb20f1c  source -> source
[GIT] ✅ Push 成功！
============================================================
  结束时间: 2026-06-07 09:26:36.966
  总耗时: 0:14:06
  结果: ✅ 成功
  日志: D:\hexo\hexo-bot\video-bot\202606070912304.log
============================================================
