============================================================
  TVBox 爬虫编排 v2.0
  开始时间: 2026-06-17 04:00:01.868
  日志文件: D:\hexo\hexo-bot\video-bot\202606170400018.log
============================================================
──────────────────────────────────────────────────
[CRAWL] 开始爬取...
[CMD] python "D:\hexo\hexo-bot\video-bot\tvbox-crawler-optimized.py"   (cwd=D:\hexo\hexo-bot\video-bot)
============================================================
  TVBox 播放地址完整爬取 v3.0
  时间: 2026-06-17 04:00:02
  模式: 全量
============================================================
[SRC] 从 config.json 读取 3 个数据源
  [1/3] https://bfzyapi.com/api.php/provide/vod/
    → 直接视频源（暴风┃采二）
  [2/3] https://360zy.com/api.php/provide/vod
    → 直接视频源（三六┃采九）
  [3/3] [直播┃电视] → ✅ 直播源 (M3U)
  ── 汇总: 3个数据源 → 3成功/0失败 → 3个站点（1API + 2直接源）

[SITE] 发现 3 个 API 站点
  [CRAWL] 暴风┃采二... 
  [CRAWL] 三六┃采九... 
  [CRAWL] 直播┃电视... 
  [直播] 直播┃电视: 正在抓取 M3U...
  [分页] 三六┃采九: 固定 200 页, 每页 16 个视频
  [直播] 直播┃电视: 解析到 525 个频道
  [直播] 直播┃电视: 525个频道, 11页
✅ 525个视频, 525/525个可播放, 11页
  [分页] 暴风┃采二: 固定 200 页, 每页 16 个视频
    [三六┃采九] 页 10/200: 已写 10 页, 累计 160 个视频
    [三六┃采九] 页 20/200: 已写 20 页, 累计 320 个视频
    [三六┃采九] 页 30/200: 已写 30 页, 累计 480 个视频
    [暴风┃采二] 页 10/200: 已写 10 页, 累计 160 个视频
    [三六┃采九] 页 40/200: 已写 40 页, 累计 640 个视频
    [三六┃采九] 页 50/200: 已写 50 页, 累计 800 个视频
    [三六┃采九] 页 60/200: 已写 60 页, 累计 960 个视频
    [三六┃采九] 页 70/200: 已写 70 页, 累计 1120 个视频
    [暴风┃采二] 页 20/200: 已写 20 页, 累计 320 个视频
    [三六┃采九] 页 80/200: 已写 80 页, 累计 1280 个视频
    [三六┃采九] 页 90/200: 已写 90 页, 累计 1440 个视频
    [三六┃采九] 页 100/200: 已写 100 页, 累计 1600 个视频
    [三六┃采九] 页 110/200: 已写 110 页, 累计 1760 个视频
    [三六┃采九] 页 120/200: 已写 120 页, 累计 1920 个视频
    [暴风┃采二] 页 30/200: 已写 30 页, 累计 480 个视频
    [三六┃采九] 页 130/200: 已写 130 页, 累计 2080 个视频
    [三六┃采九] 页 140/200: 已写 140 页, 累计 2240 个视频
    [三六┃采九] 页 150/200: 已写 150 页, 累计 2400 个视频
    [三六┃采九] 页 160/200: 已写 160 页, 累计 2560 个视频
    [暴风┃采二] 页 40/200: 已写 40 页, 累计 640 个视频
    [三六┃采九] 页 170/200: 已写 170 页, 累计 2720 个视频
    [三六┃采九] 页 180/200: 已写 180 页, 累计 2880 个视频
    [三六┃采九] 页 190/200: 已写 190 页, 累计 3040 个视频
    [三六┃采九] 页 200/200: 已写 200 页, 累计 3200 个视频
✅ 3200个视频, 31596/31598个可播放, 200页
    [暴风┃采二] 页 50/200: 已写 50 页, 累计 800 个视频
    [暴风┃采二] 页 60/200: 已写 60 页, 累计 960 个视频
    [暴风┃采二] 页 70/200: 已写 70 页, 累计 1120 个视频
    [暴风┃采二] 页 80/200: 已写 80 页, 累计 1280 个视频
    [暴风┃采二] 页 90/200: 已写 90 页, 累计 1440 个视频
    [暴风┃采二] 页 100/200: 已写 100 页, 累计 1600 个视频
    [暴风┃采二] 页 110/200: 已写 110 页, 累计 1760 个视频
    [暴风┃采二] 页 120/200: 已写 120 页, 累计 1920 个视频
    [暴风┃采二] 页 130/200: 已写 130 页, 累计 2080 个视频
    [暴风┃采二] 页 140/200: 已写 140 页, 累计 2240 个视频
    [暴风┃采二] 页 150/200: 已写 150 页, 累计 2400 个视频
    [暴风┃采二] 页 160/200: 已写 160 页, 累计 2560 个视频
    [暴风┃采二] 页 170/200: 已写 170 页, 累计 2720 个视频
    [暴风┃采二] 页 180/200: 已写 180 页, 累计 2880 个视频
    [暴风┃采二] 页 190/200: 已写 190 页, 累计 3040 个视频
    [暴风┃采二] 页 200/200: 已写 200 页, 累计 3200 个视频
✅ 3200个视频, 74347/74347个可播放, 200页
  站点: 3/3 成功
  视频: 6925 个
  地址: 106470 条 (106468 可播放)
  [DIR] data/ — 3 个站点, 分页文件
  [SRC] report/crawl-report.json
============================================================
[CRAWL] ✅ 爬虫完成
──────────────────────────────────────────────────
[GIT] 开始 Git Push 流程...
[CMD] git config user.name "snowhoo"  (cwd=D:\hexo)
[CMD] git config user.email "snowhoo@example.com"  (cwd=D:\hexo)
[CMD] git diff --quiet -- "source/js/sevencolor/3/data"  (cwd=D:\hexo)
[GIT] 检测到数据变化，准备提交...
[CMD] git add "source/js/sevencolor/3/data"  (cwd=D:\hexo)
[CMD] git commit -m "chore: auto-update TVBox video data"  (cwd=D:\hexo)
[source 434033f8] chore: auto-update TVBox video data
 412 files changed, 412 insertions(+), 412 deletions(-)
[GIT] Push 到 origin/source（最多重试 3 次）...
[GIT] Push 尝试 1/3...
[GIT STDERR] To github.com:snowhoo/snowhoo.git
   02ecd515d..434033f81  source -> source
[GIT] ✅ Push 成功！
============================================================
  结束时间: 2026-06-17 06:02:04.200
  总耗时: 2:02:02
  结果: ✅ 成功
  日志: D:\hexo\hexo-bot\video-bot\202606170400018.log
============================================================
