============================================================
  TVBox 爬虫编排 v2.0
  开始时间: 2026-06-10 05:29:10.531
  日志文件: D:\hexo\hexo-bot\video-bot\202606100529105.log
============================================================
──────────────────────────────────────────────────
[CRAWL] 开始爬取...
[CMD] python "D:\hexo\hexo-bot\video-bot\tvbox-crawler-optimized.py"   (cwd=D:\hexo\hexo-bot\video-bot)
============================================================
  TVBox 播放地址完整爬取 v3.0
  时间: 2026-06-10 05:29:10
  模式: 全量
============================================================
[SRC] 从 config.json 读取 2 个数据源
  [1/2] {'name': '暴风┃采二', 'url': 'https://bfzyapi.com/api.php/provide/vod/'}
    → ❌ 获取失败（网络超时或非200）
  [2/2] {'name': '三六┃采九', 'url': 'https://360zy.com/api.php/provide/vod'}
    → ❌ 获取失败（网络超时或非200）
  ── 汇总: 2个数据源 → 0成功/2失败 → 0个站点（0API + 0直接源）

[SITE] 发现 0 个 API 站点
⚠️ 没有找到站点
[CRAWL] ✅ 爬虫完成
──────────────────────────────────────────────────
[GIT] 开始 Git Push 流程...
[CMD] git config user.name "snowhoo"  (cwd=D:\hexo)
[CMD] git config user.email "snowhoo@example.com"  (cwd=D:\hexo)
[CMD] git diff --quiet -- "source/js/sevencolor/3/data"  (cwd=D:\hexo)
[GIT] 数据无变化，跳过 Push
============================================================
  结束时间: 2026-06-10 05:29:10.983
  总耗时: 0:00:00
  结果: ✅ 成功
  日志: D:\hexo\hexo-bot\video-bot\202606100529105.log
============================================================
