============================================================
  TVBox 爬虫编排 v2.0
  开始时间: 2026-06-27 04:00:01.806
  日志文件: D:\hexo\hexo-bot\video-bot\202606270400018.log
============================================================
──────────────────────────────────────────────────
[CRAWL] 开始爬取...
[CMD] python "D:\hexo\hexo-bot\video-bot\tvbox-crawler-optimized.py"   (cwd=D:\hexo\hexo-bot\video-bot)
============================================================
  TVBox 播放地址完整爬取 v3.0
  时间: 2026-06-27 04:00:02
  模式: 全量
============================================================
[SRC] 从 config.json 读取 3 个数据源
  [1/3] https://bfzyapi.com/api.php/provide/vod/
    → 直接视频源（暴风┃采二）
  [2/3] https://360zy.com/api.php/provide/vod
    → 直接视频源（三六┃采九）
  [3/3] [直播┃电视] → ✅ 直播源 (M3U)
  ── 汇总: 3个数据源 → 3成功/0失败 → 3个站点（1API + 2直接源）

[SITE] 发现 3 个 API 站点
  [CRAWL] 暴风┃采二... 
  [CRAWL] 三六┃采九... 
  [CRAWL] 直播┃电视... 
  [直播] 直播┃电视: 正在抓取 M3U...
  [分页] 三六┃采九: 固定 250 页, 每页 16 个视频
  [直播] 直播┃电视: 解析到 464 个频道
  [直播] 直播┃电视: 464个频道, 10页
✅ 464个视频, 464/464个可播放, 10页
  [分页] 暴风┃采二: 固定 250 页, 每页 16 个视频
    [三六┃采九] 页 10/250: 已写 10 页, 累计 160 个视频
    [三六┃采九] 页 20/250: 已写 20 页, 累计 320 个视频
    [暴风┃采二] 页 10/250: 已写 10 页, 累计 160 个视频
    [三六┃采九] 页 30/250: 已写 30 页, 累计 480 个视频
    [三六┃采九] 页 40/250: 已写 40 页, 累计 640 个视频
    [暴风┃采二] 页 20/250: 已写 20 页, 累计 320 个视频
    [三六┃采九] 页 50/250: 已写 50 页, 累计 800 个视频
    [暴风┃采二] 页 30/250: 已写 30 页, 累计 480 个视频
    [三六┃采九] 页 60/250: 已写 60 页, 累计 960 个视频
    [三六┃采九] 页 70/250: 已写 70 页, 累计 1120 个视频
    [暴风┃采二] 页 40/250: 已写 40 页, 累计 640 个视频
    [三六┃采九] 页 80/250: 已写 80 页, 累计 1280 个视频
    [三六┃采九] 页 90/250: 已写 90 页, 累计 1440 个视频
    [暴风┃采二] 页 50/250: 已写 50 页, 累计 800 个视频
    [三六┃采九] 页 100/250: 已写 100 页, 累计 1600 个视频
    [三六┃采九] 页 110/250: 已写 110 页, 累计 1760 个视频
    [暴风┃采二] 页 60/250: 已写 60 页, 累计 960 个视频
    [三六┃采九] 页 114: 无数据，重试 1/3
    [暴风┃采二] 页 62: 无数据，重试 1/3
    [三六┃采九] 页 120/250: 已写 120 页, 累计 1920 个视频
    [暴风┃采二] 页 70/250: 已写 70 页, 累计 1120 个视频
    [三六┃采九] 页 130/250: 已写 130 页, 累计 2080 个视频
    [三六┃采九] 页 140/250: 已写 140 页, 累计 2240 个视频
    [暴风┃采二] 页 80/250: 已写 80 页, 累计 1280 个视频
    [三六┃采九] 页 150/250: 已写 150 页, 累计 2400 个视频
    [三六┃采九] 页 160/250: 已写 160 页, 累计 2560 个视频
    [暴风┃采二] 页 90/250: 已写 90 页, 累计 1440 个视频
    [三六┃采九] 页 170/250: 已写 170 页, 累计 2720 个视频
    [三六┃采九] 页 180/250: 已写 180 页, 累计 2880 个视频
    [暴风┃采二] 页 100/250: 已写 100 页, 累计 1600 个视频
    [三六┃采九] 页 190/250: 已写 190 页, 累计 3040 个视频
    [三六┃采九] 页 200/250: 已写 200 页, 累计 3200 个视频
    [暴风┃采二] 页 110/250: 已写 110 页, 累计 1760 个视频
    [三六┃采九] 页 210/250: 已写 210 页, 累计 3360 个视频
    [三六┃采九] 页 220/250: 已写 220 页, 累计 3520 个视频
    [暴风┃采二] 页 120/250: 已写 120 页, 累计 1920 个视频
    [三六┃采九] 页 230/250: 已写 230 页, 累计 3680 个视频
    [三六┃采九] 页 240/250: 已写 240 页, 累计 3840 个视频
    [暴风┃采二] 页 130/250: 已写 130 页, 累计 2080 个视频
    [三六┃采九] 页 250/250: 已写 250 页, 累计 4000 个视频
✅ 4000个视频, 38243/38245个可播放, 250页
    [暴风┃采二] 页 140/250: 已写 140 页, 累计 2240 个视频
    [暴风┃采二] 页 150/250: 已写 150 页, 累计 2400 个视频
    [暴风┃采二] 页 160/250: 已写 160 页, 累计 2560 个视频
    [暴风┃采二] 页 170/250: 已写 170 页, 累计 2720 个视频
    [暴风┃采二] 页 180/250: 已写 180 页, 累计 2880 个视频
    [暴风┃采二] 页 190/250: 已写 190 页, 累计 3040 个视频
    [暴风┃采二] 页 197: 无数据，重试 1/3
    [暴风┃采二] 页 200/250: 已写 200 页, 累计 3200 个视频
    [暴风┃采二] 页 210/250: 已写 210 页, 累计 3360 个视频
    [暴风┃采二] 页 220/250: 已写 220 页, 累计 3520 个视频
    [暴风┃采二] 页 230/250: 已写 230 页, 累计 3680 个视频
    [暴风┃采二] 页 240/250: 已写 240 页, 累计 3840 个视频
    [暴风┃采二] 页 250/250: 已写 250 页, 累计 4000 个视频
✅ 4000个视频, 61036/61036个可播放, 250页
  站点: 3/3 成功
  视频: 8464 个
  地址: 99745 条 (99743 可播放)
  [DIR] data/ — 3 个站点, 分页文件
  [SRC] report/crawl-report.json
============================================================
[CRAWL] ✅ 爬虫完成
──────────────────────────────────────────────────
[GIT] 开始 Git Push 流程...
[CMD] git config user.name "snowhoo"  (cwd=D:\hexo)
[CMD] git config user.email "snowhoo@example.com"  (cwd=D:\hexo)
[CMD] git diff --quiet -- "source/js/sevencolor/3/data"  (cwd=D:\hexo)
[GIT] 检测到数据变化，准备提交...
[CMD] git add "source/js/sevencolor/3/data"  (cwd=D:\hexo)
[CMD] git commit -m "chore: auto-update TVBox video data"  (cwd=D:\hexo)
[source 336f849d] chore: auto-update TVBox video data
 512 files changed, 512 insertions(+), 412 deletions(-)
 create mode 100644 "source/js/sevencolor/3/data/\344\270\211\345\205\255_\351\207\207\344\271\235-201.js"
 create mode 100644 "source/js/sevencolor/3/data/\344\270\211\345\205\255_\351\207\207\344\271\235-202.js"
 create mode 100644 "source/js/sevencolor/3/data/\344\270\211\345\205\255_\351\207\207\344\271\235-203.js"
 create mode 100644 "source/js/sevencolor/3/data/\344\270\211\345\205\255_\351\207\207\344\271\235-204.js"
 create mode 100644 "source/js/sevencolor/3/data/\344\270\211\345\205\255_\351\207\207\344\271\235-205.js"
 create mode 100644 "source/js/sevencolor/3/data/\344\270\211\345\205\255_\351\207\207\344\271\235-206.js"
 create mode 100644 "source/js/sevencolor/3/data/\344\270\211\345\205\255_\351\207\207\344\271\235-207.js"
 create mode 100644 "source/js/sevencolor/3/data/\344\270\211\345\205\255_\351\207\207\344\271\235-208.js"
 create mode 100644 "source/js/sevencolor/3/data/\344\270\211\345\205\255_\351\207\207\344\271\235-209.js"
 create mode 100644 "source/js/sevencolor/3/data/\344\270\211\345\205\255_\351\207\207\344\271\235-210.js"
 create mode 100644 "source/js/sevencolor/3/data/\344\270\211\345\205\255_\351\207\207\344\271\235-211.js"
 create mode 100644 "source/js/sevencolor/3/data/\344\270\211\345\205\255_\351\207\207\344\271\235-212.js"
 create mode 100644 "source/js/sevencolor/3/data/\344\270\211\345\205\255_\351\207\207\344\271\235-213.js"
 create mode 100644 "source/js/sevencolor/3/data/\344\270\211\345\205\255_\351\207\207\344\271\235-214.js"
 create mode 100644 "source/js/sevencolor/3/data/\344\270\211\345\205\255_\351\207\207\344\271\235-215.js"
 create mode 100644 "source/js/sevencolor/3/data/\344\270\211\345\205\255_\351\207\207\344\271\235-216.js"
 create mode 100644 "source/js/sevencolor/3/data/\344\270\211\345\205\255_\351\207\207\344\271\235-217.js"
 create mode 100644 "source/js/sevencolor/3/data/\344\270\211\345\205\255_\351\207\207\344\271\235-218.js"
 create mode 100644 "source/js/sevencolor/3/data/\344\270\211\345\205\255_\351\207\207\344\271\235-219.js"
 create mode 100644 "source/js/sevencolor/3/data/\344\270\211\345\205\255_\351\207\207\344\271\235-220.js"
 create mode 100644 "source/js/sevencolor/3/data/\344\270\211\345\205\255_\351\207\207\344\271\235-221.js"
 create mode 100644 "source/js/sevencolor/3/data/\344\270\211\345\205\255_\351\207\207\344\271\235-222.js"
 create mode 100644 "source/js/sevencolor/3/data/\344\270\211\345\205\255_\351\207\207\344\271\235-223.js"
 create mode 100644 "source/js/sevencolor/3/data/\344\270\211\345\205\255_\351\207\207\344\271\235-224.js"
 create mode 100644 "source/js/sevencolor/3/data/\344\270\211\345\205\255_\351\207\207\344\271\235-225.js"
 create mode 100644 "source/js/sevencolor/3/data/\344\270\211\345\205\255_\351\207\207\344\271\235-226.js"
 create mode 100644 "source/js/sevencolor/3/data/\344\270\211\345\205\255_\351\207\207\344\271\235-227.js"
 create mode 100644 "source/js/sevencolor/3/data/\344\270\211\345\205\255_\351\207\207\344\271\235-228.js"
 create mode 100644 "source/js/sevencolor/3/data/\344\270\211\345\205\255_\351\207\207\344\271\235-229.js"
 create mode 100644 "source/js/sevencolor/3/data/\344\270\211\345\205\255_\351\207\207\344\271\235-230.js"
 create mode 100644 "source/js/sevencolor/3/data/\344\270\211\345\205\255_\351\207\207\344\271\235-231.js"
 create mode 100644 "source/js/sevencolor/3/data/\344\270\211\345\205\255_\351\207\207\344\271\235-232.js"
 create mode 100644 "source/js/sevencolor/3/data/\344\270\211\345\205\255_\351\207\207\344\271\235-233.js"
 create mode 100644 "source/js/sevencolor/3/data/\344\270\211\345\205\255_\351\207\207\344\271\235-234.js"
 create mode 100644 "source/js/sevencolor/3/data/\344\270\211\345\205\255_\351\207\207\344\271\235-235.js"
 create mode 100644 "source/js/sevencolor/3/data/\344\270\211\345\205\255_\351\207\207\344\271\235-236.js"
 create mode 100644 "source/js/sevencolor/3/data/\344\270\211\345\205\255_\351\207\207\344\271\235-237.js"
 create mode 100644 "source/js/sevencolor/3/data/\344\270\211\345\205\255_\351\207\207\344\271\235-238.js"
 create mode 100644 "source/js/sevencolor/3/data/\344\270\211\345\205\255_\351\207\207\344\271\235-239.js"
 create mode 100644 "source/js/sevencolor/3/data/\344\270\211\345\205\255_\351\207\207\344\271\235-240.js"
 create mode 100644 "source/js/sevencolor/3/data/\344\270\211\345\205\255_\351\207\207\344\271\235-241.js"
 create mode 100644 "source/js/sevencolor/3/data/\344\270\211\345\205\255_\351\207\207\344\271\235-242.js"
 create mode 100644 "source/js/sevencolor/3/data/\344\270\211\345\205\255_\351\207\207\344\271\235-243.js"
 create mode 100644 "source/js/sevencolor/3/data/\344\270\211\345\205\255_\351\207\207\344\271\235-244.js"
 create mode 100644 "source/js/sevencolor/3/data/\344\270\211\345\205\255_\351\207\207\344\271\235-245.js"
 create mode 100644 "source/js/sevencolor/3/data/\344\270\211\345\205\255_\351\207\207\344\271\235-246.js"
 create mode 100644 "source/js/sevencolor/3/data/\344\270\211\345\205\255_\351\207\207\344\271\235-247.js"
 create mode 100644 "source/js/sevencolor/3/data/\344\270\211\345\205\255_\351\207\207\344\271\235-248.js"
 create mode 100644 "source/js/sevencolor/3/data/\344\270\211\345\205\255_\351\207\207\344\271\235-249.js"
 create mode 100644 "source/js/sevencolor/3/data/\344\270\211\345\205\255_\351\207\207\344\271\235-250.js"
 create mode 100644 "source/js/sevencolor/3/data/\346\232\264\351\243\216_\351\207\207\344\272\214-201.js"
 create mode 100644 "source/js/sevencolor/3/data/\346\232\264\351\243\216_\351\207\207\344\272\214-202.js"
 create mode 100644 "source/js/sevencolor/3/data/\346\232\264\351\243\216_\351\207\207\344\272\214-203.js"
 create mode 100644 "source/js/sevencolor/3/data/\346\232\264\351\243\216_\351\207\207\344\272\214-204.js"
 create mode 100644 "source/js/sevencolor/3/data/\346\232\264\351\243\216_\351\207\207\344\272\214-205.js"
 create mode 100644 "source/js/sevencolor/3/data/\346\232\264\351\243\216_\351\207\207\344\272\214-206.js"
 create mode 100644 "source/js/sevencolor/3/data/\346\232\264\351\243\216_\351\207\207\344\272\214-207.js"
 create mode 100644 "source/js/sevencolor/3/data/\346\232\264\351\243\216_\351\207\207\344\272\214-208.js"
 create mode 100644 "source/js/sevencolor/3/data/\346\232\264\351\243\216_\351\207\207\344\272\214-209.js"
 create mode 100644 "source/js/sevencolor/3/data/\346\232\264\351\243\216_\351\207\207\344\272\214-210.js"
 create mode 100644 "source/js/sevencolor/3/data/\346\232\264\351\243\216_\351\207\207\344\272\214-211.js"
 create mode 100644 "source/js/sevencolor/3/data/\346\232\264\351\243\216_\351\207\207\344\272\214-212.js"
 create mode 100644 "source/js/sevencolor/3/data/\346\232\264\351\243\216_\351\207\207\344\272\214-213.js"
 create mode 100644 "source/js/sevencolor/3/data/\346\232\264\351\243\216_\351\207\207\344\272\214-214.js"
 create mode 100644 "source/js/sevencolor/3/data/\346\232\264\351\243\216_\351\207\207\344\272\214-215.js"
 create mode 100644 "source/js/sevencolor/3/data/\346\232\264\351\243\216_\351\207\207\344\272\214-216.js"
 create mode 100644 "source/js/sevencolor/3/data/\346\232\264\351\243\216_\351\207\207\344\272\214-217.js"
 create mode 100644 "source/js/sevencolor/3/data/\346\232\264\351\243\216_\351\207\207\344\272\214-218.js"
 create mode 100644 "source/js/sevencolor/3/data/\346\232\264\351\243\216_\351\207\207\344\272\214-219.js"
 create mode 100644 "source/js/sevencolor/3/data/\346\232\264\351\243\216_\351\207\207\344\272\214-220.js"
 create mode 100644 "source/js/sevencolor/3/data/\346\232\264\351\243\216_\351\207\207\344\272\214-221.js"
 create mode 100644 "source/js/sevencolor/3/data/\346\232\264\351\243\216_\351\207\207\344\272\214-222.js"
 create mode 100644 "source/js/sevencolor/3/data/\346\232\264\351\243\216_\351\207\207\344\272\214-223.js"
 create mode 100644 "source/js/sevencolor/3/data/\346\232\264\351\243\216_\351\207\207\344\272\214-224.js"
 create mode 100644 "source/js/sevencolor/3/data/\346\232\264\351\243\216_\351\207\207\344\272\214-225.js"
 create mode 100644 "source/js/sevencolor/3/data/\346\232\264\351\243\216_\351\207\207\344\272\214-226.js"
 create mode 100644 "source/js/sevencolor/3/data/\346\232\264\351\243\216_\351\207\207\344\272\214-227.js"
 create mode 100644 "source/js/sevencolor/3/data/\346\232\264\351\243\216_\351\207\207\344\272\214-228.js"
 create mode 100644 "source/js/sevencolor/3/data/\346\232\264\351\243\216_\351\207\207\344\272\214-229.js"
 create mode 100644 "source/js/sevencolor/3/data/\346\232\264\351\243\216_\351\207\207\344\272\214-230.js"
 create mode 100644 "source/js/sevencolor/3/data/\346\232\264\351\243\216_\351\207\207\344\272\214-231.js"
 create mode 100644 "source/js/sevencolor/3/data/\346\232\264\351\243\216_\351\207\207\344\272\214-232.js"
 create mode 100644 "source/js/sevencolor/3/data/\346\232\264\351\243\216_\351\207\207\344\272\214-233.js"
 create mode 100644 "source/js/sevencolor/3/data/\346\232\264\351\243\216_\351\207\207\344\272\214-234.js"
 create mode 100644 "source/js/sevencolor/3/data/\346\232\264\351\243\216_\351\207\207\344\272\214-235.js"
 create mode 100644 "source/js/sevencolor/3/data/\346\232\264\351\243\216_\351\207\207\344\272\214-236.js"
 create mode 100644 "source/js/sevencolor/3/data/\346\232\264\351\243\216_\351\207\207\344\272\214-237.js"
 create mode 100644 "source/js/sevencolor/3/data/\346\232\264\351\243\216_\351\207\207\344\272\214-238.js"
 create mode 100644 "source/js/sevencolor/3/data/\346\232\264\351\243\216_\351\207\207\344\272\214-239.js"
 create mode 100644 "source/js/sevencolor/3/data/\346\232\264\351\243\216_\351\207\207\344\272\214-240.js"
 create mode 100644 "source/js/sevencolor/3/data/\346\232\264\351\243\216_\351\207\207\344\272\214-241.js"
 create mode 100644 "source/js/sevencolor/3/data/\346\232\264\351\243\216_\351\207\207\344\272\214-242.js"
 create mode 100644 "source/js/sevencolor/3/data/\346\232\264\351\243\216_\351\207\207\344\272\214-243.js"
 create mode 100644 "source/js/sevencolor/3/data/\346\232\264\351\243\216_\351\207\207\344\272\214-244.js"
 create mode 100644 "source/js/sevencolor/3/data/\346\232\264\351\243\216_\351\207\207\344\272\214-245.js"
 create mode 100644 "source/js/sevencolor/3/data/\346\232\264\351\243\216_\351\207\207\344\272\214-246.js"
 create mode 100644 "source/js/sevencolor/3/data/\346\232\264\351\243\216_\351\207\207\344\272\214-247.js"
 create mode 100644 "source/js/sevencolor/3/data/\346\232\264\351\243\216_\351\207\207\344\272\214-248.js"
 create mode 100644 "source/js/sevencolor/3/data/\346\232\264\351\243\216_\351\207\207\344\272\214-249.js"
 create mode 100644 "source/js/sevencolor/3/data/\346\232\264\351\243\216_\351\207\207\344\272\214-250.js"
[GIT] Push 到 origin/source（最多重试 3 次）...
[GIT] Push 尝试 1/3...
[GIT STDERR] To github.com:snowhoo/snowhoo.git
   68a34e0cb..336f849dd  source -> source
[GIT] ✅ Push 成功！
============================================================
  结束时间: 2026-06-27 05:02:34.838
  总耗时: 1:02:33
  结果: ✅ 成功
  日志: D:\hexo\hexo-bot\video-bot\202606270400018.log
============================================================
