数据源解析检查
============================================================
[SRC] 从 config.json 读取 2 个数据源
  [1/2] https://fastly.jsdelivr.net/gh/liu673cn/box@main/m.json
    → 单仓源(234站点) 新增 14 站点: 👒┃小胡┃资源┃, 🐉┃索尼┃高清, 🕹️淘片┃采集, 🥗┃非凡┃资源, 🥑┃量子┃资源, 🦁┃四九┃资源, 🛰️飞速┃采集, 🐯┃奇虎┃采集, ⛱┃可可┃采集, 🐯虎牙采集, 🦊火狐采集, 🌪️暴风影音, 🎏百度┃采集, 🎶明星┃MV
  [2/2] https://xn--6orr3pi6g9uu.top/%E7%A6%81%E6%AD%A2%E8%B4%A9%E5%8D%96/bhvip.json
    → 单仓源(52站点) 新增 15 站点: 牌金┃三一, 奇珍┃异兽, 酷酷┃优优, 腾云┃驾雾, 百忙┃无果, 星牙┃短剧, 金鹰┃采一, 豪华┃采三, 茅台┃采四, 极速┃采五, 量子┃采七, 新浪┃采八, 三六┃采九, 光速┃采十, 儿童📚启蒙
  ── 汇总: 2个数据源 → 2成功/0失败 → 29个站点（29API + 0直接源）

站点列表:
   1. [API] 👒┃小胡┃资源┃                        api=http://c.xn--yetu07f.icu/api.php/provide/vod/
   2. [API] 🐉┃索尼┃高清                         api=https://suoniapi.com/api.php/provide/vod/?ac=list
   3. [API] 🕹️淘片┃采集                         api=https://taopianapi.com/cjapi/mc/vod/json.html
   4. [API] 🥗┃非凡┃资源                         api=http://ffzy1.tv/api.php/provide/vod/
   5. [API] 🥑┃量子┃资源                         api=https://lzizy1.com/api.php/provide/vod/
   6. [API] 🦁┃四九┃资源                         api=https://49zy1.com/api.php/provide/vod/?ac=list
   7. [API] 🛰️飞速┃采集                         api=https://www.feisuzyapi.com/api.php/provide/vod/?ac=list
   8. [API] 🐯┃奇虎┃采集                         api=https://caiji.qhzyapi.com/api.php/provide/vod/
   9. [API] ⛱┃可可┃采集                         api=https://kekezy1.com/api.php/provide/vod/?ac=list
  10. [API] 🐯虎牙采集                           api=https://www.huyaapi.com/api.php/provide/vod/from/hym3u8
  11. [API] 🦊火狐采集                           api=https://hhzyapi.com/api.php/provide/vod/
  12. [API] 🌪️暴风影音                          api=https://app.bfzyapi.com/api.php/provide/vod/
  13. [API] 🎏百度┃采集                          api=https://api.apibdzy.com/api.php/provide/vod/?ac=list
  14. [API] 🎶明星┃MV                          api=https://mv.wogg.link/mv/vod
  15. [API] 牌金┃三一                           api=https://raw.githubusercontent.com/xyq254245/xyqonlinerule/main/dr_py/libs/drpy2.
  16. [API] 奇珍┃异兽                           api=https://raw.githubusercontent.com/xyq254245/xyqonlinerule/main/dr_py/libs/drpy2.
  17. [API] 酷酷┃优优                           api=https://raw.githubusercontent.com/xyq254245/xyqonlinerule/main/dr_py/libs/drpy2.
  18. [API] 腾云┃驾雾                           api=https://raw.githubusercontent.com/xyq254245/xyqonlinerule/main/dr_py/libs/drpy2.
  19. [API] 百忙┃无果                           api=https://raw.githubusercontent.com/xyq254245/xyqonlinerule/main/dr_py/libs/drpy2.
  20. [API] 星牙┃短剧                           api=https://git.yylx.win/raw.githubusercontent.com/PizazzGY/NewTVBox/main/movie/py/X
  21. [API] 金鹰┃采一                           api=https://jyzyapi.com/provide/vod/
  22. [API] 豪华┃采三                           api=https://hhzyapi.com/api.php/provide/vod
  23. [API] 茅台┃采四                           api=https://caiji.maotaizy.cc/api.php/provide/vod/at/josn/
  24. [API] 极速┃采五                           api=https://jszyapi.com/api.php/provide/vod/at/json
  25. [API] 量子┃采七                           api=https://cj.lziapi.com/api.php/provide/vod/at/xml/
  26. [API] 新浪┃采八                           api=http://api.xinlangapi.com/xinlangapi.php/provide/vod/
  27. [API] 三六┃采九                           api=https://360zy.com/api.php/provide/vod
  28. [API] 光速┃采十                           api=https://api.guangsuapi.com/api.php/provide/vod/
  29. [API] 儿童📚启蒙                           api=https://gh-proxy.net/https://raw.githubusercontent.com/fantaiying7/EXT/refs/head

共 29 个站点

日志: D:\hexo\hexo-bot\video-bot\202606072345130-source-check.log
