数据源解析检查
============================================================
[SRC] 从 config.json 读取 2 个数据源
  [1/2] https://fastly.jsdelivr.net/gh/liu673cn/box@main/m.json
    → 单仓源(234站点) 新增 14 站点: 👒┃小胡┃资源┃, 🐉┃索尼┃高清, 🕹️淘片┃采集, 🥗┃非凡┃资源, 🥑┃量子┃资源, 🦁┃四九┃资源, 🛰️飞速┃采集, 🐯┃奇虎┃采集, ⛱┃可可┃采集, 🐯虎牙采集, 🦊火狐采集, 🌪️暴风影音, 🎏百度┃采集, 🎶明星┃MV
  [2/2] https://xn--6orr3pi6g9uu.top/%E7%A6%81%E6%AD%A2%E8%B4%A9%E5%8D%96/bhvip.json
    → ❌ 获取失败（网络超时或非200）
  ── 汇总: 2个数据源 → 1成功/1失败 → 14个站点（14API + 0直接源）

站点列表:
   1. [API] 👒┃小胡┃资源┃                        api=http://c.xn--yetu07f.icu/api.php/provide/vod/
   2. [API] 🐉┃索尼┃高清                         api=https://suoniapi.com/api.php/provide/vod/?ac=list
   3. [API] 🕹️淘片┃采集                         api=https://taopianapi.com/cjapi/mc/vod/json.html
   4. [API] 🥗┃非凡┃资源                         api=http://ffzy1.tv/api.php/provide/vod/
   5. [API] 🥑┃量子┃资源                         api=https://lzizy1.com/api.php/provide/vod/
   6. [API] 🦁┃四九┃资源                         api=https://49zy1.com/api.php/provide/vod/?ac=list
   7. [API] 🛰️飞速┃采集                         api=https://www.feisuzyapi.com/api.php/provide/vod/?ac=list
   8. [API] 🐯┃奇虎┃采集                         api=https://caiji.qhzyapi.com/api.php/provide/vod/
   9. [API] ⛱┃可可┃采集                         api=https://kekezy1.com/api.php/provide/vod/?ac=list
  10. [API] 🐯虎牙采集                           api=https://www.huyaapi.com/api.php/provide/vod/from/hym3u8
  11. [API] 🦊火狐采集                           api=https://hhzyapi.com/api.php/provide/vod/
  12. [API] 🌪️暴风影音                          api=https://app.bfzyapi.com/api.php/provide/vod/
  13. [API] 🎏百度┃采集                          api=https://api.apibdzy.com/api.php/provide/vod/?ac=list
  14. [API] 🎶明星┃MV                          api=https://mv.wogg.link/mv/vod

共 14 个站点

日志: D:\hexo\hexo-bot\video-bot\202606072343435-source-check.log
