============================================================
  TVBox 爬虫编排 v2.0
  开始时间: 2026-06-15 04:00:01.876
  日志文件: D:\hexo\hexo-bot\video-bot\202606150400018.log
============================================================
──────────────────────────────────────────────────
[CRAWL] 开始爬取...
[CMD] python "D:\hexo\hexo-bot\video-bot\tvbox-crawler-optimized.py"   (cwd=D:\hexo\hexo-bot\video-bot)
============================================================
  TVBox 播放地址完整爬取 v3.0
  时间: 2026-06-15 04:00:02
  模式: 全量
============================================================
[SRC] 从 config.json 读取 3 个数据源
  [1/3] https://bfzyapi.com/api.php/provide/vod/
    → 直接视频源（暴风┃采二）
  [2/3] https://360zy.com/api.php/provide/vod
    → 直接视频源（三六┃采九）
  [3/3] [直播┃电视] → ✅ 直播源 (M3U)
  ── 汇总: 3个数据源 → 3成功/0失败 → 3个站点（1API + 2直接源）

[SITE] 发现 3 个 API 站点
  [CRAWL] 暴风┃采二... 
  [CRAWL] 三六┃采九... 
  [CRAWL] 直播┃电视... 
  [直播] 直播┃电视: 正在抓取 M3U...
  [分页] 三六┃采九: 固定 200 页, 每页 16 个视频
  [直播] 直播┃电视: 解析到 519 个频道
  [直播] 直播┃电视: 519个频道, 11页
✅ 519个视频, 519/519个可播放, 11页
  [分页] 暴风┃采二: 固定 200 页, 每页 16 个视频
    [三六┃采九] 页 10/200: 已写 10 页, 累计 160 个视频
    [三六┃采九] 页 20/200: 已写 20 页, 累计 320 个视频
    [暴风┃采二] 页 10/200: 已写 10 页, 累计 160 个视频
    [三六┃采九] 页 30/200: 已写 30 页, 累计 480 个视频
    [三六┃采九] 页 40/200: 已写 40 页, 累计 640 个视频
    [暴风┃采二] 页 20/200: 已写 20 页, 累计 320 个视频
    [三六┃采九] 页 50/200: 已写 50 页, 累计 800 个视频
    [三六┃采九] 页 60/200: 已写 60 页, 累计 960 个视频
    [暴风┃采二] 页 30/200: 已写 30 页, 累计 480 个视频
    [三六┃采九] 页 70/200: 已写 70 页, 累计 1120 个视频
    [三六┃采九] 页 80/200: 已写 80 页, 累计 1280 个视频
    [暴风┃采二] 页 40/200: 已写 40 页, 累计 640 个视频
    [三六┃采九] 页 90/200: 已写 90 页, 累计 1440 个视频
    [三六┃采九] 页 100/200: 已写 100 页, 累计 1600 个视频
    [暴风┃采二] 页 50/200: 已写 50 页, 累计 800 个视频
    [三六┃采九] 页 110/200: 已写 110 页, 累计 1760 个视频
    [三六┃采九] 页 120/200: 已写 120 页, 累计 1920 个视频
    [暴风┃采二] 页 60/200: 已写 60 页, 累计 960 个视频
    [三六┃采九] 页 130/200: 已写 130 页, 累计 2080 个视频
    [三六┃采九] 页 140/200: 已写 140 页, 累计 2240 个视频
    [暴风┃采二] 页 70/200: 已写 70 页, 累计 1120 个视频
    [三六┃采九] 页 150/200: 已写 150 页, 累计 2400 个视频
    [三六┃采九] 页 160/200: 已写 160 页, 累计 2560 个视频
    [暴风┃采二] 页 80/200: 已写 80 页, 累计 1280 个视频
    [三六┃采九] 页 170/200: 已写 170 页, 累计 2720 个视频
    [三六┃采九] 页 180/200: 已写 180 页, 累计 2880 个视频
    [暴风┃采二] 页 90/200: 已写 90 页, 累计 1440 个视频
    [三六┃采九] 页 190/200: 已写 190 页, 累计 3040 个视频
    [三六┃采九] 页 200/200: 已写 200 页, 累计 3200 个视频
✅ 3200个视频, 31814/31816个可播放, 200页
    [暴风┃采二] 页 100/200: 已写 100 页, 累计 1600 个视频
    [暴风┃采二] 页 110/200: 已写 110 页, 累计 1760 个视频
    [暴风┃采二] 页 120/200: 已写 120 页, 累计 1920 个视频
    [暴风┃采二] 页 130/200: 已写 130 页, 累计 2080 个视频
    [暴风┃采二] 页 140/200: 已写 140 页, 累计 2240 个视频
    [暴风┃采二] 页 150/200: 已写 150 页, 累计 2400 个视频
    [暴风┃采二] 页 160/200: 已写 160 页, 累计 2560 个视频
    [暴风┃采二] 页 170/200: 已写 170 页, 累计 2720 个视频
    [暴风┃采二] 页 180/200: 已写 180 页, 累计 2880 个视频
    [暴风┃采二] 页 190/200: 已写 190 页, 累计 3040 个视频
    [暴风┃采二] 页 200/200: 已写 200 页, 累计 3200 个视频
✅ 3200个视频, 34920/34920个可播放, 200页
  站点: 3/3 成功
  视频: 6919 个
  地址: 67255 条 (67253 可播放)
  [DIR] data/ — 3 个站点, 分页文件
  [SRC] report/crawl-report.json
============================================================
[CRAWL] ✅ 爬虫完成
──────────────────────────────────────────────────
[GIT] 开始 Git Push 流程...
[CMD] git config user.name "snowhoo"  (cwd=D:\hexo)
[CMD] git config user.email "snowhoo@example.com"  (cwd=D:\hexo)
[CMD] git diff --quiet -- "source/js/sevencolor/3/data"  (cwd=D:\hexo)
[GIT] 检测到数据变化，准备提交...
[CMD] git add "source/js/sevencolor/3/data"  (cwd=D:\hexo)
[CMD] git commit -m "chore: auto-update TVBox video data"  (cwd=D:\hexo)
[source c2cfbf13] chore: auto-update TVBox video data
 629 files changed, 412 insertions(+), 412 deletions(-)
 delete mode 100644 source/js/sevencolor/3/data/TV-LOGO/CCTV1.png
 delete mode 100644 source/js/sevencolor/3/data/TV-LOGO/CCTV10.png
 delete mode 100644 source/js/sevencolor/3/data/TV-LOGO/CCTV11.png
 delete mode 100644 source/js/sevencolor/3/data/TV-LOGO/CCTV12.png
 delete mode 100644 source/js/sevencolor/3/data/TV-LOGO/CCTV13.png
 delete mode 100644 source/js/sevencolor/3/data/TV-LOGO/CCTV14.png
 delete mode 100644 source/js/sevencolor/3/data/TV-LOGO/CCTV15.png
 delete mode 100644 source/js/sevencolor/3/data/TV-LOGO/CCTV16.png
 delete mode 100644 source/js/sevencolor/3/data/TV-LOGO/CCTV17.png
 delete mode 100644 source/js/sevencolor/3/data/TV-LOGO/CCTV2.png
 delete mode 100644 source/js/sevencolor/3/data/TV-LOGO/CCTV3.png
 delete mode 100644 source/js/sevencolor/3/data/TV-LOGO/CCTV4.png
 delete mode 100644 source/js/sevencolor/3/data/TV-LOGO/CCTV4K.png
 delete mode 100644 source/js/sevencolor/3/data/TV-LOGO/CCTV5+.png
 delete mode 100644 source/js/sevencolor/3/data/TV-LOGO/CCTV5.png
 delete mode 100644 source/js/sevencolor/3/data/TV-LOGO/CCTV6.png
 delete mode 100644 source/js/sevencolor/3/data/TV-LOGO/CCTV7.png
 delete mode 100644 source/js/sevencolor/3/data/TV-LOGO/CCTV8.png
 delete mode 100644 source/js/sevencolor/3/data/TV-LOGO/CCTV9.png
 delete mode 100644 "source/js/sevencolor/3/data/TV-LOGO/CCTV\345\244\256\350\247\206\345\217\260\347\220\203.png"
 delete mode 100644 "source/js/sevencolor/3/data/TV-LOGO/CCTV\347\254\254\344\270\200\345\211\247\345\234\272.png"
 delete mode 100644 "source/js/sevencolor/3/data/TV-LOGO/CCTV\351\243\216\344\272\221\350\266\263\347\220\203.png"
 delete mode 100644 source/js/sevencolor/3/data/TV-LOGO/CGTN.png
 delete mode 100644 "source/js/sevencolor/3/data/TV-LOGO/CGTN\344\277\204\350\257\255.png"
 delete mode 100644 "source/js/sevencolor/3/data/TV-LOGO/CGTN\346\263\225\350\257\255.png"
 delete mode 100644 "source/js/sevencolor/3/data/TV-LOGO/CGTN\347\272\252\345\275\225.png"
 delete mode 100644 "source/js/sevencolor/3/data/TV-LOGO/CGTN\350\245\277\350\257\255.png"
 delete mode 100644 "source/js/sevencolor/3/data/TV-LOGO/CGTN\351\230\277\350\257\255.png"
 delete mode 100644 "source/js/sevencolor/3/data/TV-LOGO/CHC\345\256\266\345\272\255\345\275\261\351\231\242.png"
 delete mode 100644 "source/js/sevencolor/3/data/TV-LOGO/CHC\347\224\265\345\275\261.png"
 delete mode 100644 "source/js/sevencolor/3/data/TV-LOGO/\344\270\212\346\265\267\347\254\254\344\270\200\350\264\242\347\273\217.png"
 delete mode 100644 "source/js/sevencolor/3/data/TV-LOGO/\344\270\212\350\231\236\346\226\260\345\225\206\351\203\275.png"
 delete mode 100644 "source/js/sevencolor/3/data/TV-LOGO/\344\270\212\350\231\236\346\226\260\351\227\273\347\273\274\345\220\210.png"
 delete mode 100644 "source/js/sevencolor/3/data/TV-LOGO/\344\270\234\344\270\260\347\273\274\345\220\210.png"
 delete mode 100644 "source/js/sevencolor/3/data/TV-LOGO/\344\270\234\345\215\227\345\215\253\350\247\206.png"
 delete mode 100644 "source/js/sevencolor/3/data/TV-LOGO/\344\270\234\346\226\271\345\215\253\350\247\206.png"
 delete mode 100644 "source/js/sevencolor/3/data/TV-LOGO/\344\270\234\350\216\236\346\226\260\351\227\273\347\273\274\345\220\210.png"
 delete mode 100644 "source/js/sevencolor/3/data/TV-LOGO/\344\270\234\350\216\236\347\224\237\346\264\273\350\265\204\350\256\257.png"
 delete mode 100644 "source/js/sevencolor/3/data/TV-LOGO/\344\270\234\351\230\263\345\275\261\350\247\206\347\224\237\346\264\273.png"
 delete mode 100644 "source/js/sevencolor/3/data/TV-LOGO/\344\270\255\345\233\275\350\223\235\346\226\260\351\227\273.png"
 delete mode 100644 "source/js/sevencolor/3/data/TV-LOGO/\344\271\213\346\261\237\347\272\252\345\275\225.png"
 delete mode 100644 "source/js/sevencolor/3/data/TV-LOGO/\344\271\220\350\207\263\347\273\274\345\220\210.png"
 delete mode 100644 "source/js/sevencolor/3/data/TV-LOGO/\344\271\235\345\217\260\347\273\274\345\220\210.png"
 delete mode 100644 "source/js/sevencolor/3/data/TV-LOGO/\344\272\221\345\215\227\345\215\253\350\247\206.png"
 delete mode 100644 "source/js/sevencolor/3/data/TV-LOGO/\344\272\221\345\215\227\345\250\261\344\271\220.png"
 delete mode 100644 "source/js/sevencolor/3/data/TV-LOGO/\344\272\221\345\215\227\351\203\275\345\270\202.png"
 delete mode 100644 "source/js/sevencolor/3/data/TV-LOGO/\344\272\221\345\222\214\346\226\260\351\227\273\347\273\274\345\220\210.png"
 delete mode 100644 "source/js/sevencolor/3/data/TV-LOGO/\344\272\272\351\227\264\345\215\253\350\247\206.png"
 delete mode 100644 "source/js/sevencolor/3/data/TV-LOGO/\344\273\201\345\257\277\347\273\274\345\220\210.png"
 delete mode 100644 "source/js/sevencolor/3/data/TV-LOGO/\344\275\231\345\247\232\345\247\232\346\261\237\346\226\207\345\214\226.png"
 delete mode 100644 "source/js/sevencolor/3/data/TV-LOGO/\344\275\231\345\247\232\346\226\260\351\227\273\347\273\274\345\220\210.png"
 delete mode 100644 "source/js/sevencolor/3/data/TV-LOGO/\345\205\260\346\272\252\346\226\260\351\227\273\347\273\274\345\220\210.png"
 delete mode 100644 "source/js/sevencolor/3/data/TV-LOGO/\345\205\265\345\233\242\345\215\253\350\247\206.png"
 delete mode 100644 "source/js/sevencolor/3/data/TV-LOGO/\345\206\205\350\222\231\345\217\244\345\215\253\350\247\206.png"
 delete mode 100644 "source/js/sevencolor/3/data/TV-LOGO/\345\206\234\346\236\227\345\215\253\350\247\206.png"
 delete mode 100644 "source/js/sevencolor/3/data/TV-LOGO/\345\211\221\351\230\201\347\273\274\345\220\210.png"
 delete mode 100644 "source/js/sevencolor/3/data/TV-LOGO/\345\214\227\344\272\254\345\215\253\350\247\206.png"
 delete mode 100644 "source/js/sevencolor/3/data/TV-LOGO/\345\214\227\344\272\254\346\226\260\351\227\273.png"
 delete mode 100644 "source/js/sevencolor/3/data/TV-LOGO/\345\215\227\344\272\254\346\225\231\347\247\221.png"
 delete mode 100644 "source/js/sevencolor/3/data/TV-LOGO/\345\215\227\344\272\254\346\226\260\351\227\273\347\273\274\345\220\210.png"
 delete mode 100644 "source/js/sevencolor/3/data/TV-LOGO/\345\215\227\345\233\275\351\203\275\345\270\202.png"
 delete mode 100644 "source/js/sevencolor/3/data/TV-LOGO/\345\215\227\345\256\201\345\275\261\350\247\206\345\250\261\344\271\220.png"
 delete mode 100644 "source/js/sevencolor/3/data/TV-LOGO/\345\215\227\345\256\201\351\203\275\345\270\202\347\224\237\346\264\273.png"
 delete mode 100644 "source/js/sevencolor/3/data/TV-LOGO/\345\215\241\351\205\267\345\260\221\345\204\277.png"
 delete mode 100644 "source/js/sevencolor/3/data/TV-LOGO/\345\216\246\351\227\250\345\215\253\350\247\206.png"
 delete mode 100644 "source/js/sevencolor/3/data/TV-LOGO/\345\217\244\345\216\277\347\273\274\345\220\210.png"
 delete mode 100644 "source/js/sevencolor/3/data/TV-LOGO/\345\220\210\350\202\245\346\226\260\351\227\273.png"
 delete mode 100644 "source/js/sevencolor/3/data/TV-LOGO/\345\220\211\346\236\227\344\271\241\346\235\221.png"
 delete mode 100644 "source/js/sevencolor/3/data/TV-LOGO/\345\220\211\346\236\227\345\215\253\350\247\206.png"
 delete mode 100644 "source/js/sevencolor/3/data/TV-LOGO/\345\223\210\345\260\224\346\273\250\345\250\261\344\271\220.png"
 delete mode 100644 "source/js/sevencolor/3/data/TV-LOGO/\345\223\210\345\260\224\346\273\250\345\275\261\350\247\206.png"
 delete mode 100644 "source/js/sevencolor/3/data/TV-LOGO/\345\223\210\345\260\224\346\273\250\346\226\260\351\227\273\347\273\274\345\220\210.png"
 delete mode 100644 "source/js/sevencolor/3/data/TV-LOGO/\345\223\210\345\260\224\346\273\250\347\224\237\346\264\273.png"
 delete mode 100644 "source/js/sevencolor/3/data/TV-LOGO/\345\233\233\345\267\235\345\215\253\350\247\206.png"
 delete mode 100644 "source/js/sevencolor/3/data/TV-LOGO/\345\233\233\345\267\235\347\247\221\346\225\231.png"
 delete mode 100644 "source/js/sevencolor/3/data/TV-LOGO/\345\244\247\346\271\276\345\214\272\345\215\253\350\247\206.png"
 delete mode 100644 "source/js/sevencolor/3/data/TV-LOGO/\345\244\251\346\264\245\345\215\253\350\247\206.png"
 delete mode 100644 "source/js/sevencolor/3/data/TV-LOGO/\345\256\201\345\244\217\345\215\253\350\247\206.png"
 delete mode 100644 "source/js/sevencolor/3/data/TV-LOGO/\345\256\211\345\244\232\345\215\253\350\247\206.png"
 delete mode 100644 "source/js/sevencolor/3/data/TV-LOGO/\345\256\211\345\276\275\345\215\253\350\247\206.png"
 delete mode 100644 "source/js/sevencolor/3/data/TV-LOGO/\345\256\211\345\276\275\345\257\274\350\247\206.png"
 delete mode 100644 "source/js/sevencolor/3/data/TV-LOGO/\345\256\211\345\276\275\347\273\274\350\211\272\344\275\223\350\202\262.png"
 delete mode 100644 "source/js/sevencolor/3/data/TV-LOGO/\345\256\232\350\245\204\347\273\274\345\220\210.png"
 delete mode 100644 "source/js/sevencolor/3/data/TV-LOGO/\345\261\261\344\270\234\345\215\253\350\247\206.png"
 delete mode 100644 "source/js/sevencolor/3/data/TV-LOGO/\345\261\261\344\270\234\346\225\231\350\202\262.png"
 delete mode 100644 "source/js/sevencolor/3/data/TV-LOGO/\345\261\261\344\270\234\347\224\237\346\264\273.png"
 delete mode 100644 "source/js/sevencolor/3/data/TV-LOGO/\345\261\261\350\245\277\345\215\253\350\247\206.png"
 delete mode 100644 "source/js/sevencolor/3/data/TV-LOGO/\345\265\212\345\267\236\346\226\260\351\227\273\347\273\274\345\220\210.png"
 delete mode 100644 "source/js/sevencolor/3/data/TV-LOGO/\345\271\263\346\263\211\347\273\274\345\220\210.png"
 delete mode 100644 "source/js/sevencolor/3/data/TV-LOGO/\345\271\263\346\271\226\346\226\260\351\227\273\347\273\274\345\220\210.png"
 delete mode 100644 "source/js/sevencolor/3/data/TV-LOGO/\345\271\277\344\270\234\344\275\223\350\202\262.png"
 delete mode 100644 "source/js/sevencolor/3/data/TV-LOGO/\345\271\277\344\270\234\345\215\253\350\247\206.png"
 delete mode 100644 "source/js/sevencolor/3/data/TV-LOGO/\345\271\277\344\270\234\345\260\221\345\204\277.png"
 delete mode 100644 "source/js/sevencolor/3/data/TV-LOGO/\345\271\277\344\270\234\346\260\221\347\224\237.png"
 delete mode 100644 "source/js/sevencolor/3/data/TV-LOGO/\345\271\277\344\270\234\347\217\240\346\261\237.png"
 delete mode 100644 "source/js/sevencolor/3/data/TV-LOGO/\345\271\277\345\205\203\347\273\274\345\220\210.png"
 delete mode 100644 "source/js/sevencolor/3/data/TV-LOGO/\345\271\277\345\267\236\346\226\260\351\227\273.png"
 delete mode 100644 "source/js/sevencolor/3/data/TV-LOGO/\345\271\277\345\267\236\347\273\274\345\220\210.png"
 delete mode 100644 "source/js/sevencolor/3/data/TV-LOGO/\345\271\277\350\245\277\345\215\253\350\247\206.png"
 delete mode 100644 "source/js/sevencolor/3/data/TV-LOGO/\345\271\277\350\245\277\345\233\275\351\231\205.png"
 delete mode 100644 "source/js/sevencolor/3/data/TV-LOGO/\345\273\266\350\276\2712.png"
 delete mode 100644 "source/js/sevencolor/3/data/TV-LOGO/\345\273\266\350\276\271\345\215\253\350\247\206.png"
 delete mode 100644 "source/js/sevencolor/3/data/TV-LOGO/\345\274\200\345\214\226\345\233\275\345\256\266\345\205\254\345\233\255.png"
 delete mode 100644 "source/js/sevencolor/3/data/TV-LOGO/\345\276\267\346\203\240\347\273\274\345\220\210.png"
 delete mode 100644 "source/js/sevencolor/3/data/TV-LOGO/\346\225\260\347\240\201\346\227\266\344\273\243.png"
 delete mode 100644 "source/js/sevencolor/3/data/TV-LOGO/\346\226\207\346\210\220\347\273\274\345\220\210.png"
 delete mode 100644 "source/js/sevencolor/3/data/TV-LOGO/\346\226\260\347\226\206\345\215\253\350\247\206.png"
 delete mode 100644 "source/js/sevencolor/3/data/TV-LOGO/\346\226\260\351\227\273\347\273\274\345\220\210.png"
 delete mode 100644 "source/js/sevencolor/3/data/TV-LOGO/\346\227\240\351\224\241\345\250\261\344\271\220.png"
 delete mode 100644 "source/js/sevencolor/3/data/TV-LOGO/\346\227\240\351\224\241\346\226\260\351\227\273\347\273\274\345\220\210.png"
 delete mode 100644 "source/js/sevencolor/3/data/TV-LOGO/\346\227\240\351\224\241\347\224\237\346\264\273.png"
 delete mode 100644 "source/js/sevencolor/3/data/TV-LOGO/\346\227\240\351\224\241\351\203\275\345\270\202\350\265\204\350\256\257.png"
 delete mode 100644 "source/js/sevencolor/3/data/TV-LOGO/\346\231\256\351\231\200\347\224\265\350\247\206\345\217\260.png"
 delete mode 100644 "source/js/sevencolor/3/data/TV-LOGO/\346\234\235\345\244\251\347\273\274\345\220\210.png"
 delete mode 100644 "source/js/sevencolor/3/data/TV-LOGO/\346\235\245\345\256\276\347\273\274\345\220\210.png"
 delete mode 100644 "source/js/sevencolor/3/data/TV-LOGO/\346\237\263\346\262\263\347\273\274\345\220\210.png"
 delete mode 100644 "source/js/sevencolor/3/data/TV-LOGO/\346\241\246\347\224\270\347\273\274\345\220\210.png"
 delete mode 100644 "source/js/sevencolor/3/data/TV-LOGO/\346\242\205\346\262\263\345\217\243\347\273\274\345\220\210.png"
 delete mode 100644 "source/js/sevencolor/3/data/TV-LOGO/\346\242\250\345\233\255.png"
 delete mode 100644 "source/js/sevencolor/3/data/TV-LOGO/\346\255\246\344\271\211\346\226\260\351\227\273\347\273\274\345\220\210.png"
 delete mode 100644 "source/js/sevencolor/3/data/TV-LOGO/\346\255\246\350\277\233\346\226\260\351\227\273.png"
 delete mode 100644 "source/js/sevencolor/3/data/TV-LOGO/\346\255\246\350\277\233\347\224\237\346\264\273.png"
 delete mode 100644 "source/js/sevencolor/3/data/TV-LOGO/\346\260\270\345\230\211\346\226\260\351\227\273\347\273\274\345\220\210.png"
 delete mode 100644 "source/js/sevencolor/3/data/TV-LOGO/\346\261\237\345\244\217\346\226\260\351\227\273\347\273\274\345\220\210.png"
 delete mode 100644 "source/js/sevencolor/3/data/TV-LOGO/\346\261\237\350\213\217\345\215\253\350\247\206.png"
 delete mode 100644 "source/js/sevencolor/3/data/TV-LOGO/\346\261\237\350\245\277\345\215\253\350\247\206.png"
 delete mode 100644 "source/js/sevencolor/3/data/TV-LOGO/\346\261\252\346\270\205\347\273\274\345\220\210.png"
 delete mode 100644 "source/js/sevencolor/3/data/TV-LOGO/\346\262\255\351\230\263\347\273\274\345\220\210.png"
 delete mode 100644 "source/js/sevencolor/3/data/TV-LOGO/\346\262\263\345\214\227\345\206\234\346\260\221.png"
 delete mode 100644 "source/js/sevencolor/3/data/TV-LOGO/\346\262\263\345\214\227\345\215\253\350\247\206.png"
 delete mode 100644 "source/js/sevencolor/3/data/TV-LOGO/\346\262\263\345\214\227\351\203\275\345\270\202.png"
 delete mode 100644 "source/js/sevencolor/3/data/TV-LOGO/\346\262\263\345\215\227\345\215\253\350\247\206.png"
 delete mode 100644 "source/js/sevencolor/3/data/TV-LOGO/\346\263\227\351\230\263\347\273\274\345\220\210.png"
 delete mode 100644 "source/js/sevencolor/3/data/TV-LOGO/\346\264\236\345\244\264\347\273\274\345\220\210.png"
 delete mode 100644 "source/js/sevencolor/3/data/TV-LOGO/\346\265\231\346\261\237\345\205\254\345\205\261\346\226\260\351\227\273.png"
 delete mode 100644 "source/js/sevencolor/3/data/TV-LOGO/\346\265\231\346\261\237\345\215\253\350\247\206.png"
 delete mode 100644 "source/js/sevencolor/3/data/TV-LOGO/\346\265\231\346\261\237\345\233\275\351\231\205.png"
 delete mode 100644 "source/js/sevencolor/3/data/TV-LOGO/\346\265\231\346\261\237\345\260\221\345\204\277.png"
 delete mode 100644 "source/js/sevencolor/3/data/TV-LOGO/\346\265\231\346\261\237\346\225\231\347\247\221.png"
 delete mode 100644 "source/js/sevencolor/3/data/TV-LOGO/\346\265\231\346\261\237\346\225\231\347\247\221\345\275\261\350\247\206.png"
 delete mode 100644 "source/js/sevencolor/3/data/TV-LOGO/\346\265\231\346\261\237\346\225\260\347\240\201\346\227\266\344\273\243.png"
 delete mode 100644 "source/js/sevencolor/3/data/TV-LOGO/\346\265\231\346\261\237\346\226\260\351\227\273.png"
 delete mode 100644 "source/js/sevencolor/3/data/TV-LOGO/\346\265\231\346\261\237\346\260\221\347\224\237.png"
 delete mode 100644 "source/js/sevencolor/3/data/TV-LOGO/\346\265\231\346\261\237\346\260\221\347\224\237\344\274\221\351\227\262.png"
 delete mode 100644 "source/js/sevencolor/3/data/TV-LOGO/\346\265\231\346\261\237\347\273\217\346\265\216.png"
 delete mode 100644 "source/js/sevencolor/3/data/TV-LOGO/\346\265\231\346\261\237\347\273\217\346\265\216\347\224\237\346\264\273.png"
 delete mode 100644 "source/js/sevencolor/3/data/TV-LOGO/\346\265\231\346\261\237\347\273\217\350\247\206.png"
 delete mode 100644 "source/js/sevencolor/3/data/TV-LOGO/\346\265\231\346\261\237\351\222\261\346\261\237.png"
 delete mode 100644 "source/js/sevencolor/3/data/TV-LOGO/\346\265\231\346\261\237\351\222\261\346\261\237\351\203\275\345\270\202.png"
 delete mode 100644 "source/js/sevencolor/3/data/TV-LOGO/\346\265\231\346\261\237\351\222\261\346\261\237\351\242\221\351\201\223.png"
 delete mode 100644 "source/js/sevencolor/3/data/TV-LOGO/\346\265\267\345\215\227\345\215\253\350\247\206.png"
 delete mode 100644 "source/js/sevencolor/3/data/TV-LOGO/\346\265\267\345\215\227\346\226\260\351\227\273.png"
 delete mode 100644 "source/js/sevencolor/3/data/TV-LOGO/\346\265\267\345\263\241\345\215\253\350\247\206.png"
 delete mode 100644 "source/js/sevencolor/3/data/TV-LOGO/\346\267\256\351\230\264\347\273\274\345\220\210.png"
 delete mode 100644 "source/js/sevencolor/3/data/TV-LOGO/\346\267\261\345\234\263\345\215\253\350\247\206.png"
 delete mode 100644 "source/js/sevencolor/3/data/TV-LOGO/\346\271\226\345\214\227\345\215\253\350\247\206.png"
 delete mode 100644 "source/js/sevencolor/3/data/TV-LOGO/\346\271\226\345\215\227\345\215\253\350\247\206.png"
 delete mode 100644 "source/js/sevencolor/3/data/TV-LOGO/\347\203\237\345\217\260\346\226\260\351\227\273\347\273\274\345\220\210.png"
 delete mode 100644 "source/js/sevencolor/3/data/TV-LOGO/\347\203\237\345\217\260\347\273\217\346\265\216\347\247\221\346\212\200.png"
 delete mode 100644 "source/js/sevencolor/3/data/TV-LOGO/\347\224\230\350\202\203\345\215\253\350\247\206.png"
 delete mode 100644 "source/js/sevencolor/3/data/TV-LOGO/\347\224\230\350\202\203\347\273\217\346\265\216.png"
 delete mode 100644 "source/js/sevencolor/3/data/TV-LOGO/\347\224\230\350\202\203\351\203\275\345\270\202.png"
 delete mode 100644 "source/js/sevencolor/3/data/TV-LOGO/\347\233\264\346\222\255\344\270\255\345\233\275.png"
 delete mode 100644 "source/js/sevencolor/3/data/TV-LOGO/\347\243\220\347\237\263\347\273\274\345\220\210.png"
 delete mode 100644 "source/js/sevencolor/3/data/TV-LOGO/\347\246\217\345\267\236\345\260\221\345\204\277.png"
 delete mode 100644 "source/js/sevencolor/3/data/TV-LOGO/\347\246\217\345\267\236\347\224\237\346\264\273.png"
 delete mode 100644 "source/js/sevencolor/3/data/TV-LOGO/\347\246\217\345\273\272\345\205\254\345\205\261.png"
 delete mode 100644 "source/js/sevencolor/3/data/TV-LOGO/\347\246\217\345\273\272\346\226\260\351\227\273.png"
 delete mode 100644 "source/js/sevencolor/3/data/TV-LOGO/\347\246\217\345\273\272\346\227\205\346\270\270.png"
 delete mode 100644 "source/js/sevencolor/3/data/TV-LOGO/\347\246\217\345\273\272\347\273\217\346\265\216.png"
 delete mode 100644 "source/js/sevencolor/3/data/TV-LOGO/\347\254\254\344\270\200\350\264\242\347\273\217.png"
 delete mode 100644 "source/js/sevencolor/3/data/TV-LOGO/\347\262\276\345\223\201\344\275\223\350\202\262.png"
 delete mode 100644 "source/js/sevencolor/3/data/TV-LOGO/\347\272\254\346\235\245\344\275\223\350\202\262.png"
 delete mode 100644 "source/js/sevencolor/3/data/TV-LOGO/\347\276\216\344\272\232\347\224\265\345\275\261.png"
 delete mode 100644 "source/js/sevencolor/3/data/TV-LOGO/\350\213\215\345\215\227\346\226\260\351\227\273\347\273\274\345\220\210.png"
 delete mode 100644 "source/js/sevencolor/3/data/TV-LOGO/\350\213\217\345\267\2364K.png"
 delete mode 100644 "source/js/sevencolor/3/data/TV-LOGO/\350\213\217\345\267\236\346\226\207\345\214\226\347\224\237\346\264\273.png"
 delete mode 100644 "source/js/sevencolor/3/data/TV-LOGO/\350\213\217\345\267\236\346\226\260\351\227\273\347\273\274\345\220\210.png"
 delete mode 100644 "source/js/sevencolor/3/data/TV-LOGO/\350\213\217\345\267\236\347\224\237\346\264\273\350\265\204\350\256\257.png"
 delete mode 100644 "source/js/sevencolor/3/data/TV-LOGO/\350\213\217\345\267\236\347\244\276\344\274\232\347\273\217\346\265\216.png"
 delete mode 100644 "source/js/sevencolor/3/data/TV-LOGO/\350\215\206\351\227\250\346\226\260\351\227\273\347\273\274\345\220\210.png"
 delete mode 100644 "source/js/sevencolor/3/data/TV-LOGO/\350\220\247\345\261\261\347\273\274\345\220\210.png"
 delete mode 100644 "source/js/sevencolor/3/data/TV-LOGO/\350\245\277\345\256\201\346\226\260\351\227\273\347\273\274\345\220\210.png"
 delete mode 100644 "source/js/sevencolor/3/data/TV-LOGO/\350\245\277\345\256\211\351\203\275\345\270\202.png"
 delete mode 100644 "source/js/sevencolor/3/data/TV-LOGO/\350\245\277\350\227\217\345\215\253\350\247\206.png"
 delete mode 100644 "source/js/sevencolor/3/data/TV-LOGO/\350\257\270\346\232\250\346\226\260\351\227\273\347\273\274\345\220\210.png"
 delete mode 100644 "source/js/sevencolor/3/data/TV-LOGO/\350\261\241\345\261\261\346\226\260\351\227\273\347\273\274\345\220\210.png"
 delete mode 100644 "source/js/sevencolor/3/data/TV-LOGO/\350\264\265\345\267\236\345\215\253\350\247\206.png"
 delete mode 100644 "source/js/sevencolor/3/data/TV-LOGO/\350\265\243\345\267\236\345\205\254\345\205\261.png"
 delete mode 100644 "source/js/sevencolor/3/data/TV-LOGO/\350\276\275\345\256\201\345\215\253\350\247\206.png"
 delete mode 100644 "source/js/sevencolor/3/data/TV-LOGO/\350\276\275\345\256\201\351\203\275\345\270\202.png"
 delete mode 100644 "source/js/sevencolor/3/data/TV-LOGO/\351\200\232\345\214\226\345\216\277\347\273\274\345\220\210.png"
 delete mode 100644 "source/js/sevencolor/3/data/TV-LOGO/\351\202\257\351\203\270\347\247\221\346\212\200\346\225\231\350\202\262.png"
 delete mode 100644 "source/js/sevencolor/3/data/TV-LOGO/\351\202\265\346\260\217\345\275\261\351\231\242.png"
 delete mode 100644 "source/js/sevencolor/3/data/TV-LOGO/\351\203\275\345\270\202\345\211\247\345\234\272.png"
 delete mode 100644 "source/js/sevencolor/3/data/TV-LOGO/\351\207\215\345\272\206\345\215\253\350\247\206.png"
 delete mode 100644 "source/js/sevencolor/3/data/TV-LOGO/\351\207\221\351\271\260\345\215\241\351\200\232.png"
 delete mode 100644 "source/js/sevencolor/3/data/TV-LOGO/\351\225\207\346\261\237\346\226\260\351\227\273\347\273\274\345\220\210.png"
 delete mode 100644 "source/js/sevencolor/3/data/TV-LOGO/\351\225\277\345\275\261\351\242\221\351\201\223.png"
 delete mode 100644 "source/js/sevencolor/3/data/TV-LOGO/\351\231\225\350\245\277\345\205\254\345\205\261.png"
 delete mode 100644 "source/js/sevencolor/3/data/TV-LOGO/\351\231\225\350\245\277\345\215\253\350\247\206.png"
 delete mode 100644 "source/js/sevencolor/3/data/TV-LOGO/\351\231\225\350\245\277\347\247\246\350\205\224.png"
 delete mode 100644 "source/js/sevencolor/3/data/TV-LOGO/\351\231\225\350\245\277\351\203\275\345\270\202\351\235\222\346\230\245.png"
 delete mode 100644 "source/js/sevencolor/3/data/TV-LOGO/\351\231\225\350\245\277\351\223\266\351\276\204.png"
 delete mode 100644 "source/js/sevencolor/3/data/TV-LOGO/\351\233\205\345\256\211\346\226\260\351\227\273\347\273\274\345\220\210.png"
 delete mode 100644 "source/js/sevencolor/3/data/TV-LOGO/\351\235\222\345\267\235\347\273\274\345\220\210.png"
 delete mode 100644 "source/js/sevencolor/3/data/TV-LOGO/\351\235\222\346\265\267\345\215\253\350\247\206.png"
 delete mode 100644 "source/js/sevencolor/3/data/TV-LOGO/\351\235\222\347\224\260\347\224\265\350\247\206\345\217\260.png"
 delete mode 100644 "source/js/sevencolor/3/data/TV-LOGO/\351\235\226\345\256\207\347\273\274\345\220\210.png"
 delete mode 100644 "source/js/sevencolor/3/data/TV-LOGO/\351\237\263\344\271\220\347\216\260\345\234\272.png"
 delete mode 100644 "source/js/sevencolor/3/data/TV-LOGO/\351\273\221\351\276\231\346\261\237\345\215\253\350\247\206.png"
 delete mode 100644 "source/js/sevencolor/3/data/TV-LOGO/\351\273\221\351\276\231\346\261\237\345\260\221\345\204\277.png"
 delete mode 100644 "source/js/sevencolor/3/data/TV-LOGO/\351\273\221\351\276\231\346\261\237\346\226\207\344\275\223.png"
 delete mode 100644 "source/js/sevencolor/3/data/TV-LOGO/\351\273\221\351\276\231\346\261\237\351\203\275\345\270\202.png"
 delete mode 100644 "source/js/sevencolor/3/data/TV-LOGO/\351\276\231\344\272\225\347\273\274\345\220\210.png"
 delete mode 100644 "source/js/sevencolor/3/data/TV-LOGO/\351\276\231\346\263\211\346\226\260\351\227\273\347\273\274\345\220\210.png"
 delete mode 100644 "source/js/sevencolor/3/data/TV-LOGO/\351\276\231\346\270\270\346\226\260\351\227\273\347\273\274\345\220\210.png"
[GIT] Push 到 origin/source（最多重试 3 次）...
[GIT] Push 尝试 1/3...
[GIT STDERR] To github.com:snowhoo/snowhoo.git
   5030df2b0..c2cfbf131  source -> source
[GIT] ✅ Push 成功！
============================================================
  结束时间: 2026-06-15 04:51:39.451
  总耗时: 0:51:37
  结果: ✅ 成功
  日志: D:\hexo\hexo-bot\video-bot\202606150400018.log
============================================================
