数据源解析检查
============================================================
[SRC] 从 config.json 读取 1 个数据源
  [1/1] https://xn--6orr3pi6g9uu.top/%E7%A6%81%E6%AD%A2%E8%B4%A9%E5%8D%96/bhvip.json
    → 单仓源(52站点) 新增 16 站点: 牌金┃三一, 奇珍┃异兽, 酷酷┃优优, 腾云┃驾雾, 百忙┃无果, 星牙┃短剧, 金鹰┃采一, 暴风┃采二, 豪华┃采三, 茅台┃采四, 极速┃采五, 量子┃采七, 新浪┃采八, 三六┃采九, 光速┃采十, 儿童📚启蒙
  ── 汇总: 1个数据源 → 1成功/0失败 → 16个站点（16API + 0直接源）

站点列表:
   1. [API] 牌金┃三一                           api=https://raw.githubusercontent.com/xyq254245/xyqonlinerule/main/dr_py/libs/drpy2.
   2. [API] 奇珍┃异兽                           api=https://raw.githubusercontent.com/xyq254245/xyqonlinerule/main/dr_py/libs/drpy2.
   3. [API] 酷酷┃优优                           api=https://raw.githubusercontent.com/xyq254245/xyqonlinerule/main/dr_py/libs/drpy2.
   4. [API] 腾云┃驾雾                           api=https://raw.githubusercontent.com/xyq254245/xyqonlinerule/main/dr_py/libs/drpy2.
   5. [API] 百忙┃无果                           api=https://raw.githubusercontent.com/xyq254245/xyqonlinerule/main/dr_py/libs/drpy2.
   6. [API] 星牙┃短剧                           api=https://git.yylx.win/raw.githubusercontent.com/PizazzGY/NewTVBox/main/movie/py/X
   7. [API] 金鹰┃采一                           api=https://jyzyapi.com/provide/vod/
   8. [API] 暴风┃采二                           api=https://bfzyapi.com/api.php/provide/vod/
   9. [API] 豪华┃采三                           api=https://hhzyapi.com/api.php/provide/vod
  10. [API] 茅台┃采四                           api=https://caiji.maotaizy.cc/api.php/provide/vod/at/josn/
  11. [API] 极速┃采五                           api=https://jszyapi.com/api.php/provide/vod/at/json
  12. [API] 量子┃采七                           api=https://cj.lziapi.com/api.php/provide/vod/at/xml/
  13. [API] 新浪┃采八                           api=http://api.xinlangapi.com/xinlangapi.php/provide/vod/
  14. [API] 三六┃采九                           api=https://360zy.com/api.php/provide/vod
  15. [API] 光速┃采十                           api=https://api.guangsuapi.com/api.php/provide/vod/
  16. [API] 儿童📚启蒙                           api=https://gh-proxy.net/https://raw.githubusercontent.com/fantaiying7/EXT/refs/head

共 16 个站点

日志: D:\hexo\hexo-bot\video-bot\202606080759480-source-check.log
