============================================================
  TVBox 爬虫编排 v2.0
  开始时间: 2026-06-08 08:14:10.731
  日志文件: D:\hexo\hexo-bot\video-bot\202606080814107.log
============================================================
──────────────────────────────────────────────────
[CRAWL] 开始爬取...
[CMD] python "D:\hexo\hexo-bot\video-bot\tvbox-crawler-optimized.py"   (cwd=D:\hexo\hexo-bot\video-bot)
============================================================
  TVBox 播放地址完整爬取 v3.0
  时间: 2026-06-08 08:14:11
  模式: 全量
============================================================
[SRC] 从 config.json 读取 3 个数据源
  [1/3] https://bfzyapi.com/api.php/provide/vod/
    → 直接视频源（bfzyapi）
  [2/3] https://caiji.maotaizy.cc/api.php/provide/vod/at/josn/
    → ❌ 获取失败（网络超时或非200）
  [3/3] https://360zy.com/api.php/provide/vod
    → 直接视频源（360zy）
  ── 汇总: 3个数据源 → 2成功/1失败 → 2个站点（0API + 2直接源）

[SITE] 发现 2 个 API 站点
  [CRAWL] bfzyapi... 
  [CRAWL] 360zy... 
  [分页] 360zy: 固定 160 页, 每页 16 个视频
  [分页] bfzyapi: 固定 160 页, 每页 16 个视频
    [360zy] 页 10/160: 已写 10 页, 累计 160 个视频
    [bfzyapi] 页 10/160: 已写 10 页, 累计 160 个视频
    [360zy] 页 20/160: 已写 20 页, 累计 320 个视频
    [bfzyapi] 页 20/160: 已写 20 页, 累计 320 个视频
    [360zy] 页 30/160: 已写 30 页, 累计 480 个视频
    [360zy] 页 40/160: 已写 40 页, 累计 640 个视频
    [bfzyapi] 页 30/160: 已写 30 页, 累计 480 个视频
    [360zy] 页 50/160: 已写 50 页, 累计 800 个视频
    [bfzyapi] 页 40/160: 已写 40 页, 累计 640 个视频
    [360zy] 页 60/160: 已写 60 页, 累计 960 个视频
    [360zy] 页 70/160: 已写 70 页, 累计 1120 个视频
    [bfzyapi] 页 50/160: 已写 50 页, 累计 800 个视频
    [360zy] 页 80/160: 已写 80 页, 累计 1280 个视频
    [360zy] 页 90/160: 已写 90 页, 累计 1440 个视频
    [bfzyapi] 页 60/160: 已写 60 页, 累计 960 个视频
    [360zy] 页 100/160: 已写 100 页, 累计 1600 个视频
    [bfzyapi] 页 70/160: 已写 70 页, 累计 1120 个视频
    [360zy] 页 110/160: 已写 110 页, 累计 1760 个视频
    [360zy] 页 120/160: 已写 120 页, 累计 1920 个视频
    [bfzyapi] 页 80/160: 已写 80 页, 累计 1280 个视频
    [360zy] 页 130/160: 已写 130 页, 累计 2080 个视频
    [bfzyapi] 页 90/160: 已写 90 页, 累计 1440 个视频
    [360zy] 页 140/160: 已写 140 页, 累计 2240 个视频
    [360zy] 页 150/160: 已写 150 页, 累计 2400 个视频
    [bfzyapi] 页 100/160: 已写 100 页, 累计 1600 个视频
    [360zy] 页 160/160: 已写 160 页, 累计 2560 个视频
✅ 2560个视频, 33246/33248个可播放, 160页
    [bfzyapi] 页 110/160: 已写 110 页, 累计 1760 个视频
    [bfzyapi] 页 120/160: 已写 120 页, 累计 1920 个视频
    [bfzyapi] 页 130/160: 已写 130 页, 累计 2080 个视频
    [bfzyapi] 页 140/160: 已写 140 页, 累计 2240 个视频
    [bfzyapi] 页 150/160: 已写 150 页, 累计 2400 个视频
    [bfzyapi] 页 160/160: 已写 160 页, 累计 2560 个视频
✅ 2560个视频, 33572/33572个可播放, 160页
  站点: 2/2 成功
  视频: 5120 个
  地址: 66820 条 (66818 可播放)
  [DIR] data/ — 2 个站点, 分页文件
  [SRC] report/crawl-report.json
============================================================
[CRAWL] ✅ 爬虫完成
──────────────────────────────────────────────────
[GIT] 开始 Git Push 流程...
[CMD] git config user.name "snowhoo"  (cwd=D:\hexo)
[CMD] git config user.email "snowhoo@example.com"  (cwd=D:\hexo)
[CMD] git diff --quiet -- "source/js/sevencolor/3/data"  (cwd=D:\hexo)
[GIT] 检测到数据变化，准备提交...
[CMD] git add "source/js/sevencolor/3/data"  (cwd=D:\hexo)
[CMD] git commit -m "chore: auto-update TVBox video data"  (cwd=D:\hexo)
[source 4def23f6] chore: auto-update TVBox video data
 960 files changed, 321 insertions(+), 640 deletions(-)
 create mode 100644 source/js/sevencolor/3/data/360zy-01.js
 create mode 100644 source/js/sevencolor/3/data/360zy-02.js
 create mode 100644 source/js/sevencolor/3/data/360zy-03.js
 create mode 100644 source/js/sevencolor/3/data/360zy-04.js
 create mode 100644 source/js/sevencolor/3/data/360zy-05.js
 create mode 100644 source/js/sevencolor/3/data/360zy-06.js
 create mode 100644 source/js/sevencolor/3/data/360zy-07.js
 create mode 100644 source/js/sevencolor/3/data/360zy-08.js
 create mode 100644 source/js/sevencolor/3/data/360zy-09.js
 create mode 100644 source/js/sevencolor/3/data/360zy-10.js
 create mode 100644 source/js/sevencolor/3/data/360zy-100.js
 create mode 100644 source/js/sevencolor/3/data/360zy-101.js
 create mode 100644 source/js/sevencolor/3/data/360zy-102.js
 create mode 100644 source/js/sevencolor/3/data/360zy-103.js
 create mode 100644 source/js/sevencolor/3/data/360zy-104.js
 create mode 100644 source/js/sevencolor/3/data/360zy-105.js
 create mode 100644 source/js/sevencolor/3/data/360zy-106.js
 create mode 100644 source/js/sevencolor/3/data/360zy-107.js
 create mode 100644 source/js/sevencolor/3/data/360zy-108.js
 create mode 100644 source/js/sevencolor/3/data/360zy-109.js
 create mode 100644 source/js/sevencolor/3/data/360zy-11.js
 create mode 100644 source/js/sevencolor/3/data/360zy-110.js
 create mode 100644 source/js/sevencolor/3/data/360zy-111.js
 create mode 100644 source/js/sevencolor/3/data/360zy-112.js
 create mode 100644 source/js/sevencolor/3/data/360zy-113.js
 create mode 100644 source/js/sevencolor/3/data/360zy-114.js
 create mode 100644 source/js/sevencolor/3/data/360zy-115.js
 create mode 100644 source/js/sevencolor/3/data/360zy-116.js
 create mode 100644 source/js/sevencolor/3/data/360zy-117.js
 create mode 100644 source/js/sevencolor/3/data/360zy-118.js
 create mode 100644 source/js/sevencolor/3/data/360zy-119.js
 create mode 100644 source/js/sevencolor/3/data/360zy-12.js
 create mode 100644 source/js/sevencolor/3/data/360zy-120.js
 create mode 100644 source/js/sevencolor/3/data/360zy-121.js
 create mode 100644 source/js/sevencolor/3/data/360zy-122.js
 create mode 100644 source/js/sevencolor/3/data/360zy-123.js
 create mode 100644 source/js/sevencolor/3/data/360zy-124.js
 create mode 100644 source/js/sevencolor/3/data/360zy-125.js
 create mode 100644 source/js/sevencolor/3/data/360zy-126.js
 create mode 100644 source/js/sevencolor/3/data/360zy-127.js
 create mode 100644 source/js/sevencolor/3/data/360zy-128.js
 create mode 100644 source/js/sevencolor/3/data/360zy-129.js
 create mode 100644 source/js/sevencolor/3/data/360zy-13.js
 create mode 100644 source/js/sevencolor/3/data/360zy-130.js
 create mode 100644 source/js/sevencolor/3/data/360zy-131.js
 create mode 100644 source/js/sevencolor/3/data/360zy-132.js
 create mode 100644 source/js/sevencolor/3/data/360zy-133.js
 create mode 100644 source/js/sevencolor/3/data/360zy-134.js
 create mode 100644 source/js/sevencolor/3/data/360zy-135.js
 create mode 100644 source/js/sevencolor/3/data/360zy-136.js
 create mode 100644 source/js/sevencolor/3/data/360zy-137.js
 create mode 100644 source/js/sevencolor/3/data/360zy-138.js
 create mode 100644 source/js/sevencolor/3/data/360zy-139.js
 create mode 100644 source/js/sevencolor/3/data/360zy-14.js
 create mode 100644 source/js/sevencolor/3/data/360zy-140.js
 create mode 100644 source/js/sevencolor/3/data/360zy-141.js
 create mode 100644 source/js/sevencolor/3/data/360zy-142.js
 create mode 100644 source/js/sevencolor/3/data/360zy-143.js
 create mode 100644 source/js/sevencolor/3/data/360zy-144.js
 create mode 100644 source/js/sevencolor/3/data/360zy-145.js
 create mode 100644 source/js/sevencolor/3/data/360zy-146.js
 create mode 100644 source/js/sevencolor/3/data/360zy-147.js
 create mode 100644 source/js/sevencolor/3/data/360zy-148.js
 create mode 100644 source/js/sevencolor/3/data/360zy-149.js
 create mode 100644 source/js/sevencolor/3/data/360zy-15.js
 create mode 100644 source/js/sevencolor/3/data/360zy-150.js
 create mode 100644 source/js/sevencolor/3/data/360zy-151.js
 create mode 100644 source/js/sevencolor/3/data/360zy-152.js
 create mode 100644 source/js/sevencolor/3/data/360zy-153.js
 create mode 100644 source/js/sevencolor/3/data/360zy-154.js
 create mode 100644 source/js/sevencolor/3/data/360zy-155.js
 create mode 100644 source/js/sevencolor/3/data/360zy-156.js
 create mode 100644 source/js/sevencolor/3/data/360zy-157.js
 create mode 100644 source/js/sevencolor/3/data/360zy-158.js
 create mode 100644 source/js/sevencolor/3/data/360zy-159.js
 create mode 100644 source/js/sevencolor/3/data/360zy-16.js
 create mode 100644 source/js/sevencolor/3/data/360zy-160.js
 create mode 100644 source/js/sevencolor/3/data/360zy-17.js
 create mode 100644 source/js/sevencolor/3/data/360zy-18.js
 create mode 100644 source/js/sevencolor/3/data/360zy-19.js
 create mode 100644 source/js/sevencolor/3/data/360zy-20.js
 create mode 100644 source/js/sevencolor/3/data/360zy-21.js
 create mode 100644 source/js/sevencolor/3/data/360zy-22.js
 create mode 100644 source/js/sevencolor/3/data/360zy-23.js
 create mode 100644 source/js/sevencolor/3/data/360zy-24.js
 create mode 100644 source/js/sevencolor/3/data/360zy-25.js
 create mode 100644 source/js/sevencolor/3/data/360zy-26.js
 create mode 100644 source/js/sevencolor/3/data/360zy-27.js
 create mode 100644 source/js/sevencolor/3/data/360zy-28.js
 create mode 100644 source/js/sevencolor/3/data/360zy-29.js
 create mode 100644 source/js/sevencolor/3/data/360zy-30.js
 create mode 100644 source/js/sevencolor/3/data/360zy-31.js
 create mode 100644 source/js/sevencolor/3/data/360zy-32.js
 create mode 100644 source/js/sevencolor/3/data/360zy-33.js
 create mode 100644 source/js/sevencolor/3/data/360zy-34.js
 create mode 100644 source/js/sevencolor/3/data/360zy-35.js
 create mode 100644 source/js/sevencolor/3/data/360zy-36.js
 create mode 100644 source/js/sevencolor/3/data/360zy-37.js
 create mode 100644 source/js/sevencolor/3/data/360zy-38.js
 create mode 100644 source/js/sevencolor/3/data/360zy-39.js
 create mode 100644 source/js/sevencolor/3/data/360zy-40.js
 create mode 100644 source/js/sevencolor/3/data/360zy-41.js
 create mode 100644 source/js/sevencolor/3/data/360zy-42.js
 create mode 100644 source/js/sevencolor/3/data/360zy-43.js
 create mode 100644 source/js/sevencolor/3/data/360zy-44.js
 create mode 100644 source/js/sevencolor/3/data/360zy-45.js
 create mode 100644 source/js/sevencolor/3/data/360zy-46.js
 create mode 100644 source/js/sevencolor/3/data/360zy-47.js
 create mode 100644 source/js/sevencolor/3/data/360zy-48.js
 create mode 100644 source/js/sevencolor/3/data/360zy-49.js
 create mode 100644 source/js/sevencolor/3/data/360zy-50.js
 create mode 100644 source/js/sevencolor/3/data/360zy-51.js
 create mode 100644 source/js/sevencolor/3/data/360zy-52.js
 create mode 100644 source/js/sevencolor/3/data/360zy-53.js
 create mode 100644 source/js/sevencolor/3/data/360zy-54.js
 create mode 100644 source/js/sevencolor/3/data/360zy-55.js
 create mode 100644 source/js/sevencolor/3/data/360zy-56.js
 create mode 100644 source/js/sevencolor/3/data/360zy-57.js
 create mode 100644 source/js/sevencolor/3/data/360zy-58.js
 create mode 100644 source/js/sevencolor/3/data/360zy-59.js
 create mode 100644 source/js/sevencolor/3/data/360zy-60.js
 create mode 100644 source/js/sevencolor/3/data/360zy-61.js
 create mode 100644 source/js/sevencolor/3/data/360zy-62.js
 create mode 100644 source/js/sevencolor/3/data/360zy-63.js
 create mode 100644 source/js/sevencolor/3/data/360zy-64.js
 create mode 100644 source/js/sevencolor/3/data/360zy-65.js
 create mode 100644 source/js/sevencolor/3/data/360zy-66.js
 create mode 100644 source/js/sevencolor/3/data/360zy-67.js
 create mode 100644 source/js/sevencolor/3/data/360zy-68.js
 create mode 100644 source/js/sevencolor/3/data/360zy-69.js
 create mode 100644 source/js/sevencolor/3/data/360zy-70.js
 create mode 100644 source/js/sevencolor/3/data/360zy-71.js
 create mode 100644 source/js/sevencolor/3/data/360zy-72.js
 create mode 100644 source/js/sevencolor/3/data/360zy-73.js
 create mode 100644 source/js/sevencolor/3/data/360zy-74.js
 create mode 100644 source/js/sevencolor/3/data/360zy-75.js
 create mode 100644 source/js/sevencolor/3/data/360zy-76.js
 create mode 100644 source/js/sevencolor/3/data/360zy-77.js
 create mode 100644 source/js/sevencolor/3/data/360zy-78.js
 create mode 100644 source/js/sevencolor/3/data/360zy-79.js
 create mode 100644 source/js/sevencolor/3/data/360zy-80.js
 create mode 100644 source/js/sevencolor/3/data/360zy-81.js
 create mode 100644 source/js/sevencolor/3/data/360zy-82.js
 create mode 100644 source/js/sevencolor/3/data/360zy-83.js
 create mode 100644 source/js/sevencolor/3/data/360zy-84.js
 create mode 100644 source/js/sevencolor/3/data/360zy-85.js
 create mode 100644 source/js/sevencolor/3/data/360zy-86.js
 create mode 100644 source/js/sevencolor/3/data/360zy-87.js
 create mode 100644 source/js/sevencolor/3/data/360zy-88.js
 create mode 100644 source/js/sevencolor/3/data/360zy-89.js
 create mode 100644 source/js/sevencolor/3/data/360zy-90.js
 create mode 100644 source/js/sevencolor/3/data/360zy-91.js
 create mode 100644 source/js/sevencolor/3/data/360zy-92.js
 create mode 100644 source/js/sevencolor/3/data/360zy-93.js
 create mode 100644 source/js/sevencolor/3/data/360zy-94.js
 create mode 100644 source/js/sevencolor/3/data/360zy-95.js
 create mode 100644 source/js/sevencolor/3/data/360zy-96.js
 create mode 100644 source/js/sevencolor/3/data/360zy-97.js
 create mode 100644 source/js/sevencolor/3/data/360zy-98.js
 create mode 100644 source/js/sevencolor/3/data/360zy-99.js
 create mode 100644 source/js/sevencolor/3/data/bfzyapi-01.js
 create mode 100644 source/js/sevencolor/3/data/bfzyapi-02.js
 create mode 100644 source/js/sevencolor/3/data/bfzyapi-03.js
 create mode 100644 source/js/sevencolor/3/data/bfzyapi-04.js
 create mode 100644 source/js/sevencolor/3/data/bfzyapi-05.js
 create mode 100644 source/js/sevencolor/3/data/bfzyapi-06.js
 create mode 100644 source/js/sevencolor/3/data/bfzyapi-07.js
 create mode 100644 source/js/sevencolor/3/data/bfzyapi-08.js
 create mode 100644 source/js/sevencolor/3/data/bfzyapi-09.js
 create mode 100644 source/js/sevencolor/3/data/bfzyapi-10.js
 create mode 100644 source/js/sevencolor/3/data/bfzyapi-100.js
 create mode 100644 source/js/sevencolor/3/data/bfzyapi-101.js
 create mode 100644 source/js/sevencolor/3/data/bfzyapi-102.js
 create mode 100644 source/js/sevencolor/3/data/bfzyapi-103.js
 create mode 100644 source/js/sevencolor/3/data/bfzyapi-104.js
 create mode 100644 source/js/sevencolor/3/data/bfzyapi-105.js
 create mode 100644 source/js/sevencolor/3/data/bfzyapi-106.js
 create mode 100644 source/js/sevencolor/3/data/bfzyapi-107.js
 create mode 100644 source/js/sevencolor/3/data/bfzyapi-108.js
 create mode 100644 source/js/sevencolor/3/data/bfzyapi-109.js
 create mode 100644 source/js/sevencolor/3/data/bfzyapi-11.js
 create mode 100644 source/js/sevencolor/3/data/bfzyapi-110.js
 create mode 100644 source/js/sevencolor/3/data/bfzyapi-111.js
 create mode 100644 source/js/sevencolor/3/data/bfzyapi-112.js
 create mode 100644 source/js/sevencolor/3/data/bfzyapi-113.js
 create mode 100644 source/js/sevencolor/3/data/bfzyapi-114.js
 create mode 100644 source/js/sevencolor/3/data/bfzyapi-115.js
 create mode 100644 source/js/sevencolor/3/data/bfzyapi-116.js
 create mode 100644 source/js/sevencolor/3/data/bfzyapi-117.js
 create mode 100644 source/js/sevencolor/3/data/bfzyapi-118.js
 create mode 100644 source/js/sevencolor/3/data/bfzyapi-119.js
 create mode 100644 source/js/sevencolor/3/data/bfzyapi-12.js
 create mode 100644 source/js/sevencolor/3/data/bfzyapi-120.js
 create mode 100644 source/js/sevencolor/3/data/bfzyapi-121.js
 create mode 100644 source/js/sevencolor/3/data/bfzyapi-122.js
 create mode 100644 source/js/sevencolor/3/data/bfzyapi-123.js
 create mode 100644 source/js/sevencolor/3/data/bfzyapi-124.js
 create mode 100644 source/js/sevencolor/3/data/bfzyapi-125.js
 create mode 100644 source/js/sevencolor/3/data/bfzyapi-126.js
 create mode 100644 source/js/sevencolor/3/data/bfzyapi-127.js
 create mode 100644 source/js/sevencolor/3/data/bfzyapi-128.js
 create mode 100644 source/js/sevencolor/3/data/bfzyapi-129.js
 create mode 100644 source/js/sevencolor/3/data/bfzyapi-13.js
 create mode 100644 source/js/sevencolor/3/data/bfzyapi-130.js
 create mode 100644 source/js/sevencolor/3/data/bfzyapi-131.js
 create mode 100644 source/js/sevencolor/3/data/bfzyapi-132.js
 create mode 100644 source/js/sevencolor/3/data/bfzyapi-133.js
 create mode 100644 source/js/sevencolor/3/data/bfzyapi-134.js
 create mode 100644 source/js/sevencolor/3/data/bfzyapi-135.js
 create mode 100644 source/js/sevencolor/3/data/bfzyapi-136.js
 create mode 100644 source/js/sevencolor/3/data/bfzyapi-137.js
 create mode 100644 source/js/sevencolor/3/data/bfzyapi-138.js
 create mode 100644 source/js/sevencolor/3/data/bfzyapi-139.js
 create mode 100644 source/js/sevencolor/3/data/bfzyapi-14.js
 create mode 100644 source/js/sevencolor/3/data/bfzyapi-140.js
 create mode 100644 source/js/sevencolor/3/data/bfzyapi-141.js
 create mode 100644 source/js/sevencolor/3/data/bfzyapi-142.js
 create mode 100644 source/js/sevencolor/3/data/bfzyapi-143.js
 create mode 100644 source/js/sevencolor/3/data/bfzyapi-144.js
 create mode 100644 source/js/sevencolor/3/data/bfzyapi-145.js
 create mode 100644 source/js/sevencolor/3/data/bfzyapi-146.js
 create mode 100644 source/js/sevencolor/3/data/bfzyapi-147.js
 create mode 100644 source/js/sevencolor/3/data/bfzyapi-148.js
 create mode 100644 source/js/sevencolor/3/data/bfzyapi-149.js
 create mode 100644 source/js/sevencolor/3/data/bfzyapi-15.js
 create mode 100644 source/js/sevencolor/3/data/bfzyapi-150.js
 create mode 100644 source/js/sevencolor/3/data/bfzyapi-151.js
 create mode 100644 source/js/sevencolor/3/data/bfzyapi-152.js
 create mode 100644 source/js/sevencolor/3/data/bfzyapi-153.js
 create mode 100644 source/js/sevencolor/3/data/bfzyapi-154.js
 create mode 100644 source/js/sevencolor/3/data/bfzyapi-155.js
 create mode 100644 source/js/sevencolor/3/data/bfzyapi-156.js
 create mode 100644 source/js/sevencolor/3/data/bfzyapi-157.js
 create mode 100644 source/js/sevencolor/3/data/bfzyapi-158.js
 create mode 100644 source/js/sevencolor/3/data/bfzyapi-159.js
 create mode 100644 source/js/sevencolor/3/data/bfzyapi-16.js
 create mode 100644 source/js/sevencolor/3/data/bfzyapi-160.js
 create mode 100644 source/js/sevencolor/3/data/bfzyapi-17.js
 create mode 100644 source/js/sevencolor/3/data/bfzyapi-18.js
 create mode 100644 source/js/sevencolor/3/data/bfzyapi-19.js
 create mode 100644 source/js/sevencolor/3/data/bfzyapi-20.js
 create mode 100644 source/js/sevencolor/3/data/bfzyapi-21.js
 create mode 100644 source/js/sevencolor/3/data/bfzyapi-22.js
 create mode 100644 source/js/sevencolor/3/data/bfzyapi-23.js
 create mode 100644 source/js/sevencolor/3/data/bfzyapi-24.js
 create mode 100644 source/js/sevencolor/3/data/bfzyapi-25.js
 create mode 100644 source/js/sevencolor/3/data/bfzyapi-26.js
 create mode 100644 source/js/sevencolor/3/data/bfzyapi-27.js
 create mode 100644 source/js/sevencolor/3/data/bfzyapi-28.js
 create mode 100644 source/js/sevencolor/3/data/bfzyapi-29.js
 create mode 100644 source/js/sevencolor/3/data/bfzyapi-30.js
 create mode 100644 source/js/sevencolor/3/data/bfzyapi-31.js
 create mode 100644 source/js/sevencolor/3/data/bfzyapi-32.js
 create mode 100644 source/js/sevencolor/3/data/bfzyapi-33.js
 create mode 100644 source/js/sevencolor/3/data/bfzyapi-34.js
 create mode 100644 source/js/sevencolor/3/data/bfzyapi-35.js
 create mode 100644 source/js/sevencolor/3/data/bfzyapi-36.js
 create mode 100644 source/js/sevencolor/3/data/bfzyapi-37.js
 create mode 100644 source/js/sevencolor/3/data/bfzyapi-38.js
 create mode 100644 source/js/sevencolor/3/data/bfzyapi-39.js
 create mode 100644 source/js/sevencolor/3/data/bfzyapi-40.js
 create mode 100644 source/js/sevencolor/3/data/bfzyapi-41.js
 create mode 100644 source/js/sevencolor/3/data/bfzyapi-42.js
 create mode 100644 source/js/sevencolor/3/data/bfzyapi-43.js
 create mode 100644 source/js/sevencolor/3/data/bfzyapi-44.js
 create mode 100644 source/js/sevencolor/3/data/bfzyapi-45.js
 create mode 100644 source/js/sevencolor/3/data/bfzyapi-46.js
 create mode 100644 source/js/sevencolor/3/data/bfzyapi-47.js
 create mode 100644 source/js/sevencolor/3/data/bfzyapi-48.js
 create mode 100644 source/js/sevencolor/3/data/bfzyapi-49.js
 create mode 100644 source/js/sevencolor/3/data/bfzyapi-50.js
 create mode 100644 source/js/sevencolor/3/data/bfzyapi-51.js
 create mode 100644 source/js/sevencolor/3/data/bfzyapi-52.js
 create mode 100644 source/js/sevencolor/3/data/bfzyapi-53.js
 create mode 100644 source/js/sevencolor/3/data/bfzyapi-54.js
 create mode 100644 source/js/sevencolor/3/data/bfzyapi-55.js
 create mode 100644 source/js/sevencolor/3/data/bfzyapi-56.js
 create mode 100644 source/js/sevencolor/3/data/bfzyapi-57.js
 create mode 100644 source/js/sevencolor/3/data/bfzyapi-58.js
 create mode 100644 source/js/sevencolor/3/data/bfzyapi-59.js
 create mode 100644 source/js/sevencolor/3/data/bfzyapi-60.js
 create mode 100644 source/js/sevencolor/3/data/bfzyapi-61.js
 create mode 100644 source/js/sevencolor/3/data/bfzyapi-62.js
 create mode 100644 source/js/sevencolor/3/data/bfzyapi-63.js
 create mode 100644 source/js/sevencolor/3/data/bfzyapi-64.js
 create mode 100644 source/js/sevencolor/3/data/bfzyapi-65.js
 create mode 100644 source/js/sevencolor/3/data/bfzyapi-66.js
 create mode 100644 source/js/sevencolor/3/data/bfzyapi-67.js
 create mode 100644 source/js/sevencolor/3/data/bfzyapi-68.js
 create mode 100644 source/js/sevencolor/3/data/bfzyapi-69.js
 create mode 100644 source/js/sevencolor/3/data/bfzyapi-70.js
 create mode 100644 source/js/sevencolor/3/data/bfzyapi-71.js
 create mode 100644 source/js/sevencolor/3/data/bfzyapi-72.js
 create mode 100644 source/js/sevencolor/3/data/bfzyapi-73.js
 create mode 100644 source/js/sevencolor/3/data/bfzyapi-74.js
 create mode 100644 source/js/sevencolor/3/data/bfzyapi-75.js
 create mode 100644 source/js/sevencolor/3/data/bfzyapi-76.js
 create mode 100644 source/js/sevencolor/3/data/bfzyapi-77.js
 create mode 100644 source/js/sevencolor/3/data/bfzyapi-78.js
 create mode 100644 source/js/sevencolor/3/data/bfzyapi-79.js
 create mode 100644 source/js/sevencolor/3/data/bfzyapi-80.js
 create mode 100644 source/js/sevencolor/3/data/bfzyapi-81.js
 create mode 100644 source/js/sevencolor/3/data/bfzyapi-82.js
 create mode 100644 source/js/sevencolor/3/data/bfzyapi-83.js
 create mode 100644 source/js/sevencolor/3/data/bfzyapi-84.js
 create mode 100644 source/js/sevencolor/3/data/bfzyapi-85.js
 create mode 100644 source/js/sevencolor/3/data/bfzyapi-86.js
 create mode 100644 source/js/sevencolor/3/data/bfzyapi-87.js
 create mode 100644 source/js/sevencolor/3/data/bfzyapi-88.js
 create mode 100644 source/js/sevencolor/3/data/bfzyapi-89.js
 create mode 100644 source/js/sevencolor/3/data/bfzyapi-90.js
 create mode 100644 source/js/sevencolor/3/data/bfzyapi-91.js
 create mode 100644 source/js/sevencolor/3/data/bfzyapi-92.js
 create mode 100644 source/js/sevencolor/3/data/bfzyapi-93.js
 create mode 100644 source/js/sevencolor/3/data/bfzyapi-94.js
 create mode 100644 source/js/sevencolor/3/data/bfzyapi-95.js
 create mode 100644 source/js/sevencolor/3/data/bfzyapi-96.js
 create mode 100644 source/js/sevencolor/3/data/bfzyapi-97.js
 create mode 100644 source/js/sevencolor/3/data/bfzyapi-98.js
 create mode 100644 source/js/sevencolor/3/data/bfzyapi-99.js
 delete mode 100644 "source/js/sevencolor/3/data/\344\270\211\345\205\255_\351\207\207\344\271\235-01.js"
 delete mode 100644 "source/js/sevencolor/3/data/\344\270\211\345\205\255_\351\207\207\344\271\235-02.js"
 delete mode 100644 "source/js/sevencolor/3/data/\344\270\211\345\205\255_\351\207\207\344\271\235-03.js"
 delete mode 100644 "source/js/sevencolor/3/data/\344\270\211\345\205\255_\351\207\207\344\271\235-04.js"
 delete mode 100644 "source/js/sevencolor/3/data/\344\270\211\345\205\255_\351\207\207\344\271\235-05.js"
 delete mode 100644 "source/js/sevencolor/3/data/\344\270\211\345\205\255_\351\207\207\344\271\235-06.js"
 delete mode 100644 "source/js/sevencolor/3/data/\344\270\211\345\205\255_\351\207\207\344\271\235-07.js"
 delete mode 100644 "source/js/sevencolor/3/data/\344\270\211\345\205\255_\351\207\207\344\271\235-08.js"
 delete mode 100644 "source/js/sevencolor/3/data/\344\270\211\345\205\255_\351\207\207\344\271\235-09.js"
 delete mode 100644 "source/js/sevencolor/3/data/\344\270\211\345\205\255_\351\207\207\344\271\235-10.js"
 delete mode 100644 "source/js/sevencolor/3/data/\344\270\211\345\205\255_\351\207\207\344\271\235-11.js"
 delete mode 100644 "source/js/sevencolor/3/data/\344\270\211\345\205\255_\351\207\207\344\271\235-12.js"
 delete mode 100644 "source/js/sevencolor/3/data/\344\270\211\345\205\255_\351\207\207\344\271\235-13.js"
 delete mode 100644 "source/js/sevencolor/3/data/\344\270\211\345\205\255_\351\207\207\344\271\235-14.js"
 delete mode 100644 "source/js/sevencolor/3/data/\344\270\211\345\205\255_\351\207\207\344\271\235-15.js"
 delete mode 100644 "source/js/sevencolor/3/data/\344\270\211\345\205\255_\351\207\207\344\271\235-16.js"
 delete mode 100644 "source/js/sevencolor/3/data/\344\270\211\345\205\255_\351\207\207\344\271\235-17.js"
 delete mode 100644 "source/js/sevencolor/3/data/\344\270\211\345\205\255_\351\207\207\344\271\235-18.js"
 delete mode 100644 "source/js/sevencolor/3/data/\344\270\211\345\205\255_\351\207\207\344\271\235-19.js"
 delete mode 100644 "source/js/sevencolor/3/data/\344\270\211\345\205\255_\351\207\207\344\271\235-20.js"
 delete mode 100644 "source/js/sevencolor/3/data/\344\270\211\345\205\255_\351\207\207\344\271\235-21.js"
 delete mode 100644 "source/js/sevencolor/3/data/\344\270\211\345\205\255_\351\207\207\344\271\235-22.js"
 delete mode 100644 "source/js/sevencolor/3/data/\344\270\211\345\205\255_\351\207\207\344\271\235-23.js"
 delete mode 100644 "source/js/sevencolor/3/data/\344\270\211\345\205\255_\351\207\207\344\271\235-24.js"
 delete mode 100644 "source/js/sevencolor/3/data/\344\270\211\345\205\255_\351\207\207\344\271\235-25.js"
 delete mode 100644 "source/js/sevencolor/3/data/\344\270\211\345\205\255_\351\207\207\344\271\235-26.js"
 delete mode 100644 "source/js/sevencolor/3/data/\344\270\211\345\205\255_\351\207\207\344\271\235-27.js"
 delete mode 100644 "source/js/sevencolor/3/data/\344\270\211\345\205\255_\351\207\207\344\271\235-28.js"
 delete mode 100644 "source/js/sevencolor/3/data/\344\270\211\345\205\255_\351\207\207\344\271\235-29.js"
 delete mode 100644 "source/js/sevencolor/3/data/\344\270\211\345\205\255_\351\207\207\344\271\235-30.js"
 delete mode 100644 "source/js/sevencolor/3/data/\344\270\211\345\205\255_\351\207\207\344\271\235-31.js"
 delete mode 100644 "source/js/sevencolor/3/data/\344\270\211\345\205\255_\351\207\207\344\271\235-32.js"
 delete mode 100644 "source/js/sevencolor/3/data/\344\270\211\345\205\255_\351\207\207\344\271\235-33.js"
 delete mode 100644 "source/js/sevencolor/3/data/\344\270\211\345\205\255_\351\207\207\344\271\235-34.js"
 delete mode 100644 "source/js/sevencolor/3/data/\344\270\211\345\205\255_\351\207\207\344\271\235-35.js"
 delete mode 100644 "source/js/sevencolor/3/data/\344\270\211\345\205\255_\351\207\207\344\271\235-36.js"
 delete mode 100644 "source/js/sevencolor/3/data/\344\270\211\345\205\255_\351\207\207\344\271\235-37.js"
 delete mode 100644 "source/js/sevencolor/3/data/\344\270\211\345\205\255_\351\207\207\344\271\235-38.js"
 delete mode 100644 "source/js/sevencolor/3/data/\344\270\211\345\205\255_\351\207\207\344\271\235-39.js"
 delete mode 100644 "source/js/sevencolor/3/data/\344\270\211\345\205\255_\351\207\207\344\271\235-40.js"
 delete mode 100644 "source/js/sevencolor/3/data/\344\270\211\345\205\255_\351\207\207\344\271\235-41.js"
 delete mode 100644 "source/js/sevencolor/3/data/\344\270\211\345\205\255_\351\207\207\344\271\235-42.js"
 delete mode 100644 "source/js/sevencolor/3/data/\344\270\211\345\205\255_\351\207\207\344\271\235-43.js"
 delete mode 100644 "source/js/sevencolor/3/data/\344\270\211\345\205\255_\351\207\207\344\271\235-44.js"
 delete mode 100644 "source/js/sevencolor/3/data/\344\270\211\345\205\255_\351\207\207\344\271\235-45.js"
 delete mode 100644 "source/js/sevencolor/3/data/\344\270\211\345\205\255_\351\207\207\344\271\235-46.js"
 delete mode 100644 "source/js/sevencolor/3/data/\344\270\211\345\205\255_\351\207\207\344\271\235-47.js"
 delete mode 100644 "source/js/sevencolor/3/data/\344\270\211\345\205\255_\351\207\207\344\271\235-48.js"
 delete mode 100644 "source/js/sevencolor/3/data/\344\270\211\345\205\255_\351\207\207\344\271\235-49.js"
 delete mode 100644 "source/js/sevencolor/3/data/\344\270\211\345\205\255_\351\207\207\344\271\235-50.js"
 delete mode 100644 "source/js/sevencolor/3/data/\344\270\211\345\205\255_\351\207\207\344\271\235-51.js"
 delete mode 100644 "source/js/sevencolor/3/data/\344\270\211\345\205\255_\351\207\207\344\271\235-52.js"
 delete mode 100644 "source/js/sevencolor/3/data/\344\270\211\345\205\255_\351\207\207\344\271\235-53.js"
 delete mode 100644 "source/js/sevencolor/3/data/\344\270\211\345\205\255_\351\207\207\344\271\235-54.js"
 delete mode 100644 "source/js/sevencolor/3/data/\344\270\211\345\205\255_\351\207\207\344\271\235-55.js"
 delete mode 100644 "source/js/sevencolor/3/data/\344\270\211\345\205\255_\351\207\207\344\271\235-56.js"
 delete mode 100644 "source/js/sevencolor/3/data/\344\270\211\345\205\255_\351\207\207\344\271\235-57.js"
 delete mode 100644 "source/js/sevencolor/3/data/\344\270\211\345\205\255_\351\207\207\344\271\235-58.js"
 delete mode 100644 "source/js/sevencolor/3/data/\344\270\211\345\205\255_\351\207\207\344\271\235-59.js"
 delete mode 100644 "source/js/sevencolor/3/data/\344\270\211\345\205\255_\351\207\207\344\271\235-60.js"
 delete mode 100644 "source/js/sevencolor/3/data/\344\270\211\345\205\255_\351\207\207\344\271\235-61.js"
 delete mode 100644 "source/js/sevencolor/3/data/\344\270\211\345\205\255_\351\207\207\344\271\235-62.js"
 delete mode 100644 "source/js/sevencolor/3/data/\344\270\211\345\205\255_\351\207\207\344\271\235-63.js"
 delete mode 100644 "source/js/sevencolor/3/data/\344\270\211\345\205\255_\351\207\207\344\271\235-64.js"
 delete mode 100644 "source/js/sevencolor/3/data/\344\270\211\345\205\255_\351\207\207\344\271\235-65.js"
 delete mode 100644 "source/js/sevencolor/3/data/\344\270\211\345\205\255_\351\207\207\344\271\235-66.js"
 delete mode 100644 "source/js/sevencolor/3/data/\344\270\211\345\205\255_\351\207\207\344\271\235-67.js"
 delete mode 100644 "source/js/sevencolor/3/data/\344\270\211\345\205\255_\351\207\207\344\271\235-68.js"
 delete mode 100644 "source/js/sevencolor/3/data/\344\270\211\345\205\255_\351\207\207\344\271\235-69.js"
 delete mode 100644 "source/js/sevencolor/3/data/\344\270\211\345\205\255_\351\207\207\344\271\235-70.js"
 delete mode 100644 "source/js/sevencolor/3/data/\344\270\211\345\205\255_\351\207\207\344\271\235-71.js"
 delete mode 100644 "source/js/sevencolor/3/data/\344\270\211\345\205\255_\351\207\207\344\271\235-72.js"
 delete mode 100644 "source/js/sevencolor/3/data/\344\270\211\345\205\255_\351\207\207\344\271\235-73.js"
 delete mode 100644 "source/js/sevencolor/3/data/\344\270\211\345\205\255_\351\207\207\344\271\235-74.js"
 delete mode 100644 "source/js/sevencolor/3/data/\344\270\211\345\205\255_\351\207\207\344\271\235-75.js"
 delete mode 100644 "source/js/sevencolor/3/data/\344\270\211\345\205\255_\351\207\207\344\271\235-76.js"
 delete mode 100644 "source/js/sevencolor/3/data/\344\270\211\345\205\255_\351\207\207\344\271\235-77.js"
 delete mode 100644 "source/js/sevencolor/3/data/\344\270\211\345\205\255_\351\207\207\344\271\235-78.js"
 delete mode 100644 "source/js/sevencolor/3/data/\344\270\211\345\205\255_\351\207\207\344\271\235-79.js"
 delete mode 100644 "source/js/sevencolor/3/data/\344\270\211\345\205\255_\351\207\207\344\271\235-80.js"
 delete mode 100644 "source/js/sevencolor/3/data/\345\205\211\351\200\237_\351\207\207\345\215\201-01.js"
 delete mode 100644 "source/js/sevencolor/3/data/\345\205\211\351\200\237_\351\207\207\345\215\201-02.js"
 delete mode 100644 "source/js/sevencolor/3/data/\345\205\211\351\200\237_\351\207\207\345\215\201-03.js"
 delete mode 100644 "source/js/sevencolor/3/data/\345\205\211\351\200\237_\351\207\207\345\215\201-04.js"
 delete mode 100644 "source/js/sevencolor/3/data/\345\205\211\351\200\237_\351\207\207\345\215\201-05.js"
 delete mode 100644 "source/js/sevencolor/3/data/\345\205\211\351\200\237_\351\207\207\345\215\201-06.js"
 delete mode 100644 "source/js/sevencolor/3/data/\345\205\211\351\200\237_\351\207\207\345\215\201-07.js"
 delete mode 100644 "source/js/sevencolor/3/data/\345\205\211\351\200\237_\351\207\207\345\215\201-08.js"
 delete mode 100644 "source/js/sevencolor/3/data/\345\205\211\351\200\237_\351\207\207\345\215\201-09.js"
 delete mode 100644 "source/js/sevencolor/3/data/\345\205\211\351\200\237_\351\207\207\345\215\201-10.js"
 delete mode 100644 "source/js/sevencolor/3/data/\345\205\211\351\200\237_\351\207\207\345\215\201-11.js"
 delete mode 100644 "source/js/sevencolor/3/data/\345\205\211\351\200\237_\351\207\207\345\215\201-12.js"
 delete mode 100644 "source/js/sevencolor/3/data/\345\205\211\351\200\237_\351\207\207\345\215\201-13.js"
 delete mode 100644 "source/js/sevencolor/3/data/\345\205\211\351\200\237_\351\207\207\345\215\201-14.js"
 delete mode 100644 "source/js/sevencolor/3/data/\345\205\211\351\200\237_\351\207\207\345\215\201-15.js"
 delete mode 100644 "source/js/sevencolor/3/data/\345\205\211\351\200\237_\351\207\207\345\215\201-16.js"
 delete mode 100644 "source/js/sevencolor/3/data/\345\205\211\351\200\237_\351\207\207\345\215\201-17.js"
 delete mode 100644 "source/js/sevencolor/3/data/\345\205\211\351\200\237_\351\207\207\345\215\201-18.js"
 delete mode 100644 "source/js/sevencolor/3/data/\345\205\211\351\200\237_\351\207\207\345\215\201-19.js"
 delete mode 100644 "source/js/sevencolor/3/data/\345\205\211\351\200\237_\351\207\207\345\215\201-20.js"
 delete mode 100644 "source/js/sevencolor/3/data/\345\205\211\351\200\237_\351\207\207\345\215\201-21.js"
 delete mode 100644 "source/js/sevencolor/3/data/\345\205\211\351\200\237_\351\207\207\345\215\201-22.js"
 delete mode 100644 "source/js/sevencolor/3/data/\345\205\211\351\200\237_\351\207\207\345\215\201-23.js"
 delete mode 100644 "source/js/sevencolor/3/data/\345\205\211\351\200\237_\351\207\207\345\215\201-24.js"
 delete mode 100644 "source/js/sevencolor/3/data/\345\205\211\351\200\237_\351\207\207\345\215\201-25.js"
 delete mode 100644 "source/js/sevencolor/3/data/\345\205\211\351\200\237_\351\207\207\345\215\201-26.js"
 delete mode 100644 "source/js/sevencolor/3/data/\345\205\211\351\200\237_\351\207\207\345\215\201-27.js"
 delete mode 100644 "source/js/sevencolor/3/data/\345\205\211\351\200\237_\351\207\207\345\215\201-28.js"
 delete mode 100644 "source/js/sevencolor/3/data/\345\205\211\351\200\237_\351\207\207\345\215\201-29.js"
 delete mode 100644 "source/js/sevencolor/3/data/\345\205\211\351\200\237_\351\207\207\345\215\201-30.js"
 delete mode 100644 "source/js/sevencolor/3/data/\345\205\211\351\200\237_\351\207\207\345\215\201-31.js"
 delete mode 100644 "source/js/sevencolor/3/data/\345\205\211\351\200\237_\351\207\207\345\215\201-32.js"
 delete mode 100644 "source/js/sevencolor/3/data/\345\205\211\351\200\237_\351\207\207\345\215\201-33.js"
 delete mode 100644 "source/js/sevencolor/3/data/\345\205\211\351\200\237_\351\207\207\345\215\201-34.js"
 delete mode 100644 "source/js/sevencolor/3/data/\345\205\211\351\200\237_\351\207\207\345\215\201-35.js"
 delete mode 100644 "source/js/sevencolor/3/data/\345\205\211\351\200\237_\351\207\207\345\215\201-36.js"
 delete mode 100644 "source/js/sevencolor/3/data/\345\205\211\351\200\237_\351\207\207\345\215\201-37.js"
 delete mode 100644 "source/js/sevencolor/3/data/\345\205\211\351\200\237_\351\207\207\345\215\201-38.js"
 delete mode 100644 "source/js/sevencolor/3/data/\345\205\211\351\200\237_\351\207\207\345\215\201-39.js"
 delete mode 100644 "source/js/sevencolor/3/data/\345\205\211\351\200\237_\351\207\207\345\215\201-40.js"
 delete mode 100644 "source/js/sevencolor/3/data/\345\205\211\351\200\237_\351\207\207\345\215\201-41.js"
 delete mode 100644 "source/js/sevencolor/3/data/\345\205\211\351\200\237_\351\207\207\345\215\201-42.js"
 delete mode 100644 "source/js/sevencolor/3/data/\345\205\211\351\200\237_\351\207\207\345\215\201-43.js"
 delete mode 100644 "source/js/sevencolor/3/data/\345\205\211\351\200\237_\351\207\207\345\215\201-44.js"
 delete mode 100644 "source/js/sevencolor/3/data/\345\205\211\351\200\237_\351\207\207\345\215\201-45.js"
 delete mode 100644 "source/js/sevencolor/3/data/\345\205\211\351\200\237_\351\207\207\345\215\201-46.js"
 delete mode 100644 "source/js/sevencolor/3/data/\345\205\211\351\200\237_\351\207\207\345\215\201-47.js"
 delete mode 100644 "source/js/sevencolor/3/data/\345\205\211\351\200\237_\351\207\207\345\215\201-48.js"
 delete mode 100644 "source/js/sevencolor/3/data/\345\205\211\351\200\237_\351\207\207\345\215\201-49.js"
 delete mode 100644 "source/js/sevencolor/3/data/\345\205\211\351\200\237_\351\207\207\345\215\201-50.js"
 delete mode 100644 "source/js/sevencolor/3/data/\345\205\211\351\200\237_\351\207\207\345\215\201-51.js"
 delete mode 100644 "source/js/sevencolor/3/data/\345\205\211\351\200\237_\351\207\207\345\215\201-52.js"
 delete mode 100644 "source/js/sevencolor/3/data/\345\205\211\351\200\237_\351\207\207\345\215\201-53.js"
 delete mode 100644 "source/js/sevencolor/3/data/\345\205\211\351\200\237_\351\207\207\345\215\201-54.js"
 delete mode 100644 "source/js/sevencolor/3/data/\345\205\211\351\200\237_\351\207\207\345\215\201-55.js"
 delete mode 100644 "source/js/sevencolor/3/data/\345\205\211\351\200\237_\351\207\207\345\215\201-56.js"
 delete mode 100644 "source/js/sevencolor/3/data/\345\205\211\351\200\237_\351\207\207\345\215\201-57.js"
 delete mode 100644 "source/js/sevencolor/3/data/\345\205\211\351\200\237_\351\207\207\345\215\201-58.js"
 delete mode 100644 "source/js/sevencolor/3/data/\345\205\211\351\200\237_\351\207\207\345\215\201-59.js"
 delete mode 100644 "source/js/sevencolor/3/data/\345\205\211\351\200\237_\351\207\207\345\215\201-60.js"
 delete mode 100644 "source/js/sevencolor/3/data/\345\205\211\351\200\237_\351\207\207\345\215\201-61.js"
 delete mode 100644 "source/js/sevencolor/3/data/\345\205\211\351\200\237_\351\207\207\345\215\201-62.js"
 delete mode 100644 "source/js/sevencolor/3/data/\345\205\211\351\200\237_\351\207\207\345\215\201-63.js"
 delete mode 100644 "source/js/sevencolor/3/data/\345\205\211\351\200\237_\351\207\207\345\215\201-64.js"
 delete mode 100644 "source/js/sevencolor/3/data/\345\205\211\351\200\237_\351\207\207\345\215\201-65.js"
 delete mode 100644 "source/js/sevencolor/3/data/\345\205\211\351\200\237_\351\207\207\345\215\201-66.js"
 delete mode 100644 "source/js/sevencolor/3/data/\345\205\211\351\200\237_\351\207\207\345\215\201-67.js"
 delete mode 100644 "source/js/sevencolor/3/data/\345\205\211\351\200\237_\351\207\207\345\215\201-68.js"
 delete mode 100644 "source/js/sevencolor/3/data/\345\205\211\351\200\237_\351\207\207\345\215\201-69.js"
 delete mode 100644 "source/js/sevencolor/3/data/\345\205\211\351\200\237_\351\207\207\345\215\201-70.js"
 delete mode 100644 "source/js/sevencolor/3/data/\345\205\211\351\200\237_\351\207\207\345\215\201-71.js"
 delete mode 100644 "source/js/sevencolor/3/data/\345\205\211\351\200\237_\351\207\207\345\215\201-72.js"
 delete mode 100644 "source/js/sevencolor/3/data/\345\205\211\351\200\237_\351\207\207\345\215\201-73.js"
 delete mode 100644 "source/js/sevencolor/3/data/\345\205\211\351\200\237_\351\207\207\345\215\201-74.js"
 delete mode 100644 "source/js/sevencolor/3/data/\345\205\211\351\200\237_\351\207\207\345\215\201-75.js"
 delete mode 100644 "source/js/sevencolor/3/data/\345\205\211\351\200\237_\351\207\207\345\215\201-76.js"
 delete mode 100644 "source/js/sevencolor/3/data/\345\205\211\351\200\237_\351\207\207\345\215\201-77.js"
 delete mode 100644 "source/js/sevencolor/3/data/\345\205\211\351\200\237_\351\207\207\345\215\201-78.js"
 delete mode 100644 "source/js/sevencolor/3/data/\345\205\211\351\200\237_\351\207\207\345\215\201-79.js"
 delete mode 100644 "source/js/sevencolor/3/data/\345\205\211\351\200\237_\351\207\207\345\215\201-80.js"
 delete mode 100644 "source/js/sevencolor/3/data/\346\226\260\346\265\252_\351\207\207\345\205\253-01.js"
 delete mode 100644 "source/js/sevencolor/3/data/\346\226\260\346\265\252_\351\207\207\345\205\253-02.js"
 delete mode 100644 "source/js/sevencolor/3/data/\346\226\260\346\265\252_\351\207\207\345\205\253-03.js"
 delete mode 100644 "source/js/sevencolor/3/data/\346\226\260\346\265\252_\351\207\207\345\205\253-04.js"
 delete mode 100644 "source/js/sevencolor/3/data/\346\226\260\346\265\252_\351\207\207\345\205\253-05.js"
 delete mode 100644 "source/js/sevencolor/3/data/\346\226\260\346\265\252_\351\207\207\345\205\253-06.js"
 delete mode 100644 "source/js/sevencolor/3/data/\346\226\260\346\265\252_\351\207\207\345\205\253-07.js"
 delete mode 100644 "source/js/sevencolor/3/data/\346\226\260\346\265\252_\351\207\207\345\205\253-08.js"
 delete mode 100644 "source/js/sevencolor/3/data/\346\226\260\346\265\252_\351\207\207\345\205\253-09.js"
 delete mode 100644 "source/js/sevencolor/3/data/\346\226\260\346\265\252_\351\207\207\345\205\253-10.js"
 delete mode 100644 "source/js/sevencolor/3/data/\346\226\260\346\265\252_\351\207\207\345\205\253-11.js"
 delete mode 100644 "source/js/sevencolor/3/data/\346\226\260\346\265\252_\351\207\207\345\205\253-12.js"
 delete mode 100644 "source/js/sevencolor/3/data/\346\226\260\346\265\252_\351\207\207\345\205\253-13.js"
 delete mode 100644 "source/js/sevencolor/3/data/\346\226\260\346\265\252_\351\207\207\345\205\253-14.js"
 delete mode 100644 "source/js/sevencolor/3/data/\346\226\260\346\265\252_\351\207\207\345\205\253-15.js"
 delete mode 100644 "source/js/sevencolor/3/data/\346\226\260\346\265\252_\351\207\207\345\205\253-16.js"
 delete mode 100644 "source/js/sevencolor/3/data/\346\226\260\346\265\252_\351\207\207\345\205\253-17.js"
 delete mode 100644 "source/js/sevencolor/3/data/\346\226\260\346\265\252_\351\207\207\345\205\253-18.js"
 delete mode 100644 "source/js/sevencolor/3/data/\346\226\260\346\265\252_\351\207\207\345\205\253-19.js"
 delete mode 100644 "source/js/sevencolor/3/data/\346\226\260\346\265\252_\351\207\207\345\205\253-20.js"
 delete mode 100644 "source/js/sevencolor/3/data/\346\226\260\346\265\252_\351\207\207\345\205\253-21.js"
 delete mode 100644 "source/js/sevencolor/3/data/\346\226\260\346\265\252_\351\207\207\345\205\253-22.js"
 delete mode 100644 "source/js/sevencolor/3/data/\346\226\260\346\265\252_\351\207\207\345\205\253-23.js"
 delete mode 100644 "source/js/sevencolor/3/data/\346\226\260\346\265\252_\351\207\207\345\205\253-24.js"
 delete mode 100644 "source/js/sevencolor/3/data/\346\226\260\346\265\252_\351\207\207\345\205\253-25.js"
 delete mode 100644 "source/js/sevencolor/3/data/\346\226\260\346\265\252_\351\207\207\345\205\253-26.js"
 delete mode 100644 "source/js/sevencolor/3/data/\346\226\260\346\265\252_\351\207\207\345\205\253-27.js"
 delete mode 100644 "source/js/sevencolor/3/data/\346\226\260\346\265\252_\351\207\207\345\205\253-28.js"
 delete mode 100644 "source/js/sevencolor/3/data/\346\226\260\346\265\252_\351\207\207\345\205\253-29.js"
 delete mode 100644 "source/js/sevencolor/3/data/\346\226\260\346\265\252_\351\207\207\345\205\253-30.js"
 delete mode 100644 "source/js/sevencolor/3/data/\346\226\260\346\265\252_\351\207\207\345\205\253-31.js"
 delete mode 100644 "source/js/sevencolor/3/data/\346\226\260\346\265\252_\351\207\207\345\205\253-32.js"
 delete mode 100644 "source/js/sevencolor/3/data/\346\226\260\346\265\252_\351\207\207\345\205\253-33.js"
 delete mode 100644 "source/js/sevencolor/3/data/\346\226\260\346\265\252_\351\207\207\345\205\253-34.js"
 delete mode 100644 "source/js/sevencolor/3/data/\346\226\260\346\265\252_\351\207\207\345\205\253-35.js"
 delete mode 100644 "source/js/sevencolor/3/data/\346\226\260\346\265\252_\351\207\207\345\205\253-36.js"
 delete mode 100644 "source/js/sevencolor/3/data/\346\226\260\346\265\252_\351\207\207\345\205\253-37.js"
 delete mode 100644 "source/js/sevencolor/3/data/\346\226\260\346\265\252_\351\207\207\345\205\253-38.js"
 delete mode 100644 "source/js/sevencolor/3/data/\346\226\260\346\265\252_\351\207\207\345\205\253-39.js"
 delete mode 100644 "source/js/sevencolor/3/data/\346\226\260\346\265\252_\351\207\207\345\205\253-40.js"
 delete mode 100644 "source/js/sevencolor/3/data/\346\226\260\346\265\252_\351\207\207\345\205\253-41.js"
 delete mode 100644 "source/js/sevencolor/3/data/\346\226\260\346\265\252_\351\207\207\345\205\253-42.js"
 delete mode 100644 "source/js/sevencolor/3/data/\346\226\260\346\265\252_\351\207\207\345\205\253-43.js"
 delete mode 100644 "source/js/sevencolor/3/data/\346\226\260\346\265\252_\351\207\207\345\205\253-44.js"
 delete mode 100644 "source/js/sevencolor/3/data/\346\226\260\346\265\252_\351\207\207\345\205\253-45.js"
 delete mode 100644 "source/js/sevencolor/3/data/\346\226\260\346\265\252_\351\207\207\345\205\253-46.js"
 delete mode 100644 "source/js/sevencolor/3/data/\346\226\260\346\265\252_\351\207\207\345\205\253-47.js"
 delete mode 100644 "source/js/sevencolor/3/data/\346\226\260\346\265\252_\351\207\207\345\205\253-48.js"
 delete mode 100644 "source/js/sevencolor/3/data/\346\226\260\346\265\252_\351\207\207\345\205\253-49.js"
 delete mode 100644 "source/js/sevencolor/3/data/\346\226\260\346\265\252_\351\207\207\345\205\253-50.js"
 delete mode 100644 "source/js/sevencolor/3/data/\346\226\260\346\265\252_\351\207\207\345\205\253-51.js"
 delete mode 100644 "source/js/sevencolor/3/data/\346\226\260\346\265\252_\351\207\207\345\205\253-52.js"
 delete mode 100644 "source/js/sevencolor/3/data/\346\226\260\346\265\252_\351\207\207\345\205\253-53.js"
 delete mode 100644 "source/js/sevencolor/3/data/\346\226\260\346\265\252_\351\207\207\345\205\253-54.js"
 delete mode 100644 "source/js/sevencolor/3/data/\346\226\260\346\265\252_\351\207\207\345\205\253-55.js"
 delete mode 100644 "source/js/sevencolor/3/data/\346\226\260\346\265\252_\351\207\207\345\205\253-56.js"
 delete mode 100644 "source/js/sevencolor/3/data/\346\226\260\346\265\252_\351\207\207\345\205\253-57.js"
 delete mode 100644 "source/js/sevencolor/3/data/\346\226\260\346\265\252_\351\207\207\345\205\253-58.js"
 delete mode 100644 "source/js/sevencolor/3/data/\346\226\260\346\265\252_\351\207\207\345\205\253-59.js"
 delete mode 100644 "source/js/sevencolor/3/data/\346\226\260\346\265\252_\351\207\207\345\205\253-60.js"
 delete mode 100644 "source/js/sevencolor/3/data/\346\226\260\346\265\252_\351\207\207\345\205\253-61.js"
 delete mode 100644 "source/js/sevencolor/3/data/\346\226\260\346\265\252_\351\207\207\345\205\253-62.js"
 delete mode 100644 "source/js/sevencolor/3/data/\346\226\260\346\265\252_\351\207\207\345\205\253-63.js"
 delete mode 100644 "source/js/sevencolor/3/data/\346\226\260\346\265\252_\351\207\207\345\205\253-64.js"
 delete mode 100644 "source/js/sevencolor/3/data/\346\226\260\346\265\252_\351\207\207\345\205\253-65.js"
 delete mode 100644 "source/js/sevencolor/3/data/\346\226\260\346\265\252_\351\207\207\345\205\253-66.js"
 delete mode 100644 "source/js/sevencolor/3/data/\346\226\260\346\265\252_\351\207\207\345\205\253-67.js"
 delete mode 100644 "source/js/sevencolor/3/data/\346\226\260\346\265\252_\351\207\207\345\205\253-68.js"
 delete mode 100644 "source/js/sevencolor/3/data/\346\226\260\346\265\252_\351\207\207\345\205\253-69.js"
 delete mode 100644 "source/js/sevencolor/3/data/\346\226\260\346\265\252_\351\207\207\345\205\253-70.js"
 delete mode 100644 "source/js/sevencolor/3/data/\346\226\260\346\265\252_\351\207\207\345\205\253-71.js"
 delete mode 100644 "source/js/sevencolor/3/data/\346\226\260\346\265\252_\351\207\207\345\205\253-72.js"
 delete mode 100644 "source/js/sevencolor/3/data/\346\226\260\346\265\252_\351\207\207\345\205\253-73.js"
 delete mode 100644 "source/js/sevencolor/3/data/\346\226\260\346\265\252_\351\207\207\345\205\253-74.js"
 delete mode 100644 "source/js/sevencolor/3/data/\346\226\260\346\265\252_\351\207\207\345\205\253-75.js"
 delete mode 100644 "source/js/sevencolor/3/data/\346\226\260\346\265\252_\351\207\207\345\205\253-76.js"
 delete mode 100644 "source/js/sevencolor/3/data/\346\226\260\346\265\252_\351\207\207\345\205\253-77.js"
 delete mode 100644 "source/js/sevencolor/3/data/\346\226\260\346\265\252_\351\207\207\345\205\253-78.js"
 delete mode 100644 "source/js/sevencolor/3/data/\346\226\260\346\265\252_\351\207\207\345\205\253-79.js"
 delete mode 100644 "source/js/sevencolor/3/data/\346\226\260\346\265\252_\351\207\207\345\205\253-80.js"
 delete mode 100644 "source/js/sevencolor/3/data/\346\232\264\351\243\216_\351\207\207\344\272\214-01.js"
 delete mode 100644 "source/js/sevencolor/3/data/\346\232\264\351\243\216_\351\207\207\344\272\214-02.js"
 delete mode 100644 "source/js/sevencolor/3/data/\346\232\264\351\243\216_\351\207\207\344\272\214-03.js"
 delete mode 100644 "source/js/sevencolor/3/data/\346\232\264\351\243\216_\351\207\207\344\272\214-04.js"
 delete mode 100644 "source/js/sevencolor/3/data/\346\232\264\351\243\216_\351\207\207\344\272\214-05.js"
 delete mode 100644 "source/js/sevencolor/3/data/\346\232\264\351\243\216_\351\207\207\344\272\214-06.js"
 delete mode 100644 "source/js/sevencolor/3/data/\346\232\264\351\243\216_\351\207\207\344\272\214-07.js"
 delete mode 100644 "source/js/sevencolor/3/data/\346\232\264\351\243\216_\351\207\207\344\272\214-08.js"
 delete mode 100644 "source/js/sevencolor/3/data/\346\232\264\351\243\216_\351\207\207\344\272\214-09.js"
 delete mode 100644 "source/js/sevencolor/3/data/\346\232\264\351\243\216_\351\207\207\344\272\214-10.js"
 delete mode 100644 "source/js/sevencolor/3/data/\346\232\264\351\243\216_\351\207\207\344\272\214-11.js"
 delete mode 100644 "source/js/sevencolor/3/data/\346\232\264\351\243\216_\351\207\207\344\272\214-12.js"
 delete mode 100644 "source/js/sevencolor/3/data/\346\232\264\351\243\216_\351\207\207\344\272\214-13.js"
 delete mode 100644 "source/js/sevencolor/3/data/\346\232\264\351\243\216_\351\207\207\344\272\214-14.js"
 delete mode 100644 "source/js/sevencolor/3/data/\346\232\264\351\243\216_\351\207\207\344\272\214-15.js"
 delete mode 100644 "source/js/sevencolor/3/data/\346\232\264\351\243\216_\351\207\207\344\272\214-16.js"
 delete mode 100644 "source/js/sevencolor/3/data/\346\232\264\351\243\216_\351\207\207\344\272\214-17.js"
 delete mode 100644 "source/js/sevencolor/3/data/\346\232\264\351\243\216_\351\207\207\344\272\214-18.js"
 delete mode 100644 "source/js/sevencolor/3/data/\346\232\264\351\243\216_\351\207\207\344\272\214-19.js"
 delete mode 100644 "source/js/sevencolor/3/data/\346\232\264\351\243\216_\351\207\207\344\272\214-20.js"
 delete mode 100644 "source/js/sevencolor/3/data/\346\232\264\351\243\216_\351\207\207\344\272\214-21.js"
 delete mode 100644 "source/js/sevencolor/3/data/\346\232\264\351\243\216_\351\207\207\344\272\214-22.js"
 delete mode 100644 "source/js/sevencolor/3/data/\346\232\264\351\243\216_\351\207\207\344\272\214-23.js"
 delete mode 100644 "source/js/sevencolor/3/data/\346\232\264\351\243\216_\351\207\207\344\272\214-24.js"
 delete mode 100644 "source/js/sevencolor/3/data/\346\232\264\351\243\216_\351\207\207\344\272\214-25.js"
 delete mode 100644 "source/js/sevencolor/3/data/\346\232\264\351\243\216_\351\207\207\344\272\214-26.js"
 delete mode 100644 "source/js/sevencolor/3/data/\346\232\264\351\243\216_\351\207\207\344\272\214-27.js"
 delete mode 100644 "source/js/sevencolor/3/data/\346\232\264\351\243\216_\351\207\207\344\272\214-28.js"
 delete mode 100644 "source/js/sevencolor/3/data/\346\232\264\351\243\216_\351\207\207\344\272\214-29.js"
 delete mode 100644 "source/js/sevencolor/3/data/\346\232\264\351\243\216_\351\207\207\344\272\214-30.js"
 delete mode 100644 "source/js/sevencolor/3/data/\346\232\264\351\243\216_\351\207\207\344\272\214-31.js"
 delete mode 100644 "source/js/sevencolor/3/data/\346\232\264\351\243\216_\351\207\207\344\272\214-32.js"
 delete mode 100644 "source/js/sevencolor/3/data/\346\232\264\351\243\216_\351\207\207\344\272\214-33.js"
 delete mode 100644 "source/js/sevencolor/3/data/\346\232\264\351\243\216_\351\207\207\344\272\214-34.js"
 delete mode 100644 "source/js/sevencolor/3/data/\346\232\264\351\243\216_\351\207\207\344\272\214-35.js"
 delete mode 100644 "source/js/sevencolor/3/data/\346\232\264\351\243\216_\351\207\207\344\272\214-36.js"
 delete mode 100644 "source/js/sevencolor/3/data/\346\232\264\351\243\216_\351\207\207\344\272\214-37.js"
 delete mode 100644 "source/js/sevencolor/3/data/\346\232\264\351\243\216_\351\207\207\344\272\214-38.js"
 delete mode 100644 "source/js/sevencolor/3/data/\346\232\264\351\243\216_\351\207\207\344\272\214-39.js"
 delete mode 100644 "source/js/sevencolor/3/data/\346\232\264\351\243\216_\351\207\207\344\272\214-40.js"
 delete mode 100644 "source/js/sevencolor/3/data/\346\232\264\351\243\216_\351\207\207\344\272\214-41.js"
 delete mode 100644 "source/js/sevencolor/3/data/\346\232\264\351\243\216_\351\207\207\344\272\214-42.js"
 delete mode 100644 "source/js/sevencolor/3/data/\346\232\264\351\243\216_\351\207\207\344\272\214-43.js"
 delete mode 100644 "source/js/sevencolor/3/data/\346\232\264\351\243\216_\351\207\207\344\272\214-44.js"
 delete mode 100644 "source/js/sevencolor/3/data/\346\232\264\351\243\216_\351\207\207\344\272\214-45.js"
 delete mode 100644 "source/js/sevencolor/3/data/\346\232\264\351\243\216_\351\207\207\344\272\214-46.js"
 delete mode 100644 "source/js/sevencolor/3/data/\346\232\264\351\243\216_\351\207\207\344\272\214-47.js"
 delete mode 100644 "source/js/sevencolor/3/data/\346\232\264\351\243\216_\351\207\207\344\272\214-48.js"
 delete mode 100644 "source/js/sevencolor/3/data/\346\232\264\351\243\216_\351\207\207\344\272\214-49.js"
 delete mode 100644 "source/js/sevencolor/3/data/\346\232\264\351\243\216_\351\207\207\344\272\214-50.js"
 delete mode 100644 "source/js/sevencolor/3/data/\346\232\264\351\243\216_\351\207\207\344\272\214-51.js"
 delete mode 100644 "source/js/sevencolor/3/data/\346\232\264\351\243\216_\351\207\207\344\272\214-52.js"
 delete mode 100644 "source/js/sevencolor/3/data/\346\232\264\351\243\216_\351\207\207\344\272\214-53.js"
 delete mode 100644 "source/js/sevencolor/3/data/\346\232\264\351\243\216_\351\207\207\344\272\214-54.js"
 delete mode 100644 "source/js/sevencolor/3/data/\346\232\264\351\243\216_\351\207\207\344\272\214-55.js"
 delete mode 100644 "source/js/sevencolor/3/data/\346\232\264\351\243\216_\351\207\207\344\272\214-56.js"
 delete mode 100644 "source/js/sevencolor/3/data/\346\232\264\351\243\216_\351\207\207\344\272\214-57.js"
 delete mode 100644 "source/js/sevencolor/3/data/\346\232\264\351\243\216_\351\207\207\344\272\214-58.js"
 delete mode 100644 "source/js/sevencolor/3/data/\346\232\264\351\243\216_\351\207\207\344\272\214-59.js"
 delete mode 100644 "source/js/sevencolor/3/data/\346\232\264\351\243\216_\351\207\207\344\272\214-60.js"
 delete mode 100644 "source/js/sevencolor/3/data/\346\232\264\351\243\216_\351\207\207\344\272\214-61.js"
 delete mode 100644 "source/js/sevencolor/3/data/\346\232\264\351\243\216_\351\207\207\344\272\214-62.js"
 delete mode 100644 "source/js/sevencolor/3/data/\346\232\264\351\243\216_\351\207\207\344\272\214-63.js"
 delete mode 100644 "source/js/sevencolor/3/data/\346\232\264\351\243\216_\351\207\207\344\272\214-64.js"
 delete mode 100644 "source/js/sevencolor/3/data/\346\232\264\351\243\216_\351\207\207\344\272\214-65.js"
 delete mode 100644 "source/js/sevencolor/3/data/\346\232\264\351\243\216_\351\207\207\344\272\214-66.js"
 delete mode 100644 "source/js/sevencolor/3/data/\346\232\264\351\243\216_\351\207\207\344\272\214-67.js"
 delete mode 100644 "source/js/sevencolor/3/data/\346\232\264\351\243\216_\351\207\207\344\272\214-68.js"
 delete mode 100644 "source/js/sevencolor/3/data/\346\232\264\351\243\216_\351\207\207\344\272\214-69.js"
 delete mode 100644 "source/js/sevencolor/3/data/\346\232\264\351\243\216_\351\207\207\344\272\214-70.js"
 delete mode 100644 "source/js/sevencolor/3/data/\346\232\264\351\243\216_\351\207\207\344\272\214-71.js"
 delete mode 100644 "source/js/sevencolor/3/data/\346\232\264\351\243\216_\351\207\207\344\272\214-72.js"
 delete mode 100644 "source/js/sevencolor/3/data/\346\232\264\351\243\216_\351\207\207\344\272\214-73.js"
 delete mode 100644 "source/js/sevencolor/3/data/\346\232\264\351\243\216_\351\207\207\344\272\214-74.js"
 delete mode 100644 "source/js/sevencolor/3/data/\346\232\264\351\243\216_\351\207\207\344\272\214-75.js"
 delete mode 100644 "source/js/sevencolor/3/data/\346\232\264\351\243\216_\351\207\207\344\272\214-76.js"
 delete mode 100644 "source/js/sevencolor/3/data/\346\232\264\351\243\216_\351\207\207\344\272\214-77.js"
 delete mode 100644 "source/js/sevencolor/3/data/\346\232\264\351\243\216_\351\207\207\344\272\214-78.js"
 delete mode 100644 "source/js/sevencolor/3/data/\346\232\264\351\243\216_\351\207\207\344\272\214-79.js"
 delete mode 100644 "source/js/sevencolor/3/data/\346\232\264\351\243\216_\351\207\207\344\272\214-80.js"
 delete mode 100644 "source/js/sevencolor/3/data/\346\236\201\351\200\237_\351\207\207\344\272\224-01.js"
 delete mode 100644 "source/js/sevencolor/3/data/\346\236\201\351\200\237_\351\207\207\344\272\224-02.js"
 delete mode 100644 "source/js/sevencolor/3/data/\346\236\201\351\200\237_\351\207\207\344\272\224-03.js"
 delete mode 100644 "source/js/sevencolor/3/data/\346\236\201\351\200\237_\351\207\207\344\272\224-04.js"
 delete mode 100644 "source/js/sevencolor/3/data/\346\236\201\351\200\237_\351\207\207\344\272\224-05.js"
 delete mode 100644 "source/js/sevencolor/3/data/\346\236\201\351\200\237_\351\207\207\344\272\224-06.js"
 delete mode 100644 "source/js/sevencolor/3/data/\346\236\201\351\200\237_\351\207\207\344\272\224-07.js"
 delete mode 100644 "source/js/sevencolor/3/data/\346\236\201\351\200\237_\351\207\207\344\272\224-08.js"
 delete mode 100644 "source/js/sevencolor/3/data/\346\236\201\351\200\237_\351\207\207\344\272\224-09.js"
 delete mode 100644 "source/js/sevencolor/3/data/\346\236\201\351\200\237_\351\207\207\344\272\224-10.js"
 delete mode 100644 "source/js/sevencolor/3/data/\346\236\201\351\200\237_\351\207\207\344\272\224-11.js"
 delete mode 100644 "source/js/sevencolor/3/data/\346\236\201\351\200\237_\351\207\207\344\272\224-12.js"
 delete mode 100644 "source/js/sevencolor/3/data/\346\236\201\351\200\237_\351\207\207\344\272\224-13.js"
 delete mode 100644 "source/js/sevencolor/3/data/\346\236\201\351\200\237_\351\207\207\344\272\224-14.js"
 delete mode 100644 "source/js/sevencolor/3/data/\346\236\201\351\200\237_\351\207\207\344\272\224-15.js"
 delete mode 100644 "source/js/sevencolor/3/data/\346\236\201\351\200\237_\351\207\207\344\272\224-16.js"
 delete mode 100644 "source/js/sevencolor/3/data/\346\236\201\351\200\237_\351\207\207\344\272\224-17.js"
 delete mode 100644 "source/js/sevencolor/3/data/\346\236\201\351\200\237_\351\207\207\344\272\224-18.js"
 delete mode 100644 "source/js/sevencolor/3/data/\346\236\201\351\200\237_\351\207\207\344\272\224-19.js"
 delete mode 100644 "source/js/sevencolor/3/data/\346\236\201\351\200\237_\351\207\207\344\272\224-20.js"
 delete mode 100644 "source/js/sevencolor/3/data/\346\236\201\351\200\237_\351\207\207\344\272\224-21.js"
 delete mode 100644 "source/js/sevencolor/3/data/\346\236\201\351\200\237_\351\207\207\344\272\224-22.js"
 delete mode 100644 "source/js/sevencolor/3/data/\346\236\201\351\200\237_\351\207\207\344\272\224-23.js"
 delete mode 100644 "source/js/sevencolor/3/data/\346\236\201\351\200\237_\351\207\207\344\272\224-24.js"
 delete mode 100644 "source/js/sevencolor/3/data/\346\236\201\351\200\237_\351\207\207\344\272\224-25.js"
 delete mode 100644 "source/js/sevencolor/3/data/\346\236\201\351\200\237_\351\207\207\344\272\224-26.js"
 delete mode 100644 "source/js/sevencolor/3/data/\346\236\201\351\200\237_\351\207\207\344\272\224-27.js"
 delete mode 100644 "source/js/sevencolor/3/data/\346\236\201\351\200\237_\351\207\207\344\272\224-28.js"
 delete mode 100644 "source/js/sevencolor/3/data/\346\236\201\351\200\237_\351\207\207\344\272\224-29.js"
 delete mode 100644 "source/js/sevencolor/3/data/\346\236\201\351\200\237_\351\207\207\344\272\224-30.js"
 delete mode 100644 "source/js/sevencolor/3/data/\346\236\201\351\200\237_\351\207\207\344\272\224-31.js"
 delete mode 100644 "source/js/sevencolor/3/data/\346\236\201\351\200\237_\351\207\207\344\272\224-32.js"
 delete mode 100644 "source/js/sevencolor/3/data/\346\236\201\351\200\237_\351\207\207\344\272\224-33.js"
 delete mode 100644 "source/js/sevencolor/3/data/\346\236\201\351\200\237_\351\207\207\344\272\224-34.js"
 delete mode 100644 "source/js/sevencolor/3/data/\346\236\201\351\200\237_\351\207\207\344\272\224-35.js"
 delete mode 100644 "source/js/sevencolor/3/data/\346\236\201\351\200\237_\351\207\207\344\272\224-36.js"
 delete mode 100644 "source/js/sevencolor/3/data/\346\236\201\351\200\237_\351\207\207\344\272\224-37.js"
 delete mode 100644 "source/js/sevencolor/3/data/\346\236\201\351\200\237_\351\207\207\344\272\224-38.js"
 delete mode 100644 "source/js/sevencolor/3/data/\346\236\201\351\200\237_\351\207\207\344\272\224-39.js"
 delete mode 100644 "source/js/sevencolor/3/data/\346\236\201\351\200\237_\351\207\207\344\272\224-40.js"
 delete mode 100644 "source/js/sevencolor/3/data/\346\236\201\351\200\237_\351\207\207\344\272\224-41.js"
 delete mode 100644 "source/js/sevencolor/3/data/\346\236\201\351\200\237_\351\207\207\344\272\224-42.js"
 delete mode 100644 "source/js/sevencolor/3/data/\346\236\201\351\200\237_\351\207\207\344\272\224-43.js"
 delete mode 100644 "source/js/sevencolor/3/data/\346\236\201\351\200\237_\351\207\207\344\272\224-44.js"
 delete mode 100644 "source/js/sevencolor/3/data/\346\236\201\351\200\237_\351\207\207\344\272\224-45.js"
 delete mode 100644 "source/js/sevencolor/3/data/\346\236\201\351\200\237_\351\207\207\344\272\224-46.js"
 delete mode 100644 "source/js/sevencolor/3/data/\346\236\201\351\200\237_\351\207\207\344\272\224-47.js"
 delete mode 100644 "source/js/sevencolor/3/data/\346\236\201\351\200\237_\351\207\207\344\272\224-48.js"
 delete mode 100644 "source/js/sevencolor/3/data/\346\236\201\351\200\237_\351\207\207\344\272\224-49.js"
 delete mode 100644 "source/js/sevencolor/3/data/\346\236\201\351\200\237_\351\207\207\344\272\224-50.js"
 delete mode 100644 "source/js/sevencolor/3/data/\346\236\201\351\200\237_\351\207\207\344\272\224-51.js"
 delete mode 100644 "source/js/sevencolor/3/data/\346\236\201\351\200\237_\351\207\207\344\272\224-52.js"
 delete mode 100644 "source/js/sevencolor/3/data/\346\236\201\351\200\237_\351\207\207\344\272\224-53.js"
 delete mode 100644 "source/js/sevencolor/3/data/\346\236\201\351\200\237_\351\207\207\344\272\224-54.js"
 delete mode 100644 "source/js/sevencolor/3/data/\346\236\201\351\200\237_\351\207\207\344\272\224-55.js"
 delete mode 100644 "source/js/sevencolor/3/data/\346\236\201\351\200\237_\351\207\207\344\272\224-56.js"
 delete mode 100644 "source/js/sevencolor/3/data/\346\236\201\351\200\237_\351\207\207\344\272\224-57.js"
 delete mode 100644 "source/js/sevencolor/3/data/\346\236\201\351\200\237_\351\207\207\344\272\224-58.js"
 delete mode 100644 "source/js/sevencolor/3/data/\346\236\201\351\200\237_\351\207\207\344\272\224-59.js"
 delete mode 100644 "source/js/sevencolor/3/data/\346\236\201\351\200\237_\351\207\207\344\272\224-60.js"
 delete mode 100644 "source/js/sevencolor/3/data/\346\236\201\351\200\237_\351\207\207\344\272\224-61.js"
 delete mode 100644 "source/js/sevencolor/3/data/\346\236\201\351\200\237_\351\207\207\344\272\224-62.js"
 delete mode 100644 "source/js/sevencolor/3/data/\346\236\201\351\200\237_\351\207\207\344\272\224-63.js"
 delete mode 100644 "source/js/sevencolor/3/data/\346\236\201\351\200\237_\351\207\207\344\272\224-64.js"
 delete mode 100644 "source/js/sevencolor/3/data/\346\236\201\351\200\237_\351\207\207\344\272\224-65.js"
 delete mode 100644 "source/js/sevencolor/3/data/\346\236\201\351\200\237_\351\207\207\344\272\224-66.js"
 delete mode 100644 "source/js/sevencolor/3/data/\346\236\201\351\200\237_\351\207\207\344\272\224-67.js"
 delete mode 100644 "source/js/sevencolor/3/data/\346\236\201\351\200\237_\351\207\207\344\272\224-68.js"
 delete mode 100644 "source/js/sevencolor/3/data/\346\236\201\351\200\237_\351\207\207\344\272\224-69.js"
 delete mode 100644 "source/js/sevencolor/3/data/\346\236\201\351\200\237_\351\207\207\344\272\224-70.js"
 delete mode 100644 "source/js/sevencolor/3/data/\346\236\201\351\200\237_\351\207\207\344\272\224-71.js"
 delete mode 100644 "source/js/sevencolor/3/data/\346\236\201\351\200\237_\351\207\207\344\272\224-72.js"
 delete mode 100644 "source/js/sevencolor/3/data/\346\236\201\351\200\237_\351\207\207\344\272\224-73.js"
 delete mode 100644 "source/js/sevencolor/3/data/\346\236\201\351\200\237_\351\207\207\344\272\224-74.js"
 delete mode 100644 "source/js/sevencolor/3/data/\346\236\201\351\200\237_\351\207\207\344\272\224-75.js"
 delete mode 100644 "source/js/sevencolor/3/data/\346\236\201\351\200\237_\351\207\207\344\272\224-76.js"
 delete mode 100644 "source/js/sevencolor/3/data/\346\236\201\351\200\237_\351\207\207\344\272\224-77.js"
 delete mode 100644 "source/js/sevencolor/3/data/\346\236\201\351\200\237_\351\207\207\344\272\224-78.js"
 delete mode 100644 "source/js/sevencolor/3/data/\346\236\201\351\200\237_\351\207\207\344\272\224-79.js"
 delete mode 100644 "source/js/sevencolor/3/data/\346\236\201\351\200\237_\351\207\207\344\272\224-80.js"
 delete mode 100644 "source/js/sevencolor/3/data/\350\214\205\345\217\260_\351\207\207\345\233\233-01.js"
 delete mode 100644 "source/js/sevencolor/3/data/\350\214\205\345\217\260_\351\207\207\345\233\233-02.js"
 delete mode 100644 "source/js/sevencolor/3/data/\350\214\205\345\217\260_\351\207\207\345\233\233-03.js"
 delete mode 100644 "source/js/sevencolor/3/data/\350\214\205\345\217\260_\351\207\207\345\233\233-04.js"
 delete mode 100644 "source/js/sevencolor/3/data/\350\214\205\345\217\260_\351\207\207\345\233\233-05.js"
 delete mode 100644 "source/js/sevencolor/3/data/\350\214\205\345\217\260_\351\207\207\345\233\233-06.js"
 delete mode 100644 "source/js/sevencolor/3/data/\350\214\205\345\217\260_\351\207\207\345\233\233-07.js"
 delete mode 100644 "source/js/sevencolor/3/data/\350\214\205\345\217\260_\351\207\207\345\233\233-08.js"
 delete mode 100644 "source/js/sevencolor/3/data/\350\214\205\345\217\260_\351\207\207\345\233\233-09.js"
 delete mode 100644 "source/js/sevencolor/3/data/\350\214\205\345\217\260_\351\207\207\345\233\233-10.js"
 delete mode 100644 "source/js/sevencolor/3/data/\350\214\205\345\217\260_\351\207\207\345\233\233-11.js"
 delete mode 100644 "source/js/sevencolor/3/data/\350\214\205\345\217\260_\351\207\207\345\233\233-12.js"
 delete mode 100644 "source/js/sevencolor/3/data/\350\214\205\345\217\260_\351\207\207\345\233\233-13.js"
 delete mode 100644 "source/js/sevencolor/3/data/\350\214\205\345\217\260_\351\207\207\345\233\233-14.js"
 delete mode 100644 "source/js/sevencolor/3/data/\350\214\205\345\217\260_\351\207\207\345\233\233-15.js"
 delete mode 100644 "source/js/sevencolor/3/data/\350\214\205\345\217\260_\351\207\207\345\233\233-16.js"
 delete mode 100644 "source/js/sevencolor/3/data/\350\214\205\345\217\260_\351\207\207\345\233\233-17.js"
 delete mode 100644 "source/js/sevencolor/3/data/\350\214\205\345\217\260_\351\207\207\345\233\233-18.js"
 delete mode 100644 "source/js/sevencolor/3/data/\350\214\205\345\217\260_\351\207\207\345\233\233-19.js"
 delete mode 100644 "source/js/sevencolor/3/data/\350\214\205\345\217\260_\351\207\207\345\233\233-20.js"
 delete mode 100644 "source/js/sevencolor/3/data/\350\214\205\345\217\260_\351\207\207\345\233\233-21.js"
 delete mode 100644 "source/js/sevencolor/3/data/\350\214\205\345\217\260_\351\207\207\345\233\233-22.js"
 delete mode 100644 "source/js/sevencolor/3/data/\350\214\205\345\217\260_\351\207\207\345\233\233-23.js"
 delete mode 100644 "source/js/sevencolor/3/data/\350\214\205\345\217\260_\351\207\207\345\233\233-24.js"
 delete mode 100644 "source/js/sevencolor/3/data/\350\214\205\345\217\260_\351\207\207\345\233\233-25.js"
 delete mode 100644 "source/js/sevencolor/3/data/\350\214\205\345\217\260_\351\207\207\345\233\233-26.js"
 delete mode 100644 "source/js/sevencolor/3/data/\350\214\205\345\217\260_\351\207\207\345\233\233-27.js"
 delete mode 100644 "source/js/sevencolor/3/data/\350\214\205\345\217\260_\351\207\207\345\233\233-28.js"
 delete mode 100644 "source/js/sevencolor/3/data/\350\214\205\345\217\260_\351\207\207\345\233\233-29.js"
 delete mode 100644 "source/js/sevencolor/3/data/\350\214\205\345\217\260_\351\207\207\345\233\233-30.js"
 delete mode 100644 "source/js/sevencolor/3/data/\350\214\205\345\217\260_\351\207\207\345\233\233-31.js"
 delete mode 100644 "source/js/sevencolor/3/data/\350\214\205\345\217\260_\351\207\207\345\233\233-32.js"
 delete mode 100644 "source/js/sevencolor/3/data/\350\214\205\345\217\260_\351\207\207\345\233\233-33.js"
 delete mode 100644 "source/js/sevencolor/3/data/\350\214\205\345\217\260_\351\207\207\345\233\233-34.js"
 delete mode 100644 "source/js/sevencolor/3/data/\350\214\205\345\217\260_\351\207\207\345\233\233-35.js"
 delete mode 100644 "source/js/sevencolor/3/data/\350\214\205\345\217\260_\351\207\207\345\233\233-36.js"
 delete mode 100644 "source/js/sevencolor/3/data/\350\214\205\345\217\260_\351\207\207\345\233\233-37.js"
 delete mode 100644 "source/js/sevencolor/3/data/\350\214\205\345\217\260_\351\207\207\345\233\233-38.js"
 delete mode 100644 "source/js/sevencolor/3/data/\350\214\205\345\217\260_\351\207\207\345\233\233-39.js"
 delete mode 100644 "source/js/sevencolor/3/data/\350\214\205\345\217\260_\351\207\207\345\233\233-40.js"
 delete mode 100644 "source/js/sevencolor/3/data/\350\214\205\345\217\260_\351\207\207\345\233\233-41.js"
 delete mode 100644 "source/js/sevencolor/3/data/\350\214\205\345\217\260_\351\207\207\345\233\233-43.js"
 delete mode 100644 "source/js/sevencolor/3/data/\350\214\205\345\217\260_\351\207\207\345\233\233-44.js"
 delete mode 100644 "source/js/sevencolor/3/data/\350\214\205\345\217\260_\351\207\207\345\233\233-45.js"
 delete mode 100644 "source/js/sevencolor/3/data/\350\214\205\345\217\260_\351\207\207\345\233\233-46.js"
 delete mode 100644 "source/js/sevencolor/3/data/\350\214\205\345\217\260_\351\207\207\345\233\233-47.js"
 delete mode 100644 "source/js/sevencolor/3/data/\350\214\205\345\217\260_\351\207\207\345\233\233-48.js"
 delete mode 100644 "source/js/sevencolor/3/data/\350\214\205\345\217\260_\351\207\207\345\233\233-49.js"
 delete mode 100644 "source/js/sevencolor/3/data/\350\214\205\345\217\260_\351\207\207\345\233\233-50.js"
 delete mode 100644 "source/js/sevencolor/3/data/\350\214\205\345\217\260_\351\207\207\345\233\233-51.js"
 delete mode 100644 "source/js/sevencolor/3/data/\350\214\205\345\217\260_\351\207\207\345\233\233-52.js"
 delete mode 100644 "source/js/sevencolor/3/data/\350\214\205\345\217\260_\351\207\207\345\233\233-53.js"
 delete mode 100644 "source/js/sevencolor/3/data/\350\214\205\345\217\260_\351\207\207\345\233\233-54.js"
 delete mode 100644 "source/js/sevencolor/3/data/\350\214\205\345\217\260_\351\207\207\345\233\233-55.js"
 delete mode 100644 "source/js/sevencolor/3/data/\350\214\205\345\217\260_\351\207\207\345\233\233-56.js"
 delete mode 100644 "source/js/sevencolor/3/data/\350\214\205\345\217\260_\351\207\207\345\233\233-57.js"
 delete mode 100644 "source/js/sevencolor/3/data/\350\214\205\345\217\260_\351\207\207\345\233\233-58.js"
 delete mode 100644 "source/js/sevencolor/3/data/\350\214\205\345\217\260_\351\207\207\345\233\233-59.js"
 delete mode 100644 "source/js/sevencolor/3/data/\350\214\205\345\217\260_\351\207\207\345\233\233-60.js"
 delete mode 100644 "source/js/sevencolor/3/data/\350\214\205\345\217\260_\351\207\207\345\233\233-61.js"
 delete mode 100644 "source/js/sevencolor/3/data/\350\214\205\345\217\260_\351\207\207\345\233\233-62.js"
 delete mode 100644 "source/js/sevencolor/3/data/\350\214\205\345\217\260_\351\207\207\345\233\233-63.js"
 delete mode 100644 "source/js/sevencolor/3/data/\350\214\205\345\217\260_\351\207\207\345\233\233-64.js"
 delete mode 100644 "source/js/sevencolor/3/data/\350\214\205\345\217\260_\351\207\207\345\233\233-65.js"
 delete mode 100644 "source/js/sevencolor/3/data/\350\214\205\345\217\260_\351\207\207\345\233\233-66.js"
 delete mode 100644 "source/js/sevencolor/3/data/\350\214\205\345\217\260_\351\207\207\345\233\233-67.js"
 delete mode 100644 "source/js/sevencolor/3/data/\350\214\205\345\217\260_\351\207\207\345\233\233-68.js"
 delete mode 100644 "source/js/sevencolor/3/data/\350\214\205\345\217\260_\351\207\207\345\233\233-69.js"
 delete mode 100644 "source/js/sevencolor/3/data/\350\214\205\345\217\260_\351\207\207\345\233\233-70.js"
 delete mode 100644 "source/js/sevencolor/3/data/\350\214\205\345\217\260_\351\207\207\345\233\233-71.js"
 delete mode 100644 "source/js/sevencolor/3/data/\350\214\205\345\217\260_\351\207\207\345\233\233-72.js"
 delete mode 100644 "source/js/sevencolor/3/data/\350\214\205\345\217\260_\351\207\207\345\233\233-73.js"
 delete mode 100644 "source/js/sevencolor/3/data/\350\214\205\345\217\260_\351\207\207\345\233\233-74.js"
 delete mode 100644 "source/js/sevencolor/3/data/\350\214\205\345\217\260_\351\207\207\345\233\233-75.js"
 delete mode 100644 "source/js/sevencolor/3/data/\350\214\205\345\217\260_\351\207\207\345\233\233-76.js"
 delete mode 100644 "source/js/sevencolor/3/data/\350\214\205\345\217\260_\351\207\207\345\233\233-77.js"
 delete mode 100644 "source/js/sevencolor/3/data/\350\214\205\345\217\260_\351\207\207\345\233\233-78.js"
 delete mode 100644 "source/js/sevencolor/3/data/\350\214\205\345\217\260_\351\207\207\345\233\233-79.js"
 delete mode 100644 "source/js/sevencolor/3/data/\350\214\205\345\217\260_\351\207\207\345\233\233-80.js"
 delete mode 100644 "source/js/sevencolor/3/data/\350\261\252\345\215\216_\351\207\207\344\270\211-01.js"
 delete mode 100644 "source/js/sevencolor/3/data/\350\261\252\345\215\216_\351\207\207\344\270\211-02.js"
 delete mode 100644 "source/js/sevencolor/3/data/\350\261\252\345\215\216_\351\207\207\344\270\211-03.js"
 delete mode 100644 "source/js/sevencolor/3/data/\350\261\252\345\215\216_\351\207\207\344\270\211-04.js"
 delete mode 100644 "source/js/sevencolor/3/data/\350\261\252\345\215\216_\351\207\207\344\270\211-05.js"
 delete mode 100644 "source/js/sevencolor/3/data/\350\261\252\345\215\216_\351\207\207\344\270\211-06.js"
 delete mode 100644 "source/js/sevencolor/3/data/\350\261\252\345\215\216_\351\207\207\344\270\211-07.js"
 delete mode 100644 "source/js/sevencolor/3/data/\350\261\252\345\215\216_\351\207\207\344\270\211-08.js"
 delete mode 100644 "source/js/sevencolor/3/data/\350\261\252\345\215\216_\351\207\207\344\270\211-09.js"
 delete mode 100644 "source/js/sevencolor/3/data/\350\261\252\345\215\216_\351\207\207\344\270\211-10.js"
 delete mode 100644 "source/js/sevencolor/3/data/\350\261\252\345\215\216_\351\207\207\344\270\211-11.js"
 delete mode 100644 "source/js/sevencolor/3/data/\350\261\252\345\215\216_\351\207\207\344\270\211-12.js"
 delete mode 100644 "source/js/sevencolor/3/data/\350\261\252\345\215\216_\351\207\207\344\270\211-13.js"
 delete mode 100644 "source/js/sevencolor/3/data/\350\261\252\345\215\216_\351\207\207\344\270\211-14.js"
 delete mode 100644 "source/js/sevencolor/3/data/\350\261\252\345\215\216_\351\207\207\344\270\211-15.js"
 delete mode 100644 "source/js/sevencolor/3/data/\350\261\252\345\215\216_\351\207\207\344\270\211-16.js"
 delete mode 100644 "source/js/sevencolor/3/data/\350\261\252\345\215\216_\351\207\207\344\270\211-17.js"
 delete mode 100644 "source/js/sevencolor/3/data/\350\261\252\345\215\216_\351\207\207\344\270\211-18.js"
 delete mode 100644 "source/js/sevencolor/3/data/\350\261\252\345\215\216_\351\207\207\344\270\211-19.js"
 delete mode 100644 "source/js/sevencolor/3/data/\350\261\252\345\215\216_\351\207\207\344\270\211-20.js"
 delete mode 100644 "source/js/sevencolor/3/data/\350\261\252\345\215\216_\351\207\207\344\270\211-21.js"
 delete mode 100644 "source/js/sevencolor/3/data/\350\261\252\345\215\216_\351\207\207\344\270\211-22.js"
 delete mode 100644 "source/js/sevencolor/3/data/\350\261\252\345\215\216_\351\207\207\344\270\211-23.js"
 delete mode 100644 "source/js/sevencolor/3/data/\350\261\252\345\215\216_\351\207\207\344\270\211-24.js"
 delete mode 100644 "source/js/sevencolor/3/data/\350\261\252\345\215\216_\351\207\207\344\270\211-25.js"
 delete mode 100644 "source/js/sevencolor/3/data/\350\261\252\345\215\216_\351\207\207\344\270\211-26.js"
 delete mode 100644 "source/js/sevencolor/3/data/\350\261\252\345\215\216_\351\207\207\344\270\211-27.js"
 delete mode 100644 "source/js/sevencolor/3/data/\350\261\252\345\215\216_\351\207\207\344\270\211-28.js"
 delete mode 100644 "source/js/sevencolor/3/data/\350\261\252\345\215\216_\351\207\207\344\270\211-29.js"
 delete mode 100644 "source/js/sevencolor/3/data/\350\261\252\345\215\216_\351\207\207\344\270\211-30.js"
 delete mode 100644 "source/js/sevencolor/3/data/\350\261\252\345\215\216_\351\207\207\344\270\211-31.js"
 delete mode 100644 "source/js/sevencolor/3/data/\350\261\252\345\215\216_\351\207\207\344\270\211-32.js"
 delete mode 100644 "source/js/sevencolor/3/data/\350\261\252\345\215\216_\351\207\207\344\270\211-33.js"
 delete mode 100644 "source/js/sevencolor/3/data/\350\261\252\345\215\216_\351\207\207\344\270\211-34.js"
 delete mode 100644 "source/js/sevencolor/3/data/\350\261\252\345\215\216_\351\207\207\344\270\211-35.js"
 delete mode 100644 "source/js/sevencolor/3/data/\350\261\252\345\215\216_\351\207\207\344\270\211-36.js"
 delete mode 100644 "source/js/sevencolor/3/data/\350\261\252\345\215\216_\351\207\207\344\270\211-37.js"
 delete mode 100644 "source/js/sevencolor/3/data/\350\261\252\345\215\216_\351\207\207\344\270\211-38.js"
 delete mode 100644 "source/js/sevencolor/3/data/\350\261\252\345\215\216_\351\207\207\344\270\211-39.js"
 delete mode 100644 "source/js/sevencolor/3/data/\350\261\252\345\215\216_\351\207\207\344\270\211-40.js"
 delete mode 100644 "source/js/sevencolor/3/data/\350\261\252\345\215\216_\351\207\207\344\270\211-41.js"
 delete mode 100644 "source/js/sevencolor/3/data/\350\261\252\345\215\216_\351\207\207\344\270\211-42.js"
 delete mode 100644 "source/js/sevencolor/3/data/\350\261\252\345\215\216_\351\207\207\344\270\211-43.js"
 delete mode 100644 "source/js/sevencolor/3/data/\350\261\252\345\215\216_\351\207\207\344\270\211-44.js"
 delete mode 100644 "source/js/sevencolor/3/data/\350\261\252\345\215\216_\351\207\207\344\270\211-45.js"
 delete mode 100644 "source/js/sevencolor/3/data/\350\261\252\345\215\216_\351\207\207\344\270\211-46.js"
 delete mode 100644 "source/js/sevencolor/3/data/\350\261\252\345\215\216_\351\207\207\344\270\211-47.js"
 delete mode 100644 "source/js/sevencolor/3/data/\350\261\252\345\215\216_\351\207\207\344\270\211-48.js"
 delete mode 100644 "source/js/sevencolor/3/data/\350\261\252\345\215\216_\351\207\207\344\270\211-49.js"
 delete mode 100644 "source/js/sevencolor/3/data/\350\261\252\345\215\216_\351\207\207\344\270\211-50.js"
 delete mode 100644 "source/js/sevencolor/3/data/\350\261\252\345\215\216_\351\207\207\344\270\211-51.js"
 delete mode 100644 "source/js/sevencolor/3/data/\350\261\252\345\215\216_\351\207\207\344\270\211-52.js"
 delete mode 100644 "source/js/sevencolor/3/data/\350\261\252\345\215\216_\351\207\207\344\270\211-53.js"
 delete mode 100644 "source/js/sevencolor/3/data/\350\261\252\345\215\216_\351\207\207\344\270\211-54.js"
 delete mode 100644 "source/js/sevencolor/3/data/\350\261\252\345\215\216_\351\207\207\344\270\211-55.js"
 delete mode 100644 "source/js/sevencolor/3/data/\350\261\252\345\215\216_\351\207\207\344\270\211-56.js"
 delete mode 100644 "source/js/sevencolor/3/data/\350\261\252\345\215\216_\351\207\207\344\270\211-57.js"
 delete mode 100644 "source/js/sevencolor/3/data/\350\261\252\345\215\216_\351\207\207\344\270\211-58.js"
 delete mode 100644 "source/js/sevencolor/3/data/\350\261\252\345\215\216_\351\207\207\344\270\211-59.js"
 delete mode 100644 "source/js/sevencolor/3/data/\350\261\252\345\215\216_\351\207\207\344\270\211-60.js"
 delete mode 100644 "source/js/sevencolor/3/data/\350\261\252\345\215\216_\351\207\207\344\270\211-61.js"
 delete mode 100644 "source/js/sevencolor/3/data/\350\261\252\345\215\216_\351\207\207\344\270\211-62.js"
 delete mode 100644 "source/js/sevencolor/3/data/\350\261\252\345\215\216_\351\207\207\344\270\211-63.js"
 delete mode 100644 "source/js/sevencolor/3/data/\350\261\252\345\215\216_\351\207\207\344\270\211-64.js"
 delete mode 100644 "source/js/sevencolor/3/data/\350\261\252\345\215\216_\351\207\207\344\270\211-65.js"
 delete mode 100644 "source/js/sevencolor/3/data/\350\261\252\345\215\216_\351\207\207\344\270\211-66.js"
 delete mode 100644 "source/js/sevencolor/3/data/\350\261\252\345\215\216_\351\207\207\344\270\211-67.js"
 delete mode 100644 "source/js/sevencolor/3/data/\350\261\252\345\215\216_\351\207\207\344\270\211-68.js"
 delete mode 100644 "source/js/sevencolor/3/data/\350\261\252\345\215\216_\351\207\207\344\270\211-69.js"
 delete mode 100644 "source/js/sevencolor/3/data/\350\261\252\345\215\216_\351\207\207\344\270\211-70.js"
 delete mode 100644 "source/js/sevencolor/3/data/\350\261\252\345\215\216_\351\207\207\344\270\211-71.js"
 delete mode 100644 "source/js/sevencolor/3/data/\350\261\252\345\215\216_\351\207\207\344\270\211-72.js"
 delete mode 100644 "source/js/sevencolor/3/data/\350\261\252\345\215\216_\351\207\207\344\270\211-73.js"
 delete mode 100644 "source/js/sevencolor/3/data/\350\261\252\345\215\216_\351\207\207\344\270\211-74.js"
 delete mode 100644 "source/js/sevencolor/3/data/\350\261\252\345\215\216_\351\207\207\344\270\211-75.js"
 delete mode 100644 "source/js/sevencolor/3/data/\350\261\252\345\215\216_\351\207\207\344\270\211-76.js"
 delete mode 100644 "source/js/sevencolor/3/data/\350\261\252\345\215\216_\351\207\207\344\270\211-77.js"
 delete mode 100644 "source/js/sevencolor/3/data/\350\261\252\345\215\216_\351\207\207\344\270\211-78.js"
 delete mode 100644 "source/js/sevencolor/3/data/\350\261\252\345\215\216_\351\207\207\344\270\211-79.js"
 delete mode 100644 "source/js/sevencolor/3/data/\350\261\252\345\215\216_\351\207\207\344\270\211-80.js"
 delete mode 100644 "source/js/sevencolor/3/data/\351\207\221\351\271\260_\351\207\207\344\270\200-01.js"
 delete mode 100644 "source/js/sevencolor/3/data/\351\207\221\351\271\260_\351\207\207\344\270\200-02.js"
 delete mode 100644 "source/js/sevencolor/3/data/\351\207\221\351\271\260_\351\207\207\344\270\200-03.js"
 delete mode 100644 "source/js/sevencolor/3/data/\351\207\221\351\271\260_\351\207\207\344\270\200-04.js"
 delete mode 100644 "source/js/sevencolor/3/data/\351\207\221\351\271\260_\351\207\207\344\270\200-05.js"
 delete mode 100644 "source/js/sevencolor/3/data/\351\207\221\351\271\260_\351\207\207\344\270\200-06.js"
 delete mode 100644 "source/js/sevencolor/3/data/\351\207\221\351\271\260_\351\207\207\344\270\200-07.js"
 delete mode 100644 "source/js/sevencolor/3/data/\351\207\221\351\271\260_\351\207\207\344\270\200-08.js"
 delete mode 100644 "source/js/sevencolor/3/data/\351\207\221\351\271\260_\351\207\207\344\270\200-09.js"
 delete mode 100644 "source/js/sevencolor/3/data/\351\207\221\351\271\260_\351\207\207\344\270\200-10.js"
 delete mode 100644 "source/js/sevencolor/3/data/\351\207\221\351\271\260_\351\207\207\344\270\200-11.js"
 delete mode 100644 "source/js/sevencolor/3/data/\351\207\221\351\271\260_\351\207\207\344\270\200-12.js"
 delete mode 100644 "source/js/sevencolor/3/data/\351\207\221\351\271\260_\351\207\207\344\270\200-13.js"
 delete mode 100644 "source/js/sevencolor/3/data/\351\207\221\351\271\260_\351\207\207\344\270\200-14.js"
 delete mode 100644 "source/js/sevencolor/3/data/\351\207\221\351\271\260_\351\207\207\344\270\200-15.js"
 delete mode 100644 "source/js/sevencolor/3/data/\351\207\221\351\271\260_\351\207\207\344\270\200-16.js"
 delete mode 100644 "source/js/sevencolor/3/data/\351\207\221\351\271\260_\351\207\207\344\270\200-17.js"
 delete mode 100644 "source/js/sevencolor/3/data/\351\207\221\351\271\260_\351\207\207\344\270\200-18.js"
 delete mode 100644 "source/js/sevencolor/3/data/\351\207\221\351\271\260_\351\207\207\344\270\200-19.js"
 delete mode 100644 "source/js/sevencolor/3/data/\351\207\221\351\271\260_\351\207\207\344\270\200-20.js"
 delete mode 100644 "source/js/sevencolor/3/data/\351\207\221\351\271\260_\351\207\207\344\270\200-21.js"
 delete mode 100644 "source/js/sevencolor/3/data/\351\207\221\351\271\260_\351\207\207\344\270\200-22.js"
 delete mode 100644 "source/js/sevencolor/3/data/\351\207\221\351\271\260_\351\207\207\344\270\200-23.js"
 delete mode 100644 "source/js/sevencolor/3/data/\351\207\221\351\271\260_\351\207\207\344\270\200-24.js"
 delete mode 100644 "source/js/sevencolor/3/data/\351\207\221\351\271\260_\351\207\207\344\270\200-25.js"
 delete mode 100644 "source/js/sevencolor/3/data/\351\207\221\351\271\260_\351\207\207\344\270\200-26.js"
 delete mode 100644 "source/js/sevencolor/3/data/\351\207\221\351\271\260_\351\207\207\344\270\200-27.js"
 delete mode 100644 "source/js/sevencolor/3/data/\351\207\221\351\271\260_\351\207\207\344\270\200-28.js"
 delete mode 100644 "source/js/sevencolor/3/data/\351\207\221\351\271\260_\351\207\207\344\270\200-29.js"
 delete mode 100644 "source/js/sevencolor/3/data/\351\207\221\351\271\260_\351\207\207\344\270\200-30.js"
 delete mode 100644 "source/js/sevencolor/3/data/\351\207\221\351\271\260_\351\207\207\344\270\200-31.js"
 delete mode 100644 "source/js/sevencolor/3/data/\351\207\221\351\271\260_\351\207\207\344\270\200-32.js"
 delete mode 100644 "source/js/sevencolor/3/data/\351\207\221\351\271\260_\351\207\207\344\270\200-33.js"
 delete mode 100644 "source/js/sevencolor/3/data/\351\207\221\351\271\260_\351\207\207\344\270\200-34.js"
 delete mode 100644 "source/js/sevencolor/3/data/\351\207\221\351\271\260_\351\207\207\344\270\200-35.js"
 delete mode 100644 "source/js/sevencolor/3/data/\351\207\221\351\271\260_\351\207\207\344\270\200-36.js"
 delete mode 100644 "source/js/sevencolor/3/data/\351\207\221\351\271\260_\351\207\207\344\270\200-37.js"
 delete mode 100644 "source/js/sevencolor/3/data/\351\207\221\351\271\260_\351\207\207\344\270\200-38.js"
 delete mode 100644 "source/js/sevencolor/3/data/\351\207\221\351\271\260_\351\207\207\344\270\200-39.js"
 delete mode 100644 "source/js/sevencolor/3/data/\351\207\221\351\271\260_\351\207\207\344\270\200-40.js"
 delete mode 100644 "source/js/sevencolor/3/data/\351\207\221\351\271\260_\351\207\207\344\270\200-41.js"
 delete mode 100644 "source/js/sevencolor/3/data/\351\207\221\351\271\260_\351\207\207\344\270\200-42.js"
 delete mode 100644 "source/js/sevencolor/3/data/\351\207\221\351\271\260_\351\207\207\344\270\200-43.js"
 delete mode 100644 "source/js/sevencolor/3/data/\351\207\221\351\271\260_\351\207\207\344\270\200-44.js"
 delete mode 100644 "source/js/sevencolor/3/data/\351\207\221\351\271\260_\351\207\207\344\270\200-45.js"
 delete mode 100644 "source/js/sevencolor/3/data/\351\207\221\351\271\260_\351\207\207\344\270\200-46.js"
 delete mode 100644 "source/js/sevencolor/3/data/\351\207\221\351\271\260_\351\207\207\344\270\200-47.js"
 delete mode 100644 "source/js/sevencolor/3/data/\351\207\221\351\271\260_\351\207\207\344\270\200-48.js"
 delete mode 100644 "source/js/sevencolor/3/data/\351\207\221\351\271\260_\351\207\207\344\270\200-49.js"
 delete mode 100644 "source/js/sevencolor/3/data/\351\207\221\351\271\260_\351\207\207\344\270\200-50.js"
 delete mode 100644 "source/js/sevencolor/3/data/\351\207\221\351\271\260_\351\207\207\344\270\200-51.js"
 delete mode 100644 "source/js/sevencolor/3/data/\351\207\221\351\271\260_\351\207\207\344\270\200-52.js"
 delete mode 100644 "source/js/sevencolor/3/data/\351\207\221\351\271\260_\351\207\207\344\270\200-53.js"
 delete mode 100644 "source/js/sevencolor/3/data/\351\207\221\351\271\260_\351\207\207\344\270\200-54.js"
 delete mode 100644 "source/js/sevencolor/3/data/\351\207\221\351\271\260_\351\207\207\344\270\200-55.js"
 delete mode 100644 "source/js/sevencolor/3/data/\351\207\221\351\271\260_\351\207\207\344\270\200-56.js"
 delete mode 100644 "source/js/sevencolor/3/data/\351\207\221\351\271\260_\351\207\207\344\270\200-57.js"
 delete mode 100644 "source/js/sevencolor/3/data/\351\207\221\351\271\260_\351\207\207\344\270\200-58.js"
 delete mode 100644 "source/js/sevencolor/3/data/\351\207\221\351\271\260_\351\207\207\344\270\200-59.js"
 delete mode 100644 "source/js/sevencolor/3/data/\351\207\221\351\271\260_\351\207\207\344\270\200-60.js"
 delete mode 100644 "source/js/sevencolor/3/data/\351\207\221\351\271\260_\351\207\207\344\270\200-61.js"
 delete mode 100644 "source/js/sevencolor/3/data/\351\207\221\351\271\260_\351\207\207\344\270\200-62.js"
 delete mode 100644 "source/js/sevencolor/3/data/\351\207\221\351\271\260_\351\207\207\344\270\200-63.js"
 delete mode 100644 "source/js/sevencolor/3/data/\351\207\221\351\271\260_\351\207\207\344\270\200-64.js"
 delete mode 100644 "source/js/sevencolor/3/data/\351\207\221\351\271\260_\351\207\207\344\270\200-65.js"
 delete mode 100644 "source/js/sevencolor/3/data/\351\207\221\351\271\260_\351\207\207\344\270\200-66.js"
 delete mode 100644 "source/js/sevencolor/3/data/\351\207\221\351\271\260_\351\207\207\344\270\200-67.js"
 delete mode 100644 "source/js/sevencolor/3/data/\351\207\221\351\271\260_\351\207\207\344\270\200-68.js"
 delete mode 100644 "source/js/sevencolor/3/data/\351\207\221\351\271\260_\351\207\207\344\270\200-69.js"
 delete mode 100644 "source/js/sevencolor/3/data/\351\207\221\351\271\260_\351\207\207\344\270\200-70.js"
 delete mode 100644 "source/js/sevencolor/3/data/\351\207\221\351\271\260_\351\207\207\344\270\200-71.js"
 delete mode 100644 "source/js/sevencolor/3/data/\351\207\221\351\271\260_\351\207\207\344\270\200-72.js"
 delete mode 100644 "source/js/sevencolor/3/data/\351\207\221\351\271\260_\351\207\207\344\270\200-73.js"
 delete mode 100644 "source/js/sevencolor/3/data/\351\207\221\351\271\260_\351\207\207\344\270\200-74.js"
 delete mode 100644 "source/js/sevencolor/3/data/\351\207\221\351\271\260_\351\207\207\344\270\200-75.js"
 delete mode 100644 "source/js/sevencolor/3/data/\351\207\221\351\271\260_\351\207\207\344\270\200-76.js"
 delete mode 100644 "source/js/sevencolor/3/data/\351\207\221\351\271\260_\351\207\207\344\270\200-77.js"
 delete mode 100644 "source/js/sevencolor/3/data/\351\207\221\351\271\260_\351\207\207\344\270\200-78.js"
 delete mode 100644 "source/js/sevencolor/3/data/\351\207\221\351\271\260_\351\207\207\344\270\200-79.js"
 delete mode 100644 "source/js/sevencolor/3/data/\351\207\221\351\271\260_\351\207\207\344\270\200-80.js"
[GIT] Push 到 origin/source（最多重试 3 次）...
[GIT] Push 尝试 1/3...
[GIT STDERR] To github.com:snowhoo/snowhoo.git
   cb1e7f355..4def23f6e  source -> source
[GIT] ✅ Push 成功！
============================================================
  结束时间: 2026-06-08 08:54:08.358
  总耗时: 0:39:57
  结果: ✅ 成功
  日志: D:\hexo\hexo-bot\video-bot\202606080814107.log
============================================================
