============================================================
  TVBox 爬虫编排 v2.0
  开始时间: 2026-06-08 06:35:53.133
  日志文件: D:\hexo\hexo-bot\video-bot\202606080635531.log
============================================================
──────────────────────────────────────────────────
[CRAWL] 开始爬取...
[CMD] python "D:\hexo\hexo-bot\video-bot\tvbox-crawler-optimized.py"   (cwd=D:\hexo\hexo-bot\video-bot)
============================================================
  TVBox 播放地址完整爬取 v3.0
  时间: 2026-06-08 06:35:53
  模式: 全量
============================================================
[SRC] 从 config.json 读取 1 个数据源
  [1/1] https://xn--6orr3pi6g9uu.top/%E7%A6%81%E6%AD%A2%E8%B4%A9%E5%8D%96/bhvip.json
    → 单仓源(52站点) 新增 16 站点: 牌金┃三一, 奇珍┃异兽, 酷酷┃优优, 腾云┃驾雾, 百忙┃无果, 星牙┃短剧, 金鹰┃采一, 暴风┃采二, 豪华┃采三, 茅台┃采四, 极速┃采五, 量子┃采七, 新浪┃采八, 三六┃采九, 光速┃采十, 儿童📚启蒙
  ── 汇总: 1个数据源 → 1成功/0失败 → 16个站点（16API + 0直接源）

[SITE] 发现 16 个 API 站点
  [CRAWL] 牌金┃三一... 
  [CRAWL] 奇珍┃异兽... 
  [CRAWL] 酷酷┃优优... 
  [CRAWL] 腾云┃驾雾... 
  [CRAWL] 百忙┃无果... 
  [CRAWL] 星牙┃短剧... 
  [CRAWL] 金鹰┃采一... 
  [CRAWL] 暴风┃采二... 
  [CRAWL] 豪华┃采三... 
  [CRAWL] 茅台┃采四... 
❌ 首页接口无响应
❌ 首页接口无响应
❌ 首页接口无响应
❌ 首页接口无响应
❌ 首页接口无响应
❌ 首页接口无响应
  [分页] 豪华┃采三: 固定 80 页, 每页 10 个视频
  [分页] 暴风┃采二: 固定 80 页, 每页 10 个视频
  [分页] 茅台┃采四: 固定 80 页, 每页 10 个视频
  [分页] 金鹰┃采一: 固定 80 页, 每页 10 个视频
  [CRAWL] 极速┃采五... 
  [CRAWL] 量子┃采七... 
  [CRAWL] 新浪┃采八... 
  [CRAWL] 三六┃采九... 
  [CRAWL] 光速┃采十... 
  [CRAWL] 儿童📚启蒙... 
  [分页] 新浪┃采八: 固定 80 页, 每页 10 个视频
  [分页] 三六┃采九: 固定 80 页, 每页 10 个视频
❌ 首页接口无响应
  [分页] 极速┃采五: 固定 80 页, 每页 10 个视频
  [分页] 光速┃采十: 固定 80 页, 每页 10 个视频
    [茅台┃采四] 页 3: 无数据，重试 1/3
❌ 首页接口无响应
    [豪华┃采三] 页 10/80: 已写 10 页, 累计 100 个视频
    [三六┃采九] 页 10/80: 已写 10 页, 累计 100 个视频
    [新浪┃采八] 页 10/80: 已写 10 页, 累计 100 个视频
    [极速┃采五] 页 10/80: 已写 10 页, 累计 100 个视频
    [暴风┃采二] 页 10/80: 已写 10 页, 累计 100 个视频
    [光速┃采十] 页 10/80: 已写 10 页, 累计 100 个视频
    [金鹰┃采一] 页 10/80: 已写 10 页, 累计 100 个视频
    [茅台┃采四] 页 10/80: 已写 10 页, 累计 96 个视频
    [豪华┃采三] 页 20/80: 已写 20 页, 累计 200 个视频
    [茅台┃采四] 页 13: 无数据，重试 1/3
    [三六┃采九] 页 20/80: 已写 20 页, 累计 200 个视频
    [新浪┃采八] 页 20/80: 已写 20 页, 累计 200 个视频
    [茅台┃采四] 页 14: 无数据，重试 1/3
    [极速┃采五] 页 20/80: 已写 20 页, 累计 200 个视频
    [光速┃采十] 页 20/80: 已写 20 页, 累计 200 个视频
    [豪华┃采三] 页 30/80: 已写 30 页, 累计 300 个视频
    [暴风┃采二] 页 20/80: 已写 20 页, 累计 200 个视频
    [茅台┃采四] 页 18: 无数据，重试 1/3
    [茅台┃采四] 页 18: 无数据，重试 2/3
    [金鹰┃采一] 页 20/80: 已写 20 页, 累计 200 个视频
    [茅台┃采四] 页 19: 无数据，重试 1/3
    [三六┃采九] 页 30/80: 已写 30 页, 累计 300 个视频
    [新浪┃采八] 页 30/80: 已写 30 页, 累计 300 个视频
    [茅台┃采四] 页 20/80: 已写 20 页, 累计 189 个视频
    [豪华┃采三] 页 40/80: 已写 40 页, 累计 400 个视频
    [极速┃采五] 页 30/80: 已写 30 页, 累计 300 个视频
    [茅台┃采四] 页 23: 无数据，重试 1/3
    [茅台┃采四] 页 23: 无数据，重试 2/3
    [茅台┃采四] 页 23: 无数据，重试 3/3
    [光速┃采十] 页 30/80: 已写 30 页, 累计 300 个视频
    [金鹰┃采一] 页 30/80: 已写 30 页, 累计 300 个视频
    [三六┃采九] 页 40/80: 已写 40 页, 累计 400 个视频
    [暴风┃采二] 页 30/80: 已写 30 页, 累计 300 个视频
    [新浪┃采八] 页 40/80: 已写 40 页, 累计 400 个视频
    [茅台┃采四] 页 27: 无数据，重试 1/3
    [茅台┃采四] 页 27: 无数据，重试 2/3
    [豪华┃采三] 页 50/80: 已写 50 页, 累计 500 个视频
    [茅台┃采四] 页 27: 无数据，重试 3/3
    [极速┃采五] 页 40/80: 已写 40 页, 累计 400 个视频
    [三六┃采九] 页 50/80: 已写 50 页, 累计 500 个视频
    [茅台┃采四] 页 30: 无数据，重试 1/3
    [光速┃采十] 页 40/80: 已写 40 页, 累计 400 个视频
    [茅台┃采四] 页 30/80: 已写 30 页, 累计 284 个视频
    [金鹰┃采一] 页 40/80: 已写 40 页, 累计 400 个视频
    [新浪┃采八] 页 50/80: 已写 50 页, 累计 500 个视频
    [茅台┃采四] 页 33: 无数据，重试 1/3
    [豪华┃采三] 页 60/80: 已写 60 页, 累计 600 个视频
    [茅台┃采四] 页 33: 无数据，重试 2/3
    [暴风┃采二] 页 40/80: 已写 40 页, 累计 400 个视频
    [茅台┃采四] 页 34: 无数据，重试 1/3
    [极速┃采五] 页 50/80: 已写 50 页, 累计 500 个视频
    [茅台┃采四] 页 35: 无数据，重试 1/3
    [三六┃采九] 页 60/80: 已写 60 页, 累计 600 个视频
    [新浪┃采八] 页 60/80: 已写 60 页, 累计 600 个视频
    [金鹰┃采一] 页 50/80: 已写 50 页, 累计 500 个视频
    [茅台┃采四] 页 37: 无数据，重试 1/3
    [豪华┃采三] 页 70/80: 已写 70 页, 累计 700 个视频
    [光速┃采十] 页 50/80: 已写 50 页, 累计 500 个视频
    [茅台┃采四] 页 40/80: 已写 40 页, 累计 383 个视频
    [茅台┃采四] 页 41: 无数据，重试 1/3
    [暴风┃采二] 页 50/80: 已写 50 页, 累计 500 个视频
    [三六┃采九] 页 70/80: 已写 70 页, 累计 700 个视频
    [极速┃采五] 页 60/80: 已写 60 页, 累计 600 个视频
    [茅台┃采四] 页 42: 无数据，重试 1/3
    [茅台┃采四] 页 42: 无数据，重试 2/3
    [茅台┃采四] 页 42: 无数据，重试 3/3
    [茅台┃采四] 页 42: 重试3次仍无数据，停止检索
    [新浪┃采八] 页 70/80: 已写 70 页, 累计 700 个视频
    [豪华┃采三] 页 80/80: 已写 80 页, 累计 800 个视频
✅ 800个视频, 11393/22786个可播放, 80页
    [光速┃采十] 页 56: 无数据，重试 1/3
    [茅台┃采四] 页 45: 无数据，重试 1/3
    [金鹰┃采一] 页 60/80: 已写 60 页, 累计 600 个视频
    [三六┃采九] 页 80/80: 已写 80 页, 累计 800 个视频
✅ 800个视频, 13298/13299个可播放, 80页
    [极速┃采五] 页 70/80: 已写 70 页, 累计 700 个视频
    [茅台┃采四] 页 49: 无数据，重试 1/3
    [茅台┃采四] 页 49: 无数据，重试 2/3
    [光速┃采十] 页 60/80: 已写 60 页, 累计 600 个视频
    [新浪┃采八] 页 80/80: 已写 80 页, 累计 800 个视频
✅ 800个视频, 15730/31460个可播放, 80页
    [茅台┃采四] 页 50: 无数据，重试 1/3
    [暴风┃采二] 页 60/80: 已写 60 页, 累计 600 个视频
    [金鹰┃采一] 页 70/80: 已写 70 页, 累计 700 个视频
    [茅台┃采四] 页 51/80: 已写 50 页, 累计 482 个视频
    [茅台┃采四] 页 54: 无数据，重试 1/3
    [极速┃采五] 页 80/80: 已写 80 页, 累计 800 个视频
✅ 800个视频, 16661/33322个可播放, 80页
    [光速┃采十] 页 70/80: 已写 70 页, 累计 700 个视频
    [暴风┃采二] 页 70/80: 已写 70 页, 累计 700 个视频
    [金鹰┃采一] 页 80/80: 已写 80 页, 累计 800 个视频
✅ 800个视频, 11961/23922个可播放, 80页
    [茅台┃采四] 页 61: 无数据，重试 1/3
    [茅台┃采四] 页 61/80: 已写 60 页, 累计 577 个视频
    [光速┃采十] 页 80/80: 已写 80 页, 累计 800 个视频
✅ 800个视频, 12584/25168个可播放, 80页
    [茅台┃采四] 页 65: 无数据，重试 1/3
    [暴风┃采二] 页 80/80: 已写 80 页, 累计 800 个视频
✅ 800个视频, 16518/16518个可播放, 80页
    [茅台┃采四] 页 71/80: 已写 70 页, 累计 677 个视频
    [茅台┃采四] 页 73: 无数据，重试 1/3
    [茅台┃采四] 页 80: 无数据，重试 1/3
    [茅台┃采四] 页 80: 无数据，重试 2/3
    [茅台┃采四] 页 80: 无数据，重试 3/3
✅ 766个视频, 23262/23262个可播放, 79页
  站点: 8/16 成功
  视频: 6366 个
  地址: 189737 条 (121407 可播放)
  [DIR] data/ — 8 个站点, 分页文件
  [SRC] report/crawl-report.json
============================================================
[CRAWL] ✅ 爬虫完成
──────────────────────────────────────────────────
[GIT] 开始 Git Push 流程...
[CMD] git config user.name "snowhoo"  (cwd=D:\hexo)
[CMD] git config user.email "snowhoo@example.com"  (cwd=D:\hexo)
[CMD] git diff --quiet -- "source/js/sevencolor/3/data"  (cwd=D:\hexo)
[GIT] 检测到数据变化，准备提交...
[CMD] git add "source/js/sevencolor/3/data"  (cwd=D:\hexo)
[CMD] git commit -m "chore: auto-update TVBox video data"  (cwd=D:\hexo)
[source cb1e7f35] chore: auto-update TVBox video data
 364 files changed, 364 insertions(+), 5 deletions(-)
 create mode 100644 "source/js/sevencolor/3/data/\344\270\211\345\205\255_\351\207\207\344\271\235-41.js"
 create mode 100644 "source/js/sevencolor/3/data/\344\270\211\345\205\255_\351\207\207\344\271\235-42.js"
 create mode 100644 "source/js/sevencolor/3/data/\344\270\211\345\205\255_\351\207\207\344\271\235-43.js"
 create mode 100644 "source/js/sevencolor/3/data/\344\270\211\345\205\255_\351\207\207\344\271\235-44.js"
 create mode 100644 "source/js/sevencolor/3/data/\344\270\211\345\205\255_\351\207\207\344\271\235-45.js"
 create mode 100644 "source/js/sevencolor/3/data/\344\270\211\345\205\255_\351\207\207\344\271\235-46.js"
 create mode 100644 "source/js/sevencolor/3/data/\344\270\211\345\205\255_\351\207\207\344\271\235-47.js"
 create mode 100644 "source/js/sevencolor/3/data/\344\270\211\345\205\255_\351\207\207\344\271\235-48.js"
 create mode 100644 "source/js/sevencolor/3/data/\344\270\211\345\205\255_\351\207\207\344\271\235-49.js"
 create mode 100644 "source/js/sevencolor/3/data/\344\270\211\345\205\255_\351\207\207\344\271\235-50.js"
 create mode 100644 "source/js/sevencolor/3/data/\344\270\211\345\205\255_\351\207\207\344\271\235-51.js"
 create mode 100644 "source/js/sevencolor/3/data/\344\270\211\345\205\255_\351\207\207\344\271\235-52.js"
 create mode 100644 "source/js/sevencolor/3/data/\344\270\211\345\205\255_\351\207\207\344\271\235-53.js"
 create mode 100644 "source/js/sevencolor/3/data/\344\270\211\345\205\255_\351\207\207\344\271\235-54.js"
 create mode 100644 "source/js/sevencolor/3/data/\344\270\211\345\205\255_\351\207\207\344\271\235-55.js"
 create mode 100644 "source/js/sevencolor/3/data/\344\270\211\345\205\255_\351\207\207\344\271\235-56.js"
 create mode 100644 "source/js/sevencolor/3/data/\344\270\211\345\205\255_\351\207\207\344\271\235-57.js"
 create mode 100644 "source/js/sevencolor/3/data/\344\270\211\345\205\255_\351\207\207\344\271\235-58.js"
 create mode 100644 "source/js/sevencolor/3/data/\344\270\211\345\205\255_\351\207\207\344\271\235-59.js"
 create mode 100644 "source/js/sevencolor/3/data/\344\270\211\345\205\255_\351\207\207\344\271\235-60.js"
 create mode 100644 "source/js/sevencolor/3/data/\344\270\211\345\205\255_\351\207\207\344\271\235-61.js"
 create mode 100644 "source/js/sevencolor/3/data/\344\270\211\345\205\255_\351\207\207\344\271\235-62.js"
 create mode 100644 "source/js/sevencolor/3/data/\344\270\211\345\205\255_\351\207\207\344\271\235-63.js"
 create mode 100644 "source/js/sevencolor/3/data/\344\270\211\345\205\255_\351\207\207\344\271\235-64.js"
 create mode 100644 "source/js/sevencolor/3/data/\344\270\211\345\205\255_\351\207\207\344\271\235-65.js"
 create mode 100644 "source/js/sevencolor/3/data/\344\270\211\345\205\255_\351\207\207\344\271\235-66.js"
 create mode 100644 "source/js/sevencolor/3/data/\344\270\211\345\205\255_\351\207\207\344\271\235-67.js"
 create mode 100644 "source/js/sevencolor/3/data/\344\270\211\345\205\255_\351\207\207\344\271\235-68.js"
 create mode 100644 "source/js/sevencolor/3/data/\344\270\211\345\205\255_\351\207\207\344\271\235-69.js"
 create mode 100644 "source/js/sevencolor/3/data/\344\270\211\345\205\255_\351\207\207\344\271\235-70.js"
 create mode 100644 "source/js/sevencolor/3/data/\344\270\211\345\205\255_\351\207\207\344\271\235-71.js"
 create mode 100644 "source/js/sevencolor/3/data/\344\270\211\345\205\255_\351\207\207\344\271\235-72.js"
 create mode 100644 "source/js/sevencolor/3/data/\344\270\211\345\205\255_\351\207\207\344\271\235-73.js"
 create mode 100644 "source/js/sevencolor/3/data/\344\270\211\345\205\255_\351\207\207\344\271\235-74.js"
 create mode 100644 "source/js/sevencolor/3/data/\344\270\211\345\205\255_\351\207\207\344\271\235-75.js"
 create mode 100644 "source/js/sevencolor/3/data/\344\270\211\345\205\255_\351\207\207\344\271\235-76.js"
 create mode 100644 "source/js/sevencolor/3/data/\344\270\211\345\205\255_\351\207\207\344\271\235-77.js"
 create mode 100644 "source/js/sevencolor/3/data/\344\270\211\345\205\255_\351\207\207\344\271\235-78.js"
 create mode 100644 "source/js/sevencolor/3/data/\344\270\211\345\205\255_\351\207\207\344\271\235-79.js"
 create mode 100644 "source/js/sevencolor/3/data/\344\270\211\345\205\255_\351\207\207\344\271\235-80.js"
 create mode 100644 "source/js/sevencolor/3/data/\345\205\211\351\200\237_\351\207\207\345\215\201-41.js"
 create mode 100644 "source/js/sevencolor/3/data/\345\205\211\351\200\237_\351\207\207\345\215\201-42.js"
 create mode 100644 "source/js/sevencolor/3/data/\345\205\211\351\200\237_\351\207\207\345\215\201-43.js"
 create mode 100644 "source/js/sevencolor/3/data/\345\205\211\351\200\237_\351\207\207\345\215\201-44.js"
 create mode 100644 "source/js/sevencolor/3/data/\345\205\211\351\200\237_\351\207\207\345\215\201-45.js"
 create mode 100644 "source/js/sevencolor/3/data/\345\205\211\351\200\237_\351\207\207\345\215\201-46.js"
 create mode 100644 "source/js/sevencolor/3/data/\345\205\211\351\200\237_\351\207\207\345\215\201-47.js"
 create mode 100644 "source/js/sevencolor/3/data/\345\205\211\351\200\237_\351\207\207\345\215\201-48.js"
 create mode 100644 "source/js/sevencolor/3/data/\345\205\211\351\200\237_\351\207\207\345\215\201-49.js"
 create mode 100644 "source/js/sevencolor/3/data/\345\205\211\351\200\237_\351\207\207\345\215\201-50.js"
 create mode 100644 "source/js/sevencolor/3/data/\345\205\211\351\200\237_\351\207\207\345\215\201-51.js"
 create mode 100644 "source/js/sevencolor/3/data/\345\205\211\351\200\237_\351\207\207\345\215\201-52.js"
 create mode 100644 "source/js/sevencolor/3/data/\345\205\211\351\200\237_\351\207\207\345\215\201-53.js"
 create mode 100644 "source/js/sevencolor/3/data/\345\205\211\351\200\237_\351\207\207\345\215\201-54.js"
 create mode 100644 "source/js/sevencolor/3/data/\345\205\211\351\200\237_\351\207\207\345\215\201-55.js"
 create mode 100644 "source/js/sevencolor/3/data/\345\205\211\351\200\237_\351\207\207\345\215\201-56.js"
 create mode 100644 "source/js/sevencolor/3/data/\345\205\211\351\200\237_\351\207\207\345\215\201-57.js"
 create mode 100644 "source/js/sevencolor/3/data/\345\205\211\351\200\237_\351\207\207\345\215\201-58.js"
 create mode 100644 "source/js/sevencolor/3/data/\345\205\211\351\200\237_\351\207\207\345\215\201-59.js"
 create mode 100644 "source/js/sevencolor/3/data/\345\205\211\351\200\237_\351\207\207\345\215\201-60.js"
 create mode 100644 "source/js/sevencolor/3/data/\345\205\211\351\200\237_\351\207\207\345\215\201-61.js"
 create mode 100644 "source/js/sevencolor/3/data/\345\205\211\351\200\237_\351\207\207\345\215\201-62.js"
 create mode 100644 "source/js/sevencolor/3/data/\345\205\211\351\200\237_\351\207\207\345\215\201-63.js"
 create mode 100644 "source/js/sevencolor/3/data/\345\205\211\351\200\237_\351\207\207\345\215\201-64.js"
 create mode 100644 "source/js/sevencolor/3/data/\345\205\211\351\200\237_\351\207\207\345\215\201-65.js"
 create mode 100644 "source/js/sevencolor/3/data/\345\205\211\351\200\237_\351\207\207\345\215\201-66.js"
 create mode 100644 "source/js/sevencolor/3/data/\345\205\211\351\200\237_\351\207\207\345\215\201-67.js"
 create mode 100644 "source/js/sevencolor/3/data/\345\205\211\351\200\237_\351\207\207\345\215\201-68.js"
 create mode 100644 "source/js/sevencolor/3/data/\345\205\211\351\200\237_\351\207\207\345\215\201-69.js"
 create mode 100644 "source/js/sevencolor/3/data/\345\205\211\351\200\237_\351\207\207\345\215\201-70.js"
 create mode 100644 "source/js/sevencolor/3/data/\345\205\211\351\200\237_\351\207\207\345\215\201-71.js"
 create mode 100644 "source/js/sevencolor/3/data/\345\205\211\351\200\237_\351\207\207\345\215\201-72.js"
 create mode 100644 "source/js/sevencolor/3/data/\345\205\211\351\200\237_\351\207\207\345\215\201-73.js"
 create mode 100644 "source/js/sevencolor/3/data/\345\205\211\351\200\237_\351\207\207\345\215\201-74.js"
 create mode 100644 "source/js/sevencolor/3/data/\345\205\211\351\200\237_\351\207\207\345\215\201-75.js"
 create mode 100644 "source/js/sevencolor/3/data/\345\205\211\351\200\237_\351\207\207\345\215\201-76.js"
 create mode 100644 "source/js/sevencolor/3/data/\345\205\211\351\200\237_\351\207\207\345\215\201-77.js"
 create mode 100644 "source/js/sevencolor/3/data/\345\205\211\351\200\237_\351\207\207\345\215\201-78.js"
 create mode 100644 "source/js/sevencolor/3/data/\345\205\211\351\200\237_\351\207\207\345\215\201-79.js"
 create mode 100644 "source/js/sevencolor/3/data/\345\205\211\351\200\237_\351\207\207\345\215\201-80.js"
 create mode 100644 "source/js/sevencolor/3/data/\346\226\260\346\265\252_\351\207\207\345\205\253-41.js"
 create mode 100644 "source/js/sevencolor/3/data/\346\226\260\346\265\252_\351\207\207\345\205\253-42.js"
 create mode 100644 "source/js/sevencolor/3/data/\346\226\260\346\265\252_\351\207\207\345\205\253-43.js"
 create mode 100644 "source/js/sevencolor/3/data/\346\226\260\346\265\252_\351\207\207\345\205\253-44.js"
 create mode 100644 "source/js/sevencolor/3/data/\346\226\260\346\265\252_\351\207\207\345\205\253-45.js"
 create mode 100644 "source/js/sevencolor/3/data/\346\226\260\346\265\252_\351\207\207\345\205\253-46.js"
 create mode 100644 "source/js/sevencolor/3/data/\346\226\260\346\265\252_\351\207\207\345\205\253-47.js"
 create mode 100644 "source/js/sevencolor/3/data/\346\226\260\346\265\252_\351\207\207\345\205\253-48.js"
 create mode 100644 "source/js/sevencolor/3/data/\346\226\260\346\265\252_\351\207\207\345\205\253-49.js"
 create mode 100644 "source/js/sevencolor/3/data/\346\226\260\346\265\252_\351\207\207\345\205\253-50.js"
 create mode 100644 "source/js/sevencolor/3/data/\346\226\260\346\265\252_\351\207\207\345\205\253-51.js"
 create mode 100644 "source/js/sevencolor/3/data/\346\226\260\346\265\252_\351\207\207\345\205\253-52.js"
 create mode 100644 "source/js/sevencolor/3/data/\346\226\260\346\265\252_\351\207\207\345\205\253-53.js"
 create mode 100644 "source/js/sevencolor/3/data/\346\226\260\346\265\252_\351\207\207\345\205\253-54.js"
 create mode 100644 "source/js/sevencolor/3/data/\346\226\260\346\265\252_\351\207\207\345\205\253-55.js"
 create mode 100644 "source/js/sevencolor/3/data/\346\226\260\346\265\252_\351\207\207\345\205\253-56.js"
 create mode 100644 "source/js/sevencolor/3/data/\346\226\260\346\265\252_\351\207\207\345\205\253-57.js"
 create mode 100644 "source/js/sevencolor/3/data/\346\226\260\346\265\252_\351\207\207\345\205\253-58.js"
 create mode 100644 "source/js/sevencolor/3/data/\346\226\260\346\265\252_\351\207\207\345\205\253-59.js"
 create mode 100644 "source/js/sevencolor/3/data/\346\226\260\346\265\252_\351\207\207\345\205\253-60.js"
 create mode 100644 "source/js/sevencolor/3/data/\346\226\260\346\265\252_\351\207\207\345\205\253-61.js"
 create mode 100644 "source/js/sevencolor/3/data/\346\226\260\346\265\252_\351\207\207\345\205\253-62.js"
 create mode 100644 "source/js/sevencolor/3/data/\346\226\260\346\265\252_\351\207\207\345\205\253-63.js"
 create mode 100644 "source/js/sevencolor/3/data/\346\226\260\346\265\252_\351\207\207\345\205\253-64.js"
 create mode 100644 "source/js/sevencolor/3/data/\346\226\260\346\265\252_\351\207\207\345\205\253-65.js"
 create mode 100644 "source/js/sevencolor/3/data/\346\226\260\346\265\252_\351\207\207\345\205\253-66.js"
 create mode 100644 "source/js/sevencolor/3/data/\346\226\260\346\265\252_\351\207\207\345\205\253-67.js"
 create mode 100644 "source/js/sevencolor/3/data/\346\226\260\346\265\252_\351\207\207\345\205\253-68.js"
 create mode 100644 "source/js/sevencolor/3/data/\346\226\260\346\265\252_\351\207\207\345\205\253-69.js"
 create mode 100644 "source/js/sevencolor/3/data/\346\226\260\346\265\252_\351\207\207\345\205\253-70.js"
 create mode 100644 "source/js/sevencolor/3/data/\346\226\260\346\265\252_\351\207\207\345\205\253-71.js"
 create mode 100644 "source/js/sevencolor/3/data/\346\226\260\346\265\252_\351\207\207\345\205\253-72.js"
 create mode 100644 "source/js/sevencolor/3/data/\346\226\260\346\265\252_\351\207\207\345\205\253-73.js"
 create mode 100644 "source/js/sevencolor/3/data/\346\226\260\346\265\252_\351\207\207\345\205\253-74.js"
 create mode 100644 "source/js/sevencolor/3/data/\346\226\260\346\265\252_\351\207\207\345\205\253-75.js"
 create mode 100644 "source/js/sevencolor/3/data/\346\226\260\346\265\252_\351\207\207\345\205\253-76.js"
 create mode 100644 "source/js/sevencolor/3/data/\346\226\260\346\265\252_\351\207\207\345\205\253-77.js"
 create mode 100644 "source/js/sevencolor/3/data/\346\226\260\346\265\252_\351\207\207\345\205\253-78.js"
 create mode 100644 "source/js/sevencolor/3/data/\346\226\260\346\265\252_\351\207\207\345\205\253-79.js"
 create mode 100644 "source/js/sevencolor/3/data/\346\226\260\346\265\252_\351\207\207\345\205\253-80.js"
 create mode 100644 "source/js/sevencolor/3/data/\346\232\264\351\243\216_\351\207\207\344\272\214-41.js"
 create mode 100644 "source/js/sevencolor/3/data/\346\232\264\351\243\216_\351\207\207\344\272\214-42.js"
 create mode 100644 "source/js/sevencolor/3/data/\346\232\264\351\243\216_\351\207\207\344\272\214-43.js"
 create mode 100644 "source/js/sevencolor/3/data/\346\232\264\351\243\216_\351\207\207\344\272\214-44.js"
 create mode 100644 "source/js/sevencolor/3/data/\346\232\264\351\243\216_\351\207\207\344\272\214-45.js"
 create mode 100644 "source/js/sevencolor/3/data/\346\232\264\351\243\216_\351\207\207\344\272\214-46.js"
 create mode 100644 "source/js/sevencolor/3/data/\346\232\264\351\243\216_\351\207\207\344\272\214-47.js"
 create mode 100644 "source/js/sevencolor/3/data/\346\232\264\351\243\216_\351\207\207\344\272\214-48.js"
 create mode 100644 "source/js/sevencolor/3/data/\346\232\264\351\243\216_\351\207\207\344\272\214-49.js"
 create mode 100644 "source/js/sevencolor/3/data/\346\232\264\351\243\216_\351\207\207\344\272\214-50.js"
 create mode 100644 "source/js/sevencolor/3/data/\346\232\264\351\243\216_\351\207\207\344\272\214-51.js"
 create mode 100644 "source/js/sevencolor/3/data/\346\232\264\351\243\216_\351\207\207\344\272\214-52.js"
 create mode 100644 "source/js/sevencolor/3/data/\346\232\264\351\243\216_\351\207\207\344\272\214-53.js"
 create mode 100644 "source/js/sevencolor/3/data/\346\232\264\351\243\216_\351\207\207\344\272\214-54.js"
 create mode 100644 "source/js/sevencolor/3/data/\346\232\264\351\243\216_\351\207\207\344\272\214-55.js"
 create mode 100644 "source/js/sevencolor/3/data/\346\232\264\351\243\216_\351\207\207\344\272\214-56.js"
 create mode 100644 "source/js/sevencolor/3/data/\346\232\264\351\243\216_\351\207\207\344\272\214-57.js"
 create mode 100644 "source/js/sevencolor/3/data/\346\232\264\351\243\216_\351\207\207\344\272\214-58.js"
 create mode 100644 "source/js/sevencolor/3/data/\346\232\264\351\243\216_\351\207\207\344\272\214-59.js"
 create mode 100644 "source/js/sevencolor/3/data/\346\232\264\351\243\216_\351\207\207\344\272\214-60.js"
 create mode 100644 "source/js/sevencolor/3/data/\346\232\264\351\243\216_\351\207\207\344\272\214-61.js"
 create mode 100644 "source/js/sevencolor/3/data/\346\232\264\351\243\216_\351\207\207\344\272\214-62.js"
 create mode 100644 "source/js/sevencolor/3/data/\346\232\264\351\243\216_\351\207\207\344\272\214-63.js"
 create mode 100644 "source/js/sevencolor/3/data/\346\232\264\351\243\216_\351\207\207\344\272\214-64.js"
 create mode 100644 "source/js/sevencolor/3/data/\346\232\264\351\243\216_\351\207\207\344\272\214-65.js"
 create mode 100644 "source/js/sevencolor/3/data/\346\232\264\351\243\216_\351\207\207\344\272\214-66.js"
 create mode 100644 "source/js/sevencolor/3/data/\346\232\264\351\243\216_\351\207\207\344\272\214-67.js"
 create mode 100644 "source/js/sevencolor/3/data/\346\232\264\351\243\216_\351\207\207\344\272\214-68.js"
 create mode 100644 "source/js/sevencolor/3/data/\346\232\264\351\243\216_\351\207\207\344\272\214-69.js"
 create mode 100644 "source/js/sevencolor/3/data/\346\232\264\351\243\216_\351\207\207\344\272\214-70.js"
 create mode 100644 "source/js/sevencolor/3/data/\346\232\264\351\243\216_\351\207\207\344\272\214-71.js"
 create mode 100644 "source/js/sevencolor/3/data/\346\232\264\351\243\216_\351\207\207\344\272\214-72.js"
 create mode 100644 "source/js/sevencolor/3/data/\346\232\264\351\243\216_\351\207\207\344\272\214-73.js"
 create mode 100644 "source/js/sevencolor/3/data/\346\232\264\351\243\216_\351\207\207\344\272\214-74.js"
 create mode 100644 "source/js/sevencolor/3/data/\346\232\264\351\243\216_\351\207\207\344\272\214-75.js"
 create mode 100644 "source/js/sevencolor/3/data/\346\232\264\351\243\216_\351\207\207\344\272\214-76.js"
 create mode 100644 "source/js/sevencolor/3/data/\346\232\264\351\243\216_\351\207\207\344\272\214-77.js"
 create mode 100644 "source/js/sevencolor/3/data/\346\232\264\351\243\216_\351\207\207\344\272\214-78.js"
 create mode 100644 "source/js/sevencolor/3/data/\346\232\264\351\243\216_\351\207\207\344\272\214-79.js"
 create mode 100644 "source/js/sevencolor/3/data/\346\232\264\351\243\216_\351\207\207\344\272\214-80.js"
 create mode 100644 "source/js/sevencolor/3/data/\346\236\201\351\200\237_\351\207\207\344\272\224-41.js"
 create mode 100644 "source/js/sevencolor/3/data/\346\236\201\351\200\237_\351\207\207\344\272\224-42.js"
 create mode 100644 "source/js/sevencolor/3/data/\346\236\201\351\200\237_\351\207\207\344\272\224-43.js"
 create mode 100644 "source/js/sevencolor/3/data/\346\236\201\351\200\237_\351\207\207\344\272\224-44.js"
 create mode 100644 "source/js/sevencolor/3/data/\346\236\201\351\200\237_\351\207\207\344\272\224-45.js"
 create mode 100644 "source/js/sevencolor/3/data/\346\236\201\351\200\237_\351\207\207\344\272\224-46.js"
 create mode 100644 "source/js/sevencolor/3/data/\346\236\201\351\200\237_\351\207\207\344\272\224-47.js"
 create mode 100644 "source/js/sevencolor/3/data/\346\236\201\351\200\237_\351\207\207\344\272\224-48.js"
 create mode 100644 "source/js/sevencolor/3/data/\346\236\201\351\200\237_\351\207\207\344\272\224-49.js"
 create mode 100644 "source/js/sevencolor/3/data/\346\236\201\351\200\237_\351\207\207\344\272\224-50.js"
 create mode 100644 "source/js/sevencolor/3/data/\346\236\201\351\200\237_\351\207\207\344\272\224-51.js"
 create mode 100644 "source/js/sevencolor/3/data/\346\236\201\351\200\237_\351\207\207\344\272\224-52.js"
 create mode 100644 "source/js/sevencolor/3/data/\346\236\201\351\200\237_\351\207\207\344\272\224-53.js"
 create mode 100644 "source/js/sevencolor/3/data/\346\236\201\351\200\237_\351\207\207\344\272\224-54.js"
 create mode 100644 "source/js/sevencolor/3/data/\346\236\201\351\200\237_\351\207\207\344\272\224-55.js"
 create mode 100644 "source/js/sevencolor/3/data/\346\236\201\351\200\237_\351\207\207\344\272\224-56.js"
 create mode 100644 "source/js/sevencolor/3/data/\346\236\201\351\200\237_\351\207\207\344\272\224-57.js"
 create mode 100644 "source/js/sevencolor/3/data/\346\236\201\351\200\237_\351\207\207\344\272\224-58.js"
 create mode 100644 "source/js/sevencolor/3/data/\346\236\201\351\200\237_\351\207\207\344\272\224-59.js"
 create mode 100644 "source/js/sevencolor/3/data/\346\236\201\351\200\237_\351\207\207\344\272\224-60.js"
 create mode 100644 "source/js/sevencolor/3/data/\346\236\201\351\200\237_\351\207\207\344\272\224-61.js"
 create mode 100644 "source/js/sevencolor/3/data/\346\236\201\351\200\237_\351\207\207\344\272\224-62.js"
 create mode 100644 "source/js/sevencolor/3/data/\346\236\201\351\200\237_\351\207\207\344\272\224-63.js"
 create mode 100644 "source/js/sevencolor/3/data/\346\236\201\351\200\237_\351\207\207\344\272\224-64.js"
 create mode 100644 "source/js/sevencolor/3/data/\346\236\201\351\200\237_\351\207\207\344\272\224-65.js"
 create mode 100644 "source/js/sevencolor/3/data/\346\236\201\351\200\237_\351\207\207\344\272\224-66.js"
 create mode 100644 "source/js/sevencolor/3/data/\346\236\201\351\200\237_\351\207\207\344\272\224-67.js"
 create mode 100644 "source/js/sevencolor/3/data/\346\236\201\351\200\237_\351\207\207\344\272\224-68.js"
 create mode 100644 "source/js/sevencolor/3/data/\346\236\201\351\200\237_\351\207\207\344\272\224-69.js"
 create mode 100644 "source/js/sevencolor/3/data/\346\236\201\351\200\237_\351\207\207\344\272\224-70.js"
 create mode 100644 "source/js/sevencolor/3/data/\346\236\201\351\200\237_\351\207\207\344\272\224-71.js"
 create mode 100644 "source/js/sevencolor/3/data/\346\236\201\351\200\237_\351\207\207\344\272\224-72.js"
 create mode 100644 "source/js/sevencolor/3/data/\346\236\201\351\200\237_\351\207\207\344\272\224-73.js"
 create mode 100644 "source/js/sevencolor/3/data/\346\236\201\351\200\237_\351\207\207\344\272\224-74.js"
 create mode 100644 "source/js/sevencolor/3/data/\346\236\201\351\200\237_\351\207\207\344\272\224-75.js"
 create mode 100644 "source/js/sevencolor/3/data/\346\236\201\351\200\237_\351\207\207\344\272\224-76.js"
 create mode 100644 "source/js/sevencolor/3/data/\346\236\201\351\200\237_\351\207\207\344\272\224-77.js"
 create mode 100644 "source/js/sevencolor/3/data/\346\236\201\351\200\237_\351\207\207\344\272\224-78.js"
 create mode 100644 "source/js/sevencolor/3/data/\346\236\201\351\200\237_\351\207\207\344\272\224-79.js"
 create mode 100644 "source/js/sevencolor/3/data/\346\236\201\351\200\237_\351\207\207\344\272\224-80.js"
 create mode 100644 "source/js/sevencolor/3/data/\350\214\205\345\217\260_\351\207\207\345\233\233-01.js"
 create mode 100644 "source/js/sevencolor/3/data/\350\214\205\345\217\260_\351\207\207\345\233\233-02.js"
 create mode 100644 "source/js/sevencolor/3/data/\350\214\205\345\217\260_\351\207\207\345\233\233-03.js"
 create mode 100644 "source/js/sevencolor/3/data/\350\214\205\345\217\260_\351\207\207\345\233\233-04.js"
 create mode 100644 "source/js/sevencolor/3/data/\350\214\205\345\217\260_\351\207\207\345\233\233-05.js"
 create mode 100644 "source/js/sevencolor/3/data/\350\214\205\345\217\260_\351\207\207\345\233\233-06.js"
 create mode 100644 "source/js/sevencolor/3/data/\350\214\205\345\217\260_\351\207\207\345\233\233-07.js"
 create mode 100644 "source/js/sevencolor/3/data/\350\214\205\345\217\260_\351\207\207\345\233\233-08.js"
 create mode 100644 "source/js/sevencolor/3/data/\350\214\205\345\217\260_\351\207\207\345\233\233-09.js"
 create mode 100644 "source/js/sevencolor/3/data/\350\214\205\345\217\260_\351\207\207\345\233\233-10.js"
 create mode 100644 "source/js/sevencolor/3/data/\350\214\205\345\217\260_\351\207\207\345\233\233-11.js"
 create mode 100644 "source/js/sevencolor/3/data/\350\214\205\345\217\260_\351\207\207\345\233\233-12.js"
 create mode 100644 "source/js/sevencolor/3/data/\350\214\205\345\217\260_\351\207\207\345\233\233-13.js"
 create mode 100644 "source/js/sevencolor/3/data/\350\214\205\345\217\260_\351\207\207\345\233\233-14.js"
 create mode 100644 "source/js/sevencolor/3/data/\350\214\205\345\217\260_\351\207\207\345\233\233-15.js"
 create mode 100644 "source/js/sevencolor/3/data/\350\214\205\345\217\260_\351\207\207\345\233\233-16.js"
 create mode 100644 "source/js/sevencolor/3/data/\350\214\205\345\217\260_\351\207\207\345\233\233-17.js"
 create mode 100644 "source/js/sevencolor/3/data/\350\214\205\345\217\260_\351\207\207\345\233\233-18.js"
 create mode 100644 "source/js/sevencolor/3/data/\350\214\205\345\217\260_\351\207\207\345\233\233-19.js"
 create mode 100644 "source/js/sevencolor/3/data/\350\214\205\345\217\260_\351\207\207\345\233\233-20.js"
 create mode 100644 "source/js/sevencolor/3/data/\350\214\205\345\217\260_\351\207\207\345\233\233-21.js"
 create mode 100644 "source/js/sevencolor/3/data/\350\214\205\345\217\260_\351\207\207\345\233\233-22.js"
 create mode 100644 "source/js/sevencolor/3/data/\350\214\205\345\217\260_\351\207\207\345\233\233-23.js"
 create mode 100644 "source/js/sevencolor/3/data/\350\214\205\345\217\260_\351\207\207\345\233\233-24.js"
 create mode 100644 "source/js/sevencolor/3/data/\350\214\205\345\217\260_\351\207\207\345\233\233-25.js"
 create mode 100644 "source/js/sevencolor/3/data/\350\214\205\345\217\260_\351\207\207\345\233\233-26.js"
 create mode 100644 "source/js/sevencolor/3/data/\350\214\205\345\217\260_\351\207\207\345\233\233-27.js"
 create mode 100644 "source/js/sevencolor/3/data/\350\214\205\345\217\260_\351\207\207\345\233\233-28.js"
 create mode 100644 "source/js/sevencolor/3/data/\350\214\205\345\217\260_\351\207\207\345\233\233-29.js"
 create mode 100644 "source/js/sevencolor/3/data/\350\214\205\345\217\260_\351\207\207\345\233\233-30.js"
 create mode 100644 "source/js/sevencolor/3/data/\350\214\205\345\217\260_\351\207\207\345\233\233-31.js"
 create mode 100644 "source/js/sevencolor/3/data/\350\214\205\345\217\260_\351\207\207\345\233\233-32.js"
 create mode 100644 "source/js/sevencolor/3/data/\350\214\205\345\217\260_\351\207\207\345\233\233-33.js"
 create mode 100644 "source/js/sevencolor/3/data/\350\214\205\345\217\260_\351\207\207\345\233\233-34.js"
 create mode 100644 "source/js/sevencolor/3/data/\350\214\205\345\217\260_\351\207\207\345\233\233-35.js"
 create mode 100644 "source/js/sevencolor/3/data/\350\214\205\345\217\260_\351\207\207\345\233\233-36.js"
 create mode 100644 "source/js/sevencolor/3/data/\350\214\205\345\217\260_\351\207\207\345\233\233-37.js"
 create mode 100644 "source/js/sevencolor/3/data/\350\214\205\345\217\260_\351\207\207\345\233\233-38.js"
 create mode 100644 "source/js/sevencolor/3/data/\350\214\205\345\217\260_\351\207\207\345\233\233-39.js"
 create mode 100644 "source/js/sevencolor/3/data/\350\214\205\345\217\260_\351\207\207\345\233\233-40.js"
 create mode 100644 "source/js/sevencolor/3/data/\350\214\205\345\217\260_\351\207\207\345\233\233-41.js"
 create mode 100644 "source/js/sevencolor/3/data/\350\214\205\345\217\260_\351\207\207\345\233\233-43.js"
 create mode 100644 "source/js/sevencolor/3/data/\350\214\205\345\217\260_\351\207\207\345\233\233-44.js"
 create mode 100644 "source/js/sevencolor/3/data/\350\214\205\345\217\260_\351\207\207\345\233\233-45.js"
 create mode 100644 "source/js/sevencolor/3/data/\350\214\205\345\217\260_\351\207\207\345\233\233-46.js"
 create mode 100644 "source/js/sevencolor/3/data/\350\214\205\345\217\260_\351\207\207\345\233\233-47.js"
 create mode 100644 "source/js/sevencolor/3/data/\350\214\205\345\217\260_\351\207\207\345\233\233-48.js"
 create mode 100644 "source/js/sevencolor/3/data/\350\214\205\345\217\260_\351\207\207\345\233\233-49.js"
 create mode 100644 "source/js/sevencolor/3/data/\350\214\205\345\217\260_\351\207\207\345\233\233-50.js"
 create mode 100644 "source/js/sevencolor/3/data/\350\214\205\345\217\260_\351\207\207\345\233\233-51.js"
 create mode 100644 "source/js/sevencolor/3/data/\350\214\205\345\217\260_\351\207\207\345\233\233-52.js"
 create mode 100644 "source/js/sevencolor/3/data/\350\214\205\345\217\260_\351\207\207\345\233\233-53.js"
 create mode 100644 "source/js/sevencolor/3/data/\350\214\205\345\217\260_\351\207\207\345\233\233-54.js"
 create mode 100644 "source/js/sevencolor/3/data/\350\214\205\345\217\260_\351\207\207\345\233\233-55.js"
 create mode 100644 "source/js/sevencolor/3/data/\350\214\205\345\217\260_\351\207\207\345\233\233-56.js"
 create mode 100644 "source/js/sevencolor/3/data/\350\214\205\345\217\260_\351\207\207\345\233\233-57.js"
 create mode 100644 "source/js/sevencolor/3/data/\350\214\205\345\217\260_\351\207\207\345\233\233-58.js"
 create mode 100644 "source/js/sevencolor/3/data/\350\214\205\345\217\260_\351\207\207\345\233\233-59.js"
 create mode 100644 "source/js/sevencolor/3/data/\350\214\205\345\217\260_\351\207\207\345\233\233-60.js"
 create mode 100644 "source/js/sevencolor/3/data/\350\214\205\345\217\260_\351\207\207\345\233\233-61.js"
 create mode 100644 "source/js/sevencolor/3/data/\350\214\205\345\217\260_\351\207\207\345\233\233-62.js"
 create mode 100644 "source/js/sevencolor/3/data/\350\214\205\345\217\260_\351\207\207\345\233\233-63.js"
 create mode 100644 "source/js/sevencolor/3/data/\350\214\205\345\217\260_\351\207\207\345\233\233-64.js"
 create mode 100644 "source/js/sevencolor/3/data/\350\214\205\345\217\260_\351\207\207\345\233\233-65.js"
 create mode 100644 "source/js/sevencolor/3/data/\350\214\205\345\217\260_\351\207\207\345\233\233-66.js"
 create mode 100644 "source/js/sevencolor/3/data/\350\214\205\345\217\260_\351\207\207\345\233\233-67.js"
 create mode 100644 "source/js/sevencolor/3/data/\350\214\205\345\217\260_\351\207\207\345\233\233-68.js"
 create mode 100644 "source/js/sevencolor/3/data/\350\214\205\345\217\260_\351\207\207\345\233\233-69.js"
 create mode 100644 "source/js/sevencolor/3/data/\350\214\205\345\217\260_\351\207\207\345\233\233-70.js"
 create mode 100644 "source/js/sevencolor/3/data/\350\214\205\345\217\260_\351\207\207\345\233\233-71.js"
 create mode 100644 "source/js/sevencolor/3/data/\350\214\205\345\217\260_\351\207\207\345\233\233-72.js"
 create mode 100644 "source/js/sevencolor/3/data/\350\214\205\345\217\260_\351\207\207\345\233\233-73.js"
 create mode 100644 "source/js/sevencolor/3/data/\350\214\205\345\217\260_\351\207\207\345\233\233-74.js"
 create mode 100644 "source/js/sevencolor/3/data/\350\214\205\345\217\260_\351\207\207\345\233\233-75.js"
 create mode 100644 "source/js/sevencolor/3/data/\350\214\205\345\217\260_\351\207\207\345\233\233-76.js"
 create mode 100644 "source/js/sevencolor/3/data/\350\214\205\345\217\260_\351\207\207\345\233\233-77.js"
 create mode 100644 "source/js/sevencolor/3/data/\350\214\205\345\217\260_\351\207\207\345\233\233-78.js"
 create mode 100644 "source/js/sevencolor/3/data/\350\214\205\345\217\260_\351\207\207\345\233\233-79.js"
 create mode 100644 "source/js/sevencolor/3/data/\350\214\205\345\217\260_\351\207\207\345\233\233-80.js"
 create mode 100644 "source/js/sevencolor/3/data/\350\261\252\345\215\216_\351\207\207\344\270\211-41.js"
 create mode 100644 "source/js/sevencolor/3/data/\350\261\252\345\215\216_\351\207\207\344\270\211-42.js"
 create mode 100644 "source/js/sevencolor/3/data/\350\261\252\345\215\216_\351\207\207\344\270\211-43.js"
 create mode 100644 "source/js/sevencolor/3/data/\350\261\252\345\215\216_\351\207\207\344\270\211-44.js"
 create mode 100644 "source/js/sevencolor/3/data/\350\261\252\345\215\216_\351\207\207\344\270\211-45.js"
 create mode 100644 "source/js/sevencolor/3/data/\350\261\252\345\215\216_\351\207\207\344\270\211-46.js"
 create mode 100644 "source/js/sevencolor/3/data/\350\261\252\345\215\216_\351\207\207\344\270\211-47.js"
 create mode 100644 "source/js/sevencolor/3/data/\350\261\252\345\215\216_\351\207\207\344\270\211-48.js"
 create mode 100644 "source/js/sevencolor/3/data/\350\261\252\345\215\216_\351\207\207\344\270\211-49.js"
 create mode 100644 "source/js/sevencolor/3/data/\350\261\252\345\215\216_\351\207\207\344\270\211-50.js"
 create mode 100644 "source/js/sevencolor/3/data/\350\261\252\345\215\216_\351\207\207\344\270\211-51.js"
 create mode 100644 "source/js/sevencolor/3/data/\350\261\252\345\215\216_\351\207\207\344\270\211-52.js"
 create mode 100644 "source/js/sevencolor/3/data/\350\261\252\345\215\216_\351\207\207\344\270\211-53.js"
 create mode 100644 "source/js/sevencolor/3/data/\350\261\252\345\215\216_\351\207\207\344\270\211-54.js"
 create mode 100644 "source/js/sevencolor/3/data/\350\261\252\345\215\216_\351\207\207\344\270\211-55.js"
 create mode 100644 "source/js/sevencolor/3/data/\350\261\252\345\215\216_\351\207\207\344\270\211-56.js"
 create mode 100644 "source/js/sevencolor/3/data/\350\261\252\345\215\216_\351\207\207\344\270\211-57.js"
 create mode 100644 "source/js/sevencolor/3/data/\350\261\252\345\215\216_\351\207\207\344\270\211-58.js"
 create mode 100644 "source/js/sevencolor/3/data/\350\261\252\345\215\216_\351\207\207\344\270\211-59.js"
 create mode 100644 "source/js/sevencolor/3/data/\350\261\252\345\215\216_\351\207\207\344\270\211-60.js"
 create mode 100644 "source/js/sevencolor/3/data/\350\261\252\345\215\216_\351\207\207\344\270\211-61.js"
 create mode 100644 "source/js/sevencolor/3/data/\350\261\252\345\215\216_\351\207\207\344\270\211-62.js"
 create mode 100644 "source/js/sevencolor/3/data/\350\261\252\345\215\216_\351\207\207\344\270\211-63.js"
 create mode 100644 "source/js/sevencolor/3/data/\350\261\252\345\215\216_\351\207\207\344\270\211-64.js"
 create mode 100644 "source/js/sevencolor/3/data/\350\261\252\345\215\216_\351\207\207\344\270\211-65.js"
 create mode 100644 "source/js/sevencolor/3/data/\350\261\252\345\215\216_\351\207\207\344\270\211-66.js"
 create mode 100644 "source/js/sevencolor/3/data/\350\261\252\345\215\216_\351\207\207\344\270\211-67.js"
 create mode 100644 "source/js/sevencolor/3/data/\350\261\252\345\215\216_\351\207\207\344\270\211-68.js"
 create mode 100644 "source/js/sevencolor/3/data/\350\261\252\345\215\216_\351\207\207\344\270\211-69.js"
 create mode 100644 "source/js/sevencolor/3/data/\350\261\252\345\215\216_\351\207\207\344\270\211-70.js"
 create mode 100644 "source/js/sevencolor/3/data/\350\261\252\345\215\216_\351\207\207\344\270\211-71.js"
 create mode 100644 "source/js/sevencolor/3/data/\350\261\252\345\215\216_\351\207\207\344\270\211-72.js"
 create mode 100644 "source/js/sevencolor/3/data/\350\261\252\345\215\216_\351\207\207\344\270\211-73.js"
 create mode 100644 "source/js/sevencolor/3/data/\350\261\252\345\215\216_\351\207\207\344\270\211-74.js"
 create mode 100644 "source/js/sevencolor/3/data/\350\261\252\345\215\216_\351\207\207\344\270\211-75.js"
 create mode 100644 "source/js/sevencolor/3/data/\350\261\252\345\215\216_\351\207\207\344\270\211-76.js"
 create mode 100644 "source/js/sevencolor/3/data/\350\261\252\345\215\216_\351\207\207\344\270\211-77.js"
 create mode 100644 "source/js/sevencolor/3/data/\350\261\252\345\215\216_\351\207\207\344\270\211-78.js"
 create mode 100644 "source/js/sevencolor/3/data/\350\261\252\345\215\216_\351\207\207\344\270\211-79.js"
 create mode 100644 "source/js/sevencolor/3/data/\350\261\252\345\215\216_\351\207\207\344\270\211-80.js"
 create mode 100644 "source/js/sevencolor/3/data/\351\207\221\351\271\260_\351\207\207\344\270\200-41.js"
 create mode 100644 "source/js/sevencolor/3/data/\351\207\221\351\271\260_\351\207\207\344\270\200-42.js"
 create mode 100644 "source/js/sevencolor/3/data/\351\207\221\351\271\260_\351\207\207\344\270\200-43.js"
 create mode 100644 "source/js/sevencolor/3/data/\351\207\221\351\271\260_\351\207\207\344\270\200-44.js"
 create mode 100644 "source/js/sevencolor/3/data/\351\207\221\351\271\260_\351\207\207\344\270\200-45.js"
 create mode 100644 "source/js/sevencolor/3/data/\351\207\221\351\271\260_\351\207\207\344\270\200-46.js"
 create mode 100644 "source/js/sevencolor/3/data/\351\207\221\351\271\260_\351\207\207\344\270\200-47.js"
 create mode 100644 "source/js/sevencolor/3/data/\351\207\221\351\271\260_\351\207\207\344\270\200-48.js"
 create mode 100644 "source/js/sevencolor/3/data/\351\207\221\351\271\260_\351\207\207\344\270\200-49.js"
 create mode 100644 "source/js/sevencolor/3/data/\351\207\221\351\271\260_\351\207\207\344\270\200-50.js"
 create mode 100644 "source/js/sevencolor/3/data/\351\207\221\351\271\260_\351\207\207\344\270\200-51.js"
 create mode 100644 "source/js/sevencolor/3/data/\351\207\221\351\271\260_\351\207\207\344\270\200-52.js"
 create mode 100644 "source/js/sevencolor/3/data/\351\207\221\351\271\260_\351\207\207\344\270\200-53.js"
 create mode 100644 "source/js/sevencolor/3/data/\351\207\221\351\271\260_\351\207\207\344\270\200-54.js"
 create mode 100644 "source/js/sevencolor/3/data/\351\207\221\351\271\260_\351\207\207\344\270\200-55.js"
 create mode 100644 "source/js/sevencolor/3/data/\351\207\221\351\271\260_\351\207\207\344\270\200-56.js"
 create mode 100644 "source/js/sevencolor/3/data/\351\207\221\351\271\260_\351\207\207\344\270\200-57.js"
 create mode 100644 "source/js/sevencolor/3/data/\351\207\221\351\271\260_\351\207\207\344\270\200-58.js"
 create mode 100644 "source/js/sevencolor/3/data/\351\207\221\351\271\260_\351\207\207\344\270\200-59.js"
 create mode 100644 "source/js/sevencolor/3/data/\351\207\221\351\271\260_\351\207\207\344\270\200-60.js"
 create mode 100644 "source/js/sevencolor/3/data/\351\207\221\351\271\260_\351\207\207\344\270\200-61.js"
 create mode 100644 "source/js/sevencolor/3/data/\351\207\221\351\271\260_\351\207\207\344\270\200-62.js"
 create mode 100644 "source/js/sevencolor/3/data/\351\207\221\351\271\260_\351\207\207\344\270\200-63.js"
 create mode 100644 "source/js/sevencolor/3/data/\351\207\221\351\271\260_\351\207\207\344\270\200-64.js"
 create mode 100644 "source/js/sevencolor/3/data/\351\207\221\351\271\260_\351\207\207\344\270\200-65.js"
 create mode 100644 "source/js/sevencolor/3/data/\351\207\221\351\271\260_\351\207\207\344\270\200-66.js"
 create mode 100644 "source/js/sevencolor/3/data/\351\207\221\351\271\260_\351\207\207\344\270\200-67.js"
 create mode 100644 "source/js/sevencolor/3/data/\351\207\221\351\271\260_\351\207\207\344\270\200-68.js"
 create mode 100644 "source/js/sevencolor/3/data/\351\207\221\351\271\260_\351\207\207\344\270\200-69.js"
 create mode 100644 "source/js/sevencolor/3/data/\351\207\221\351\271\260_\351\207\207\344\270\200-70.js"
 create mode 100644 "source/js/sevencolor/3/data/\351\207\221\351\271\260_\351\207\207\344\270\200-71.js"
 create mode 100644 "source/js/sevencolor/3/data/\351\207\221\351\271\260_\351\207\207\344\270\200-72.js"
 create mode 100644 "source/js/sevencolor/3/data/\351\207\221\351\271\260_\351\207\207\344\270\200-73.js"
 create mode 100644 "source/js/sevencolor/3/data/\351\207\221\351\271\260_\351\207\207\344\270\200-74.js"
 create mode 100644 "source/js/sevencolor/3/data/\351\207\221\351\271\260_\351\207\207\344\270\200-75.js"
 create mode 100644 "source/js/sevencolor/3/data/\351\207\221\351\271\260_\351\207\207\344\270\200-76.js"
 create mode 100644 "source/js/sevencolor/3/data/\351\207\221\351\271\260_\351\207\207\344\270\200-77.js"
 create mode 100644 "source/js/sevencolor/3/data/\351\207\221\351\271\260_\351\207\207\344\270\200-78.js"
 create mode 100644 "source/js/sevencolor/3/data/\351\207\221\351\271\260_\351\207\207\344\270\200-79.js"
 create mode 100644 "source/js/sevencolor/3/data/\351\207\221\351\271\260_\351\207\207\344\270\200-80.js"
[GIT] Push 到 origin/source（最多重试 3 次）...
[GIT] Push 尝试 1/3...
[GIT STDERR] To github.com:snowhoo/snowhoo.git
   84aea0e9f..cb1e7f355  source -> source
[GIT] ✅ Push 成功！
============================================================
  结束时间: 2026-06-08 06:50:55.072
  总耗时: 0:15:01
  结果: ✅ 成功
  日志: D:\hexo\hexo-bot\video-bot\202606080635531.log
============================================================
