============================================================
  TVBox 爬虫编排 v2.0
  开始时间: 2026-06-13 17:12:43.526
  日志文件: D:\hexo\hexo-bot\video-bot\202606131712435.log
============================================================
──────────────────────────────────────────────────
[CRAWL] 开始爬取...
[CMD] python "D:\hexo\hexo-bot\video-bot\tvbox-crawler-optimized.py"   (cwd=D:\hexo\hexo-bot\video-bot)
============================================================
  TVBox 播放地址完整爬取 v3.0
  时间: 2026-06-13 17:12:44
  模式: 全量
============================================================
[SRC] 从 config.json 读取 3 个数据源
  [1/3] https://bfzyapi.com/api.php/provide/vod/
    → 直接视频源（暴风┃采二）
  [2/3] https://360zy.com/api.php/provide/vod
    → 直接视频源（三六┃采九）
  [3/3] [直播┃电视] → ✅ 直播源 (M3U)
  ── 汇总: 3个数据源 → 3成功/0失败 → 3个站点（1API + 2直接源）

[SITE] 发现 3 个 API 站点
  [CRAWL] 暴风┃采二... 
  [CRAWL] 三六┃采九... 
  [CRAWL] 直播┃电视... 
  [直播] 直播┃电视: 正在抓取 M3U...
  [分页] 三六┃采九: 固定 200 页, 每页 16 个视频
  [直播] 直播┃电视: 解析到 526 个频道
  [直播] 直播┃电视: 526个频道, 11页
✅ 526个视频, 526/526个可播放, 11页
  [分页] 暴风┃采二: 固定 200 页, 每页 16 个视频
    [三六┃采九] 页 10/200: 已写 10 页, 累计 160 个视频
    [三六┃采九] 页 20/200: 已写 20 页, 累计 320 个视频
    [三六┃采九] 页 30/200: 已写 30 页, 累计 480 个视频
    [暴风┃采二] 页 10/200: 已写 10 页, 累计 160 个视频
    [三六┃采九] 页 40/200: 已写 40 页, 累计 640 个视频
    [三六┃采九] 页 50/200: 已写 50 页, 累计 800 个视频
    [三六┃采九] 页 60/200: 已写 60 页, 累计 960 个视频
    [暴风┃采二] 页 20/200: 已写 20 页, 累计 320 个视频
    [三六┃采九] 页 70/200: 已写 70 页, 累计 1120 个视频
    [三六┃采九] 页 80/200: 已写 80 页, 累计 1280 个视频
    [暴风┃采二] 页 30/200: 已写 30 页, 累计 480 个视频
    [三六┃采九] 页 90/200: 已写 90 页, 累计 1440 个视频
    [三六┃采九] 页 100/200: 已写 100 页, 累计 1600 个视频
    [三六┃采九] 页 110/200: 已写 110 页, 累计 1760 个视频
    [三六┃采九] 页 120/200: 已写 120 页, 累计 1920 个视频
    [暴风┃采二] 页 40/200: 已写 40 页, 累计 640 个视频
    [三六┃采九] 页 130/200: 已写 130 页, 累计 2080 个视频
    [三六┃采九] 页 140/200: 已写 140 页, 累计 2240 个视频
    [三六┃采九] 页 150/200: 已写 150 页, 累计 2400 个视频
    [暴风┃采二] 页 50/200: 已写 50 页, 累计 800 个视频
    [三六┃采九] 页 160/200: 已写 160 页, 累计 2560 个视频
    [三六┃采九] 页 170/200: 已写 170 页, 累计 2720 个视频
    [暴风┃采二] 页 60/200: 已写 60 页, 累计 960 个视频
    [三六┃采九] 页 180/200: 已写 180 页, 累计 2880 个视频
    [三六┃采九] 页 190/200: 已写 190 页, 累计 3040 个视频
    [三六┃采九] 页 200/200: 已写 200 页, 累计 3200 个视频
✅ 3200个视频, 30958/30960个可播放, 200页
    [暴风┃采二] 页 70/200: 已写 70 页, 累计 1120 个视频
    [暴风┃采二] 页 80/200: 已写 80 页, 累计 1280 个视频
    [暴风┃采二] 页 90/200: 已写 90 页, 累计 1440 个视频
    [暴风┃采二] 页 96: 无数据，重试 1/3
    [暴风┃采二] 页 100/200: 已写 100 页, 累计 1600 个视频
    [暴风┃采二] 页 110/200: 已写 110 页, 累计 1760 个视频
    [暴风┃采二] 页 120/200: 已写 120 页, 累计 1920 个视频
    [暴风┃采二] 页 130/200: 已写 130 页, 累计 2080 个视频
    [暴风┃采二] 页 140/200: 已写 140 页, 累计 2240 个视频
    [暴风┃采二] 页 150/200: 已写 150 页, 累计 2400 个视频
    [暴风┃采二] 页 160/200: 已写 160 页, 累计 2560 个视频
    [暴风┃采二] 页 170/200: 已写 170 页, 累计 2720 个视频
    [暴风┃采二] 页 180/200: 已写 180 页, 累计 2880 个视频
    [暴风┃采二] 页 190/200: 已写 190 页, 累计 3040 个视频
    [暴风┃采二] 页 200/200: 已写 200 页, 累计 3200 个视频
✅ 3200个视频, 34881/34881个可播放, 200页
  站点: 3/3 成功
  视频: 6926 个
  地址: 66367 条 (66365 可播放)
  [DIR] data/ — 3 个站点, 分页文件
  [SRC] report/crawl-report.json
============================================================
[CRAWL] ✅ 爬虫完成
──────────────────────────────────────────────────
[GIT] 开始 Git Push 流程...
[CMD] git config user.name "snowhoo"  (cwd=D:\hexo)
[CMD] git config user.email "snowhoo@example.com"  (cwd=D:\hexo)
[CMD] git diff --quiet -- "source/js/sevencolor/3/data"  (cwd=D:\hexo)
[GIT] 数据无变化，跳过 Push
============================================================
  结束时间: 2026-06-13 18:17:59.318
  总耗时: 1:05:15
  结果: ✅ 成功
  日志: D:\hexo\hexo-bot\video-bot\202606131712435.log
============================================================
