============================================================
  TVBox 爬虫编排 v2.0
  开始时间: 2026-06-07 10:00:19.438
  日志文件: D:\hexo\hexo-bot\video-bot\202606071000194.log
============================================================
──────────────────────────────────────────────────
[CRAWL] 开始爬取...
[CMD] python "D:\hexo\hexo-bot\video-bot\tvbox-crawler-optimized.py"   (cwd=D:\hexo\hexo-bot\video-bot)
============================================================
  TVBox 播放地址完整爬取 v3.0
  时间: 2026-06-07 10:00:19
  模式: 全量
============================================================
[SRC] 从 config.json 读取 1 个数据源
  [1/1] https://fastly.jsdelivr.net/gh/liu673cn/box@main/m.json
    → 单仓源(234站点) 新增 14 站点: 👒┃小胡┃资源┃, 🐉┃索尼┃高清, 🕹️淘片┃采集, 🥗┃非凡┃资源, 🥑┃量子┃资源, 🦁┃四九┃资源, 🛰️飞速┃采集, 🐯┃奇虎┃采集, ⛱┃可可┃采集, 🐯虎牙采集, 🦊火狐采集, 🌪️暴风影音, 🎏百度┃采集, 🎶明星┃MV
  ── 汇总: 1个数据源 → 1成功/0失败 → 14个站点（14API + 0直接源）

[SITE] 发现 14 个 API 站点
  [CRAWL] 👒┃小胡┃资源┃... 
  [CRAWL] 🐉┃索尼┃高清... 
  [CRAWL] 🕹️淘片┃采集... 
  [CRAWL] 🥗┃非凡┃资源... 
  [CRAWL] 🥑┃量子┃资源... 
❌ 首页接口无响应
  [分页] 🥑┃量子┃资源: 固定 80 页, 每页 10 个视频
  [分页] 🐉┃索尼┃高清: 固定 80 页, 每页 10 个视频
❌ 首页接口无响应
  [CRAWL] 🦁┃四九┃资源... 
  [CRAWL] 🛰️飞速┃采集... 
❌ 首页接口无响应
❌ 首页接口无响应
  [CRAWL] 🐯┃奇虎┃采集... 
❌ 首页接口无响应
❌ 首页接口无响应
  [CRAWL] ⛱┃可可┃采集... 
❌ 首页接口无响应
  [CRAWL] 🐯虎牙采集... 
  [CRAWL] 🦊火狐采集... 
  [分页] 🦊火狐采集: 固定 80 页, 每页 10 个视频
  [分页] 🐯虎牙采集: 固定 80 页, 每页 10 个视频
  [CRAWL] 🌪️暴风影音... 
❌ 首页接口无响应
  [CRAWL] 🎏百度┃采集... 
  [分页] 🎏百度┃采集: 固定 80 页, 每页 10 个视频
    [🐉┃索尼┃高清] 页 10/80: 已写 10 页, 累计 100 个视频
    [🥑┃量子┃资源] 页 10/80: 已写 10 页, 累计 100 个视频
    [🐉┃索尼┃高清] 页 20/80: 已写 20 页, 累计 200 个视频
    [🦊火狐采集] 页 10/80: 已写 10 页, 累计 100 个视频
    [🎏百度┃采集] 页 10/80: 已写 10 页, 累计 100 个视频
    [🐯虎牙采集] 页 10/80: 已写 10 页, 累计 100 个视频
    [🥑┃量子┃资源] 页 20/80: 已写 20 页, 累计 200 个视频
    [🐉┃索尼┃高清] 页 30/80: 已写 30 页, 累计 300 个视频
    [🎏百度┃采集] 页 20/80: 已写 20 页, 累计 200 个视频
    [🐯虎牙采集] 页 20/80: 已写 20 页, 累计 200 个视频
    [🦊火狐采集] 页 20/80: 已写 20 页, 累计 200 个视频
    [🐉┃索尼┃高清] 页 40/80: 已写 40 页, 累计 400 个视频
    [🥑┃量子┃资源] 页 30/80: 已写 30 页, 累计 300 个视频
    [🎏百度┃采集] 页 30/80: 已写 30 页, 累计 300 个视频
    [🐯虎牙采集] 页 30/80: 已写 30 页, 累计 300 个视频
    [🥑┃量子┃资源] 页 40/80: 已写 40 页, 累计 400 个视频
    [🐉┃索尼┃高清] 页 50/80: 已写 50 页, 累计 500 个视频
    [🦊火狐采集] 页 30/80: 已写 30 页, 累计 300 个视频
    [🎏百度┃采集] 页 40/80: 已写 40 页, 累计 400 个视频
    [🐯虎牙采集] 页 40/80: 已写 40 页, 累计 400 个视频
    [🥑┃量子┃资源] 页 50/80: 已写 50 页, 累计 500 个视频
    [🐉┃索尼┃高清] 页 60/80: 已写 60 页, 累计 600 个视频
    [🦊火狐采集] 页 40/80: 已写 40 页, 累计 400 个视频
    [🎏百度┃采集] 页 50/80: 已写 50 页, 累计 500 个视频
    [🐯虎牙采集] 页 50/80: 已写 50 页, 累计 500 个视频
    [🥑┃量子┃资源] 页 60/80: 已写 60 页, 累计 600 个视频
    [🐉┃索尼┃高清] 页 70/80: 已写 70 页, 累计 700 个视频
    [🦊火狐采集] 页 50/80: 已写 50 页, 累计 500 个视频
    [🎏百度┃采集] 页 60/80: 已写 60 页, 累计 600 个视频
    [🥑┃量子┃资源] 页 70/80: 已写 70 页, 累计 700 个视频
    [🐯虎牙采集] 页 60/80: 已写 60 页, 累计 600 个视频
    [🐉┃索尼┃高清] 页 80/80: 已写 80 页, 累计 800 个视频
✅ 800个视频, 14043/14045个可播放, 80页
  [CRAWL] 🎶明星┃MV... 
❌ 首页接口无响应
    [🎏百度┃采集] 页 70/80: 已写 70 页, 累计 700 个视频
    [🦊火狐采集] 页 60/80: 已写 60 页, 累计 600 个视频
    [🥑┃量子┃资源] 页 80/80: 已写 80 页, 累计 800 个视频
✅ 800个视频, 28857/28857个可播放, 80页
    [🐯虎牙采集] 页 70/80: 已写 70 页, 累计 700 个视频
    [🎏百度┃采集] 页 80/80: 已写 80 页, 累计 800 个视频
✅ 800个视频, 14878/14878个可播放, 80页
    [🦊火狐采集] 页 70/80: 已写 70 页, 累计 700 个视频
    [🐯虎牙采集] 页 80/80: 已写 80 页, 累计 800 个视频
✅ 800个视频, 16851/16851个可播放, 80页
    [🦊火狐采集] 页 80/80: 已写 80 页, 累计 800 个视频
✅ 800个视频, 17725/35450个可播放, 80页
  站点: 5/14 成功
  视频: 4000 个
  地址: 110081 条 (92354 可播放)
  [DIR] data/ — 5 个站点, 分页文件
  [SRC] report/crawl-report.json
============================================================
[CRAWL] ✅ 爬虫完成
──────────────────────────────────────────────────
[GIT] 开始 Git Push 流程...
[CMD] git config user.name "snowhoo"  (cwd=D:\hexo)
[CMD] git config user.email "snowhoo@example.com"  (cwd=D:\hexo)
[CMD] git diff --quiet -- "source/js/sevencolor/3/data"  (cwd=D:\hexo)
[GIT] 检测到数据变化，准备提交...
[CMD] git add "source/js/sevencolor/3/data"  (cwd=D:\hexo)
[CMD] git commit -m "chore: auto-update TVBox video data"  (cwd=D:\hexo)
[source c089bc95] chore: auto-update TVBox video data
 719 files changed, 401 insertions(+), 321 deletions(-)
 delete mode 100644 "source/js/sevencolor/3/data/\346\232\264\351\242\250-01.js"
 delete mode 100644 "source/js/sevencolor/3/data/\346\232\264\351\242\250-02.js"
 delete mode 100644 "source/js/sevencolor/3/data/\346\232\264\351\242\250-03.js"
 delete mode 100644 "source/js/sevencolor/3/data/\346\232\264\351\242\250-04.js"
 delete mode 100644 "source/js/sevencolor/3/data/\346\232\264\351\242\250-05.js"
 delete mode 100644 "source/js/sevencolor/3/data/\346\232\264\351\242\250-06.js"
 delete mode 100644 "source/js/sevencolor/3/data/\346\232\264\351\242\250-07.js"
 delete mode 100644 "source/js/sevencolor/3/data/\346\232\264\351\242\250-08.js"
 delete mode 100644 "source/js/sevencolor/3/data/\346\232\264\351\242\250-09.js"
 delete mode 100644 "source/js/sevencolor/3/data/\346\232\264\351\242\250-10.js"
 delete mode 100644 "source/js/sevencolor/3/data/\346\232\264\351\242\250-11.js"
 delete mode 100644 "source/js/sevencolor/3/data/\346\232\264\351\242\250-12.js"
 delete mode 100644 "source/js/sevencolor/3/data/\346\232\264\351\242\250-13.js"
 delete mode 100644 "source/js/sevencolor/3/data/\346\232\264\351\242\250-14.js"
 delete mode 100644 "source/js/sevencolor/3/data/\346\232\264\351\242\250-15.js"
 delete mode 100644 "source/js/sevencolor/3/data/\346\232\264\351\242\250-16.js"
 delete mode 100644 "source/js/sevencolor/3/data/\346\232\264\351\242\250-17.js"
 delete mode 100644 "source/js/sevencolor/3/data/\346\232\264\351\242\250-18.js"
 delete mode 100644 "source/js/sevencolor/3/data/\346\232\264\351\242\250-19.js"
 delete mode 100644 "source/js/sevencolor/3/data/\346\232\264\351\242\250-20.js"
 delete mode 100644 "source/js/sevencolor/3/data/\346\232\264\351\242\250-21.js"
 delete mode 100644 "source/js/sevencolor/3/data/\346\232\264\351\242\250-22.js"
 delete mode 100644 "source/js/sevencolor/3/data/\346\232\264\351\242\250-23.js"
 delete mode 100644 "source/js/sevencolor/3/data/\346\232\264\351\242\250-24.js"
 delete mode 100644 "source/js/sevencolor/3/data/\346\232\264\351\242\250-25.js"
 delete mode 100644 "source/js/sevencolor/3/data/\346\232\264\351\242\250-26.js"
 delete mode 100644 "source/js/sevencolor/3/data/\346\232\264\351\242\250-27.js"
 delete mode 100644 "source/js/sevencolor/3/data/\346\232\264\351\242\250-28.js"
 delete mode 100644 "source/js/sevencolor/3/data/\346\232\264\351\242\250-29.js"
 delete mode 100644 "source/js/sevencolor/3/data/\346\232\264\351\242\250-30.js"
 delete mode 100644 "source/js/sevencolor/3/data/\346\232\264\351\242\250-31.js"
 delete mode 100644 "source/js/sevencolor/3/data/\346\232\264\351\242\250-32.js"
 delete mode 100644 "source/js/sevencolor/3/data/\346\232\264\351\242\250-33.js"
 delete mode 100644 "source/js/sevencolor/3/data/\346\232\264\351\242\250-34.js"
 delete mode 100644 "source/js/sevencolor/3/data/\346\232\264\351\242\250-35.js"
 delete mode 100644 "source/js/sevencolor/3/data/\346\232\264\351\242\250-36.js"
 delete mode 100644 "source/js/sevencolor/3/data/\346\232\264\351\242\250-37.js"
 delete mode 100644 "source/js/sevencolor/3/data/\346\232\264\351\242\250-38.js"
 delete mode 100644 "source/js/sevencolor/3/data/\346\232\264\351\242\250-39.js"
 delete mode 100644 "source/js/sevencolor/3/data/\346\232\264\351\242\250-40.js"
 delete mode 100644 "source/js/sevencolor/3/data/\346\232\264\351\242\250-41.js"
 delete mode 100644 "source/js/sevencolor/3/data/\346\232\264\351\242\250-42.js"
 delete mode 100644 "source/js/sevencolor/3/data/\346\232\264\351\242\250-43.js"
 delete mode 100644 "source/js/sevencolor/3/data/\346\232\264\351\242\250-44.js"
 delete mode 100644 "source/js/sevencolor/3/data/\346\232\264\351\242\250-45.js"
 delete mode 100644 "source/js/sevencolor/3/data/\346\232\264\351\242\250-46.js"
 delete mode 100644 "source/js/sevencolor/3/data/\346\232\264\351\242\250-47.js"
 delete mode 100644 "source/js/sevencolor/3/data/\346\232\264\351\242\250-48.js"
 delete mode 100644 "source/js/sevencolor/3/data/\346\232\264\351\242\250-49.js"
 delete mode 100644 "source/js/sevencolor/3/data/\346\232\264\351\242\250-50.js"
 delete mode 100644 "source/js/sevencolor/3/data/\346\232\264\351\242\250-51.js"
 delete mode 100644 "source/js/sevencolor/3/data/\346\232\264\351\242\250-52.js"
 delete mode 100644 "source/js/sevencolor/3/data/\346\232\264\351\242\250-53.js"
 delete mode 100644 "source/js/sevencolor/3/data/\346\232\264\351\242\250-54.js"
 delete mode 100644 "source/js/sevencolor/3/data/\346\232\264\351\242\250-55.js"
 delete mode 100644 "source/js/sevencolor/3/data/\346\232\264\351\242\250-56.js"
 delete mode 100644 "source/js/sevencolor/3/data/\346\232\264\351\242\250-57.js"
 delete mode 100644 "source/js/sevencolor/3/data/\346\232\264\351\242\250-58.js"
 delete mode 100644 "source/js/sevencolor/3/data/\346\232\264\351\242\250-59.js"
 delete mode 100644 "source/js/sevencolor/3/data/\346\232\264\351\242\250-60.js"
 delete mode 100644 "source/js/sevencolor/3/data/\346\232\264\351\242\250-61.js"
 delete mode 100644 "source/js/sevencolor/3/data/\346\232\264\351\242\250-62.js"
 delete mode 100644 "source/js/sevencolor/3/data/\346\232\264\351\242\250-63.js"
 delete mode 100644 "source/js/sevencolor/3/data/\346\232\264\351\242\250-64.js"
 delete mode 100644 "source/js/sevencolor/3/data/\346\232\264\351\242\250-65.js"
 delete mode 100644 "source/js/sevencolor/3/data/\346\232\264\351\242\250-66.js"
 delete mode 100644 "source/js/sevencolor/3/data/\346\232\264\351\242\250-67.js"
 delete mode 100644 "source/js/sevencolor/3/data/\346\232\264\351\242\250-68.js"
 delete mode 100644 "source/js/sevencolor/3/data/\346\232\264\351\242\250-69.js"
 delete mode 100644 "source/js/sevencolor/3/data/\346\232\264\351\242\250-70.js"
 delete mode 100644 "source/js/sevencolor/3/data/\346\232\264\351\242\250-71.js"
 delete mode 100644 "source/js/sevencolor/3/data/\346\232\264\351\242\250-72.js"
 delete mode 100644 "source/js/sevencolor/3/data/\346\232\264\351\242\250-73.js"
 delete mode 100644 "source/js/sevencolor/3/data/\346\232\264\351\242\250-74.js"
 delete mode 100644 "source/js/sevencolor/3/data/\346\232\264\351\242\250-75.js"
 delete mode 100644 "source/js/sevencolor/3/data/\346\232\264\351\242\250-76.js"
 delete mode 100644 "source/js/sevencolor/3/data/\346\232\264\351\242\250-77.js"
 delete mode 100644 "source/js/sevencolor/3/data/\346\232\264\351\242\250-78.js"
 delete mode 100644 "source/js/sevencolor/3/data/\346\232\264\351\242\250-79.js"
 delete mode 100644 "source/js/sevencolor/3/data/\346\232\264\351\242\250-80.js"
 create mode 100644 "source/js/sevencolor/3/data/\347\201\253\347\213\220\351\207\207\351\233\206-01.js"
 create mode 100644 "source/js/sevencolor/3/data/\347\201\253\347\213\220\351\207\207\351\233\206-02.js"
 create mode 100644 "source/js/sevencolor/3/data/\347\201\253\347\213\220\351\207\207\351\233\206-03.js"
 create mode 100644 "source/js/sevencolor/3/data/\347\201\253\347\213\220\351\207\207\351\233\206-04.js"
 create mode 100644 "source/js/sevencolor/3/data/\347\201\253\347\213\220\351\207\207\351\233\206-05.js"
 create mode 100644 "source/js/sevencolor/3/data/\347\201\253\347\213\220\351\207\207\351\233\206-06.js"
 create mode 100644 "source/js/sevencolor/3/data/\347\201\253\347\213\220\351\207\207\351\233\206-07.js"
 create mode 100644 "source/js/sevencolor/3/data/\347\201\253\347\213\220\351\207\207\351\233\206-08.js"
 create mode 100644 "source/js/sevencolor/3/data/\347\201\253\347\213\220\351\207\207\351\233\206-09.js"
 create mode 100644 "source/js/sevencolor/3/data/\347\201\253\347\213\220\351\207\207\351\233\206-10.js"
 create mode 100644 "source/js/sevencolor/3/data/\347\201\253\347\213\220\351\207\207\351\233\206-11.js"
 create mode 100644 "source/js/sevencolor/3/data/\347\201\253\347\213\220\351\207\207\351\233\206-12.js"
 create mode 100644 "source/js/sevencolor/3/data/\347\201\253\347\213\220\351\207\207\351\233\206-13.js"
 create mode 100644 "source/js/sevencolor/3/data/\347\201\253\347\213\220\351\207\207\351\233\206-14.js"
 create mode 100644 "source/js/sevencolor/3/data/\347\201\253\347\213\220\351\207\207\351\233\206-15.js"
 create mode 100644 "source/js/sevencolor/3/data/\347\201\253\347\213\220\351\207\207\351\233\206-16.js"
 create mode 100644 "source/js/sevencolor/3/data/\347\201\253\347\213\220\351\207\207\351\233\206-17.js"
 create mode 100644 "source/js/sevencolor/3/data/\347\201\253\347\213\220\351\207\207\351\233\206-18.js"
 create mode 100644 "source/js/sevencolor/3/data/\347\201\253\347\213\220\351\207\207\351\233\206-19.js"
 create mode 100644 "source/js/sevencolor/3/data/\347\201\253\347\213\220\351\207\207\351\233\206-20.js"
 create mode 100644 "source/js/sevencolor/3/data/\347\201\253\347\213\220\351\207\207\351\233\206-21.js"
 create mode 100644 "source/js/sevencolor/3/data/\347\201\253\347\213\220\351\207\207\351\233\206-22.js"
 create mode 100644 "source/js/sevencolor/3/data/\347\201\253\347\213\220\351\207\207\351\233\206-23.js"
 create mode 100644 "source/js/sevencolor/3/data/\347\201\253\347\213\220\351\207\207\351\233\206-24.js"
 create mode 100644 "source/js/sevencolor/3/data/\347\201\253\347\213\220\351\207\207\351\233\206-25.js"
 create mode 100644 "source/js/sevencolor/3/data/\347\201\253\347\213\220\351\207\207\351\233\206-26.js"
 create mode 100644 "source/js/sevencolor/3/data/\347\201\253\347\213\220\351\207\207\351\233\206-27.js"
 create mode 100644 "source/js/sevencolor/3/data/\347\201\253\347\213\220\351\207\207\351\233\206-28.js"
 create mode 100644 "source/js/sevencolor/3/data/\347\201\253\347\213\220\351\207\207\351\233\206-29.js"
 create mode 100644 "source/js/sevencolor/3/data/\347\201\253\347\213\220\351\207\207\351\233\206-30.js"
 create mode 100644 "source/js/sevencolor/3/data/\347\201\253\347\213\220\351\207\207\351\233\206-31.js"
 create mode 100644 "source/js/sevencolor/3/data/\347\201\253\347\213\220\351\207\207\351\233\206-32.js"
 create mode 100644 "source/js/sevencolor/3/data/\347\201\253\347\213\220\351\207\207\351\233\206-33.js"
 create mode 100644 "source/js/sevencolor/3/data/\347\201\253\347\213\220\351\207\207\351\233\206-34.js"
 create mode 100644 "source/js/sevencolor/3/data/\347\201\253\347\213\220\351\207\207\351\233\206-35.js"
 create mode 100644 "source/js/sevencolor/3/data/\347\201\253\347\213\220\351\207\207\351\233\206-36.js"
 create mode 100644 "source/js/sevencolor/3/data/\347\201\253\347\213\220\351\207\207\351\233\206-37.js"
 create mode 100644 "source/js/sevencolor/3/data/\347\201\253\347\213\220\351\207\207\351\233\206-38.js"
 create mode 100644 "source/js/sevencolor/3/data/\347\201\253\347\213\220\351\207\207\351\233\206-39.js"
 create mode 100644 "source/js/sevencolor/3/data/\347\201\253\347\213\220\351\207\207\351\233\206-40.js"
 create mode 100644 "source/js/sevencolor/3/data/\347\201\253\347\213\220\351\207\207\351\233\206-41.js"
 create mode 100644 "source/js/sevencolor/3/data/\347\201\253\347\213\220\351\207\207\351\233\206-42.js"
 create mode 100644 "source/js/sevencolor/3/data/\347\201\253\347\213\220\351\207\207\351\233\206-43.js"
 create mode 100644 "source/js/sevencolor/3/data/\347\201\253\347\213\220\351\207\207\351\233\206-44.js"
 create mode 100644 "source/js/sevencolor/3/data/\347\201\253\347\213\220\351\207\207\351\233\206-45.js"
 create mode 100644 "source/js/sevencolor/3/data/\347\201\253\347\213\220\351\207\207\351\233\206-46.js"
 create mode 100644 "source/js/sevencolor/3/data/\347\201\253\347\213\220\351\207\207\351\233\206-47.js"
 create mode 100644 "source/js/sevencolor/3/data/\347\201\253\347\213\220\351\207\207\351\233\206-48.js"
 create mode 100644 "source/js/sevencolor/3/data/\347\201\253\347\213\220\351\207\207\351\233\206-49.js"
 create mode 100644 "source/js/sevencolor/3/data/\347\201\253\347\213\220\351\207\207\351\233\206-50.js"
 create mode 100644 "source/js/sevencolor/3/data/\347\201\253\347\213\220\351\207\207\351\233\206-51.js"
 create mode 100644 "source/js/sevencolor/3/data/\347\201\253\347\213\220\351\207\207\351\233\206-52.js"
 create mode 100644 "source/js/sevencolor/3/data/\347\201\253\347\213\220\351\207\207\351\233\206-53.js"
 create mode 100644 "source/js/sevencolor/3/data/\347\201\253\347\213\220\351\207\207\351\233\206-54.js"
 create mode 100644 "source/js/sevencolor/3/data/\347\201\253\347\213\220\351\207\207\351\233\206-55.js"
 create mode 100644 "source/js/sevencolor/3/data/\347\201\253\347\213\220\351\207\207\351\233\206-56.js"
 create mode 100644 "source/js/sevencolor/3/data/\347\201\253\347\213\220\351\207\207\351\233\206-57.js"
 create mode 100644 "source/js/sevencolor/3/data/\347\201\253\347\213\220\351\207\207\351\233\206-58.js"
 create mode 100644 "source/js/sevencolor/3/data/\347\201\253\347\213\220\351\207\207\351\233\206-59.js"
 create mode 100644 "source/js/sevencolor/3/data/\347\201\253\347\213\220\351\207\207\351\233\206-60.js"
 create mode 100644 "source/js/sevencolor/3/data/\347\201\253\347\213\220\351\207\207\351\233\206-61.js"
 create mode 100644 "source/js/sevencolor/3/data/\347\201\253\347\213\220\351\207\207\351\233\206-62.js"
 create mode 100644 "source/js/sevencolor/3/data/\347\201\253\347\213\220\351\207\207\351\233\206-63.js"
 create mode 100644 "source/js/sevencolor/3/data/\347\201\253\347\213\220\351\207\207\351\233\206-64.js"
 create mode 100644 "source/js/sevencolor/3/data/\347\201\253\347\213\220\351\207\207\351\233\206-65.js"
 create mode 100644 "source/js/sevencolor/3/data/\347\201\253\347\213\220\351\207\207\351\233\206-66.js"
 create mode 100644 "source/js/sevencolor/3/data/\347\201\253\347\213\220\351\207\207\351\233\206-67.js"
 create mode 100644 "source/js/sevencolor/3/data/\347\201\253\347\213\220\351\207\207\351\233\206-68.js"
 create mode 100644 "source/js/sevencolor/3/data/\347\201\253\347\213\220\351\207\207\351\233\206-69.js"
 create mode 100644 "source/js/sevencolor/3/data/\347\201\253\347\213\220\351\207\207\351\233\206-70.js"
 create mode 100644 "source/js/sevencolor/3/data/\347\201\253\347\213\220\351\207\207\351\233\206-71.js"
 create mode 100644 "source/js/sevencolor/3/data/\347\201\253\347\213\220\351\207\207\351\233\206-72.js"
 create mode 100644 "source/js/sevencolor/3/data/\347\201\253\347\213\220\351\207\207\351\233\206-73.js"
 create mode 100644 "source/js/sevencolor/3/data/\347\201\253\347\213\220\351\207\207\351\233\206-74.js"
 create mode 100644 "source/js/sevencolor/3/data/\347\201\253\347\213\220\351\207\207\351\233\206-75.js"
 create mode 100644 "source/js/sevencolor/3/data/\347\201\253\347\213\220\351\207\207\351\233\206-76.js"
 create mode 100644 "source/js/sevencolor/3/data/\347\201\253\347\213\220\351\207\207\351\233\206-77.js"
 create mode 100644 "source/js/sevencolor/3/data/\347\201\253\347\213\220\351\207\207\351\233\206-78.js"
 create mode 100644 "source/js/sevencolor/3/data/\347\201\253\347\213\220\351\207\207\351\233\206-79.js"
 create mode 100644 "source/js/sevencolor/3/data/\347\201\253\347\213\220\351\207\207\351\233\206-80.js"
 create mode 100644 "source/js/sevencolor/3/data/\347\231\276\345\272\246_\351\207\207\351\233\206-01.js"
 create mode 100644 "source/js/sevencolor/3/data/\347\231\276\345\272\246_\351\207\207\351\233\206-02.js"
 create mode 100644 "source/js/sevencolor/3/data/\347\231\276\345\272\246_\351\207\207\351\233\206-03.js"
 create mode 100644 "source/js/sevencolor/3/data/\347\231\276\345\272\246_\351\207\207\351\233\206-04.js"
 create mode 100644 "source/js/sevencolor/3/data/\347\231\276\345\272\246_\351\207\207\351\233\206-05.js"
 create mode 100644 "source/js/sevencolor/3/data/\347\231\276\345\272\246_\351\207\207\351\233\206-06.js"
 create mode 100644 "source/js/sevencolor/3/data/\347\231\276\345\272\246_\351\207\207\351\233\206-07.js"
 create mode 100644 "source/js/sevencolor/3/data/\347\231\276\345\272\246_\351\207\207\351\233\206-08.js"
 create mode 100644 "source/js/sevencolor/3/data/\347\231\276\345\272\246_\351\207\207\351\233\206-09.js"
 create mode 100644 "source/js/sevencolor/3/data/\347\231\276\345\272\246_\351\207\207\351\233\206-10.js"
 create mode 100644 "source/js/sevencolor/3/data/\347\231\276\345\272\246_\351\207\207\351\233\206-11.js"
 create mode 100644 "source/js/sevencolor/3/data/\347\231\276\345\272\246_\351\207\207\351\233\206-12.js"
 create mode 100644 "source/js/sevencolor/3/data/\347\231\276\345\272\246_\351\207\207\351\233\206-13.js"
 create mode 100644 "source/js/sevencolor/3/data/\347\231\276\345\272\246_\351\207\207\351\233\206-14.js"
 create mode 100644 "source/js/sevencolor/3/data/\347\231\276\345\272\246_\351\207\207\351\233\206-15.js"
 create mode 100644 "source/js/sevencolor/3/data/\347\231\276\345\272\246_\351\207\207\351\233\206-16.js"
 create mode 100644 "source/js/sevencolor/3/data/\347\231\276\345\272\246_\351\207\207\351\233\206-17.js"
 create mode 100644 "source/js/sevencolor/3/data/\347\231\276\345\272\246_\351\207\207\351\233\206-18.js"
 create mode 100644 "source/js/sevencolor/3/data/\347\231\276\345\272\246_\351\207\207\351\233\206-19.js"
 create mode 100644 "source/js/sevencolor/3/data/\347\231\276\345\272\246_\351\207\207\351\233\206-20.js"
 create mode 100644 "source/js/sevencolor/3/data/\347\231\276\345\272\246_\351\207\207\351\233\206-21.js"
 create mode 100644 "source/js/sevencolor/3/data/\347\231\276\345\272\246_\351\207\207\351\233\206-22.js"
 create mode 100644 "source/js/sevencolor/3/data/\347\231\276\345\272\246_\351\207\207\351\233\206-23.js"
 create mode 100644 "source/js/sevencolor/3/data/\347\231\276\345\272\246_\351\207\207\351\233\206-24.js"
 create mode 100644 "source/js/sevencolor/3/data/\347\231\276\345\272\246_\351\207\207\351\233\206-25.js"
 create mode 100644 "source/js/sevencolor/3/data/\347\231\276\345\272\246_\351\207\207\351\233\206-26.js"
 create mode 100644 "source/js/sevencolor/3/data/\347\231\276\345\272\246_\351\207\207\351\233\206-27.js"
 create mode 100644 "source/js/sevencolor/3/data/\347\231\276\345\272\246_\351\207\207\351\233\206-28.js"
 create mode 100644 "source/js/sevencolor/3/data/\347\231\276\345\272\246_\351\207\207\351\233\206-29.js"
 create mode 100644 "source/js/sevencolor/3/data/\347\231\276\345\272\246_\351\207\207\351\233\206-30.js"
 create mode 100644 "source/js/sevencolor/3/data/\347\231\276\345\272\246_\351\207\207\351\233\206-31.js"
 create mode 100644 "source/js/sevencolor/3/data/\347\231\276\345\272\246_\351\207\207\351\233\206-32.js"
 create mode 100644 "source/js/sevencolor/3/data/\347\231\276\345\272\246_\351\207\207\351\233\206-33.js"
 create mode 100644 "source/js/sevencolor/3/data/\347\231\276\345\272\246_\351\207\207\351\233\206-34.js"
 create mode 100644 "source/js/sevencolor/3/data/\347\231\276\345\272\246_\351\207\207\351\233\206-35.js"
 create mode 100644 "source/js/sevencolor/3/data/\347\231\276\345\272\246_\351\207\207\351\233\206-36.js"
 create mode 100644 "source/js/sevencolor/3/data/\347\231\276\345\272\246_\351\207\207\351\233\206-37.js"
 create mode 100644 "source/js/sevencolor/3/data/\347\231\276\345\272\246_\351\207\207\351\233\206-38.js"
 create mode 100644 "source/js/sevencolor/3/data/\347\231\276\345\272\246_\351\207\207\351\233\206-39.js"
 create mode 100644 "source/js/sevencolor/3/data/\347\231\276\345\272\246_\351\207\207\351\233\206-40.js"
 create mode 100644 "source/js/sevencolor/3/data/\347\231\276\345\272\246_\351\207\207\351\233\206-41.js"
 create mode 100644 "source/js/sevencolor/3/data/\347\231\276\345\272\246_\351\207\207\351\233\206-42.js"
 create mode 100644 "source/js/sevencolor/3/data/\347\231\276\345\272\246_\351\207\207\351\233\206-43.js"
 create mode 100644 "source/js/sevencolor/3/data/\347\231\276\345\272\246_\351\207\207\351\233\206-44.js"
 create mode 100644 "source/js/sevencolor/3/data/\347\231\276\345\272\246_\351\207\207\351\233\206-45.js"
 create mode 100644 "source/js/sevencolor/3/data/\347\231\276\345\272\246_\351\207\207\351\233\206-46.js"
 create mode 100644 "source/js/sevencolor/3/data/\347\231\276\345\272\246_\351\207\207\351\233\206-47.js"
 create mode 100644 "source/js/sevencolor/3/data/\347\231\276\345\272\246_\351\207\207\351\233\206-48.js"
 create mode 100644 "source/js/sevencolor/3/data/\347\231\276\345\272\246_\351\207\207\351\233\206-49.js"
 create mode 100644 "source/js/sevencolor/3/data/\347\231\276\345\272\246_\351\207\207\351\233\206-50.js"
 create mode 100644 "source/js/sevencolor/3/data/\347\231\276\345\272\246_\351\207\207\351\233\206-51.js"
 create mode 100644 "source/js/sevencolor/3/data/\347\231\276\345\272\246_\351\207\207\351\233\206-52.js"
 create mode 100644 "source/js/sevencolor/3/data/\347\231\276\345\272\246_\351\207\207\351\233\206-53.js"
 create mode 100644 "source/js/sevencolor/3/data/\347\231\276\345\272\246_\351\207\207\351\233\206-54.js"
 create mode 100644 "source/js/sevencolor/3/data/\347\231\276\345\272\246_\351\207\207\351\233\206-55.js"
 create mode 100644 "source/js/sevencolor/3/data/\347\231\276\345\272\246_\351\207\207\351\233\206-56.js"
 create mode 100644 "source/js/sevencolor/3/data/\347\231\276\345\272\246_\351\207\207\351\233\206-57.js"
 create mode 100644 "source/js/sevencolor/3/data/\347\231\276\345\272\246_\351\207\207\351\233\206-58.js"
 create mode 100644 "source/js/sevencolor/3/data/\347\231\276\345\272\246_\351\207\207\351\233\206-59.js"
 create mode 100644 "source/js/sevencolor/3/data/\347\231\276\345\272\246_\351\207\207\351\233\206-60.js"
 create mode 100644 "source/js/sevencolor/3/data/\347\231\276\345\272\246_\351\207\207\351\233\206-61.js"
 create mode 100644 "source/js/sevencolor/3/data/\347\231\276\345\272\246_\351\207\207\351\233\206-62.js"
 create mode 100644 "source/js/sevencolor/3/data/\347\231\276\345\272\246_\351\207\207\351\233\206-63.js"
 create mode 100644 "source/js/sevencolor/3/data/\347\231\276\345\272\246_\351\207\207\351\233\206-64.js"
 create mode 100644 "source/js/sevencolor/3/data/\347\231\276\345\272\246_\351\207\207\351\233\206-65.js"
 create mode 100644 "source/js/sevencolor/3/data/\347\231\276\345\272\246_\351\207\207\351\233\206-66.js"
 create mode 100644 "source/js/sevencolor/3/data/\347\231\276\345\272\246_\351\207\207\351\233\206-67.js"
 create mode 100644 "source/js/sevencolor/3/data/\347\231\276\345\272\246_\351\207\207\351\233\206-68.js"
 create mode 100644 "source/js/sevencolor/3/data/\347\231\276\345\272\246_\351\207\207\351\233\206-69.js"
 create mode 100644 "source/js/sevencolor/3/data/\347\231\276\345\272\246_\351\207\207\351\233\206-70.js"
 create mode 100644 "source/js/sevencolor/3/data/\347\231\276\345\272\246_\351\207\207\351\233\206-71.js"
 create mode 100644 "source/js/sevencolor/3/data/\347\231\276\345\272\246_\351\207\207\351\233\206-72.js"
 create mode 100644 "source/js/sevencolor/3/data/\347\231\276\345\272\246_\351\207\207\351\233\206-73.js"
 create mode 100644 "source/js/sevencolor/3/data/\347\231\276\345\272\246_\351\207\207\351\233\206-74.js"
 create mode 100644 "source/js/sevencolor/3/data/\347\231\276\345\272\246_\351\207\207\351\233\206-75.js"
 create mode 100644 "source/js/sevencolor/3/data/\347\231\276\345\272\246_\351\207\207\351\233\206-76.js"
 create mode 100644 "source/js/sevencolor/3/data/\347\231\276\345\272\246_\351\207\207\351\233\206-77.js"
 create mode 100644 "source/js/sevencolor/3/data/\347\231\276\345\272\246_\351\207\207\351\233\206-78.js"
 create mode 100644 "source/js/sevencolor/3/data/\347\231\276\345\272\246_\351\207\207\351\233\206-79.js"
 create mode 100644 "source/js/sevencolor/3/data/\347\231\276\345\272\246_\351\207\207\351\233\206-80.js"
 delete mode 100644 "source/js/sevencolor/3/data/\347\264\242\345\260\274-01.js"
 delete mode 100644 "source/js/sevencolor/3/data/\347\264\242\345\260\274-02.js"
 delete mode 100644 "source/js/sevencolor/3/data/\347\264\242\345\260\274-03.js"
 delete mode 100644 "source/js/sevencolor/3/data/\347\264\242\345\260\274-04.js"
 delete mode 100644 "source/js/sevencolor/3/data/\347\264\242\345\260\274-05.js"
 delete mode 100644 "source/js/sevencolor/3/data/\347\264\242\345\260\274-06.js"
 delete mode 100644 "source/js/sevencolor/3/data/\347\264\242\345\260\274-07.js"
 delete mode 100644 "source/js/sevencolor/3/data/\347\264\242\345\260\274-08.js"
 delete mode 100644 "source/js/sevencolor/3/data/\347\264\242\345\260\274-09.js"
 delete mode 100644 "source/js/sevencolor/3/data/\347\264\242\345\260\274-10.js"
 delete mode 100644 "source/js/sevencolor/3/data/\347\264\242\345\260\274-11.js"
 delete mode 100644 "source/js/sevencolor/3/data/\347\264\242\345\260\274-12.js"
 delete mode 100644 "source/js/sevencolor/3/data/\347\264\242\345\260\274-13.js"
 delete mode 100644 "source/js/sevencolor/3/data/\347\264\242\345\260\274-14.js"
 delete mode 100644 "source/js/sevencolor/3/data/\347\264\242\345\260\274-15.js"
 delete mode 100644 "source/js/sevencolor/3/data/\347\264\242\345\260\274-16.js"
 delete mode 100644 "source/js/sevencolor/3/data/\347\264\242\345\260\274-17.js"
 delete mode 100644 "source/js/sevencolor/3/data/\347\264\242\345\260\274-18.js"
 delete mode 100644 "source/js/sevencolor/3/data/\347\264\242\345\260\274-19.js"
 delete mode 100644 "source/js/sevencolor/3/data/\347\264\242\345\260\274-20.js"
 delete mode 100644 "source/js/sevencolor/3/data/\347\264\242\345\260\274-21.js"
 delete mode 100644 "source/js/sevencolor/3/data/\347\264\242\345\260\274-22.js"
 delete mode 100644 "source/js/sevencolor/3/data/\347\264\242\345\260\274-23.js"
 delete mode 100644 "source/js/sevencolor/3/data/\347\264\242\345\260\274-24.js"
 delete mode 100644 "source/js/sevencolor/3/data/\347\264\242\345\260\274-25.js"
 delete mode 100644 "source/js/sevencolor/3/data/\347\264\242\345\260\274-26.js"
 delete mode 100644 "source/js/sevencolor/3/data/\347\264\242\345\260\274-27.js"
 delete mode 100644 "source/js/sevencolor/3/data/\347\264\242\345\260\274-28.js"
 delete mode 100644 "source/js/sevencolor/3/data/\347\264\242\345\260\274-29.js"
 delete mode 100644 "source/js/sevencolor/3/data/\347\264\242\345\260\274-30.js"
 delete mode 100644 "source/js/sevencolor/3/data/\347\264\242\345\260\274-31.js"
 delete mode 100644 "source/js/sevencolor/3/data/\347\264\242\345\260\274-32.js"
 delete mode 100644 "source/js/sevencolor/3/data/\347\264\242\345\260\274-33.js"
 delete mode 100644 "source/js/sevencolor/3/data/\347\264\242\345\260\274-34.js"
 delete mode 100644 "source/js/sevencolor/3/data/\347\264\242\345\260\274-35.js"
 delete mode 100644 "source/js/sevencolor/3/data/\347\264\242\345\260\274-36.js"
 delete mode 100644 "source/js/sevencolor/3/data/\347\264\242\345\260\274-37.js"
 delete mode 100644 "source/js/sevencolor/3/data/\347\264\242\345\260\274-38.js"
 delete mode 100644 "source/js/sevencolor/3/data/\347\264\242\345\260\274-39.js"
 delete mode 100644 "source/js/sevencolor/3/data/\347\264\242\345\260\274-40.js"
 delete mode 100644 "source/js/sevencolor/3/data/\347\264\242\345\260\274-41.js"
 delete mode 100644 "source/js/sevencolor/3/data/\347\264\242\345\260\274-42.js"
 delete mode 100644 "source/js/sevencolor/3/data/\347\264\242\345\260\274-43.js"
 delete mode 100644 "source/js/sevencolor/3/data/\347\264\242\345\260\274-44.js"
 delete mode 100644 "source/js/sevencolor/3/data/\347\264\242\345\260\274-45.js"
 delete mode 100644 "source/js/sevencolor/3/data/\347\264\242\345\260\274-46.js"
 delete mode 100644 "source/js/sevencolor/3/data/\347\264\242\345\260\274-47.js"
 delete mode 100644 "source/js/sevencolor/3/data/\347\264\242\345\260\274-48.js"
 delete mode 100644 "source/js/sevencolor/3/data/\347\264\242\345\260\274-49.js"
 delete mode 100644 "source/js/sevencolor/3/data/\347\264\242\345\260\274-50.js"
 delete mode 100644 "source/js/sevencolor/3/data/\347\264\242\345\260\274-51.js"
 delete mode 100644 "source/js/sevencolor/3/data/\347\264\242\345\260\274-52.js"
 delete mode 100644 "source/js/sevencolor/3/data/\347\264\242\345\260\274-53.js"
 delete mode 100644 "source/js/sevencolor/3/data/\347\264\242\345\260\274-54.js"
 delete mode 100644 "source/js/sevencolor/3/data/\347\264\242\345\260\274-55.js"
 delete mode 100644 "source/js/sevencolor/3/data/\347\264\242\345\260\274-56.js"
 delete mode 100644 "source/js/sevencolor/3/data/\347\264\242\345\260\274-57.js"
 delete mode 100644 "source/js/sevencolor/3/data/\347\264\242\345\260\274-58.js"
 delete mode 100644 "source/js/sevencolor/3/data/\347\264\242\345\260\274-59.js"
 delete mode 100644 "source/js/sevencolor/3/data/\347\264\242\345\260\274-60.js"
 delete mode 100644 "source/js/sevencolor/3/data/\347\264\242\345\260\274-61.js"
 delete mode 100644 "source/js/sevencolor/3/data/\347\264\242\345\260\274-62.js"
 delete mode 100644 "source/js/sevencolor/3/data/\347\264\242\345\260\274-63.js"
 delete mode 100644 "source/js/sevencolor/3/data/\347\264\242\345\260\274-64.js"
 delete mode 100644 "source/js/sevencolor/3/data/\347\264\242\345\260\274-65.js"
 delete mode 100644 "source/js/sevencolor/3/data/\347\264\242\345\260\274-66.js"
 delete mode 100644 "source/js/sevencolor/3/data/\347\264\242\345\260\274-67.js"
 delete mode 100644 "source/js/sevencolor/3/data/\347\264\242\345\260\274-68.js"
 delete mode 100644 "source/js/sevencolor/3/data/\347\264\242\345\260\274-69.js"
 delete mode 100644 "source/js/sevencolor/3/data/\347\264\242\345\260\274-70.js"
 delete mode 100644 "source/js/sevencolor/3/data/\347\264\242\345\260\274-71.js"
 delete mode 100644 "source/js/sevencolor/3/data/\347\264\242\345\260\274-72.js"
 delete mode 100644 "source/js/sevencolor/3/data/\347\264\242\345\260\274-73.js"
 delete mode 100644 "source/js/sevencolor/3/data/\347\264\242\345\260\274-74.js"
 delete mode 100644 "source/js/sevencolor/3/data/\347\264\242\345\260\274-75.js"
 delete mode 100644 "source/js/sevencolor/3/data/\347\264\242\345\260\274-76.js"
 delete mode 100644 "source/js/sevencolor/3/data/\347\264\242\345\260\274-77.js"
 delete mode 100644 "source/js/sevencolor/3/data/\347\264\242\345\260\274-78.js"
 delete mode 100644 "source/js/sevencolor/3/data/\347\264\242\345\260\274-79.js"
 delete mode 100644 "source/js/sevencolor/3/data/\347\264\242\345\260\274-80.js"
 create mode 100644 "source/js/sevencolor/3/data/\347\264\242\345\260\274_\351\253\230\346\270\205-01.js"
 create mode 100644 "source/js/sevencolor/3/data/\347\264\242\345\260\274_\351\253\230\346\270\205-02.js"
 create mode 100644 "source/js/sevencolor/3/data/\347\264\242\345\260\274_\351\253\230\346\270\205-03.js"
 create mode 100644 "source/js/sevencolor/3/data/\347\264\242\345\260\274_\351\253\230\346\270\205-04.js"
 create mode 100644 "source/js/sevencolor/3/data/\347\264\242\345\260\274_\351\253\230\346\270\205-05.js"
 create mode 100644 "source/js/sevencolor/3/data/\347\264\242\345\260\274_\351\253\230\346\270\205-06.js"
 create mode 100644 "source/js/sevencolor/3/data/\347\264\242\345\260\274_\351\253\230\346\270\205-07.js"
 create mode 100644 "source/js/sevencolor/3/data/\347\264\242\345\260\274_\351\253\230\346\270\205-08.js"
 create mode 100644 "source/js/sevencolor/3/data/\347\264\242\345\260\274_\351\253\230\346\270\205-09.js"
 create mode 100644 "source/js/sevencolor/3/data/\347\264\242\345\260\274_\351\253\230\346\270\205-10.js"
 create mode 100644 "source/js/sevencolor/3/data/\347\264\242\345\260\274_\351\253\230\346\270\205-11.js"
 create mode 100644 "source/js/sevencolor/3/data/\347\264\242\345\260\274_\351\253\230\346\270\205-12.js"
 create mode 100644 "source/js/sevencolor/3/data/\347\264\242\345\260\274_\351\253\230\346\270\205-13.js"
 create mode 100644 "source/js/sevencolor/3/data/\347\264\242\345\260\274_\351\253\230\346\270\205-14.js"
 create mode 100644 "source/js/sevencolor/3/data/\347\264\242\345\260\274_\351\253\230\346\270\205-15.js"
 create mode 100644 "source/js/sevencolor/3/data/\347\264\242\345\260\274_\351\253\230\346\270\205-16.js"
 create mode 100644 "source/js/sevencolor/3/data/\347\264\242\345\260\274_\351\253\230\346\270\205-17.js"
 create mode 100644 "source/js/sevencolor/3/data/\347\264\242\345\260\274_\351\253\230\346\270\205-18.js"
 create mode 100644 "source/js/sevencolor/3/data/\347\264\242\345\260\274_\351\253\230\346\270\205-19.js"
 create mode 100644 "source/js/sevencolor/3/data/\347\264\242\345\260\274_\351\253\230\346\270\205-20.js"
 create mode 100644 "source/js/sevencolor/3/data/\347\264\242\345\260\274_\351\253\230\346\270\205-21.js"
 create mode 100644 "source/js/sevencolor/3/data/\347\264\242\345\260\274_\351\253\230\346\270\205-22.js"
 create mode 100644 "source/js/sevencolor/3/data/\347\264\242\345\260\274_\351\253\230\346\270\205-23.js"
 create mode 100644 "source/js/sevencolor/3/data/\347\264\242\345\260\274_\351\253\230\346\270\205-24.js"
 create mode 100644 "source/js/sevencolor/3/data/\347\264\242\345\260\274_\351\253\230\346\270\205-25.js"
 create mode 100644 "source/js/sevencolor/3/data/\347\264\242\345\260\274_\351\253\230\346\270\205-26.js"
 create mode 100644 "source/js/sevencolor/3/data/\347\264\242\345\260\274_\351\253\230\346\270\205-27.js"
 create mode 100644 "source/js/sevencolor/3/data/\347\264\242\345\260\274_\351\253\230\346\270\205-28.js"
 create mode 100644 "source/js/sevencolor/3/data/\347\264\242\345\260\274_\351\253\230\346\270\205-29.js"
 create mode 100644 "source/js/sevencolor/3/data/\347\264\242\345\260\274_\351\253\230\346\270\205-30.js"
 create mode 100644 "source/js/sevencolor/3/data/\347\264\242\345\260\274_\351\253\230\346\270\205-31.js"
 create mode 100644 "source/js/sevencolor/3/data/\347\264\242\345\260\274_\351\253\230\346\270\205-32.js"
 create mode 100644 "source/js/sevencolor/3/data/\347\264\242\345\260\274_\351\253\230\346\270\205-33.js"
 create mode 100644 "source/js/sevencolor/3/data/\347\264\242\345\260\274_\351\253\230\346\270\205-34.js"
 create mode 100644 "source/js/sevencolor/3/data/\347\264\242\345\260\274_\351\253\230\346\270\205-35.js"
 create mode 100644 "source/js/sevencolor/3/data/\347\264\242\345\260\274_\351\253\230\346\270\205-36.js"
 create mode 100644 "source/js/sevencolor/3/data/\347\264\242\345\260\274_\351\253\230\346\270\205-37.js"
 create mode 100644 "source/js/sevencolor/3/data/\347\264\242\345\260\274_\351\253\230\346\270\205-38.js"
 create mode 100644 "source/js/sevencolor/3/data/\347\264\242\345\260\274_\351\253\230\346\270\205-39.js"
 create mode 100644 "source/js/sevencolor/3/data/\347\264\242\345\260\274_\351\253\230\346\270\205-40.js"
 create mode 100644 "source/js/sevencolor/3/data/\347\264\242\345\260\274_\351\253\230\346\270\205-41.js"
 create mode 100644 "source/js/sevencolor/3/data/\347\264\242\345\260\274_\351\253\230\346\270\205-42.js"
 create mode 100644 "source/js/sevencolor/3/data/\347\264\242\345\260\274_\351\253\230\346\270\205-43.js"
 create mode 100644 "source/js/sevencolor/3/data/\347\264\242\345\260\274_\351\253\230\346\270\205-44.js"
 create mode 100644 "source/js/sevencolor/3/data/\347\264\242\345\260\274_\351\253\230\346\270\205-45.js"
 create mode 100644 "source/js/sevencolor/3/data/\347\264\242\345\260\274_\351\253\230\346\270\205-46.js"
 create mode 100644 "source/js/sevencolor/3/data/\347\264\242\345\260\274_\351\253\230\346\270\205-47.js"
 create mode 100644 "source/js/sevencolor/3/data/\347\264\242\345\260\274_\351\253\230\346\270\205-48.js"
 create mode 100644 "source/js/sevencolor/3/data/\347\264\242\345\260\274_\351\253\230\346\270\205-49.js"
 create mode 100644 "source/js/sevencolor/3/data/\347\264\242\345\260\274_\351\253\230\346\270\205-50.js"
 create mode 100644 "source/js/sevencolor/3/data/\347\264\242\345\260\274_\351\253\230\346\270\205-51.js"
 create mode 100644 "source/js/sevencolor/3/data/\347\264\242\345\260\274_\351\253\230\346\270\205-52.js"
 create mode 100644 "source/js/sevencolor/3/data/\347\264\242\345\260\274_\351\253\230\346\270\205-53.js"
 create mode 100644 "source/js/sevencolor/3/data/\347\264\242\345\260\274_\351\253\230\346\270\205-54.js"
 create mode 100644 "source/js/sevencolor/3/data/\347\264\242\345\260\274_\351\253\230\346\270\205-55.js"
 create mode 100644 "source/js/sevencolor/3/data/\347\264\242\345\260\274_\351\253\230\346\270\205-56.js"
 create mode 100644 "source/js/sevencolor/3/data/\347\264\242\345\260\274_\351\253\230\346\270\205-57.js"
 create mode 100644 "source/js/sevencolor/3/data/\347\264\242\345\260\274_\351\253\230\346\270\205-58.js"
 create mode 100644 "source/js/sevencolor/3/data/\347\264\242\345\260\274_\351\253\230\346\270\205-59.js"
 create mode 100644 "source/js/sevencolor/3/data/\347\264\242\345\260\274_\351\253\230\346\270\205-60.js"
 create mode 100644 "source/js/sevencolor/3/data/\347\264\242\345\260\274_\351\253\230\346\270\205-61.js"
 create mode 100644 "source/js/sevencolor/3/data/\347\264\242\345\260\274_\351\253\230\346\270\205-62.js"
 create mode 100644 "source/js/sevencolor/3/data/\347\264\242\345\260\274_\351\253\230\346\270\205-63.js"
 create mode 100644 "source/js/sevencolor/3/data/\347\264\242\345\260\274_\351\253\230\346\270\205-64.js"
 create mode 100644 "source/js/sevencolor/3/data/\347\264\242\345\260\274_\351\253\230\346\270\205-65.js"
 create mode 100644 "source/js/sevencolor/3/data/\347\264\242\345\260\274_\351\253\230\346\270\205-66.js"
 create mode 100644 "source/js/sevencolor/3/data/\347\264\242\345\260\274_\351\253\230\346\270\205-67.js"
 create mode 100644 "source/js/sevencolor/3/data/\347\264\242\345\260\274_\351\253\230\346\270\205-68.js"
 create mode 100644 "source/js/sevencolor/3/data/\347\264\242\345\260\274_\351\253\230\346\270\205-69.js"
 create mode 100644 "source/js/sevencolor/3/data/\347\264\242\345\260\274_\351\253\230\346\270\205-70.js"
 create mode 100644 "source/js/sevencolor/3/data/\347\264\242\345\260\274_\351\253\230\346\270\205-71.js"
 create mode 100644 "source/js/sevencolor/3/data/\347\264\242\345\260\274_\351\253\230\346\270\205-72.js"
 create mode 100644 "source/js/sevencolor/3/data/\347\264\242\345\260\274_\351\253\230\346\270\205-73.js"
 create mode 100644 "source/js/sevencolor/3/data/\347\264\242\345\260\274_\351\253\230\346\270\205-74.js"
 create mode 100644 "source/js/sevencolor/3/data/\347\264\242\345\260\274_\351\253\230\346\270\205-75.js"
 create mode 100644 "source/js/sevencolor/3/data/\347\264\242\345\260\274_\351\253\230\346\270\205-76.js"
 create mode 100644 "source/js/sevencolor/3/data/\347\264\242\345\260\274_\351\253\230\346\270\205-77.js"
 create mode 100644 "source/js/sevencolor/3/data/\347\264\242\345\260\274_\351\253\230\346\270\205-78.js"
 create mode 100644 "source/js/sevencolor/3/data/\347\264\242\345\260\274_\351\253\230\346\270\205-79.js"
 create mode 100644 "source/js/sevencolor/3/data/\347\264\242\345\260\274_\351\253\230\346\270\205-80.js"
 create mode 100644 "source/js/sevencolor/3/data/\350\231\216\347\211\231\351\207\207\351\233\206-01.js"
 create mode 100644 "source/js/sevencolor/3/data/\350\231\216\347\211\231\351\207\207\351\233\206-02.js"
 create mode 100644 "source/js/sevencolor/3/data/\350\231\216\347\211\231\351\207\207\351\233\206-03.js"
 create mode 100644 "source/js/sevencolor/3/data/\350\231\216\347\211\231\351\207\207\351\233\206-04.js"
 create mode 100644 "source/js/sevencolor/3/data/\350\231\216\347\211\231\351\207\207\351\233\206-05.js"
 create mode 100644 "source/js/sevencolor/3/data/\350\231\216\347\211\231\351\207\207\351\233\206-06.js"
 create mode 100644 "source/js/sevencolor/3/data/\350\231\216\347\211\231\351\207\207\351\233\206-07.js"
 create mode 100644 "source/js/sevencolor/3/data/\350\231\216\347\211\231\351\207\207\351\233\206-08.js"
 create mode 100644 "source/js/sevencolor/3/data/\350\231\216\347\211\231\351\207\207\351\233\206-09.js"
 create mode 100644 "source/js/sevencolor/3/data/\350\231\216\347\211\231\351\207\207\351\233\206-10.js"
 create mode 100644 "source/js/sevencolor/3/data/\350\231\216\347\211\231\351\207\207\351\233\206-11.js"
 create mode 100644 "source/js/sevencolor/3/data/\350\231\216\347\211\231\351\207\207\351\233\206-12.js"
 create mode 100644 "source/js/sevencolor/3/data/\350\231\216\347\211\231\351\207\207\351\233\206-13.js"
 create mode 100644 "source/js/sevencolor/3/data/\350\231\216\347\211\231\351\207\207\351\233\206-14.js"
 create mode 100644 "source/js/sevencolor/3/data/\350\231\216\347\211\231\351\207\207\351\233\206-15.js"
 create mode 100644 "source/js/sevencolor/3/data/\350\231\216\347\211\231\351\207\207\351\233\206-16.js"
 create mode 100644 "source/js/sevencolor/3/data/\350\231\216\347\211\231\351\207\207\351\233\206-17.js"
 create mode 100644 "source/js/sevencolor/3/data/\350\231\216\347\211\231\351\207\207\351\233\206-18.js"
 create mode 100644 "source/js/sevencolor/3/data/\350\231\216\347\211\231\351\207\207\351\233\206-19.js"
 create mode 100644 "source/js/sevencolor/3/data/\350\231\216\347\211\231\351\207\207\351\233\206-20.js"
 create mode 100644 "source/js/sevencolor/3/data/\350\231\216\347\211\231\351\207\207\351\233\206-21.js"
 create mode 100644 "source/js/sevencolor/3/data/\350\231\216\347\211\231\351\207\207\351\233\206-22.js"
 create mode 100644 "source/js/sevencolor/3/data/\350\231\216\347\211\231\351\207\207\351\233\206-23.js"
 create mode 100644 "source/js/sevencolor/3/data/\350\231\216\347\211\231\351\207\207\351\233\206-24.js"
 create mode 100644 "source/js/sevencolor/3/data/\350\231\216\347\211\231\351\207\207\351\233\206-25.js"
 create mode 100644 "source/js/sevencolor/3/data/\350\231\216\347\211\231\351\207\207\351\233\206-26.js"
 create mode 100644 "source/js/sevencolor/3/data/\350\231\216\347\211\231\351\207\207\351\233\206-27.js"
 create mode 100644 "source/js/sevencolor/3/data/\350\231\216\347\211\231\351\207\207\351\233\206-28.js"
 create mode 100644 "source/js/sevencolor/3/data/\350\231\216\347\211\231\351\207\207\351\233\206-29.js"
 create mode 100644 "source/js/sevencolor/3/data/\350\231\216\347\211\231\351\207\207\351\233\206-30.js"
 create mode 100644 "source/js/sevencolor/3/data/\350\231\216\347\211\231\351\207\207\351\233\206-31.js"
 create mode 100644 "source/js/sevencolor/3/data/\350\231\216\347\211\231\351\207\207\351\233\206-32.js"
 create mode 100644 "source/js/sevencolor/3/data/\350\231\216\347\211\231\351\207\207\351\233\206-33.js"
 create mode 100644 "source/js/sevencolor/3/data/\350\231\216\347\211\231\351\207\207\351\233\206-34.js"
 create mode 100644 "source/js/sevencolor/3/data/\350\231\216\347\211\231\351\207\207\351\233\206-35.js"
 create mode 100644 "source/js/sevencolor/3/data/\350\231\216\347\211\231\351\207\207\351\233\206-36.js"
 create mode 100644 "source/js/sevencolor/3/data/\350\231\216\347\211\231\351\207\207\351\233\206-37.js"
 create mode 100644 "source/js/sevencolor/3/data/\350\231\216\347\211\231\351\207\207\351\233\206-38.js"
 create mode 100644 "source/js/sevencolor/3/data/\350\231\216\347\211\231\351\207\207\351\233\206-39.js"
 create mode 100644 "source/js/sevencolor/3/data/\350\231\216\347\211\231\351\207\207\351\233\206-40.js"
 create mode 100644 "source/js/sevencolor/3/data/\350\231\216\347\211\231\351\207\207\351\233\206-41.js"
 create mode 100644 "source/js/sevencolor/3/data/\350\231\216\347\211\231\351\207\207\351\233\206-42.js"
 create mode 100644 "source/js/sevencolor/3/data/\350\231\216\347\211\231\351\207\207\351\233\206-43.js"
 create mode 100644 "source/js/sevencolor/3/data/\350\231\216\347\211\231\351\207\207\351\233\206-44.js"
 create mode 100644 "source/js/sevencolor/3/data/\350\231\216\347\211\231\351\207\207\351\233\206-45.js"
 create mode 100644 "source/js/sevencolor/3/data/\350\231\216\347\211\231\351\207\207\351\233\206-46.js"
 create mode 100644 "source/js/sevencolor/3/data/\350\231\216\347\211\231\351\207\207\351\233\206-47.js"
 create mode 100644 "source/js/sevencolor/3/data/\350\231\216\347\211\231\351\207\207\351\233\206-48.js"
 create mode 100644 "source/js/sevencolor/3/data/\350\231\216\347\211\231\351\207\207\351\233\206-49.js"
 create mode 100644 "source/js/sevencolor/3/data/\350\231\216\347\211\231\351\207\207\351\233\206-50.js"
 create mode 100644 "source/js/sevencolor/3/data/\350\231\216\347\211\231\351\207\207\351\233\206-51.js"
 create mode 100644 "source/js/sevencolor/3/data/\350\231\216\347\211\231\351\207\207\351\233\206-52.js"
 create mode 100644 "source/js/sevencolor/3/data/\350\231\216\347\211\231\351\207\207\351\233\206-53.js"
 create mode 100644 "source/js/sevencolor/3/data/\350\231\216\347\211\231\351\207\207\351\233\206-54.js"
 create mode 100644 "source/js/sevencolor/3/data/\350\231\216\347\211\231\351\207\207\351\233\206-55.js"
 create mode 100644 "source/js/sevencolor/3/data/\350\231\216\347\211\231\351\207\207\351\233\206-56.js"
 create mode 100644 "source/js/sevencolor/3/data/\350\231\216\347\211\231\351\207\207\351\233\206-57.js"
 create mode 100644 "source/js/sevencolor/3/data/\350\231\216\347\211\231\351\207\207\351\233\206-58.js"
 create mode 100644 "source/js/sevencolor/3/data/\350\231\216\347\211\231\351\207\207\351\233\206-59.js"
 create mode 100644 "source/js/sevencolor/3/data/\350\231\216\347\211\231\351\207\207\351\233\206-60.js"
 create mode 100644 "source/js/sevencolor/3/data/\350\231\216\347\211\231\351\207\207\351\233\206-61.js"
 create mode 100644 "source/js/sevencolor/3/data/\350\231\216\347\211\231\351\207\207\351\233\206-62.js"
 create mode 100644 "source/js/sevencolor/3/data/\350\231\216\347\211\231\351\207\207\351\233\206-63.js"
 create mode 100644 "source/js/sevencolor/3/data/\350\231\216\347\211\231\351\207\207\351\233\206-64.js"
 create mode 100644 "source/js/sevencolor/3/data/\350\231\216\347\211\231\351\207\207\351\233\206-65.js"
 create mode 100644 "source/js/sevencolor/3/data/\350\231\216\347\211\231\351\207\207\351\233\206-66.js"
 create mode 100644 "source/js/sevencolor/3/data/\350\231\216\347\211\231\351\207\207\351\233\206-67.js"
 create mode 100644 "source/js/sevencolor/3/data/\350\231\216\347\211\231\351\207\207\351\233\206-68.js"
 create mode 100644 "source/js/sevencolor/3/data/\350\231\216\347\211\231\351\207\207\351\233\206-69.js"
 create mode 100644 "source/js/sevencolor/3/data/\350\231\216\347\211\231\351\207\207\351\233\206-70.js"
 create mode 100644 "source/js/sevencolor/3/data/\350\231\216\347\211\231\351\207\207\351\233\206-71.js"
 create mode 100644 "source/js/sevencolor/3/data/\350\231\216\347\211\231\351\207\207\351\233\206-72.js"
 create mode 100644 "source/js/sevencolor/3/data/\350\231\216\347\211\231\351\207\207\351\233\206-73.js"
 create mode 100644 "source/js/sevencolor/3/data/\350\231\216\347\211\231\351\207\207\351\233\206-74.js"
 create mode 100644 "source/js/sevencolor/3/data/\350\231\216\347\211\231\351\207\207\351\233\206-75.js"
 create mode 100644 "source/js/sevencolor/3/data/\350\231\216\347\211\231\351\207\207\351\233\206-76.js"
 create mode 100644 "source/js/sevencolor/3/data/\350\231\216\347\211\231\351\207\207\351\233\206-77.js"
 create mode 100644 "source/js/sevencolor/3/data/\350\231\216\347\211\231\351\207\207\351\233\206-78.js"
 create mode 100644 "source/js/sevencolor/3/data/\350\231\216\347\211\231\351\207\207\351\233\206-79.js"
 create mode 100644 "source/js/sevencolor/3/data/\350\231\216\347\211\231\351\207\207\351\233\206-80.js"
 delete mode 100644 "source/js/sevencolor/3/data/\351\207\217\345\255\220-01.js"
 delete mode 100644 "source/js/sevencolor/3/data/\351\207\217\345\255\220-02.js"
 delete mode 100644 "source/js/sevencolor/3/data/\351\207\217\345\255\220-03.js"
 delete mode 100644 "source/js/sevencolor/3/data/\351\207\217\345\255\220-04.js"
 delete mode 100644 "source/js/sevencolor/3/data/\351\207\217\345\255\220-05.js"
 delete mode 100644 "source/js/sevencolor/3/data/\351\207\217\345\255\220-06.js"
 delete mode 100644 "source/js/sevencolor/3/data/\351\207\217\345\255\220-07.js"
 delete mode 100644 "source/js/sevencolor/3/data/\351\207\217\345\255\220-08.js"
 delete mode 100644 "source/js/sevencolor/3/data/\351\207\217\345\255\220-09.js"
 delete mode 100644 "source/js/sevencolor/3/data/\351\207\217\345\255\220-10.js"
 delete mode 100644 "source/js/sevencolor/3/data/\351\207\217\345\255\220-11.js"
 delete mode 100644 "source/js/sevencolor/3/data/\351\207\217\345\255\220-12.js"
 delete mode 100644 "source/js/sevencolor/3/data/\351\207\217\345\255\220-13.js"
 delete mode 100644 "source/js/sevencolor/3/data/\351\207\217\345\255\220-14.js"
 delete mode 100644 "source/js/sevencolor/3/data/\351\207\217\345\255\220-15.js"
 delete mode 100644 "source/js/sevencolor/3/data/\351\207\217\345\255\220-16.js"
 delete mode 100644 "source/js/sevencolor/3/data/\351\207\217\345\255\220-17.js"
 delete mode 100644 "source/js/sevencolor/3/data/\351\207\217\345\255\220-18.js"
 delete mode 100644 "source/js/sevencolor/3/data/\351\207\217\345\255\220-19.js"
 delete mode 100644 "source/js/sevencolor/3/data/\351\207\217\345\255\220-20.js"
 delete mode 100644 "source/js/sevencolor/3/data/\351\207\217\345\255\220-21.js"
 delete mode 100644 "source/js/sevencolor/3/data/\351\207\217\345\255\220-22.js"
 delete mode 100644 "source/js/sevencolor/3/data/\351\207\217\345\255\220-23.js"
 delete mode 100644 "source/js/sevencolor/3/data/\351\207\217\345\255\220-24.js"
 delete mode 100644 "source/js/sevencolor/3/data/\351\207\217\345\255\220-25.js"
 delete mode 100644 "source/js/sevencolor/3/data/\351\207\217\345\255\220-26.js"
 delete mode 100644 "source/js/sevencolor/3/data/\351\207\217\345\255\220-27.js"
 delete mode 100644 "source/js/sevencolor/3/data/\351\207\217\345\255\220-28.js"
 delete mode 100644 "source/js/sevencolor/3/data/\351\207\217\345\255\220-29.js"
 delete mode 100644 "source/js/sevencolor/3/data/\351\207\217\345\255\220-30.js"
 delete mode 100644 "source/js/sevencolor/3/data/\351\207\217\345\255\220-31.js"
 delete mode 100644 "source/js/sevencolor/3/data/\351\207\217\345\255\220-32.js"
 delete mode 100644 "source/js/sevencolor/3/data/\351\207\217\345\255\220-33.js"
 delete mode 100644 "source/js/sevencolor/3/data/\351\207\217\345\255\220-34.js"
 delete mode 100644 "source/js/sevencolor/3/data/\351\207\217\345\255\220-35.js"
 delete mode 100644 "source/js/sevencolor/3/data/\351\207\217\345\255\220-36.js"
 delete mode 100644 "source/js/sevencolor/3/data/\351\207\217\345\255\220-37.js"
 delete mode 100644 "source/js/sevencolor/3/data/\351\207\217\345\255\220-38.js"
 delete mode 100644 "source/js/sevencolor/3/data/\351\207\217\345\255\220-39.js"
 delete mode 100644 "source/js/sevencolor/3/data/\351\207\217\345\255\220-41.js"
 delete mode 100644 "source/js/sevencolor/3/data/\351\207\217\345\255\220-42.js"
 delete mode 100644 "source/js/sevencolor/3/data/\351\207\217\345\255\220-43.js"
 delete mode 100644 "source/js/sevencolor/3/data/\351\207\217\345\255\220-44.js"
 delete mode 100644 "source/js/sevencolor/3/data/\351\207\217\345\255\220-45.js"
 delete mode 100644 "source/js/sevencolor/3/data/\351\207\217\345\255\220-46.js"
 delete mode 100644 "source/js/sevencolor/3/data/\351\207\217\345\255\220-47.js"
 delete mode 100644 "source/js/sevencolor/3/data/\351\207\217\345\255\220-49.js"
 delete mode 100644 "source/js/sevencolor/3/data/\351\207\217\345\255\220-50.js"
 delete mode 100644 "source/js/sevencolor/3/data/\351\207\217\345\255\220-51.js"
 delete mode 100644 "source/js/sevencolor/3/data/\351\207\217\345\255\220-52.js"
 delete mode 100644 "source/js/sevencolor/3/data/\351\207\217\345\255\220-53.js"
 delete mode 100644 "source/js/sevencolor/3/data/\351\207\217\345\255\220-54.js"
 delete mode 100644 "source/js/sevencolor/3/data/\351\207\217\345\255\220-55.js"
 delete mode 100644 "source/js/sevencolor/3/data/\351\207\217\345\255\220-56.js"
 delete mode 100644 "source/js/sevencolor/3/data/\351\207\217\345\255\220-57.js"
 delete mode 100644 "source/js/sevencolor/3/data/\351\207\217\345\255\220-58.js"
 delete mode 100644 "source/js/sevencolor/3/data/\351\207\217\345\255\220-59.js"
 delete mode 100644 "source/js/sevencolor/3/data/\351\207\217\345\255\220-60.js"
 delete mode 100644 "source/js/sevencolor/3/data/\351\207\217\345\255\220-61.js"
 delete mode 100644 "source/js/sevencolor/3/data/\351\207\217\345\255\220-62.js"
 delete mode 100644 "source/js/sevencolor/3/data/\351\207\217\345\255\220-63.js"
 delete mode 100644 "source/js/sevencolor/3/data/\351\207\217\345\255\220-64.js"
 delete mode 100644 "source/js/sevencolor/3/data/\351\207\217\345\255\220-65.js"
 delete mode 100644 "source/js/sevencolor/3/data/\351\207\217\345\255\220-66.js"
 delete mode 100644 "source/js/sevencolor/3/data/\351\207\217\345\255\220-67.js"
 delete mode 100644 "source/js/sevencolor/3/data/\351\207\217\345\255\220-68.js"
 delete mode 100644 "source/js/sevencolor/3/data/\351\207\217\345\255\220-69.js"
 delete mode 100644 "source/js/sevencolor/3/data/\351\207\217\345\255\220-70.js"
 delete mode 100644 "source/js/sevencolor/3/data/\351\207\217\345\255\220-71.js"
 delete mode 100644 "source/js/sevencolor/3/data/\351\207\217\345\255\220-72.js"
 delete mode 100644 "source/js/sevencolor/3/data/\351\207\217\345\255\220-73.js"
 delete mode 100644 "source/js/sevencolor/3/data/\351\207\217\345\255\220-74.js"
 delete mode 100644 "source/js/sevencolor/3/data/\351\207\217\345\255\220-75.js"
 delete mode 100644 "source/js/sevencolor/3/data/\351\207\217\345\255\220-76.js"
 delete mode 100644 "source/js/sevencolor/3/data/\351\207\217\345\255\220-77.js"
 delete mode 100644 "source/js/sevencolor/3/data/\351\207\217\345\255\220-78.js"
 delete mode 100644 "source/js/sevencolor/3/data/\351\207\217\345\255\220-79.js"
 delete mode 100644 "source/js/sevencolor/3/data/\351\207\217\345\255\220-80.js"
 create mode 100644 "source/js/sevencolor/3/data/\351\207\217\345\255\220_\350\265\204\346\272\220-01.js"
 create mode 100644 "source/js/sevencolor/3/data/\351\207\217\345\255\220_\350\265\204\346\272\220-02.js"
 create mode 100644 "source/js/sevencolor/3/data/\351\207\217\345\255\220_\350\265\204\346\272\220-03.js"
 create mode 100644 "source/js/sevencolor/3/data/\351\207\217\345\255\220_\350\265\204\346\272\220-04.js"
 create mode 100644 "source/js/sevencolor/3/data/\351\207\217\345\255\220_\350\265\204\346\272\220-05.js"
 create mode 100644 "source/js/sevencolor/3/data/\351\207\217\345\255\220_\350\265\204\346\272\220-06.js"
 create mode 100644 "source/js/sevencolor/3/data/\351\207\217\345\255\220_\350\265\204\346\272\220-07.js"
 create mode 100644 "source/js/sevencolor/3/data/\351\207\217\345\255\220_\350\265\204\346\272\220-08.js"
 create mode 100644 "source/js/sevencolor/3/data/\351\207\217\345\255\220_\350\265\204\346\272\220-09.js"
 create mode 100644 "source/js/sevencolor/3/data/\351\207\217\345\255\220_\350\265\204\346\272\220-10.js"
 create mode 100644 "source/js/sevencolor/3/data/\351\207\217\345\255\220_\350\265\204\346\272\220-11.js"
 create mode 100644 "source/js/sevencolor/3/data/\351\207\217\345\255\220_\350\265\204\346\272\220-12.js"
 create mode 100644 "source/js/sevencolor/3/data/\351\207\217\345\255\220_\350\265\204\346\272\220-13.js"
 create mode 100644 "source/js/sevencolor/3/data/\351\207\217\345\255\220_\350\265\204\346\272\220-14.js"
 create mode 100644 "source/js/sevencolor/3/data/\351\207\217\345\255\220_\350\265\204\346\272\220-15.js"
 create mode 100644 "source/js/sevencolor/3/data/\351\207\217\345\255\220_\350\265\204\346\272\220-16.js"
 create mode 100644 "source/js/sevencolor/3/data/\351\207\217\345\255\220_\350\265\204\346\272\220-17.js"
 create mode 100644 "source/js/sevencolor/3/data/\351\207\217\345\255\220_\350\265\204\346\272\220-18.js"
 create mode 100644 "source/js/sevencolor/3/data/\351\207\217\345\255\220_\350\265\204\346\272\220-19.js"
 create mode 100644 "source/js/sevencolor/3/data/\351\207\217\345\255\220_\350\265\204\346\272\220-20.js"
 create mode 100644 "source/js/sevencolor/3/data/\351\207\217\345\255\220_\350\265\204\346\272\220-21.js"
 create mode 100644 "source/js/sevencolor/3/data/\351\207\217\345\255\220_\350\265\204\346\272\220-22.js"
 create mode 100644 "source/js/sevencolor/3/data/\351\207\217\345\255\220_\350\265\204\346\272\220-23.js"
 create mode 100644 "source/js/sevencolor/3/data/\351\207\217\345\255\220_\350\265\204\346\272\220-24.js"
 create mode 100644 "source/js/sevencolor/3/data/\351\207\217\345\255\220_\350\265\204\346\272\220-25.js"
 create mode 100644 "source/js/sevencolor/3/data/\351\207\217\345\255\220_\350\265\204\346\272\220-26.js"
 create mode 100644 "source/js/sevencolor/3/data/\351\207\217\345\255\220_\350\265\204\346\272\220-27.js"
 create mode 100644 "source/js/sevencolor/3/data/\351\207\217\345\255\220_\350\265\204\346\272\220-28.js"
 create mode 100644 "source/js/sevencolor/3/data/\351\207\217\345\255\220_\350\265\204\346\272\220-29.js"
 create mode 100644 "source/js/sevencolor/3/data/\351\207\217\345\255\220_\350\265\204\346\272\220-30.js"
 create mode 100644 "source/js/sevencolor/3/data/\351\207\217\345\255\220_\350\265\204\346\272\220-31.js"
 create mode 100644 "source/js/sevencolor/3/data/\351\207\217\345\255\220_\350\265\204\346\272\220-32.js"
 create mode 100644 "source/js/sevencolor/3/data/\351\207\217\345\255\220_\350\265\204\346\272\220-33.js"
 create mode 100644 "source/js/sevencolor/3/data/\351\207\217\345\255\220_\350\265\204\346\272\220-34.js"
 create mode 100644 "source/js/sevencolor/3/data/\351\207\217\345\255\220_\350\265\204\346\272\220-35.js"
 create mode 100644 "source/js/sevencolor/3/data/\351\207\217\345\255\220_\350\265\204\346\272\220-36.js"
 create mode 100644 "source/js/sevencolor/3/data/\351\207\217\345\255\220_\350\265\204\346\272\220-37.js"
 create mode 100644 "source/js/sevencolor/3/data/\351\207\217\345\255\220_\350\265\204\346\272\220-38.js"
 create mode 100644 "source/js/sevencolor/3/data/\351\207\217\345\255\220_\350\265\204\346\272\220-39.js"
 rename "source/js/sevencolor/3/data/\351\207\217\345\255\220-40.js" => "source/js/sevencolor/3/data/\351\207\217\345\255\220_\350\265\204\346\272\220-40.js" (65%)
 create mode 100644 "source/js/sevencolor/3/data/\351\207\217\345\255\220_\350\265\204\346\272\220-41.js"
 create mode 100644 "source/js/sevencolor/3/data/\351\207\217\345\255\220_\350\265\204\346\272\220-42.js"
 create mode 100644 "source/js/sevencolor/3/data/\351\207\217\345\255\220_\350\265\204\346\272\220-43.js"
 create mode 100644 "source/js/sevencolor/3/data/\351\207\217\345\255\220_\350\265\204\346\272\220-44.js"
 create mode 100644 "source/js/sevencolor/3/data/\351\207\217\345\255\220_\350\265\204\346\272\220-45.js"
 create mode 100644 "source/js/sevencolor/3/data/\351\207\217\345\255\220_\350\265\204\346\272\220-46.js"
 create mode 100644 "source/js/sevencolor/3/data/\351\207\217\345\255\220_\350\265\204\346\272\220-47.js"
 rename "source/js/sevencolor/3/data/\351\207\217\345\255\220-48.js" => "source/js/sevencolor/3/data/\351\207\217\345\255\220_\350\265\204\346\272\220-48.js" (61%)
 create mode 100644 "source/js/sevencolor/3/data/\351\207\217\345\255\220_\350\265\204\346\272\220-49.js"
 create mode 100644 "source/js/sevencolor/3/data/\351\207\217\345\255\220_\350\265\204\346\272\220-50.js"
 create mode 100644 "source/js/sevencolor/3/data/\351\207\217\345\255\220_\350\265\204\346\272\220-51.js"
 create mode 100644 "source/js/sevencolor/3/data/\351\207\217\345\255\220_\350\265\204\346\272\220-52.js"
 create mode 100644 "source/js/sevencolor/3/data/\351\207\217\345\255\220_\350\265\204\346\272\220-53.js"
 create mode 100644 "source/js/sevencolor/3/data/\351\207\217\345\255\220_\350\265\204\346\272\220-54.js"
 create mode 100644 "source/js/sevencolor/3/data/\351\207\217\345\255\220_\350\265\204\346\272\220-55.js"
 create mode 100644 "source/js/sevencolor/3/data/\351\207\217\345\255\220_\350\265\204\346\272\220-56.js"
 create mode 100644 "source/js/sevencolor/3/data/\351\207\217\345\255\220_\350\265\204\346\272\220-57.js"
 create mode 100644 "source/js/sevencolor/3/data/\351\207\217\345\255\220_\350\265\204\346\272\220-58.js"
 create mode 100644 "source/js/sevencolor/3/data/\351\207\217\345\255\220_\350\265\204\346\272\220-59.js"
 create mode 100644 "source/js/sevencolor/3/data/\351\207\217\345\255\220_\350\265\204\346\272\220-60.js"
 create mode 100644 "source/js/sevencolor/3/data/\351\207\217\345\255\220_\350\265\204\346\272\220-61.js"
 create mode 100644 "source/js/sevencolor/3/data/\351\207\217\345\255\220_\350\265\204\346\272\220-62.js"
 create mode 100644 "source/js/sevencolor/3/data/\351\207\217\345\255\220_\350\265\204\346\272\220-63.js"
 create mode 100644 "source/js/sevencolor/3/data/\351\207\217\345\255\220_\350\265\204\346\272\220-64.js"
 create mode 100644 "source/js/sevencolor/3/data/\351\207\217\345\255\220_\350\265\204\346\272\220-65.js"
 create mode 100644 "source/js/sevencolor/3/data/\351\207\217\345\255\220_\350\265\204\346\272\220-66.js"
 create mode 100644 "source/js/sevencolor/3/data/\351\207\217\345\255\220_\350\265\204\346\272\220-67.js"
 create mode 100644 "source/js/sevencolor/3/data/\351\207\217\345\255\220_\350\265\204\346\272\220-68.js"
 create mode 100644 "source/js/sevencolor/3/data/\351\207\217\345\255\220_\350\265\204\346\272\220-69.js"
 create mode 100644 "source/js/sevencolor/3/data/\351\207\217\345\255\220_\350\265\204\346\272\220-70.js"
 create mode 100644 "source/js/sevencolor/3/data/\351\207\217\345\255\220_\350\265\204\346\272\220-71.js"
 create mode 100644 "source/js/sevencolor/3/data/\351\207\217\345\255\220_\350\265\204\346\272\220-72.js"
 create mode 100644 "source/js/sevencolor/3/data/\351\207\217\345\255\220_\350\265\204\346\272\220-73.js"
 create mode 100644 "source/js/sevencolor/3/data/\351\207\217\345\255\220_\350\265\204\346\272\220-74.js"
 create mode 100644 "source/js/sevencolor/3/data/\351\207\217\345\255\220_\350\265\204\346\272\220-75.js"
 create mode 100644 "source/js/sevencolor/3/data/\351\207\217\345\255\220_\350\265\204\346\272\220-76.js"
 create mode 100644 "source/js/sevencolor/3/data/\351\207\217\345\255\220_\350\265\204\346\272\220-77.js"
 create mode 100644 "source/js/sevencolor/3/data/\351\207\217\345\255\220_\350\265\204\346\272\220-78.js"
 create mode 100644 "source/js/sevencolor/3/data/\351\207\217\345\255\220_\350\265\204\346\272\220-79.js"
 create mode 100644 "source/js/sevencolor/3/data/\351\207\217\345\255\220_\350\265\204\346\272\220-80.js"
 delete mode 100644 "source/js/sevencolor/3/data/\351\235\236\345\207\241-01.js"
 delete mode 100644 "source/js/sevencolor/3/data/\351\235\236\345\207\241-02.js"
 delete mode 100644 "source/js/sevencolor/3/data/\351\235\236\345\207\241-03.js"
 delete mode 100644 "source/js/sevencolor/3/data/\351\235\236\345\207\241-04.js"
 delete mode 100644 "source/js/sevencolor/3/data/\351\235\236\345\207\241-05.js"
 delete mode 100644 "source/js/sevencolor/3/data/\351\235\236\345\207\241-06.js"
 delete mode 100644 "source/js/sevencolor/3/data/\351\235\236\345\207\241-07.js"
 delete mode 100644 "source/js/sevencolor/3/data/\351\235\236\345\207\241-08.js"
 delete mode 100644 "source/js/sevencolor/3/data/\351\235\236\345\207\241-09.js"
 delete mode 100644 "source/js/sevencolor/3/data/\351\235\236\345\207\241-10.js"
 delete mode 100644 "source/js/sevencolor/3/data/\351\235\236\345\207\241-11.js"
 delete mode 100644 "source/js/sevencolor/3/data/\351\235\236\345\207\241-12.js"
 delete mode 100644 "source/js/sevencolor/3/data/\351\235\236\345\207\241-13.js"
 delete mode 100644 "source/js/sevencolor/3/data/\351\235\236\345\207\241-14.js"
 delete mode 100644 "source/js/sevencolor/3/data/\351\235\236\345\207\241-15.js"
 delete mode 100644 "source/js/sevencolor/3/data/\351\235\236\345\207\241-16.js"
 delete mode 100644 "source/js/sevencolor/3/data/\351\235\236\345\207\241-17.js"
 delete mode 100644 "source/js/sevencolor/3/data/\351\235\236\345\207\241-18.js"
 delete mode 100644 "source/js/sevencolor/3/data/\351\235\236\345\207\241-19.js"
 delete mode 100644 "source/js/sevencolor/3/data/\351\235\236\345\207\241-20.js"
 delete mode 100644 "source/js/sevencolor/3/data/\351\235\236\345\207\241-21.js"
 delete mode 100644 "source/js/sevencolor/3/data/\351\235\236\345\207\241-22.js"
 delete mode 100644 "source/js/sevencolor/3/data/\351\235\236\345\207\241-23.js"
 delete mode 100644 "source/js/sevencolor/3/data/\351\235\236\345\207\241-24.js"
 delete mode 100644 "source/js/sevencolor/3/data/\351\235\236\345\207\241-25.js"
 delete mode 100644 "source/js/sevencolor/3/data/\351\235\236\345\207\241-26.js"
 delete mode 100644 "source/js/sevencolor/3/data/\351\235\236\345\207\241-27.js"
 delete mode 100644 "source/js/sevencolor/3/data/\351\235\236\345\207\241-28.js"
 delete mode 100644 "source/js/sevencolor/3/data/\351\235\236\345\207\241-29.js"
 delete mode 100644 "source/js/sevencolor/3/data/\351\235\236\345\207\241-30.js"
 delete mode 100644 "source/js/sevencolor/3/data/\351\235\236\345\207\241-31.js"
 delete mode 100644 "source/js/sevencolor/3/data/\351\235\236\345\207\241-32.js"
 delete mode 100644 "source/js/sevencolor/3/data/\351\235\236\345\207\241-33.js"
 delete mode 100644 "source/js/sevencolor/3/data/\351\235\236\345\207\241-34.js"
 delete mode 100644 "source/js/sevencolor/3/data/\351\235\236\345\207\241-35.js"
 delete mode 100644 "source/js/sevencolor/3/data/\351\235\236\345\207\241-36.js"
 delete mode 100644 "source/js/sevencolor/3/data/\351\235\236\345\207\241-37.js"
 delete mode 100644 "source/js/sevencolor/3/data/\351\235\236\345\207\241-38.js"
 delete mode 100644 "source/js/sevencolor/3/data/\351\235\236\345\207\241-39.js"
 delete mode 100644 "source/js/sevencolor/3/data/\351\235\236\345\207\241-40.js"
 delete mode 100644 "source/js/sevencolor/3/data/\351\235\236\345\207\241-41.js"
 delete mode 100644 "source/js/sevencolor/3/data/\351\235\236\345\207\241-42.js"
 delete mode 100644 "source/js/sevencolor/3/data/\351\235\236\345\207\241-43.js"
 delete mode 100644 "source/js/sevencolor/3/data/\351\235\236\345\207\241-44.js"
 delete mode 100644 "source/js/sevencolor/3/data/\351\235\236\345\207\241-45.js"
 delete mode 100644 "source/js/sevencolor/3/data/\351\235\236\345\207\241-46.js"
 delete mode 100644 "source/js/sevencolor/3/data/\351\235\236\345\207\241-47.js"
 delete mode 100644 "source/js/sevencolor/3/data/\351\235\236\345\207\241-48.js"
 delete mode 100644 "source/js/sevencolor/3/data/\351\235\236\345\207\241-49.js"
 delete mode 100644 "source/js/sevencolor/3/data/\351\235\236\345\207\241-50.js"
 delete mode 100644 "source/js/sevencolor/3/data/\351\235\236\345\207\241-51.js"
 delete mode 100644 "source/js/sevencolor/3/data/\351\235\236\345\207\241-52.js"
 delete mode 100644 "source/js/sevencolor/3/data/\351\235\236\345\207\241-53.js"
 delete mode 100644 "source/js/sevencolor/3/data/\351\235\236\345\207\241-54.js"
 delete mode 100644 "source/js/sevencolor/3/data/\351\235\236\345\207\241-55.js"
 delete mode 100644 "source/js/sevencolor/3/data/\351\235\236\345\207\241-56.js"
 delete mode 100644 "source/js/sevencolor/3/data/\351\235\236\345\207\241-57.js"
 delete mode 100644 "source/js/sevencolor/3/data/\351\235\236\345\207\241-58.js"
 delete mode 100644 "source/js/sevencolor/3/data/\351\235\236\345\207\241-59.js"
 delete mode 100644 "source/js/sevencolor/3/data/\351\235\236\345\207\241-60.js"
 delete mode 100644 "source/js/sevencolor/3/data/\351\235\236\345\207\241-61.js"
 delete mode 100644 "source/js/sevencolor/3/data/\351\235\236\345\207\241-62.js"
 delete mode 100644 "source/js/sevencolor/3/data/\351\235\236\345\207\241-63.js"
 delete mode 100644 "source/js/sevencolor/3/data/\351\235\236\345\207\241-64.js"
 delete mode 100644 "source/js/sevencolor/3/data/\351\235\236\345\207\241-65.js"
 delete mode 100644 "source/js/sevencolor/3/data/\351\235\236\345\207\241-66.js"
 delete mode 100644 "source/js/sevencolor/3/data/\351\235\236\345\207\241-67.js"
 delete mode 100644 "source/js/sevencolor/3/data/\351\235\236\345\207\241-68.js"
 delete mode 100644 "source/js/sevencolor/3/data/\351\235\236\345\207\241-69.js"
 delete mode 100644 "source/js/sevencolor/3/data/\351\235\236\345\207\241-70.js"
 delete mode 100644 "source/js/sevencolor/3/data/\351\235\236\345\207\241-71.js"
 delete mode 100644 "source/js/sevencolor/3/data/\351\235\236\345\207\241-72.js"
 delete mode 100644 "source/js/sevencolor/3/data/\351\235\236\345\207\241-73.js"
 delete mode 100644 "source/js/sevencolor/3/data/\351\235\236\345\207\241-74.js"
 delete mode 100644 "source/js/sevencolor/3/data/\351\235\236\345\207\241-75.js"
 delete mode 100644 "source/js/sevencolor/3/data/\351\235\236\345\207\241-76.js"
 delete mode 100644 "source/js/sevencolor/3/data/\351\235\236\345\207\241-77.js"
 delete mode 100644 "source/js/sevencolor/3/data/\351\235\236\345\207\241-78.js"
 delete mode 100644 "source/js/sevencolor/3/data/\351\235\236\345\207\241-79.js"
 delete mode 100644 "source/js/sevencolor/3/data/\351\235\236\345\207\241-80.js"
[GIT] Push 到 origin/source（最多重试 3 次）...
[GIT] Push 尝试 1/3...
[GIT STDERR] To github.com:snowhoo/snowhoo.git
   ffb20f1c..c089bc95  source -> source
[GIT] ✅ Push 成功！
============================================================
  结束时间: 2026-06-07 10:13:15.500
  总耗时: 0:12:56
  结果: ✅ 成功
  日志: D:\hexo\hexo-bot\video-bot\202606071000194.log
============================================================
