[INFO] 待处理 10560 个文件 (dry=False, force=False)
[INFO] 列举桶内已有对象以做增量比对...
  [进度] 200/10560 (1.9%)  OK:0 SKIP:200 FAIL:0
  [进度] 400/10560 (3.8%)  OK:0 SKIP:400 FAIL:0
  [进度] 600/10560 (5.7%)  OK:0 SKIP:600 FAIL:0
  [进度] 800/10560 (7.6%)  OK:0 SKIP:800 FAIL:0
  [进度] 1000/10560 (9.5%)  OK:0 SKIP:1000 FAIL:0
  [进度] 1200/10560 (11.4%)  OK:0 SKIP:1200 FAIL:0
  [进度] 1400/10560 (13.3%)  OK:0 SKIP:1400 FAIL:0
  [进度] 1600/10560 (15.2%)  OK:0 SKIP:1600 FAIL:0
  [进度] 1800/10560 (17.0%)  OK:0 SKIP:1800 FAIL:0
  [进度] 2000/10560 (18.9%)  OK:0 SKIP:2000 FAIL:0
  [进度] 2200/10560 (20.8%)  OK:0 SKIP:2200 FAIL:0
  [进度] 2400/10560 (22.7%)  OK:0 SKIP:2400 FAIL:0
  [进度] 2600/10560 (24.6%)  OK:0 SKIP:2600 FAIL:0
  [进度] 2800/10560 (26.5%)  OK:0 SKIP:2800 FAIL:0
  [进度] 3000/10560 (28.4%)  OK:0 SKIP:3000 FAIL:0
  [进度] 3200/10560 (30.3%)  OK:124 SKIP:3076 FAIL:0
  [进度] 3400/10560 (32.2%)  OK:324 SKIP:3076 FAIL:0
  [进度] 3600/10560 (34.1%)  OK:524 SKIP:3076 FAIL:0
  [FAIL] 621897/toc.json: The read operation timed out
  [FAIL] 629736/toc.json: <urlopen error [Errno 10054] 远程主机强迫关闭了一个现有的连接。>
  [进度] 3800/10560 (36.0%)  OK:722 SKIP:3076 FAIL:2
  [进度] 4000/10560 (37.9%)  OK:922 SKIP:3076 FAIL:2
  [进度] 4200/10560 (39.8%)  OK:1122 SKIP:3076 FAIL:2
  [FAIL] 646213/toc.json: <urlopen error _ssl.c:1015: The handshake operation timed out>
  [进度] 4400/10560 (41.7%)  OK:1321 SKIP:3076 FAIL:3
  [FAIL] 656011/toc.json: <urlopen error _ssl.c:1015: The handshake operation timed out>
  [进度] 4600/10560 (43.6%)  OK:1520 SKIP:3076 FAIL:4
  [进度] 4800/10560 (45.5%)  OK:1720 SKIP:3076 FAIL:4
  [进度] 5000/10560 (47.3%)  OK:1920 SKIP:3076 FAIL:4
  [进度] 5200/10560 (49.2%)  OK:2120 SKIP:3076 FAIL:4
  [FAIL] 681265/toc.json: The read operation timed out
  [进度] 5400/10560 (51.1%)  OK:2319 SKIP:3076 FAIL:5
  [进度] 5600/10560 (53.0%)  OK:2519 SKIP:3076 FAIL:5
  [FAIL] 692250/toc.json: The read operation timed out
  [进度] 5800/10560 (54.9%)  OK:2718 SKIP:3076 FAIL:6
  [FAIL] 698998/toc.json: <urlopen error _ssl.c:1015: The handshake operation timed out>
  [进度] 6000/10560 (56.8%)  OK:2917 SKIP:3076 FAIL:7
  [进度] 6200/10560 (58.7%)  OK:3117 SKIP:3076 FAIL:7
  [进度] 6400/10560 (60.6%)  OK:3317 SKIP:3076 FAIL:7
  [进度] 6600/10560 (62.5%)  OK:3517 SKIP:3076 FAIL:7
  [进度] 6800/10560 (64.4%)  OK:3717 SKIP:3076 FAIL:7
  [进度] 7000/10560 (66.3%)  OK:3917 SKIP:3076 FAIL:7
  [进度] 7200/10560 (68.2%)  OK:4117 SKIP:3076 FAIL:7
  [进度] 7400/10560 (70.1%)  OK:4317 SKIP:3076 FAIL:7
  [FAIL] 745311/toc.json: <urlopen error _ssl.c:1015: The handshake operation timed out>
  [进度] 7600/10560 (72.0%)  OK:4516 SKIP:3076 FAIL:8
  [进度] 7800/10560 (73.9%)  OK:4716 SKIP:3076 FAIL:8
  [进度] 8000/10560 (75.8%)  OK:4916 SKIP:3076 FAIL:8
  [FAIL] 765376/toc.json: Remote end closed connection without response
  [进度] 8200/10560 (77.7%)  OK:5115 SKIP:3076 FAIL:9
  [FAIL] 765624/toc.json: The read operation timed out
  [FAIL] 766825/toc.json: The read operation timed out
  [进度] 8400/10560 (79.5%)  OK:5313 SKIP:3076 FAIL:11
  [进度] 8600/10560 (81.4%)  OK:5513 SKIP:3076 FAIL:11
  [进度] 8800/10560 (83.3%)  OK:5713 SKIP:3076 FAIL:11
  [进度] 9000/10560 (85.2%)  OK:5913 SKIP:3076 FAIL:11
  [进度] 9200/10560 (87.1%)  OK:6113 SKIP:3076 FAIL:11
  [FAIL] 789498/toc.json: The read operation timed out
  [FAIL] 797406/toc.json: The read operation timed out
  [进度] 9400/10560 (89.0%)  OK:6311 SKIP:3076 FAIL:13
  [进度] 9600/10560 (90.9%)  OK:6511 SKIP:3076 FAIL:13
  [进度] 9800/10560 (92.8%)  OK:6711 SKIP:3076 FAIL:13
  [进度] 10000/10560 (94.7%)  OK:6911 SKIP:3076 FAIL:13
  [进度] 10200/10560 (96.6%)  OK:7111 SKIP:3076 FAIL:13
  [FAIL] 840213/toc.json: <urlopen error _ssl.c:1015: The handshake operation timed out>
  [进度] 10400/10560 (98.5%)  OK:7310 SKIP:3076 FAIL:14
  [进度] 10560/10560 (100.0%)  OK:7470 SKIP:3076 FAIL:14
[DONE] 上传成功 7470，跳过 3076，失败 14
[INFO] 公开访问基址: https://pub-d583e3093dc1438882b43509c1571302.r2.dev/
exit=0
